Labgrid Console Logfile for main
Logfile started at 2024-09-30 15:45:18.186189
=== Log starts here ===

U-Boot SPL 2019.04-00002-g31a8ae0206 (May 13 2020 - 09:26:17 -0500)
Trying to boot from MMC2
Loading Environment from EXT4... 
** Unable to use mmc 0:1 for loading the env **


U-Boot 2019.04-00002-g31a8ae0206 (May 13 2020 - 09:26:17 -0500), Build: jenkins-github_Bootloader-Builder-139

CPU  : AM335X-GP rev 2.1
I2C:   ready
DRAM:  512 MiB
No match for driver 'omap_hsmmc'
No match for driver 'omap_hsmmc'
Some drivers were not found
Reset Source: Power-on reset has occurred.
RTC 32KCLK Source: External.
MMC:   OMAP SD/MMC: 0, OMAP SD/MMC: 1
Loading Environment from EXT4... 
** Unable to use mmc 0:1 for loading the env **
Board: BeagleBone Black
<ethaddr> not set. Validating first E-fuse MAC
BeagleBone Black:
BeagleBone: cape eeprom: i2c_probe: 0x54:
BeagleBone: cape eeprom: i2c_probe: 0x55:
BeagleBone: cape eeprom: i2c_probe: 0x56:
BeagleBone: cape eeprom: i2c_probe: 0x57:
Net:   eth0: MII MODE
cpsw, usb_ether
Press SPACE to abort autoboot in 0 seconds
board_name=[A335BNLT] ...
board_rev=[00C0] ...
switch to partitions #0, OK
mmc0 is current device
SD/MMC found on device 0
switch to partitions #0, OK
mmc0 is current device
Scanning mmc 0:1...
gpio: pin 56 (gpio 56) value is 0
gpio: pin 55 (gpio 55) value is 0
gpio: pin 54 (gpio 54) value is 0
gpio: pin 53 (gpio 53) value is 1
switch to partitions #0, OK
mmc0 is current device
gpio: pin 54 (gpio 54) value is 1
Checking for: /uEnv.txt ...
569 bytes read in 2 ms (277.3 KiB/s)
gpio: pin 55 (gpio 55) value is 1
Loaded environment from /uEnv.txt
Importing environment from mmc ...
Checking if uenvcmd is set ...
gpio: pin 56 (gpio 56) value is 1
Running uenvcmd ...
cpsw Waiting for PHY auto negotiation to complete.. done
link up on port 0, speed 100, full duplex
Using cpsw device
TFTP from server 192.168.255.126; our IP address is 192.168.255.2
Filename 'zImage'.
Load address: 0x81000000
Loading: *#################################################################
	 #################################################################
	 #################################################################
	 #################################################################
	 #################################################################
	 ###############################################
	 3.1 MiB/s
done
Bytes transferred = 5447760 (532050 hex)
link up on port 0, speed 100, full duplex
Using cpsw device
TFTP from server 192.168.255.126; our IP address is 192.168.255.2
Filename 'am335x-boneblack.dtb'.
Load address: 0x82000000
Loading: *#######
	 2.8 MiB/s
done
Bytes transferred = 97996 (17ecc hex)
## Flattened Device Tree blob at 82000000
   Booting using the fdt blob at 0x82000000
   Loading Device Tree to 8ffe5000, end 8ffffecb ... OK

Starting kernel ...

[    0.000000] Booting Linux on physical CPU 0x0
[    0.000000] Linux version 6.11.0-gc0336be59afc (user01@drvtest01) (arm-linux-gnueabihf-gcc (Linaro GCC 6.4-2017.11) 6.4.1 20171012, GNU ld (Linaro_Binutils-2017.11) 2.27.0.20161229) #1 SMP Mon Sep 30 12:43:49 EEST 2024
[    0.000000] CPU: ARMv7 Processor [413fc082] revision 2 (ARMv7), cr=10c5387d
[    0.000000] CPU: PIPT / VIPT nonaliasing data cache, VIPT aliasing instruction cache
[    0.000000] OF: fdt: Machine model: TI AM335x BeagleBone Black
[    0.000000] Memory policy: Data cache writeback
[    0.000000] cma: Reserved 16 MiB at 0x9e800000 on node -1
[    0.000000] Zone ranges:
[    0.000000]   Normal   [mem 0x0000000080000000-0x000000009fdfffff]
[    0.000000]   HighMem  empty
[    0.000000] Movable zone start for each node
[    0.000000] Early memory node ranges
[    0.000000]   node   0: [mem 0x0000000080000000-0x000000009fdfffff]
[    0.000000] Initmem setup node 0 [mem 0x0000000080000000-0x000000009fdfffff]
[    0.000000] CPU: All CPU(s) started in SVC mode.
[    0.000000] AM335X ES2.1 (sgx neon)
[    0.000000] percpu: Embedded 17 pages/cpu s39628 r8192 d21812 u69632
[    0.000000] Kernel command line: console=ttyO0,115200n8 root=/dev/nfs rw nfsroot=192.168.255.126:/home/user01/nfs,nfsvers=3 ip=192.168.255.2:192.168.255.126::255.255.255.0:bbb1:eth0 nfsrootdebug
[    0.000000] Unknown kernel command line parameters "nfsrootdebug", will be passed to user space.
[    0.000000] Dentry cache hash table entries: 65536 (order: 6, 262144 bytes, linear)
[    0.000000] Inode-cache hash table entries: 32768 (order: 5, 131072 bytes, linear)
[    0.000000] Built 1 zonelists, mobility grouping on.  Total pages: 130560
[    0.000000] mem auto-init: stack:off, heap alloc:off, heap free:off
[    0.000000] SLUB: HWalign=64, Order=0-3, MinObjects=0, CPUs=1, Nodes=1
[    0.000000] trace event string verifier disabled
[    0.000000] rcu: Hierarchical RCU implementation.
[    0.000000] rcu: 	RCU event tracing is enabled.
[    0.000000] rcu: 	RCU restricting CPUs from NR_CPUS=2 to nr_cpu_ids=1.
[    0.000000] rcu: RCU calculated value of scheduler-enlistment delay is 10 jiffies.
[    0.000000] rcu: Adjusting geometry for rcu_fanout_leaf=16, nr_cpu_ids=1
[    0.000000] NR_IRQS: 16, nr_irqs: 16, preallocated irqs: 16
[    0.000000] IRQ: Found an INTC at 0x(ptrval) (revision 5.0) with 128 interrupts
[    0.000000] rcu: srcu_init: Setting srcu_struct sizes based on contention.
[    0.000000] TI gptimer clocksource: always-on /ocp/interconnect@44c00000/segment@200000/target-module@31000
[    0.000002] sched_clock: 32 bits at 24MHz, resolution 41ns, wraps every 89478484971ns
[    0.000027] clocksource: dmtimer: mask: 0xffffffff max_cycles: 0xffffffff, max_idle_ns: 79635851949 ns
[    0.000507] TI gptimer clockevent: 24000000 Hz at /ocp/interconnect@48000000/segment@0/target-module@40000
[    0.002143] Console: colour dummy device 80x30
[    0.002212] WARNING: Your 'console=ttyO0' has been replaced by 'ttyS0'
[    0.002222] This ensures that you still see kernel messages. Please
[    0.002228] update your kernel commandline.
[    0.002274] Calibrating delay loop... 996.14 BogoMIPS (lpj=4980736)
[    0.090562] CPU: Testing write buffer coherency: ok
[    0.090668] CPU0: Spectre v2: using BPIALL workaround
[    0.090681] pid_max: default: 32768 minimum: 301
[    0.090808] LSM: initializing lsm=capability
[    0.090974] Mount-cache hash table entries: 1024 (order: 0, 4096 bytes, linear)
[    0.090997] Mountpoint-cache hash table entries: 1024 (order: 0, 4096 bytes, linear)
[    0.092530] CPU0: thread -1, cpu 0, socket -1, mpidr 0
[    0.094236] Setting up static identity map for 0x80100000 - 0x80100078
[    0.094536] rcu: Hierarchical SRCU implementation.
[    0.094548] rcu: 	Max phase no-delay instances is 1000.
[    0.096219] smp: Bringing up secondary CPUs ...
[    0.096278] smp: Brought up 1 node, 1 CPU
[    0.096294] SMP: Total of 1 processors activated (996.14 BogoMIPS).
[    0.096307] CPU: All CPU(s) started in SVC mode.
[    0.096496] Memory: 480876K/522240K available (11264K kernel code, 1197K rwdata, 2856K rodata, 1024K init, 297K bss, 23344K reserved, 16384K cma-reserved, 0K highmem)
[    0.097301] devtmpfs: initialized
[    0.113686] VFP support v0.3: implementor 41 architecture 3 part 30 variant c rev 3
[    0.114038] clocksource: jiffies: mask: 0xffffffff max_cycles: 0xffffffff, max_idle_ns: 19112604462750000 ns
[    0.114077] futex hash table entries: 256 (order: 2, 16384 bytes, linear)
[    0.115337] pinctrl core: initialized pinctrl subsystem
[    0.118047] NET: Registered PF_NETLINK/PF_ROUTE protocol family
[    0.121058] DMA: preallocated 256 KiB pool for atomic coherent allocations
[    0.122021] audit: initializing netlink subsys (disabled)
[    0.123397] thermal_sys: Registered thermal governor 'fair_share'
[    0.123417] thermal_sys: Registered thermal governor 'step_wise'
[    0.123429] thermal_sys: Registered thermal governor 'user_space'
[    0.123546] audit: type=2000 audit(0.120:1): state=initialized audit_enabled=0 res=1
[    0.123615] cpuidle: using governor menu
[    0.142756] No ATAGs?
[    0.142789] hw-breakpoint: debug architecture 0x4 unsupported.
[    0.145692] kprobes: kprobe jump-optimization is enabled. All kprobes are optimized if possible.
[    0.163989] iommu: Default domain type: Translated
[    0.164017] iommu: DMA domain TLB invalidation policy: strict mode
[    0.171349] SCSI subsystem initialized
[    0.181357] pps_core: LinuxPPS API ver. 1 registered
[    0.181370] pps_core: Software ver. 5.3.6 - Copyright 2005-2007 Rodolfo Giometti <giometti@linux.it>
[    0.181397] PTP clock support registered
[    0.183311] vgaarb: loaded
[    0.183702] clocksource: Switched to clocksource dmtimer
[    0.184293] VFS: Disk quotas dquot_6.6.0
[    0.184339] VFS: Dquot-cache hash table entries: 1024 (order 0, 4096 bytes)
[    0.209048] NET: Registered PF_INET protocol family
[    0.209403] IP idents hash table entries: 8192 (order: 4, 65536 bytes, linear)
[    0.210800] tcp_listen_portaddr_hash hash table entries: 512 (order: 0, 4096 bytes, linear)
[    0.210840] Table-perturb hash table entries: 65536 (order: 6, 262144 bytes, linear)
[    0.210859] TCP established hash table entries: 4096 (order: 2, 16384 bytes, linear)
[    0.210904] TCP bind hash table entries: 4096 (order: 4, 65536 bytes, linear)
[    0.211005] TCP: Hash tables configured (established 4096 bind 4096)
[    0.211131] UDP hash table entries: 256 (order: 1, 8192 bytes, linear)
[    0.211160] UDP-Lite hash table entries: 256 (order: 1, 8192 bytes, linear)
[    0.211331] NET: Registered PF_UNIX/PF_LOCAL protocol family
[    0.224671] RPC: Registered named UNIX socket transport module.
[    0.224701] RPC: Registered udp transport module.
[    0.224708] RPC: Registered tcp transport module.
[    0.224714] RPC: Registered tcp-with-tls transport module.
[    0.224721] RPC: Registered tcp NFSv4.1 backchannel transport module.
[    0.224748] PCI: CLS 0 bytes, default 64
[    0.226202] Initialise system trusted keyrings
[    0.227267] workingset: timestamp_bits=14 max_order=17 bucket_order=3
[    0.228539] NFS: Registering the id_resolver key type
[    0.228609] Key type id_resolver registered
[    0.228620] Key type id_legacy registered
[    0.228672] jffs2: version 2.2. (NAND) (SUMMARY)  Â© 2001-2006 Red Hat, Inc.
[    0.229123] Key type asymmetric registered
[    0.229142] Asymmetric key parser 'x509' registered
[    0.229206] io scheduler mq-deadline registered
[    0.229220] io scheduler kyber registered
[    0.229290] io scheduler bfq registered
[    0.244180] Serial: 8250/16550 driver, 6 ports, IRQ sharing enabled
[    0.309897] brd: module loaded
[    0.332429] loop: module loaded
[    0.333362] mtdoops: mtd device (mtddev=name/number) must be supplied
[    0.336672] i2c_dev: i2c /dev entries driver
[    0.337641] cpuidle: enable-method property 'ti,am3352' found operations
[    0.338091] sdhci: Secure Digital Host Controller Interface driver
[    0.338105] sdhci: Copyright(c) Pierre Ossman
[    0.338282] sdhci-pltfm: SDHCI platform and OF driver helper
[    0.338594] ledtrig-cpu: registered to indicate activity on CPUs
[    0.339533] Initializing XFRM netlink socket
[    0.339659] NET: Registered PF_INET6 protocol family
[    0.341496] Segment Routing with IPv6
[    0.341592] In-situ OAM (IOAM) with IPv6
[    0.341688] sit: IPv6, IPv4 and MPLS over IPv4 tunneling driver
[    0.342631] NET: Registered PF_PACKET protocol family
[    0.342670] NET: Registered PF_KEY protocol family
[    0.342803] Key type dns_resolver registered
[    0.343062] ThumbEE CPU extension supported.
[    0.343086] Registering SWP/SWPB emulation handler
[    0.343612] omap_voltage_late_init: Voltage driver support not added
[    0.344164] SmartReflex Class3 initialized
[    0.387253] Loading compiled-in X.509 certificates
[    0.432051] platform 44e10800.pinmux: Fixed dependency cycle(s) with /ocp/interconnect@44c00000/segment@200000/target-module@10000/scm@0/pinmux@800/clkout2-pins
[    0.432624] pinctrl-single 44e10800.pinmux: 142 pins, size 568
[    0.437881] ti-sysc 44e31000.target-module: probe with driver ti-sysc failed with error -16
[    0.487595] ti-sysc 48040000.target-module: probe with driver ti-sysc failed with error -16
[    0.514331] OMAP GPIO hardware version 0.1
[    0.551713] omap_i2c 4819c000.i2c: bus 2 rev0.11 at 100 kHz
[    0.583040] 48000000.interconnect:segment@200000:target-module@0:mpu@0:fck: device ID is greater than 24
[    0.587494] platform 4830e000.lcdc: Fixed dependency cycle(s) with /ocp/interconnect@44c00000/segment@200000/target-module@b000/i2c@0/tda19988@70
[    0.598720] sdhci-omap 481d8000.mmc: supply pbias not found, using dummy regulator
[    0.599183] sdhci-omap 481d8000.mmc: supply vqmmc not found, using dummy regulator
[    0.675259] davinci_mdio 4a101000.mdio: davinci mdio revision 1.6, bus freq 1000000
[    0.792515] davinci_mdio 4a101000.mdio: phy[0]: device 4a101000.mdio:00, driver SMSC LAN8710/LAN8720
[    0.793160] cpsw-switch 4a100000.switch: initialized cpsw ale version 1.4
[    0.793185] cpsw-switch 4a100000.switch: ALE Table size 1024
[    0.824307] cpsw-switch 4a100000.switch: cpts: overflow check period 500 (jiffies)
[    0.824340] cpsw-switch 4a100000.switch: CPTS: ref_clk_freq:250000000 calc_mult:2147483648 calc_shift:29 error:0 nsec/sec
[    0.824464] cpsw-switch 4a100000.switch: Detected MACID = 18:2c:65:25:41:ce
[    0.826283] cpsw-switch 4a100000.switch: initialized (regs 0x4a100000, pool size 256) hw_ver:0019010C 1.12 (0)
[    0.837268] debugfs: Directory '49000000.dma' with parent 'dmaengine' already present!
[    0.837316] edma 49000000.dma: TI EDMA DMA engine driver
[    0.868695] target-module@4b000000:target-module@140000:pmu@0:fck: device ID is greater than 24
[    0.898655] hw perfevents: enabled with armv7_cortex_a8 PMU driver, 5 counters available
[    0.906333] l3-aon-clkctrl:0000:0: failed to disable
[    0.909657] 44e09000.serial: ttyS0 at MMIO 0x44e09000 (irq = 34, base_baud = 3000000) is a 8250
[    0.909743] printk: legacy console [ttyS0] enabled
 [    2.164813] tps65217-pmic: Failed to locate of_node [id: -1]
[    2.170921] tps65217-bl: Failed to locate of_node [id: -1]
[    2.182093] tps65217 0-0024: TPS65217 ID 0xe version 1.2
[    2.188249] platform 4830e000.lcdc: Fixed dependency cycle(s) wi01670] i2c 0-0070: Fixed dependency cycle(s) with /ocp/interconnect@48000000/segment@300000/target-module@e000/lcdc@0
[    2.213073] omap_i2c 44e0b000.i2c: bus 0 rev0.11 at 400 kHz
[    2.221325] omap_gpio 44e07000.gpio: Could not set line 6 debounce to 200000 microseconds (-22)
[    2.230236] sdhci-omap 48060000.mmc: Got CD GPIO
[    2.235292] sdhci-omap 48060000.mmc: supply pbias not found, using dummy regulator
[    2.246063] sdhci-omap 48060000.mmc: supply vqmmc not found, using dummy regulator
[    2.254570] sdhci-omap 481d8000.mmc: supply pbias not found, using dummy regulator
[    2.262558] sdhci-omap 481d8000.mmc: supply vqmmc not found, using dummy regulator
[    2.300764] mmc1: SDHCI controller on 481d8000.mmc [481d8000.mmc] using External DMA
[    2.309936] mmc0: SDHCI controller on 48060000.mmc [48060000.mmc] using External DMA
[    2.318643] cpsw-switch 4a100000.switch: starting ndev. mode: dual_mac
[    2.363223] mmc0: new high speed SDHC card at address 59b4
[    2.370351] mmcblk0: mmc0:59b4 USD   14.9 GiB
[    2.378019]  mmcblk0: p1 p2
[    2.385257] mmc1: new high speed MMC card at address 0001
[    2.391929] mmcblk1: mmc1:0001 MK2704 3.53 GiB
[    2.399555]  mmcblk1: p1
[    2.403233] mmcblk1boot0: mmc1:0001 MK2704 2.00 MiB
[    2.410551] mmcblk1boot1: mmc1:0001 MK2704 2.00 MiB
[    2.417848] mmcblk1rpmb: mmc1:0001 MK2704 512 KiB, chardev (250:0)
[    2.424613] SMSC LAN8710/LAN8720 4a101000.mdio:00: attached PHY driver (mii_bus:phy_addr=4a101000.mdio:00, irq=POLL)
[    5.604446] cpsw-switch 4a100000.switch eth0: Link is Up - 100Mbps/Full - flow control off
[    5.643932] IP-Config: Complete:
[    5.647214]      device=eth0, hwaddr=18:2c:65:25:41:ce, ipaddr=192.168.255.2, mask=255.255.255.0, gw=255.255.255.255
[    5.657879]      host=bbb1, domain=, nis-domain=(none)
[    5.663048]      bootserver=192.168.255.126, rootserver=192.168.255.126, rootpath=
[    5.663477] clk: Disabling unused clocks
[    5.675315] PM: genpd: Disabling unused power domains
[    5.680432] KTAP version 1
[    5.683153] 1..0
[    5.708683] VFS: Mounted root (nfs filesystem) on device 0:17.
[    5.715753] devtmpfs: mounted
[    5.720411] Freeing unused kernel image (initmem) memory: 1024K
[    5.727315] Run /sbin/init as init process
[    6.409612] systemd[1]: System time before build time, advancing clock.
[    7.863721] random: crng init done
[    7.934493] systemd[1]: systemd 232 running in system mode. (+PAM +AUDIT +SELINUX +IMA +APPARMOR +SMACK +SYSVINIT +UTMP +LIBCRYPTSETUP +GCRYPT +GNUTLS +ACL +XZ +LZ4 +SECCOMP +BLKID +ELFUTILS +KMOD +IDN)
[    7.953479] systemd[1]: Detected architecture arm.

Welcome to [1mDebian GNU/Linux 9 (stretch)[0m!

[    7.996871] systemd[1]: Set hostname to <arm>.
[    9.090476] systemd[1]: Started Forward Password Requests to Wall Directory Watch.
[[0;32m  OK  [0m] Started Forward Password Requests to Wall Directory Watch.
[    9.135346] systemd[1]: Created slice User and Session Slice.
[[0;32m  OK  [0m] Created slice User and Session Slice.
[    9.174588] systemd[1]: Started Dispatch Password Requests to Console Directory Watch.
[[0;32m  OK  [0m] Started Dispatch Password Requests to Console Directory Watch.
[    9.214021] systemd[1]: Reached target Encrypted Volumes.
[[0;32m  OK  [0m] Reached target Encrypted Volumes.
[    9.254234] systemd[1]: Listening on udev Kernel Socket.
[[0;32m  OK  [0m] Listening on udev Kernel Socket.
[    9.293989] systemd[1]: Reached target Swap.
[[0;32m  OK  [0m] Reached target Swap.
[    9.325286] systemd[1]: Set up automount Arbitrary Executable File Formats File System Automount Point.
[[0;32m  OK  [0m] Set up automount Arbitrary Executabâ€¦rmats File System Automount Point.
[[0;32m  OK  [0m] Listening on Journal Audit Socket.
[[0;32m  OK  [0m] Listening on Journal Socket (/dev/log).
[[0;32m  OK  [0m] Reached target Remote File Systems.
[[0;32m  OK  [0m] Listening on Journal Socket.
[[0;32m  OK  [0m] Listening on udev Control Socket.
[[0;32m  OK  [0m] Listening on Syslog Socket.
[[0;32m  OK  [0m] Reached target Paths.
[[0;32m  OK  [0m] Listening on /dev/initctl Compatibility Named Pipe.
[[0;32m  OK  [0m] Created slice System Slice.
         Mounting POSIX Message Queue File System...
[[0;32m  OK  [0m] Reached target Slices.
         Mounting Debug File System...
         Starting Journal Service...
[[0;32m  OK  [0m] Created slice system-getty.slice.
[[0;32m  OK  [0m] Created slice system-serial\x2dgetty.slice.
         Starting Create list of required stâ€¦ce nodes for the current kernel...
         Starting Load Kernel Modules...
         Starting Remount Root and Kernel File Systems...
[[0;32m  OK  [0m] Mounted POSIX Message Queue File System.
[[0;32m  OK  [0m] Mounted Debug File System.
[[0;32m  OK  [0m] Started Create list of required staâ€¦vice nodes for the current kernel.
         Starting Create Static Device Nodes in /dev...
[[0;32m  OK  [0m] Started Load Kernel Modules.
[[0;32m  OK  [0m] Started Remount Root and Kernel File Systems.
         Starting udev Coldplug all Devices...
         Starting Load/Save Random Seed...
         Starting Apply Kernel Variables...
         Mounting Configuration File System...
[[0;32m  OK  [0m] Mounted Configuration File System.
[[0;32m  OK  [0m] Started Load/Save Random Seed.
[[0;32m  OK  [0m] Started Apply Kernel Variables.
[[0;32m  OK  [0m] Started Create Static Device Nodes in /dev.
[[0;32m  OK  [0m] Reached target Local File Systems (Pre).
[[0;32m  OK  [0m] Reached target Local File Systems.
         Starting Raise network interfaces...
         Starting udev Kernel Device Manager...
[[0;32m  OK  [0m] Started Journal Service.
         Starting Flush Journal to Persistent Storage...
[   11.715045] systemd-journald[80]: Received request to flush runtime journal from PID 1
[[0;32m  OK  [0m] Started Flush Journal to Persistent Storage.
         Starting Create Volatile Files and Directories...
[[0;32m  OK  [0m] Started udev Kernel Device Manager.
[[0;32m  OK  [0m] Started Create Volatile Files and Directories.
         Starting Network Time Synchronization...
         Starting Update UTMP about System Boot/Shutdown...
[[0;32m  OK  [0m] Started Update UTMP about System Boot/Shutdown.
[[0;32m  OK  [0m] Started udev Coldplug all Devices.
[[0;32m  OK  [0m] Started Network Time Synchronization.[   14.846896] remoteproc remoteproc0: wkup_m3 is available

[[0;32m  OK  [0m] Reached target System Time Synchronized.
[[0;32m  OK  [0m] Reached target System Initialization.
[[0;32m  OK  [0m] Listening on D-Bus System Message Bus Socket[   15.128019] omap_wdt: OMAP Watchdog Timer Rev 0x01: initial timeout 60 sec
.
[[0;32m  OK  [0m] Started Daily Cleanup of Temporary Directories.
[[0;32m  OK  [0m] Listening on Avahi mDNS/DNS-SD Stack Activation Socket.
[[0;32m  OK  [0m] Reached target Sockets.
[   15.238652] at24 2-0054: supply vcc not found, using dummy regulator
[[0;32m  OK  [0m] Reached target Basic System.
[   15.394621] at24 2-0055: supply vcc not found, using dummy regulator
         Starting LSB: Load kernel modules needed to enable cpufreq scaling...
[[0;32m  OK  [0m] Started D-Bus System Message Bus.
[   15.511192] at24 2-0056: supply vcc not found, using dummy regulator
[   15.611659] at24 2-0057: supply vcc not found, using dummy regulator
[   15.739938] at24 0-0050: 32768 byte 24c256 EEPROM, writable, 1 bytes/write
[   15.813594] tps6521x_pwrbutton tps65217-pwrbutton: DMA mask not set
[   15.885518] input: tps65217_pwrbutton as /devices/platform/ocp/44c00000.interconnect/44c00000.interconnect:segment@200000/44e0b000.target-module/44e0b000.i2c/i2c-0/0-0024/tps65217-pwrbutton/input/input0
[   15.999577] omap_rtc 44e3e000.rtc: registered as rtc0
[   16.004949] omap_rtc 44e3e000.rtc: setting system clock to 2000-01-01T00:00:00 UTC (946684800)
[   16.039642] wkup_m3_ipc 44e11324.wkup_m3_ipc: IPC Request for A8->M3 Channel failed! -517
[   16.279218] am335x-phy-driver 47401300.usb-phy: dummy supplies not allowed for exclusive requests (id=vbus)
[   16.585120] usbcore: registered new interface driver usbfs
[   16.591364] usbcore: registered new interface driver hub
[   16.597038] usbcore: registered new device driver usb
[   16.605877] am335x-phy-driver 47401b00.usb-phy: dummy supplies not allowed for exclusive requests (id=vbus)
[   16.616951] wkup_m3_ipc 44e11324.wkup_m3_ipc: IPC Request for A8->M3 Channel failed! -517
[   16.796901] wkup_m3_ipc 44e11324.wkup_m3_ipc: IPC Request for A8->M3 Channel failed! -517
[   17.033345] wkup_m3_ipc 44e11324.wkup_m3_ipc: IPC Request for A8->M3 Channel failed! -517
[   17.143070] musb-hdrc musb-hdrc.1: MUSB HDRC host driver
[   17.148735] musb-hdrc musb-hdrc.1: new USB bus registered, assigned bus number 1
[   17.175468] wkup_m3_ipc 44e11324.wkup_m3_ipc: IPC Request for A8->M3 Channel failed! -517
[   17.215092] tda998x 0-0070: found TDA19988
[   17.307713] wkup_m3_ipc 44e11324.wkup_m3_ipc: IPC Request for A8->M3 Channel failed! -517
[   17.343065] usb usb1: New USB device found, idVendor=1d6b, idProduct=0002, bcdDevice= 6.11
[   17.351696] usb usb1: New USB device strings: Mfr=3, Product=2, SerialNumber=1
[   17.359032] usb usb1: Product: MUSB HDRC host driver
[   17.364074] usb usb1: Manufacturer: Linux 6.11.0-gc0336be59afc musb-hcd
[   17.370724] usb usb1: SerialNumber: musb-hdrc.1
[   17.537565] hub 1-0:1.0: USB hub found
[   17.577575] hub 1-0:1.0: 1 port detected
[   17.594949] omap-mailbox 480c8000.mailbox: omap mailbox rev 0x400
[   17.666212] remoteproc remoteproc0: powering up wkup_m3
[   17.914153] remoteproc remoteproc0: Direct firmware load for am335x-pm-firmware.elf failed with error -2
[   17.923865] remoteproc remoteproc0: request_firmware failed: -2
[   17.929827] wkup_m3_ipc 44e11324.wkup_m3_ipc: rproc_boot failed
[   19.374478] tilcdc 4830e000.lcdc: bound 0-0070 (ops tda998x_driver_exit [tda998x])
[   19.486455] [drm] Initialized tilcdc 1.0.0 for 4830e000.lcdc on minor 0
[   19.569704] tilcdc 4830e000.lcdc: [drm] Cannot find any crtc or sizes
[   19.578871] omap_rng 48310000.rng: Random Number Generator ver. 20
[   19.689651] tilcdc 4830e000.lcdc: [drm] Cannot find any crtc or sizes
         Starting Connection service...
         Starting Generic Board Startup...
         Starting Login Service...
[[0;32m  OK  [0m] Started Regular background program processing daemon.
         Starting Telephony service...
         Starting Avahi mDNS/DNS-SD Stack...
         Starting DUN service...
[[0;32m  OK  [0m] Started Daily apt download activities.
[[0;32m  OK  [0m] Started Daily apt upgrade and clean activities.
[[0;32m  OK  [0m] Reached target Timers.
[   20.765656] PM: Cannot get wkup_m3_ipc handle
[   20.794042] omap-sham 53100000.sham: hw accel on OMAP rev 4.3
         Starting System Logging Service...
[   20.965805] omap-sham 53100000.sham: will run requests pump with realtime priority
[   20.983140] PM: Cannot get wkup_m3_ipc handle
         Starting Cape Manager Service...
[   21.081846] omap-aes 53500000.aes: OMAP AES hw accel rev: 3.2
         Starting LSB: Start busybox udhcpd at boot time...
[   21.269549] omap-aes 53500000.aes: will run requests pump with realtime priority
[   21.278164] PM: Cannot get wkup_m3_ipc handle
[[0;32m  OK  [0m] Found device /dev/ttyS0.
[[0;32m  OK  [0m] Started System Logging Service.
[[0;32m  OK  [0m] Started Cape Manager Service.
[   23.666238] Bluetooth: Core ver 2.22
[   23.670069] NET: Registered PF_BLUETOOTH protocol family
[   23.675612] Bluetooth: HCI device and connection manager initialized
[   23.682030] Bluetooth: HCI socket layer initialized
[   23.686994] Bluetooth: L2CAP socket layer initialized
[   23.692105] Bluetooth: SCO socket layer initialized
[   25.127436] PM: Cannot get wkup_m3_ipc handle
[   25.245361] PM: Cannot get wkup_m3_ipc handle
[[0;32m  OK  [0m] Started Raise network interfaces.
[[0;32m  OK  [0m] Started LSB: Start busybox udhcpd at boot time.
[[0;32m  OK  [0m] Started LSB: Load kernel modules needed to enable cpufreq scaling.
[   28.642725] configfs-gadget.g_multi gadget.0: HOST MAC 1c:ba:8c:a2:ed:6c
[   28.649751] configfs-gadget.g_multi gadget.0: MAC 1c:ba:8c:a2:ed:70
[   28.657143] configfs-gadget.g_multi gadget.0: HOST MAC 1c:ba:8c:a2:ed:6c
[   28.663986] configfs-gadget.g_multi gadget.0: MAC 1c:ba:8c:a2:ed:6d
[   28.687886] PM: Cannot get wkup_m3_ipc handle
[[0;32m  OK  [0m] Started Telephony service.
[[0;32m  OK  [0m] Started DUN service.
[[0;32m  OK  [0m] Started Connection service.
[[0;32m  OK  [0m] Started Avahi mDNS/DNS-SD Stack.
[[0;32m  OK  [0m] Started Login Service.
[[0;32m  OK  [0m] Reached target Sound Card.
         Starting LSB: set CPUFreq kernel parameters...
[[0;32m  OK  [0m] Reached target Network.
[[0;32m  OK  [0m] Reached target Network is Online.
         Starting LSB: Advanced IEEE 802.11 management daemon...
         Starting OpenBSD Secure Shell server...
         Starting Permit User Sessions...
         Starting The Apache HTTP Server...
[[0;32m  OK  [0m] Started LSB: Advanced IEEE 802.11 management daemon.
[[0;32m  OK  [0m] Started Permit User Sessions.
         Starting Hostname Service...
         Starting WPA supplicant...
[[0;32m  OK  [0m] Started Serial Getty on ttyS0.
[[0;32m  OK  [0m] Started Getty on tty1.
[[0;32m  OK  [0m] Reached target Login Prompts.
[[0;32m  OK  [0m] Started LSB: set CPUFreq kernel parameters.
[[0;32m  OK  [0m] Started WPA supplicant.
[[0;32m  OK  [0m] Started Hostname Service.
[[0;32m  OK  [0m] Started OpenBSD Secure Shell server.
         Stopping LSB: Start busybox udhcpd at boot time...
[[0;32m  OK  [0m] Stopped LSB: Start busybox udhcpd at boot time.
[[0;32m  OK  [0m] Started The Apache HTTP Server.
         Starting dnsmasq - A lightweight DHCP and caching DNS server...
[[0;32m  OK  [0m] Started dnsmasq - A lightweight DHCP and caching DNS server.
[[0;32m  OK  [0m] Reached target Host and Network Name Lookups.
[[0;32m  OK  [0m] Started Serial Getty on ttyGS0.
[[0;32m  OK  [0m] Started Generic Board Startup.
[[0;32m  OK  [0m] Reached target Multi-User System.
[[0;32m  OK  [0m] Reached target Graphical Interface.
         Starting Update UTMP about System Runlevel Changes...
[[0;32m  OK  [0m] Started Update UTMP about System Runlevel Changes.

Debian GNU/Linux 9 arm ttyS0

default username:password is [debian:temppwd]

arm login: root
Password: 
Last login: Sat Jan  1 00:00:33 UTC 2000 on ttyS0
root
Linux arm 6.11.0-gc0336be59afc #1 SMP Mon Sep 30 12:43:49 EEST 2024 armv7l

The programs included with the Debian GNU/Linux system are free software;
the exact distribution terms for each program are described in the
individual files in /usr/share/doc/*/copyright.

Debian GNU/Linux comes with ABSOLUTELY NO WARRANTY, to the extent
permitted by applicable law.
root@arm:~# root
dmesg -n 1
-bash: root: command not found
root@arm:~# dmesg -n 1
root@arm:~# echo 'QUKM''XAFLXF'
QUKMXAFLXF
root@arm:~# run() { echo -n "$MARKER"; sh -c "$@"; echo "$MARKER $?"; }
root@arm:~# echo 'VZEE''YFHTCO'
VZEEYFHTCO
root@arm:~# MARKER='TPXM''TBPGVS' run 'cat /proc/version'
TPXMTBPGVSLinux version 6.11.0-gc0336be59afc (user01@drvtest01) (arm-linux-gnueabihf-gcc (Linaro GCC 6.4-2017.11) 6.4.1 20171012, GNU ld (Linaro_Binutils-2017.11) 2.27.0.20161229) #1 SMP Mon Sep 30 12:43:49 EEST 2024
TPXMTBPGVS 0
root@arm:~# echo 'JTJZ''FMUWCF'
JTJZFMUWCF
root@arm:~# MARKER='QALX''NXLLZJ' run false
QALXNXLLZJQALXNXLLZJ 1
root@arm:~# Labgrid Console Logfile for main
Logfile started at 2024-09-30 15:46:22.687255
=== Log starts here ===

root@arm:~# run() { echo -n "$MARKER"; sh -c "$@"; echo "$MARKER $?"; }
root@arm:~# echo 'VNOY''KHXXPL'
VNOYKHXXPL
root@arm:~# MARKER='CENP''AOYTYH' run dmesg
CENPAOYTYH[    0.000000] Booting Linux on physical CPU 0x0
[    0.000000] Linux version 6.11.0-gc0336be59afc (user01@drvtest01) (arm-linux-gnueabihf-gcc (Linaro GCC 6.4-2017.11) 6.4.1 20171012, GNU ld (Linaro_Binutils-2017.11) 2.27.0.20161229) #1 SMP Mon Sep 30 12:43:49 EEST 2024
[    0.000000] CPU: ARMv7 Processor [413fc082] revision 2 (ARMv7), cr=10c5387d
[    0.000000] CPU: PIPT / VIPT nonaliasing data cache, VIPT aliasing instruction cache
[    0.000000] OF: fdt: Machine model: TI AM335x BeagleBone Black
[    0.000000] Memory policy: Data cache writeback
[    0.000000] cma: Reserved 16 MiB at 0x9e800000 on node -1
[    0.000000] Zone ranges:
[    0.000000]   Normal   [mem 0x0000000080000000-0x000000009fdfffff]
[    0.000000]   HighMem  empty
[    0.000000] Movable zone start for each node
[    0.000000] Early memory node ranges
[    0.000000]   node   0: [mem 0x0000000080000000-0x000000009fdfffff]
[    0.000000] Initmem setup node 0 [mem 0x0000000080000000-0x000000009fdfffff]
[    0.000000] CPU: All CPU(s) started in SVC mode.
[    0.000000] AM335X ES2.1 (sgx neon)
[    0.000000] percpu: Embedded 17 pages/cpu s39628 r8192 d21812 u69632
[    0.000000] pcpu-alloc: s39628 r8192 d21812 u69632 alloc=17*4096
[    0.000000] pcpu-alloc: [0] 0 
[    0.000000] Kernel command line: console=ttyO0,115200n8 root=/dev/nfs rw nfsroot=192.168.255.126:/home/user01/nfs,nfsvers=3 ip=192.168.255.2:192.168.255.126::255.255.255.0:bbb1:eth0 nfsrootdebug
[    0.000000] Unknown kernel command line parameters "nfsrootdebug", will be passed to user space.
[    0.000000] Dentry cache hash table entries: 65536 (order: 6, 262144 bytes, linear)
[    0.000000] Inode-cache hash table entries: 32768 (order: 5, 131072 bytes, linear)
[    0.000000] Built 1 zonelists, mobility grouping on.  Total pages: 130560
[    0.000000] mem auto-init: stack:off, heap alloc:off, heap free:off
[    0.000000] SLUB: HWalign=64, Order=0-3, MinObjects=0, CPUs=1, Nodes=1
[    0.000000] trace event string verifier disabled
[    0.000000] rcu: Hierarchical RCU implementation.
[    0.000000] rcu: 	RCU event tracing is enabled.
[    0.000000] rcu: 	RCU restricting CPUs from NR_CPUS=2 to nr_cpu_ids=1.
[    0.000000] rcu: RCU calculated value of scheduler-enlistment delay is 10 jiffies.
[    0.000000] rcu: Adjusting geometry for rcu_fanout_leaf=16, nr_cpu_ids=1
[    0.000000] NR_IRQS: 16, nr_irqs: 16, preallocated irqs: 16
[    0.000000] IRQ: Found an INTC at 0x(ptrval) (revision 5.0) with 128 interrupts
[    0.000000] rcu: srcu_init: Setting srcu_struct sizes based on contention.
[    0.000000] TI gptimer clocksource: always-on /ocp/interconnect@44c00000/segment@200000/target-module@31000
[    0.000002] sched_clock: 32 bits at 24MHz, resolution 41ns, wraps every 89478484971ns
[    0.000027] clocksource: dmtimer: mask: 0xffffffff max_cycles: 0xffffffff, max_idle_ns: 79635851949 ns
[    0.000507] TI gptimer clockevent: 24000000 Hz at /ocp/interconnect@48000000/segment@0/target-module@40000
[    0.002143] Console: colour dummy device 80x30
[    0.002212] WARNING: Your 'console=ttyO0' has been replaced by 'ttyS0'
[    0.002222] This ensures that you still see kernel messages. Please
[    0.002228] update your kernel commandline.
[    0.002274] Calibrating delay loop... 996.14 BogoMIPS (lpj=4980736)
[    0.090562] CPU: Testing write buffer coherency: ok
[    0.090668] CPU0: Spectre v2: using BPIALL workaround
[    0.090681] pid_max: default: 32768 minimum: 301
[    0.090808] LSM: initializing lsm=capability
[    0.090974] Mount-cache hash table entries: 1024 (order: 0, 4096 bytes, linear)
[    0.090997] Mountpoint-cache hash table entries: 1024 (order: 0, 4096 bytes, linear)
[    0.092530] CPU0: thread -1, cpu 0, socket -1, mpidr 0
[    0.094236] Setting up static identity map for 0x80100000 - 0x80100078
[    0.094536] rcu: Hierarchical SRCU implementation.
[    0.094548] rcu: 	Max phase no-delay instances is 1000.
[    0.096219] smp: Bringing up secondary CPUs ...
[    0.096278] smp: Brought up 1 node, 1 CPU
[    0.096294] SMP: Total of 1 processors activated (996.14 BogoMIPS).
[    0.096307] CPU: All CPU(s) started in SVC mode.
[    0.096496] Memory: 480876K/522240K available (11264K kernel code, 1197K rwdata, 2856K rodata, 1024K init, 297K bss, 23344K reserved, 16384K cma-reserved, 0K highmem)
[    0.097301] devtmpfs: initialized
[    0.113686] VFP support v0.3: implementor 41 architecture 3 part 30 variant c rev 3
[    0.114038] clocksource: jiffies: mask: 0xffffffff max_cycles: 0xffffffff, max_idle_ns: 19112604462750000 ns
[    0.114077] futex hash table entries: 256 (order: 2, 16384 bytes, linear)
[    0.115337] pinctrl core: initialized pinctrl subsystem
[    0.118047] NET: Registered PF_NETLINK/PF_ROUTE protocol family
[    0.121058] DMA: preallocated 256 KiB pool for atomic coherent allocations
[    0.122021] audit: initializing netlink subsys (disabled)
[    0.123397] thermal_sys: Registered thermal governor 'fair_share'
[    0.123417] thermal_sys: Registered thermal governor 'step_wise'
[    0.123429] thermal_sys: Registered thermal governor 'user_space'
[    0.123546] audit: type=2000 audit(0.120:1): state=initialized audit_enabled=0 res=1
[    0.123615] cpuidle: using governor menu
[    0.142756] No ATAGs?
[    0.142789] hw-breakpoint: debug architecture 0x4 unsupported.
[    0.145692] kprobes: kprobe jump-optimization is enabled. All kprobes are optimized if possible.
[    0.163989] iommu: Default domain type: Translated
[    0.164017] iommu: DMA domain TLB invalidation policy: strict mode
[    0.165598] reg-fixed-voltage fixedregulator0: using DT '/fixedregulator0' for '(default)' GPIO lookup
[    0.165660] of_get_named_gpiod_flags: can't parse 'gpios' property of node '/fixedregulator0[0]'
[    0.165690] of_get_named_gpiod_flags: can't parse 'gpio' property of node '/fixedregulator0[0]'
[    0.165710] reg-fixed-voltage fixedregulator0: using lookup tables for GPIO lookup
[    0.165722] reg-fixed-voltage fixedregulator0: No GPIO consumer (default) found
[    0.171349] SCSI subsystem initialized
[    0.180986] libata version 3.00 loaded.
[    0.181357] pps_core: LinuxPPS API ver. 1 registered
[    0.181370] pps_core: Software ver. 5.3.6 - Copyright 2005-2007 Rodolfo Giometti <giometti@linux.it>
[    0.181397] PTP clock support registered
[    0.183311] vgaarb: loaded
[    0.183702] clocksource: Switched to clocksource dmtimer
[    0.184293] VFS: Disk quotas dquot_6.6.0
[    0.184339] VFS: Dquot-cache hash table entries: 1024 (order 0, 4096 bytes)
[    0.209048] NET: Registered PF_INET protocol family
[    0.209403] IP idents hash table entries: 8192 (order: 4, 65536 bytes, linear)
[    0.210800] tcp_listen_portaddr_hash hash table entries: 512 (order: 0, 4096 bytes, linear)
[    0.210840] Table-perturb hash table entries: 65536 (order: 6, 262144 bytes, linear)
[    0.210859] TCP established hash table entries: 4096 (order: 2, 16384 bytes, linear)
[    0.210904] TCP bind hash table entries: 4096 (order: 4, 65536 bytes, linear)
[    0.211005] TCP: Hash tables configured (established 4096 bind 4096)
[    0.211131] UDP hash table entries: 256 (order: 1, 8192 bytes, linear)
[    0.211160] UDP-Lite hash table entries: 256 (order: 1, 8192 bytes, linear)
[    0.211331] NET: Registered PF_UNIX/PF_LOCAL protocol family
[    0.224671] RPC: Registered named UNIX socket transport module.
[    0.224701] RPC: Registered udp transport module.
[    0.224708] RPC: Registered tcp transport module.
[    0.224714] RPC: Registered tcp-with-tls transport module.
[    0.224721] RPC: Registered tcp NFSv4.1 backchannel transport module.
[    0.224748] PCI: CLS 0 bytes, default 64
[    0.226202] Initialise system trusted keyrings
[    0.227267] workingset: timestamp_bits=14 max_order=17 bucket_order=3
[    0.228539] NFS: Registering the id_resolver key type
[    0.228609] Key type id_resolver registered
[    0.228620] Key type id_legacy registered
[    0.228672] jffs2: version 2.2. (NAND) (SUMMARY)  Â© 2001-2006 Red Hat, Inc.
[    0.229123] Key type asymmetric registered
[    0.229142] Asymmetric key parser 'x509' registered
[    0.229206] io scheduler mq-deadline registered
[    0.229220] io scheduler kyber registered
[    0.229290] io scheduler bfq registered
[    0.244180] Serial: 8250/16550 driver, 6 ports, IRQ sharing enabled
[    0.309897] brd: module loaded
[    0.332429] loop: module loaded
[    0.333362] mtdoops: mtd device (mtddev=name/number) must be supplied
[    0.335249] mdio_bus fixed-0: using lookup tables for GPIO lookup
[    0.335279] mdio_bus fixed-0: No GPIO consumer reset found
[    0.336672] i2c_dev: i2c /dev entries driver
[    0.337641] cpuidle: enable-method property 'ti,am3352' found operations
[    0.338091] sdhci: Secure Digital Host Controller Interface driver
[    0.338105] sdhci: Copyright(c) Pierre Ossman
[    0.338282] sdhci-pltfm: SDHCI platform and OF driver helper
[    0.338594] ledtrig-cpu: registered to indicate activity on CPUs
[    0.339533] Initializing XFRM netlink socket
[    0.339659] NET: Registered PF_INET6 protocol family
[    0.341496] Segment Routing with IPv6
[    0.341592] In-situ OAM (IOAM) with IPv6
[    0.341688] sit: IPv6, IPv4 and MPLS over IPv4 tunneling driver
[    0.342631] NET: Registered PF_PACKET protocol family
[    0.342670] NET: Registered PF_KEY protocol family
[    0.342803] Key type dns_resolver registered
[    0.343062] ThumbEE CPU extension supported.
[    0.343086] Registering SWP/SWPB emulation handler
[    0.343612] omap_voltage_late_init: Voltage driver support not added
[    0.344164] SmartReflex Class3 initialized
[    0.387253] Loading compiled-in X.509 certificates
[    0.423203] gpiochip_find_base_unlocked: found new base at 512
[    0.432051] platform 44e10800.pinmux: Fixed dependency cycle(s) with /ocp/interconnect@44c00000/segment@200000/target-module@10000/scm@0/pinmux@800/clkout2-pins
[    0.432624] pinctrl-single 44e10800.pinmux: 142 pins, size 568
[    0.437881] ti-sysc 44e31000.target-module: probe with driver ti-sysc failed with error -16
[    0.487595] ti-sysc 48040000.target-module: probe with driver ti-sysc failed with error -16
[    0.498464] gpiochip_find_base_unlocked: found new base at 512
[    0.498578] gpio gpiochip0: (gpio-0-31): created GPIO range 0->7 ==> 44e10800.pinmux PIN 0->7
[    0.498600] gpio gpiochip0: (gpio-0-31): created GPIO range 8->11 ==> 44e10800.pinmux PIN 90->93
[    0.498617] gpio gpiochip0: (gpio-0-31): created GPIO range 12->27 ==> 44e10800.pinmux PIN 12->27
[    0.498634] gpio gpiochip0: (gpio-0-31): created GPIO range 28->31 ==> 44e10800.pinmux PIN 30->33
[    0.514065] gpio gpiochip0: (gpio-0-31): added GPIO chardev (254:0)
[    0.514243] gpio gpiochip0: registered GPIOs 512 to 543 on gpio-0-31
[    0.514331] OMAP GPIO hardware version 0.1
[    0.550649] i2c i2c-2: using DT '/ocp/interconnect@48000000/segment@100000/target-module@9c000/i2c@0' for 'scl' GPIO lookup
[    0.550757] of_get_named_gpiod_flags: can't parse 'scl-gpios' property of node '/ocp/interconnect@48000000/segment@100000/target-module@9c000/i2c@0[0]'
[    0.550807] of_get_named_gpiod_flags: can't parse 'scl-gpio' property of node '/ocp/interconnect@48000000/segment@100000/target-module@9c000/i2c@0[0]'
[    0.550848] i2c i2c-2: using lookup tables for GPIO lookup
[    0.550860] i2c i2c-2: No GPIO consumer scl found
[    0.550884] i2c i2c-2: using DT '/ocp/interconnect@48000000/segment@100000/target-module@9c000/i2c@0' for 'sda' GPIO lookup
[    0.550923] of_get_named_gpiod_flags: can't parse 'sda-gpios' property of node '/ocp/interconnect@48000000/segment@100000/target-module@9c000/i2c@0[0]'
[    0.550962] of_get_named_gpiod_flags: can't parse 'sda-gpio' property of node '/ocp/interconnect@48000000/segment@100000/target-module@9c000/i2c@0[0]'
[    0.550996] i2c i2c-2: using lookup tables for GPIO lookup
[    0.551006] i2c i2c-2: No GPIO consumer sda found
[    0.551713] omap_i2c 4819c000.i2c: bus 2 rev0.11 at 100 kHz
[    0.557338] gpiochip_find_base_unlocked: found new base at 544
[    0.557452] gpio gpiochip1: (gpio-32-63): created GPIO range 0->17 ==> 44e10800.pinmux PIN 34->51
[    0.557473] gpio gpiochip1: (gpio-32-63): created GPIO range 18->21 ==> 44e10800.pinmux PIN 77->80
[    0.557490] gpio gpiochip1: (gpio-32-63): created GPIO range 22->31 ==> 44e10800.pinmux PIN 56->65
[    0.574380] gpio gpiochip1: (gpio-32-63): added GPIO chardev (254:1)
[    0.574545] gpio gpiochip1: registered GPIOs 544 to 575 on gpio-32-63
[    0.576744] gpiochip_find_base_unlocked: found new base at 576
[    0.576862] gpio gpiochip2: (gpio-64-95): created GPIO range 0->4 ==> 44e10800.pinmux PIN 66->70
[    0.576885] gpio gpiochip2: (gpio-64-95): created GPIO range 5->6 ==> 44e10800.pinmux PIN 98->99
[    0.576903] gpio gpiochip2: (gpio-64-95): created GPIO range 7->8 ==> 44e10800.pinmux PIN 75->76
[    0.576920] gpio gpiochip2: (gpio-64-95): created GPIO range 13->13 ==> 44e10800.pinmux PIN 141->141
[    0.576938] gpio gpiochip2: (gpio-64-95): created GPIO range 14->21 ==> 44e10800.pinmux PIN 100->107
[    0.577547] gpio gpiochip2: (gpio-64-95): added GPIO chardev (254:2)
[    0.577683] gpio gpiochip2: registered GPIOs 576 to 607 on gpio-64-95
[    0.583040] 48000000.interconnect:segment@200000:target-module@0:mpu@0:fck: device ID is greater than 24
[    0.587494] platform 4830e000.lcdc: Fixed dependency cycle(s) with /ocp/interconnect@44c00000/segment@200000/target-module@b000/i2c@0/tda19988@70
[    0.596806] mdio_bus 4a101000.mdio: using DT '/ocp/interconnect@4a000000/segment@0/target-module@100000/switch@0/mdio@1000' for 'reset' GPIO lookup
[    0.596886] of_get_named_gpiod_flags: can't parse 'reset-gpios' property of node '/ocp/interconnect@4a000000/segment@0/target-module@100000/switch@0/mdio@1000[0]'
[    0.596938] of_get_named_gpiod_flags: can't parse 'reset-gpio' property of node '/ocp/interconnect@4a000000/segment@0/target-module@100000/switch@0/mdio@1000[0]'
[    0.596989] mdio_bus 4a101000.mdio: using lookup tables for GPIO lookup
[    0.597000] mdio_bus 4a101000.mdio: No GPIO consumer reset found
[    0.598357] sdhci-omap 481d8000.mmc: using DT '/ocp/interconnect@48000000/segment@100000/target-module@d8000/mmc@0' for 'wp' GPIO lookup
[    0.598426] of_get_named_gpiod_flags: can't parse 'wp-gpios' property of node '/ocp/interconnect@48000000/segment@100000/target-module@d8000/mmc@0[0]'
[    0.598473] of_get_named_gpiod_flags: can't parse 'wp-gpio' property of node '/ocp/interconnect@48000000/segment@100000/target-module@d8000/mmc@0[0]'
[    0.598511] sdhci-omap 481d8000.mmc: using lookup tables for GPIO lookup
[    0.598522] sdhci-omap 481d8000.mmc: No GPIO consumer wp found
[    0.598720] sdhci-omap 481d8000.mmc: supply pbias not found, using dummy regulator
[    0.599183] sdhci-omap 481d8000.mmc: supply vqmmc not found, using dummy regulator
[    0.675259] davinci_mdio 4a101000.mdio: davinci mdio revision 1.6, bus freq 1000000
[    0.699637] mdio_bus 4a101000.mdio:00: using DT '/ocp/interconnect@4a000000/segment@0/target-module@100000/switch@0/mdio@1000/ethernet-phy@0' for 'reset' GPIO lookup
[    0.699746] of_get_named_gpiod_flags: parsed 'reset-gpios' property of node '/ocp/interconnect@4a000000/segment@0/target-module@100000/switch@0/mdio@1000/ethernet-phy@0[0]' - status (0)
[    0.699919] gpio gpiochip0: Persistence not supported for GPIO 8
[    0.792515] davinci_mdio 4a101000.mdio: phy[0]: device 4a101000.mdio:00, driver SMSC LAN8710/LAN8720
[    0.793160] cpsw-switch 4a100000.switch: initialized cpsw ale version 1.4
[    0.793185] cpsw-switch 4a100000.switch: ALE Table size 1024
[    0.824307] cpsw-switch 4a100000.switch: cpts: overflow check period 500 (jiffies)
[    0.824340] cpsw-switch 4a100000.switch: CPTS: ref_clk_freq:250000000 calc_mult:2147483648 calc_shift:29 error:0 nsec/sec
[    0.824464] cpsw-switch 4a100000.switch: Detected MACID = 18:2c:65:25:41:ce
[    0.826283] cpsw-switch 4a100000.switch: initialized (regs 0x4a100000, pool size 256) hw_ver:0019010C 1.12 (0)
[    0.837268] debugfs: Directory '49000000.dma' with parent 'dmaengine' already present!
[    0.837316] edma 49000000.dma: TI EDMA DMA engine driver
[    0.868695] target-module@4b000000:target-module@140000:pmu@0:fck: device ID is greater than 24
[    0.898655] hw perfevents: enabled with armv7_cortex_a8 PMU driver, 5 counters available
[    0.899556] gpio-clk clk_mcasp0: using DT '/clk_mcasp0' for 'enable' GPIO lookup
[    0.899629] of_get_named_gpiod_flags: parsed 'enable-gpios' property of node '/clk_mcasp0[0]' - status (0)
[    0.899676] gpio gpiochip0: Persistence not supported for GPIO 27
[    0.900493] gpiochip_find_base_unlocked: found new base at 608
[    0.900616] gpio gpiochip3: (gpio-96-127): created GPIO range 0->7 ==> 44e10800.pinmux PIN 82->89
[    0.900639] gpio gpiochip3: (gpio-96-127): created GPIO range 8->11 ==> 44e10800.pinmux PIN 52->55
[    0.900657] gpio gpiochip3: (gpio-96-127): created GPIO range 12->15 ==> 44e10800.pinmux PIN 94->97
[    0.900674] gpio gpiochip3: (gpio-96-127): created GPIO range 16->17 ==> 44e10800.pinmux PIN 71->72
[    0.900692] gpio gpiochip3: (gpio-96-127): created GPIO range 18->18 ==> 44e10800.pinmux PIN 135->135
[    0.900710] gpio gpiochip3: (gpio-96-127): created GPIO range 19->20 ==> 44e10800.pinmux PIN 108->109
[    0.900728] gpio gpiochip3: (gpio-96-127): created GPIO range 21->21 ==> 44e10800.pinmux PIN 73->73
[    0.900747] gpio gpiochip3: (gpio-96-127): created GPIO range 22->23 ==> 44e10800.pinmux PIN 8->9
[    0.900765] gpio gpiochip3: (gpio-96-127): created GPIO range 26->27 ==> 44e10800.pinmux PIN 10->11
[    0.900784] gpio gpiochip3: (gpio-96-127): created GPIO range 28->28 ==> 44e10800.pinmux PIN 74->74
[    0.900804] gpio gpiochip3: (gpio-96-127): created GPIO range 29->29 ==> 44e10800.pinmux PIN 81->81
[    0.900824] gpio gpiochip3: (gpio-96-127): created GPIO range 30->31 ==> 44e10800.pinmux PIN 28->29
[    0.906333] l3-aon-clkctrl:0000:0: failed to disable
[    0.906819] gpio gpiochip3: (gpio-96-127): added GPIO chardev (254:3)
[    0.906963] gpio gpiochip3: registered GPIOs 608 to 639 on gpio-96-127
[    0.908957] omap8250 44e09000.serial: using DT '/ocp/interconnect@44c00000/segment@200000/target-module@9000/serial@0' for 'rs485-term' GPIO lookup
[    0.909040] of_get_named_gpiod_flags: can't parse 'rs485-term-gpios' property of node '/ocp/interconnect@44c00000/segment@200000/target-module@9000/serial@0[0]'
[    0.909089] of_get_named_gpiod_flags: can't parse 'rs485-term-gpio' property of node '/ocp/interconnect@44c00000/segment@200000/target-module@9000/serial@0[0]'
[    0.909129] omap8250 44e09000.serial: using lookup tables for GPIO lookup
[    0.909140] omap8250 44e09000.serial: No GPIO consumer rs485-term found
[    0.909153] omap8250 44e09000.serial: using DT '/ocp/interconnect@44c00000/segment@200000/target-module@9000/serial@0' for 'rs485-rx-during-tx' GPIO lookup
[    0.909192] of_get_named_gpiod_flags: can't parse 'rs485-rx-during-tx-gpios' property of node '/ocp/interconnect@44c00000/segment@200000/target-module@9000/serial@0[0]'
[    0.909233] of_get_named_gpiod_flags: can't parse 'rs485-rx-during-tx-gpio' property of node '/ocp/interconnect@44c00000/segment@200000/target-module@9000/serial@0[0]'
[    0.909269] omap8250 44e09000.serial: using lookup tables for GPIO lookup
[    0.909279] omap8250 44e09000.serial: No GPIO consumer rs485-rx-during-tx found
[    0.909657] 44e09000.serial: ttyS0 at MMIO 0x44e09000 (irq = 34, base_baud = 3000000) is a 8250
[    0.909743] printk: legacy console [ttyS0] enabled
[    2.134789] i2c i2c-0: using DT '/ocp/interconnect@44c00000/segment@200000/target-module@b000/i2c@0' for 'scl' GPIO lookup
[    2.134884] of_get_named_gpiod_flags: can't parse 'scl-gpios' property of node '/ocp/interconnect@44c00000/segment@200000/target-module@b000/i2c@0[0]'
[    2.134935] of_get_named_gpiod_flags: can't parse 'scl-gpio' property of node '/ocp/interconnect@44c00000/segment@200000/target-module@b000/i2c@0[0]'
[    2.134977] i2c i2c-0: using lookup tables for GPIO lookup
[    2.134990] i2c i2c-0: No GPIO consumer scl found
[    2.135016] i2c i2c-0: using DT '/ocp/interconnect@44c00000/segment@200000/target-module@b000/i2c@0' for 'sda' GPIO lookup
[    2.135059] of_get_named_gpiod_flags: can't parse 'sda-gpios' property of node '/ocp/interconnect@44c00000/segment@200000/target-module@b000/i2c@0[0]'
[    2.135102] of_get_named_gpiod_flags: can't parse 'sda-gpio' property of node '/ocp/interconnect@44c00000/segment@200000/target-module@b000/i2c@0[0]'
[    2.135138] i2c i2c-0: using lookup tables for GPIO lookup
[    2.135150] i2c i2c-0: No GPIO consumer sda found
[    2.164813] tps65217-pmic: Failed to locate of_node [id: -1]
[    2.170921] tps65217-bl: Failed to locate of_node [id: -1]
[    2.182093] tps65217 0-0024: TPS65217 ID 0xe version 1.2
[    2.188249] platform 4830e000.lcdc: Fixed dependency cycle(s) with /ocp/interconnect@44c00000/segment@200000/target-module@b000/i2c@0/tda19988@70
[    2.201670] i2c 0-0070: Fixed dependency cycle(s) with /ocp/interconnect@48000000/segment@300000/target-module@e000/lcdc@0
[    2.213073] omap_i2c 44e0b000.i2c: bus 0 rev0.11 at 400 kHz
[    2.221125] sdhci-omap 48060000.mmc: using DT '/ocp/interconnect@48000000/segment@0/target-module@60000/mmc@0' for 'cd' GPIO lookup
[    2.221231] of_get_named_gpiod_flags: parsed 'cd-gpios' property of node '/ocp/interconnect@48000000/segment@0/target-module@60000/mmc@0[0]' - status (0)
[    2.221300] gpio gpiochip3: Persistence not supported for GPIO 6
[    2.221325] omap_gpio 44e07000.gpio: Could not set line 6 debounce to 200000 microseconds (-22)
[    2.230236] sdhci-omap 48060000.mmc: Got CD GPIO
[    2.234933] sdhci-omap 48060000.mmc: using DT '/ocp/interconnect@48000000/segment@0/target-module@60000/mmc@0' for 'wp' GPIO lookup
[    2.234982] of_get_named_gpiod_flags: can't parse 'wp-gpios' property of node '/ocp/interconnect@48000000/segment@0/target-module@60000/mmc@0[0]'
[    2.235028] of_get_named_gpiod_flags: can't parse 'wp-gpio' property of node '/ocp/interconnect@48000000/segment@0/target-module@60000/mmc@0[0]'
[    2.235068] sdhci-omap 48060000.mmc: using lookup tables for GPIO lookup
[    2.235082] sdhci-omap 48060000.mmc: No GPIO consumer wp found
[    2.235292] sdhci-omap 48060000.mmc: supply pbias not found, using dummy regulator
[    2.244533] sdhci-omap 481d8000.mmc: using DT '/ocp/interconnect@48000000/segment@100000/target-module@d8000/mmc@0' for 'wp' GPIO lookup
[    2.244612] of_get_named_gpiod_flags: can't parse 'wp-gpios' property of node '/ocp/interconnect@48000000/segment@100000/target-module@d8000/mmc@0[0]'
[    2.244662] of_get_named_gpiod_flags: can't parse 'wp-gpio' property of node '/ocp/interconnect@48000000/segment@100000/target-module@d8000/mmc@0[0]'
[    2.244703] sdhci-omap 481d8000.mmc: using lookup tables for GPIO lookup
[    2.244716] sdhci-omap 481d8000.mmc: No GPIO consumer wp found
[    2.246063] sdhci-omap 48060000.mmc: supply vqmmc not found, using dummy regulator
[    2.254570] sdhci-omap 481d8000.mmc: supply pbias not found, using dummy regulator
[    2.262558] sdhci-omap 481d8000.mmc: supply vqmmc not found, using dummy regulator
[    2.300764] mmc1: SDHCI controller on 481d8000.mmc [481d8000.mmc] using External DMA
[    2.309936] mmc0: SDHCI controller on 48060000.mmc [48060000.mmc] using External DMA
[    2.318643] cpsw-switch 4a100000.switch: starting ndev. mode: dual_mac
[    2.363223] mmc0: new high speed SDHC card at address 59b4
[    2.370351] mmcblk0: mmc0:59b4 USD   14.9 GiB
[    2.378019]  mmcblk0: p1 p2
[    2.385257] mmc1: new high speed MMC card at address 0001
[    2.391929] mmcblk1: mmc1:0001 MK2704 3.53 GiB
[    2.399555]  mmcblk1: p1
[    2.403233] mmcblk1boot0: mmc1:0001 MK2704 2.00 MiB
[    2.410551] mmcblk1boot1: mmc1:0001 MK2704 2.00 MiB
[    2.417848] mmcblk1rpmb: mmc1:0001 MK2704 512 KiB, chardev (250:0)
[    2.424613] SMSC LAN8710/LAN8720 4a101000.mdio:00: attached PHY driver (mii_bus:phy_addr=4a101000.mdio:00, irq=POLL)
[    5.604446] cpsw-switch 4a100000.switch eth0: Link is Up - 100Mbps/Full - flow control off
[    5.643932] IP-Config: Complete:
[    5.647214]      device=eth0, hwaddr=18:2c:65:25:41:ce, ipaddr=192.168.255.2, mask=255.255.255.0, gw=255.255.255.255
[    5.657879]      host=bbb1, domain=, nis-domain=(none)
[    5.663048]      bootserver=192.168.255.126, rootserver=192.168.255.126, rootpath=
[    5.663477] clk: Disabling unused clocks
[    5.675315] PM: genpd: Disabling unused power domains
[    5.680432] KTAP version 1
[    5.683153] 1..0
[    5.708683] VFS: Mounted root (nfs filesystem) on device 0:17.
[    5.715753] devtmpfs: mounted
[    5.720411] Freeing unused kernel image (initmem) memory: 1024K
[    5.727315] Run /sbin/init as init process
[    5.731449]   with arguments:
[    5.731462]     /sbin/init
[    5.731471]     nfsrootdebug
[    5.731480]   with environment:
[    5.731489]     HOME=/
[    5.731498]     TERM=linux
[    6.409612] systemd[1]: System time before build time, advancing clock.
[    7.863721] random: crng init done
[    7.934493] systemd[1]: systemd 232 running in system mode. (+PAM +AUDIT +SELINUX +IMA +APPARMOR +SMACK +SYSVINIT +UTMP +LIBCRYPTSETUP +GCRYPT +GNUTLS +ACL +XZ +LZ4 +SECCOMP +BLKID +ELFUTILS +KMOD +IDN)
[    7.953479] systemd[1]: Detected architecture arm.
[    7.996871] systemd[1]: Set hostname to <arm>.
[    9.090476] systemd[1]: Started Forward Password Requests to Wall Directory Watch.
[    9.135346] systemd[1]: Created slice User and Session Slice.
[    9.174588] systemd[1]: Started Dispatch Password Requests to Console Directory Watch.
[    9.214021] systemd[1]: Reached target Encrypted Volumes.
[    9.254234] systemd[1]: Listening on udev Kernel Socket.
[    9.293989] systemd[1]: Reached target Swap.
[    9.325286] systemd[1]: Set up automount Arbitrary Executable File Formats File System Automount Point.
[   11.715045] systemd-journald[80]: Received request to flush runtime journal from PID 1
[   14.420082] leds-gpio leds: using DT '/leds/led2' for '(default)' GPIO lookup
[   14.420189] of_get_named_gpiod_flags: parsed 'gpios' property of node '/leds/led2[0]' - status (0)
[   14.420247] gpio gpiochip0: Persistence not supported for GPIO 21
[   14.420264] gpio-533 (?): no flags found for GPIO (default)
[   14.459317] leds-gpio leds: using DT '/leds/led3' for '(default)' GPIO lookup
[   14.459433] of_get_named_gpiod_flags: parsed 'gpios' property of node '/leds/led3[0]' - status (0)
[   14.459679] gpio gpiochip0: Persistence not supported for GPIO 22
[   14.459698] gpio-534 (?): no flags found for GPIO (default)
[   14.588650] leds-gpio leds: using DT '/leds/led4' for '(default)' GPIO lookup
[   14.588756] of_get_named_gpiod_flags: parsed 'gpios' property of node '/leds/led4[0]' - status (0)
[   14.588811] gpio gpiochip0: Persistence not supported for GPIO 23
[   14.588826] gpio-535 (?): no flags found for GPIO (default)
[   14.614277] leds-gpio leds: using DT '/leds/led5' for '(default)' GPIO lookup
[   14.614376] of_get_named_gpiod_flags: parsed 'gpios' property of node '/leds/led5[0]' - status (0)
[   14.614426] gpio gpiochip0: Persistence not supported for GPIO 24
[   14.614443] gpio-536 (?): no flags found for GPIO (default)
[   14.846896] remoteproc remoteproc0: wkup_m3 is available
[   15.128019] omap_wdt: OMAP Watchdog Timer Rev 0x01: initial timeout 60 sec
[   15.238652] at24 2-0054: supply vcc not found, using dummy regulator
[   15.394621] at24 2-0055: supply vcc not found, using dummy regulator
[   15.511192] at24 2-0056: supply vcc not found, using dummy regulator
[   15.611659] at24 2-0057: supply vcc not found, using dummy regulator
[   15.739374] at24 0-0050: using DT '/ocp/interconnect@44c00000/segment@200000/target-module@b000/i2c@0/baseboard_eeprom@50' for 'wp' GPIO lookup
[   15.739491] of_get_named_gpiod_flags: can't parse 'wp-gpios' property of node '/ocp/interconnect@44c00000/segment@200000/target-module@b000/i2c@0/baseboard_eeprom@50[0]'
[   15.739553] of_get_named_gpiod_flags: can't parse 'wp-gpio' property of node '/ocp/interconnect@44c00000/segment@200000/target-module@b000/i2c@0/baseboard_eeprom@50[0]'
[   15.739601] at24 0-0050: using lookup tables for GPIO lookup
[   15.739616] at24 0-0050: No GPIO consumer wp found
[   15.739938] at24 0-0050: 32768 byte 24c256 EEPROM, writable, 1 bytes/write
[   15.813594] tps6521x_pwrbutton tps65217-pwrbutton: DMA mask not set
[   15.885518] input: tps65217_pwrbutton as /devices/platform/ocp/44c00000.interconnect/44c00000.interconnect:segment@200000/44e0b000.target-module/44e0b000.i2c/i2c-0/0-0024/tps65217-pwrbutton/input/input0
[   15.999577] omap_rtc 44e3e000.rtc: registered as rtc0
[   16.004949] omap_rtc 44e3e000.rtc: setting system clock to 2000-01-01T00:00:00 UTC (946684800)
[   16.013650] omap_rtc 44e3e000.rtc: using DT '/ocp/interconnect@44c00000/segment@200000/target-module@3e000/rtc@0' for 'wp' GPIO lookup
[   16.013790] of_get_named_gpiod_flags: can't parse 'wp-gpios' property of node '/ocp/interconnect@44c00000/segment@200000/target-module@3e000/rtc@0[0]'
[   16.013845] of_get_named_gpiod_flags: can't parse 'wp-gpio' property of node '/ocp/interconnect@44c00000/segment@200000/target-module@3e000/rtc@0[0]'
[   16.013888] omap_rtc 44e3e000.rtc: using lookup tables for GPIO lookup
[   16.013903] omap_rtc 44e3e000.rtc: No GPIO consumer wp found
[   16.039642] wkup_m3_ipc 44e11324.wkup_m3_ipc: IPC Request for A8->M3 Channel failed! -517
[   16.278439] am335x-phy-driver 47401300.usb-phy: using DT '/ocp/target-module@47400000/usb-phy@1300' for 'reset' GPIO lookup
[   16.278584] of_get_named_gpiod_flags: can't parse 'reset-gpios' property of node '/ocp/target-module@47400000/usb-phy@1300[0]'
[   16.278686] of_get_named_gpiod_flags: can't parse 'reset-gpio' property of node '/ocp/target-module@47400000/usb-phy@1300[0]'
[   16.278777] am335x-phy-driver 47401300.usb-phy: using lookup tables for GPIO lookup
[   16.278795] am335x-phy-driver 47401300.usb-phy: No GPIO consumer reset found
[   16.278810] am335x-phy-driver 47401300.usb-phy: using DT '/ocp/target-module@47400000/usb-phy@1300' for 'vbus-detect' GPIO lookup
[   16.278846] of_get_named_gpiod_flags: can't parse 'vbus-detect-gpios' property of node '/ocp/target-module@47400000/usb-phy@1300[0]'
[   16.278930] of_get_named_gpiod_flags: can't parse 'vbus-detect-gpio' property of node '/ocp/target-module@47400000/usb-phy@1300[0]'
[   16.278962] am335x-phy-driver 47401300.usb-phy: using lookup tables for GPIO lookup
[   16.278975] am335x-phy-driver 47401300.usb-phy: No GPIO consumer vbus-detect found
[   16.279218] am335x-phy-driver 47401300.usb-phy: dummy supplies not allowed for exclusive requests (id=vbus)
[   16.585120] usbcore: registered new interface driver usbfs
[   16.591364] usbcore: registered new interface driver hub
[   16.597038] usbcore: registered new device driver usb
[   16.605422] am335x-phy-driver 47401b00.usb-phy: using DT '/ocp/target-module@47400000/usb-phy@1b00' for 'reset' GPIO lookup
[   16.605510] of_get_named_gpiod_flags: can't parse 'reset-gpios' property of node '/ocp/target-module@47400000/usb-phy@1b00[0]'
[   16.605554] of_get_named_gpiod_flags: can't parse 'reset-gpio' property of node '/ocp/target-module@47400000/usb-phy@1b00[0]'
[   16.605594] am335x-phy-driver 47401b00.usb-phy: using lookup tables for GPIO lookup
[   16.605610] am335x-phy-driver 47401b00.usb-phy: No GPIO consumer reset found
[   16.605625] am335x-phy-driver 47401b00.usb-phy: using DT '/ocp/target-module@47400000/usb-phy@1b00' for 'vbus-detect' GPIO lookup
[   16.605658] of_get_named_gpiod_flags: can't parse 'vbus-detect-gpios' property of node '/ocp/target-module@47400000/usb-phy@1b00[0]'
[   16.605691] of_get_named_gpiod_flags: can't parse 'vbus-detect-gpio' property of node '/ocp/target-module@47400000/usb-phy@1b00[0]'
[   16.605719] am335x-phy-driver 47401b00.usb-phy: using lookup tables for GPIO lookup
[   16.605731] am335x-phy-driver 47401b00.usb-phy: No GPIO consumer vbus-detect found
[   16.605877] am335x-phy-driver 47401b00.usb-phy: dummy supplies not allowed for exclusive requests (id=vbus)
[   16.616951] wkup_m3_ipc 44e11324.wkup_m3_ipc: IPC Request for A8->M3 Channel failed! -517
[   16.796901] wkup_m3_ipc 44e11324.wkup_m3_ipc: IPC Request for A8->M3 Channel failed! -517
[   17.033345] wkup_m3_ipc 44e11324.wkup_m3_ipc: IPC Request for A8->M3 Channel failed! -517
[   17.143070] musb-hdrc musb-hdrc.1: MUSB HDRC host driver
[   17.148735] musb-hdrc musb-hdrc.1: new USB bus registered, assigned bus number 1
[   17.175468] wkup_m3_ipc 44e11324.wkup_m3_ipc: IPC Request for A8->M3 Channel failed! -517
[   17.215092] tda998x 0-0070: found TDA19988
[   17.307713] wkup_m3_ipc 44e11324.wkup_m3_ipc: IPC Request for A8->M3 Channel failed! -517
[   17.343065] usb usb1: New USB device found, idVendor=1d6b, idProduct=0002, bcdDevice= 6.11
[   17.351696] usb usb1: New USB device strings: Mfr=3, Product=2, SerialNumber=1
[   17.359032] usb usb1: Product: MUSB HDRC host driver
[   17.364074] usb usb1: Manufacturer: Linux 6.11.0-gc0336be59afc musb-hcd
[   17.370724] usb usb1: SerialNumber: musb-hdrc.1
[   17.537565] hub 1-0:1.0: USB hub found
[   17.577575] hub 1-0:1.0: 1 port detected
[   17.594949] omap-mailbox 480c8000.mailbox: omap mailbox rev 0x400
[   17.666212] remoteproc remoteproc0: powering up wkup_m3
[   17.914153] remoteproc remoteproc0: Direct firmware load for am335x-pm-firmware.elf failed with error -2
[   17.923865] remoteproc remoteproc0: request_firmware failed: -2
[   17.929827] wkup_m3_ipc 44e11324.wkup_m3_ipc: rproc_boot failed
[   19.374478] tilcdc 4830e000.lcdc: bound 0-0070 (ops tda998x_driver_exit [tda998x])
[   19.486455] [drm] Initialized tilcdc 1.0.0 for 4830e000.lcdc on minor 0
[   19.569704] tilcdc 4830e000.lcdc: [drm] Cannot find any crtc or sizes
[   19.578871] omap_rng 48310000.rng: Random Number Generator ver. 20
[   19.689651] tilcdc 4830e000.lcdc: [drm] Cannot find any crtc or sizes
[   20.765656] PM: Cannot get wkup_m3_ipc handle
[   20.794042] omap-sham 53100000.sham: hw accel on OMAP rev 4.3
[   20.965805] omap-sham 53100000.sham: will run requests pump with realtime priority
[   20.983140] PM: Cannot get wkup_m3_ipc handle
[   21.081846] omap-aes 53500000.aes: OMAP AES hw accel rev: 3.2
[   21.269549] omap-aes 53500000.aes: will run requests pump with realtime priority
[   21.278164] PM: Cannot get wkup_m3_ipc handle
[   23.666238] Bluetooth: Core ver 2.22
[   23.670069] NET: Registered PF_BLUETOOTH protocol family
[   23.675612] Bluetooth: HCI device and connection manager initialized
[   23.682030] Bluetooth: HCI socket layer initialized
[   23.686994] Bluetooth: L2CAP socket layer initialized
[   23.692105] Bluetooth: SCO socket layer initialized
[   25.127436] PM: Cannot get wkup_m3_ipc handle
[   25.133173] asoc-simple-card sound: using DT '/sound' for 'simple-audio-card,hp-det' GPIO lookup
[   25.133270] of_get_named_gpiod_flags: can't parse 'simple-audio-card,hp-det-gpios' property of node '/sound[0]'
[   25.133308] of_get_named_gpiod_flags: can't parse 'simple-audio-card,hp-det-gpio' property of node '/sound[0]'
[   25.133334] asoc-simple-card sound: using lookup tables for GPIO lookup
[   25.133349] asoc-simple-card sound: No GPIO consumer simple-audio-card,hp-det found
[   25.133364] asoc-simple-card sound: using DT '/sound' for 'simple-audio-card,mic-det' GPIO lookup
[   25.133389] of_get_named_gpiod_flags: can't parse 'simple-audio-card,mic-det-gpios' property of node '/sound[0]'
[   25.133416] of_get_named_gpiod_flags: can't parse 'simple-audio-card,mic-det-gpio' property of node '/sound[0]'
[   25.133436] asoc-simple-card sound: using lookup tables for GPIO lookup
[   25.133448] asoc-simple-card sound: No GPIO consumer simple-audio-card,mic-det found
[   25.245361] PM: Cannot get wkup_m3_ipc handle
[   28.406777] userial_init: registered 8 ttyGS* devices
[   28.571483] rndis_register: configNr = 0
[   28.641498] udc musb-hdrc.0: binding gadget driver [g_multi]
[   28.641592] configfs-gadget.g_multi gadget.0: adding 'rndis'/7b3a3768 to config 'c'/79c5535a
[   28.642725] configfs-gadget.g_multi gadget.0: HOST MAC 1c:ba:8c:a2:ed:6c
[   28.649751] configfs-gadget.g_multi gadget.0: MAC 1c:ba:8c:a2:ed:70
[   28.656168] rndis_set_param_medium: 0 0
[   28.656190] configfs-gadget.g_multi gadget.0: RNDIS: IN/ep1in OUT/ep1out NOTIFY/ep2in
[   28.656207] configfs-gadget.g_multi gadget.0: adding 'cdc_ethernet'/967aaff6 to config 'c'/79c5535a
[   28.657143] configfs-gadget.g_multi gadget.0: HOST MAC 1c:ba:8c:a2:ed:6c
[   28.663986] configfs-gadget.g_multi gadget.0: MAC 1c:ba:8c:a2:ed:6d
[   28.670318] configfs-gadget.g_multi gadget.0: CDC Ethernet: IN/ep3in OUT/ep2out NOTIFY/ep4in
[   28.670337] configfs-gadget.g_multi gadget.0: adding 'acm'/e7d8388f to config 'c'/79c5535a
[   28.670372] configfs-gadget.g_multi gadget.0: acm ttyGS0: IN/ep5in OUT/ep3out NOTIFY/ep6in
[   28.687886] PM: Cannot get wkup_m3_ipc handle
[   30.779260] configfs-gadget.g_multi gadget.0: eth_open
[   34.795253] gs_open: ttyGS0 (2da9d282,628b617e)
[   34.795406] gs_close: ttyGS0 (2da9d282,628b617e) ...
[   34.795432] gs_close: ttyGS0 (2da9d282,628b617e) done!
[   34.797927] gs_open: ttyGS0 (6e13cc3b,1e3c4ee5)
[   34.798055] gs_close: ttyGS0 (6e13cc3b,1e3c4ee5) ...
[   34.798081] gs_close: ttyGS0 (6e13cc3b,1e3c4ee5) done!
[   34.978872] gs_open: ttyGS0 (2da9d282,80adaa8a)
[   34.979118] gs_close: ttyGS0 (2da9d282,80adaa8a) ...
[   34.979150] gs_close: ttyGS0 (2da9d282,80adaa8a) done!
[   34.980189] gs_open: ttyGS0 (2da9d282,1e3c4ee5)
CENPAOYTYH 0
root@arm:~# echo 'OBTV''VCSWGL'
OBTVVCSWGL
root@arm:~# MARKER='EQWX''CHKKJK' run 'modprobe test_linear_ranges'
EQWXCHKKJKEQWXCHKKJK 0
root@arm:~# echo 'PWWS''SFQMWU'
PWWSSFQMWU
root@arm:~# MARKER='SWSE''BAUBZZ' run dmesg
SWSEBAUBZZ[    0.000000] Booting Linux on physical CPU 0x0
[    0.000000] Linux version 6.11.0-gc0336be59afc (user01@drvtest01) (arm-linux-gnueabihf-gcc (Linaro GCC 6.4-2017.11) 6.4.1 20171012, GNU ld (Linaro_Binutils-2017.11) 2.27.0.20161229) #1 SMP Mon Sep 30 12:43:49 EEST 2024
[    0.000000] CPU: ARMv7 Processor [413fc082] revision 2 (ARMv7), cr=10c5387d
[    0.000000] CPU: PIPT / VIPT nonaliasing data cache, VIPT aliasing instruction cache
[    0.000000] OF: fdt: Machine model: TI AM335x BeagleBone Black
[    0.000000] Memory policy: Data cache writeback
[    0.000000] cma: Reserved 16 MiB at 0x9e800000 on node -1
[    0.000000] Zone ranges:
[    0.000000]   Normal   [mem 0x0000000080000000-0x000000009fdfffff]
[    0.000000]   HighMem  empty
[    0.000000] Movable zone start for each node
[    0.000000] Early memory node ranges
[    0.000000]   node   0: [mem 0x0000000080000000-0x000000009fdfffff]
[    0.000000] Initmem setup node 0 [mem 0x0000000080000000-0x000000009fdfffff]
[    0.000000] CPU: All CPU(s) started in SVC mode.
[    0.000000] AM335X ES2.1 (sgx neon)
[    0.000000] percpu: Embedded 17 pages/cpu s39628 r8192 d21812 u69632
[    0.000000] pcpu-alloc: s39628 r8192 d21812 u69632 alloc=17*4096
[    0.000000] pcpu-alloc: [0] 0 
[    0.000000] Kernel command line: console=ttyO0,115200n8 root=/dev/nfs rw nfsroot=192.168.255.126:/home/user01/nfs,nfsvers=3 ip=192.168.255.2:192.168.255.126::255.255.255.0:bbb1:eth0 nfsrootdebug
[    0.000000] Unknown kernel command line parameters "nfsrootdebug", will be passed to user space.
[    0.000000] Dentry cache hash table entries: 65536 (order: 6, 262144 bytes, linear)
[    0.000000] Inode-cache hash table entries: 32768 (order: 5, 131072 bytes, linear)
[    0.000000] Built 1 zonelists, mobility grouping on.  Total pages: 130560
[    0.000000] mem auto-init: stack:off, heap alloc:off, heap free:off
[    0.000000] SLUB: HWalign=64, Order=0-3, MinObjects=0, CPUs=1, Nodes=1
[    0.000000] trace event string verifier disabled
[    0.000000] rcu: Hierarchical RCU implementation.
[    0.000000] rcu: 	RCU event tracing is enabled.
[    0.000000] rcu: 	RCU restricting CPUs from NR_CPUS=2 to nr_cpu_ids=1.
[    0.000000] rcu: RCU calculated value of scheduler-enlistment delay is 10 jiffies.
[    0.000000] rcu: Adjusting geometry for rcu_fanout_leaf=16, nr_cpu_ids=1
[    0.000000] NR_IRQS: 16, nr_irqs: 16, preallocated irqs: 16
[    0.000000] IRQ: Found an INTC at 0x(ptrval) (revision 5.0) with 128 interrupts
[    0.000000] rcu: srcu_init: Setting srcu_struct sizes based on contention.
[    0.000000] TI gptimer clocksource: always-on /ocp/interconnect@44c00000/segment@200000/target-module@31000
[    0.000002] sched_clock: 32 bits at 24MHz, resolution 41ns, wraps every 89478484971ns
[    0.000027] clocksource: dmtimer: mask: 0xffffffff max_cycles: 0xffffffff, max_idle_ns: 79635851949 ns
[    0.000507] TI gptimer clockevent: 24000000 Hz at /ocp/interconnect@48000000/segment@0/target-module@40000
[    0.002143] Console: colour dummy device 80x30
[    0.002212] WARNING: Your 'console=ttyO0' has been replaced by 'ttyS0'
[    0.002222] This ensures that you still see kernel messages. Please
[    0.002228] update your kernel commandline.
[    0.002274] Calibrating delay loop... 996.14 BogoMIPS (lpj=4980736)
[    0.090562] CPU: Testing write buffer coherency: ok
[    0.090668] CPU0: Spectre v2: using BPIALL workaround
[    0.090681] pid_max: default: 32768 minimum: 301
[    0.090808] LSM: initializing lsm=capability
[    0.090974] Mount-cache hash table entries: 1024 (order: 0, 4096 bytes, linear)
[    0.090997] Mountpoint-cache hash table entries: 1024 (order: 0, 4096 bytes, linear)
[    0.092530] CPU0: thread -1, cpu 0, socket -1, mpidr 0
[    0.094236] Setting up static identity map for 0x80100000 - 0x80100078
[    0.094536] rcu: Hierarchical SRCU implementation.
[    0.094548] rcu: 	Max phase no-delay instances is 1000.
[    0.096219] smp: Bringing up secondary CPUs ...
[    0.096278] smp: Brought up 1 node, 1 CPU
[    0.096294] SMP: Total of 1 processors activated (996.14 BogoMIPS).
[    0.096307] CPU: All CPU(s) started in SVC mode.
[    0.096496] Memory: 480876K/522240K available (11264K kernel code, 1197K rwdata, 2856K rodata, 1024K init, 297K bss, 23344K reserved, 16384K cma-reserved, 0K highmem)
[    0.097301] devtmpfs: initialized
[    0.113686] VFP support v0.3: implementor 41 architecture 3 part 30 variant c rev 3
[    0.114038] clocksource: jiffies: mask: 0xffffffff max_cycles: 0xffffffff, max_idle_ns: 19112604462750000 ns
[    0.114077] futex hash table entries: 256 (order: 2, 16384 bytes, linear)
[    0.115337] pinctrl core: initialized pinctrl subsystem
[    0.118047] NET: Registered PF_NETLINK/PF_ROUTE protocol family
[    0.121058] DMA: preallocated 256 KiB pool for atomic coherent allocations
[    0.122021] audit: initializing netlink subsys (disabled)
[    0.123397] thermal_sys: Registered thermal governor 'fair_share'
[    0.123417] thermal_sys: Registered thermal governor 'step_wise'
[    0.123429] thermal_sys: Registered thermal governor 'user_space'
[    0.123546] audit: type=2000 audit(0.120:1): state=initialized audit_enabled=0 res=1
[    0.123615] cpuidle: using governor menu
[    0.142756] No ATAGs?
[    0.142789] hw-breakpoint: debug architecture 0x4 unsupported.
[    0.145692] kprobes: kprobe jump-optimization is enabled. All kprobes are optimized if possible.
[    0.163989] iommu: Default domain type: Translated
[    0.164017] iommu: DMA domain TLB invalidation policy: strict mode
[    0.165598] reg-fixed-voltage fixedregulator0: using DT '/fixedregulator0' for '(default)' GPIO lookup
[    0.165660] of_get_named_gpiod_flags: can't parse 'gpios' property of node '/fixedregulator0[0]'
[    0.165690] of_get_named_gpiod_flags: can't parse 'gpio' property of node '/fixedregulator0[0]'
[    0.165710] reg-fixed-voltage fixedregulator0: using lookup tables for GPIO lookup
[    0.165722] reg-fixed-voltage fixedregulator0: No GPIO consumer (default) found
[    0.171349] SCSI subsystem initialized
[    0.180986] libata version 3.00 loaded.
[    0.181357] pps_core: LinuxPPS API ver. 1 registered
[    0.181370] pps_core: Software ver. 5.3.6 - Copyright 2005-2007 Rodolfo Giometti <giometti@linux.it>
[    0.181397] PTP clock support registered
[    0.183311] vgaarb: loaded
[    0.183702] clocksource: Switched to clocksource dmtimer
[    0.184293] VFS: Disk quotas dquot_6.6.0
[    0.184339] VFS: Dquot-cache hash table entries: 1024 (order 0, 4096 bytes)
[    0.209048] NET: Registered PF_INET protocol family
[    0.209403] IP idents hash table entries: 8192 (order: 4, 65536 bytes, linear)
[    0.210800] tcp_listen_portaddr_hash hash table entries: 512 (order: 0, 4096 bytes, linear)
[    0.210840] Table-perturb hash table entries: 65536 (order: 6, 262144 bytes, linear)
[    0.210859] TCP established hash table entries: 4096 (order: 2, 16384 bytes, linear)
[    0.210904] TCP bind hash table entries: 4096 (order: 4, 65536 bytes, linear)
[    0.211005] TCP: Hash tables configured (established 4096 bind 4096)
[    0.211131] UDP hash table entries: 256 (order: 1, 8192 bytes, linear)
[    0.211160] UDP-Lite hash table entries: 256 (order: 1, 8192 bytes, linear)
[    0.211331] NET: Registered PF_UNIX/PF_LOCAL protocol family
[    0.224671] RPC: Registered named UNIX socket transport module.
[    0.224701] RPC: Registered udp transport module.
[    0.224708] RPC: Registered tcp transport module.
[    0.224714] RPC: Registered tcp-with-tls transport module.
[    0.224721] RPC: Registered tcp NFSv4.1 backchannel transport module.
[    0.224748] PCI: CLS 0 bytes, default 64
[    0.226202] Initialise system trusted keyrings
[    0.227267] workingset: timestamp_bits=14 max_order=17 bucket_order=3
[    0.228539] NFS: Registering the id_resolver key type
[    0.228609] Key type id_resolver registered
[    0.228620] Key type id_legacy registered
[    0.228672] jffs2: version 2.2. (NAND) (SUMMARY)  Â© 2001-2006 Red Hat, Inc.
[    0.229123] Key type asymmetric registered
[    0.229142] Asymmetric key parser 'x509' registered
[    0.229206] io scheduler mq-deadline registered
[    0.229220] io scheduler kyber registered
[    0.229290] io scheduler bfq registered
[    0.244180] Serial: 8250/16550 driver, 6 ports, IRQ sharing enabled
[    0.309897] brd: module loaded
[    0.332429] loop: module loaded
[    0.333362] mtdoops: mtd device (mtddev=name/number) must be supplied
[    0.335249] mdio_bus fixed-0: using lookup tables for GPIO lookup
[    0.335279] mdio_bus fixed-0: No GPIO consumer reset found
[    0.336672] i2c_dev: i2c /dev entries driver
[    0.337641] cpuidle: enable-method property 'ti,am3352' found operations
[    0.338091] sdhci: Secure Digital Host Controller Interface driver
[    0.338105] sdhci: Copyright(c) Pierre Ossman
[    0.338282] sdhci-pltfm: SDHCI platform and OF driver helper
[    0.338594] ledtrig-cpu: registered to indicate activity on CPUs
[    0.339533] Initializing XFRM netlink socket
[    0.339659] NET: Registered PF_INET6 protocol family
[    0.341496] Segment Routing with IPv6
[    0.341592] In-situ OAM (IOAM) with IPv6
[    0.341688] sit: IPv6, IPv4 and MPLS over IPv4 tunneling driver
[    0.342631] NET: Registered PF_PACKET protocol family
[    0.342670] NET: Registered PF_KEY protocol family
[    0.342803] Key type dns_resolver registered
[    0.343062] ThumbEE CPU extension supported.
[    0.343086] Registering SWP/SWPB emulation handler
[    0.343612] omap_voltage_late_init: Voltage driver support not added
[    0.344164] SmartReflex Class3 initialized
[    0.387253] Loading compiled-in X.509 certificates
[    0.423203] gpiochip_find_base_unlocked: found new base at 512
[    0.432051] platform 44e10800.pinmux: Fixed dependency cycle(s) with /ocp/interconnect@44c00000/segment@200000/target-module@10000/scm@0/pinmux@800/clkout2-pins
[    0.432624] pinctrl-single 44e10800.pinmux: 142 pins, size 568
[    0.437881] ti-sysc 44e31000.target-module: probe with driver ti-sysc failed with error -16
[    0.487595] ti-sysc 48040000.target-module: probe with driver ti-sysc failed with error -16
[    0.498464] gpiochip_find_base_unlocked: found new base at 512
[    0.498578] gpio gpiochip0: (gpio-0-31): created GPIO range 0->7 ==> 44e10800.pinmux PIN 0->7
[    0.498600] gpio gpiochip0: (gpio-0-31): created GPIO range 8->11 ==> 44e10800.pinmux PIN 90->93
[    0.498617] gpio gpiochip0: (gpio-0-31): created GPIO range 12->27 ==> 44e10800.pinmux PIN 12->27
[    0.498634] gpio gpiochip0: (gpio-0-31): created GPIO range 28->31 ==> 44e10800.pinmux PIN 30->33
[    0.514065] gpio gpiochip0: (gpio-0-31): added GPIO chardev (254:0)
[    0.514243] gpio gpiochip0: registered GPIOs 512 to 543 on gpio-0-31
[    0.514331] OMAP GPIO hardware version 0.1
[    0.550649] i2c i2c-2: using DT '/ocp/interconnect@48000000/segment@100000/target-module@9c000/i2c@0' for 'scl' GPIO lookup
[    0.550757] of_get_named_gpiod_flags: can't parse 'scl-gpios' property of node '/ocp/interconnect@48000000/segment@100000/target-module@9c000/i2c@0[0]'
[    0.550807] of_get_named_gpiod_flags: can't parse 'scl-gpio' property of node '/ocp/interconnect@48000000/segment@100000/target-module@9c000/i2c@0[0]'
[    0.550848] i2c i2c-2: using lookup tables for GPIO lookup
[    0.550860] i2c i2c-2: No GPIO consumer scl found
[    0.550884] i2c i2c-2: using DT '/ocp/interconnect@48000000/segment@100000/target-module@9c000/i2c@0' for 'sda' GPIO lookup
[    0.550923] of_get_named_gpiod_flags: can't parse 'sda-gpios' property of node '/ocp/interconnect@48000000/segment@100000/target-module@9c000/i2c@0[0]'
[    0.550962] of_get_named_gpiod_flags: can't parse 'sda-gpio' property of node '/ocp/interconnect@48000000/segment@100000/target-module@9c000/i2c@0[0]'
[    0.550996] i2c i2c-2: using lookup tables for GPIO lookup
[    0.551006] i2c i2c-2: No GPIO consumer sda found
[    0.551713] omap_i2c 4819c000.i2c: bus 2 rev0.11 at 100 kHz
[    0.557338] gpiochip_find_base_unlocked: found new base at 544
[    0.557452] gpio gpiochip1: (gpio-32-63): created GPIO range 0->17 ==> 44e10800.pinmux PIN 34->51
[    0.557473] gpio gpiochip1: (gpio-32-63): created GPIO range 18->21 ==> 44e10800.pinmux PIN 77->80
[    0.557490] gpio gpiochip1: (gpio-32-63): created GPIO range 22->31 ==> 44e10800.pinmux PIN 56->65
[    0.574380] gpio gpiochip1: (gpio-32-63): added GPIO chardev (254:1)
[    0.574545] gpio gpiochip1: registered GPIOs 544 to 575 on gpio-32-63
[    0.576744] gpiochip_find_base_unlocked: found new base at 576
[    0.576862] gpio gpiochip2: (gpio-64-95): created GPIO range 0->4 ==> 44e10800.pinmux PIN 66->70
[    0.576885] gpio gpiochip2: (gpio-64-95): created GPIO range 5->6 ==> 44e10800.pinmux PIN 98->99
[    0.576903] gpio gpiochip2: (gpio-64-95): created GPIO range 7->8 ==> 44e10800.pinmux PIN 75->76
[    0.576920] gpio gpiochip2: (gpio-64-95): created GPIO range 13->13 ==> 44e10800.pinmux PIN 141->141
[    0.576938] gpio gpiochip2: (gpio-64-95): created GPIO range 14->21 ==> 44e10800.pinmux PIN 100->107
[    0.577547] gpio gpiochip2: (gpio-64-95): added GPIO chardev (254:2)
[    0.577683] gpio gpiochip2: registered GPIOs 576 to 607 on gpio-64-95
[    0.583040] 48000000.interconnect:segment@200000:target-module@0:mpu@0:fck: device ID is greater than 24
[    0.587494] platform 4830e000.lcdc: Fixed dependency cycle(s) with /ocp/interconnect@44c00000/segment@200000/target-module@b000/i2c@0/tda19988@70
[    0.596806] mdio_bus 4a101000.mdio: using DT '/ocp/interconnect@4a000000/segment@0/target-module@100000/switch@0/mdio@1000' for 'reset' GPIO lookup
[    0.596886] of_get_named_gpiod_flags: can't parse 'reset-gpios' property of node '/ocp/interconnect@4a000000/segment@0/target-module@100000/switch@0/mdio@1000[0]'
[    0.596938] of_get_named_gpiod_flags: can't parse 'reset-gpio' property of node '/ocp/interconnect@4a000000/segment@0/target-module@100000/switch@0/mdio@1000[0]'
[    0.596989] mdio_bus 4a101000.mdio: using lookup tables for GPIO lookup
[    0.597000] mdio_bus 4a101000.mdio: No GPIO consumer reset found
[    0.598357] sdhci-omap 481d8000.mmc: using DT '/ocp/interconnect@48000000/segment@100000/target-module@d8000/mmc@0' for 'wp' GPIO lookup
[    0.598426] of_get_named_gpiod_flags: can't parse 'wp-gpios' property of node '/ocp/interconnect@48000000/segment@100000/target-module@d8000/mmc@0[0]'
[    0.598473] of_get_named_gpiod_flags: can't parse 'wp-gpio' property of node '/ocp/interconnect@48000000/segment@100000/target-module@d8000/mmc@0[0]'
[    0.598511] sdhci-omap 481d8000.mmc: using lookup tables for GPIO lookup
[    0.598522] sdhci-omap 481d8000.mmc: No GPIO consumer wp found
[    0.598720] sdhci-omap 481d8000.mmc: supply pbias not found, using dummy regulator
[    0.599183] sdhci-omap 481d8000.mmc: supply vqmmc not found, using dummy regulator
[    0.675259] davinci_mdio 4a101000.mdio: davinci mdio revision 1.6, bus freq 1000000
[    0.699637] mdio_bus 4a101000.mdio:00: using DT '/ocp/interconnect@4a000000/segment@0/target-module@100000/switch@0/mdio@1000/ethernet-phy@0' for 'reset' GPIO lookup
[    0.699746] of_get_named_gpiod_flags: parsed 'reset-gpios' property of node '/ocp/interconnect@4a000000/segment@0/target-module@100000/switch@0/mdio@1000/ethernet-phy@0[0]' - status (0)
[    0.699919] gpio gpiochip0: Persistence not supported for GPIO 8
[    0.792515] davinci_mdio 4a101000.mdio: phy[0]: device 4a101000.mdio:00, driver SMSC LAN8710/LAN8720
[    0.793160] cpsw-switch 4a100000.switch: initialized cpsw ale version 1.4
[    0.793185] cpsw-switch 4a100000.switch: ALE Table size 1024
[    0.824307] cpsw-switch 4a100000.switch: cpts: overflow check period 500 (jiffies)
[    0.824340] cpsw-switch 4a100000.switch: CPTS: ref_clk_freq:250000000 calc_mult:2147483648 calc_shift:29 error:0 nsec/sec
[    0.824464] cpsw-switch 4a100000.switch: Detected MACID = 18:2c:65:25:41:ce
[    0.826283] cpsw-switch 4a100000.switch: initialized (regs 0x4a100000, pool size 256) hw_ver:0019010C 1.12 (0)
[    0.837268] debugfs: Directory '49000000.dma' with parent 'dmaengine' already present!
[    0.837316] edma 49000000.dma: TI EDMA DMA engine driver
[    0.868695] target-module@4b000000:target-module@140000:pmu@0:fck: device ID is greater than 24
[    0.898655] hw perfevents: enabled with armv7_cortex_a8 PMU driver, 5 counters available
[    0.899556] gpio-clk clk_mcasp0: using DT '/clk_mcasp0' for 'enable' GPIO lookup
[    0.899629] of_get_named_gpiod_flags: parsed 'enable-gpios' property of node '/clk_mcasp0[0]' - status (0)
[    0.899676] gpio gpiochip0: Persistence not supported for GPIO 27
[    0.900493] gpiochip_find_base_unlocked: found new base at 608
[    0.900616] gpio gpiochip3: (gpio-96-127): created GPIO range 0->7 ==> 44e10800.pinmux PIN 82->89
[    0.900639] gpio gpiochip3: (gpio-96-127): created GPIO range 8->11 ==> 44e10800.pinmux PIN 52->55
[    0.900657] gpio gpiochip3: (gpio-96-127): created GPIO range 12->15 ==> 44e10800.pinmux PIN 94->97
[    0.900674] gpio gpiochip3: (gpio-96-127): created GPIO range 16->17 ==> 44e10800.pinmux PIN 71->72
[    0.900692] gpio gpiochip3: (gpio-96-127): created GPIO range 18->18 ==> 44e10800.pinmux PIN 135->135
[    0.900710] gpio gpiochip3: (gpio-96-127): created GPIO range 19->20 ==> 44e10800.pinmux PIN 108->109
[    0.900728] gpio gpiochip3: (gpio-96-127): created GPIO range 21->21 ==> 44e10800.pinmux PIN 73->73
[    0.900747] gpio gpiochip3: (gpio-96-127): created GPIO range 22->23 ==> 44e10800.pinmux PIN 8->9
[    0.900765] gpio gpiochip3: (gpio-96-127): created GPIO range 26->27 ==> 44e10800.pinmux PIN 10->11
[    0.900784] gpio gpiochip3: (gpio-96-127): created GPIO range 28->28 ==> 44e10800.pinmux PIN 74->74
[    0.900804] gpio gpiochip3: (gpio-96-127): created GPIO range 29->29 ==> 44e10800.pinmux PIN 81->81
[    0.900824] gpio gpiochip3: (gpio-96-127): created GPIO range 30->31 ==> 44e10800.pinmux PIN 28->29
[    0.906333] l3-aon-clkctrl:0000:0: failed to disable
[    0.906819] gpio gpiochip3: (gpio-96-127): added GPIO chardev (254:3)
[    0.906963] gpio gpiochip3: registered GPIOs 608 to 639 on gpio-96-127
[    0.908957] omap8250 44e09000.serial: using DT '/ocp/interconnect@44c00000/segment@200000/target-module@9000/serial@0' for 'rs485-term' GPIO lookup
[    0.909040] of_get_named_gpiod_flags: can't parse 'rs485-term-gpios' property of node '/ocp/interconnect@44c00000/segment@200000/target-module@9000/serial@0[0]'
[    0.909089] of_get_named_gpiod_flags: can't parse 'rs485-term-gpio' property of node '/ocp/interconnect@44c00000/segment@200000/target-module@9000/serial@0[0]'
[    0.909129] omap8250 44e09000.serial: using lookup tables for GPIO lookup
[    0.909140] omap8250 44e09000.serial: No GPIO consumer rs485-term found
[    0.909153] omap8250 44e09000.serial: using DT '/ocp/interconnect@44c00000/segment@200000/target-module@9000/serial@0' for 'rs485-rx-during-tx' GPIO lookup
[    0.909192] of_get_named_gpiod_flags: can't parse 'rs485-rx-during-tx-gpios' property of node '/ocp/interconnect@44c00000/segment@200000/target-module@9000/serial@0[0]'
[    0.909233] of_get_named_gpiod_flags: can't parse 'rs485-rx-during-tx-gpio' property of node '/ocp/interconnect@44c00000/segment@200000/target-module@9000/serial@0[0]'
[    0.909269] omap8250 44e09000.serial: using lookup tables for GPIO lookup
[    0.909279] omap8250 44e09000.serial: No GPIO consumer rs485-rx-during-tx found
[    0.909657] 44e09000.serial: ttyS0 at MMIO 0x44e09000 (irq = 34, base_baud = 3000000) is a 8250
[    0.909743] printk: legacy console [ttyS0] enabled
[    2.134789] i2c i2c-0: using DT '/ocp/interconnect@44c00000/segment@200000/target-module@b000/i2c@0' for 'scl' GPIO lookup
[    2.134884] of_get_named_gpiod_flags: can't parse 'scl-gpios' property of node '/ocp/interconnect@44c00000/segment@200000/target-module@b000/i2c@0[0]'
[    2.134935] of_get_named_gpiod_flags: can't parse 'scl-gpio' property of node '/ocp/interconnect@44c00000/segment@200000/target-module@b000/i2c@0[0]'
[    2.134977] i2c i2c-0: using lookup tables for GPIO lookup
[    2.134990] i2c i2c-0: No GPIO consumer scl found
[    2.135016] i2c i2c-0: using DT '/ocp/interconnect@44c00000/segment@200000/target-module@b000/i2c@0' for 'sda' GPIO lookup
[    2.135059] of_get_named_gpiod_flags: can't parse 'sda-gpios' property of node '/ocp/interconnect@44c00000/segment@200000/target-module@b000/i2c@0[0]'
[    2.135102] of_get_named_gpiod_flags: can't parse 'sda-gpio' property of node '/ocp/interconnect@44c00000/segment@200000/target-module@b000/i2c@0[0]'
[    2.135138] i2c i2c-0: using lookup tables for GPIO lookup
[    2.135150] i2c i2c-0: No GPIO consumer sda found
[    2.164813] tps65217-pmic: Failed to locate of_node [id: -1]
[    2.170921] tps65217-bl: Failed to locate of_node [id: -1]
[    2.182093] tps65217 0-0024: TPS65217 ID 0xe version 1.2
[    2.188249] platform 4830e000.lcdc: Fixed dependency cycle(s) with /ocp/interconnect@44c00000/segment@200000/target-module@b000/i2c@0/tda19988@70
[    2.201670] i2c 0-0070: Fixed dependency cycle(s) with /ocp/interconnect@48000000/segment@300000/target-module@e000/lcdc@0
[    2.213073] omap_i2c 44e0b000.i2c: bus 0 rev0.11 at 400 kHz
[    2.221125] sdhci-omap 48060000.mmc: using DT '/ocp/interconnect@48000000/segment@0/target-module@60000/mmc@0' for 'cd' GPIO lookup
[    2.221231] of_get_named_gpiod_flags: parsed 'cd-gpios' property of node '/ocp/interconnect@48000000/segment@0/target-module@60000/mmc@0[0]' - status (0)
[    2.221300] gpio gpiochip3: Persistence not supported for GPIO 6
[    2.221325] omap_gpio 44e07000.gpio: Could not set line 6 debounce to 200000 microseconds (-22)
[    2.230236] sdhci-omap 48060000.mmc: Got CD GPIO
[    2.234933] sdhci-omap 48060000.mmc: using DT '/ocp/interconnect@48000000/segment@0/target-module@60000/mmc@0' for 'wp' GPIO lookup
[    2.234982] of_get_named_gpiod_flags: can't parse 'wp-gpios' property of node '/ocp/interconnect@48000000/segment@0/target-module@60000/mmc@0[0]'
[    2.235028] of_get_named_gpiod_flags: can't parse 'wp-gpio' property of node '/ocp/interconnect@48000000/segment@0/target-module@60000/mmc@0[0]'
[    2.235068] sdhci-omap 48060000.mmc: using lookup tables for GPIO lookup
[    2.235082] sdhci-omap 48060000.mmc: No GPIO consumer wp found
[    2.235292] sdhci-omap 48060000.mmc: supply pbias not found, using dummy regulator
[    2.244533] sdhci-omap 481d8000.mmc: using DT '/ocp/interconnect@48000000/segment@100000/target-module@d8000/mmc@0' for 'wp' GPIO lookup
[    2.244612] of_get_named_gpiod_flags: can't parse 'wp-gpios' property of node '/ocp/interconnect@48000000/segment@100000/target-module@d8000/mmc@0[0]'
[    2.244662] of_get_named_gpiod_flags: can't parse 'wp-gpio' property of node '/ocp/interconnect@48000000/segment@100000/target-module@d8000/mmc@0[0]'
[    2.244703] sdhci-omap 481d8000.mmc: using lookup tables for GPIO lookup
[    2.244716] sdhci-omap 481d8000.mmc: No GPIO consumer wp found
[    2.246063] sdhci-omap 48060000.mmc: supply vqmmc not found, using dummy regulator
[    2.254570] sdhci-omap 481d8000.mmc: supply pbias not found, using dummy regulator
[    2.262558] sdhci-omap 481d8000.mmc: supply vqmmc not found, using dummy regulator
[    2.300764] mmc1: SDHCI controller on 481d8000.mmc [481d8000.mmc] using External DMA
[    2.309936] mmc0: SDHCI controller on 48060000.mmc [48060000.mmc] using External DMA
[    2.318643] cpsw-switch 4a100000.switch: starting ndev. mode: dual_mac
[    2.363223] mmc0: new high speed SDHC card at address 59b4
[    2.370351] mmcblk0: mmc0:59b4 USD   14.9 GiB
[    2.378019]  mmcblk0: p1 p2
[    2.385257] mmc1: new high speed MMC card at address 0001
[    2.391929] mmcblk1: mmc1:0001 MK2704 3.53 GiB
[    2.399555]  mmcblk1: p1
[    2.403233] mmcblk1boot0: mmc1:0001 MK2704 2.00 MiB
[    2.410551] mmcblk1boot1: mmc1:0001 MK2704 2.00 MiB
[    2.417848] mmcblk1rpmb: mmc1:0001 MK2704 512 KiB, chardev (250:0)
[    2.424613] SMSC LAN8710/LAN8720 4a101000.mdio:00: attached PHY driver (mii_bus:phy_addr=4a101000.mdio:00, irq=POLL)
[    5.604446] cpsw-switch 4a100000.switch eth0: Link is Up - 100Mbps/Full - flow control off
[    5.643932] IP-Config: Complete:
[    5.647214]      device=eth0, hwaddr=18:2c:65:25:41:ce, ipaddr=192.168.255.2, mask=255.255.255.0, gw=255.255.255.255
[    5.657879]      host=bbb1, domain=, nis-domain=(none)
[    5.663048]      bootserver=192.168.255.126, rootserver=192.168.255.126, rootpath=
[    5.663477] clk: Disabling unused clocks
[    5.675315] PM: genpd: Disabling unused power domains
[    5.680432] KTAP version 1
[    5.683153] 1..0
[    5.708683] VFS: Mounted root (nfs filesystem) on device 0:17.
[    5.715753] devtmpfs: mounted
[    5.720411] Freeing unused kernel image (initmem) memory: 1024K
[    5.727315] Run /sbin/init as init process
[    5.731449]   with arguments:
[    5.731462]     /sbin/init
[    5.731471]     nfsrootdebug
[    5.731480]   with environment:
[    5.731489]     HOME=/
[    5.731498]     TERM=linux
[    6.409612] systemd[1]: System time before build time, advancing clock.
[    7.863721] random: crng init done
[    7.934493] systemd[1]: systemd 232 running in system mode. (+PAM +AUDIT +SELINUX +IMA +APPARMOR +SMACK +SYSVINIT +UTMP +LIBCRYPTSETUP +GCRYPT +GNUTLS +ACL +XZ +LZ4 +SECCOMP +BLKID +ELFUTILS +KMOD +IDN)
[    7.953479] systemd[1]: Detected architecture arm.
[    7.996871] systemd[1]: Set hostname to <arm>.
[    9.090476] systemd[1]: Started Forward Password Requests to Wall Directory Watch.
[    9.135346] systemd[1]: Created slice User and Session Slice.
[    9.174588] systemd[1]: Started Dispatch Password Requests to Console Directory Watch.
[    9.214021] systemd[1]: Reached target Encrypted Volumes.
[    9.254234] systemd[1]: Listening on udev Kernel Socket.
[    9.293989] systemd[1]: Reached target Swap.
[    9.325286] systemd[1]: Set up automount Arbitrary Executable File Formats File System Automount Point.
[   11.715045] systemd-journald[80]: Received request to flush runtime journal from PID 1
[   14.420082] leds-gpio leds: using DT '/leds/led2' for '(default)' GPIO lookup
[   14.420189] of_get_named_gpiod_flags: parsed 'gpios' property of node '/leds/led2[0]' - status (0)
[   14.420247] gpio gpiochip0: Persistence not supported for GPIO 21
[   14.420264] gpio-533 (?): no flags found for GPIO (default)
[   14.459317] leds-gpio leds: using DT '/leds/led3' for '(default)' GPIO lookup
[   14.459433] of_get_named_gpiod_flags: parsed 'gpios' property of node '/leds/led3[0]' - status (0)
[   14.459679] gpio gpiochip0: Persistence not supported for GPIO 22
[   14.459698] gpio-534 (?): no flags found for GPIO (default)
[   14.588650] leds-gpio leds: using DT '/leds/led4' for '(default)' GPIO lookup
[   14.588756] of_get_named_gpiod_flags: parsed 'gpios' property of node '/leds/led4[0]' - status (0)
[   14.588811] gpio gpiochip0: Persistence not supported for GPIO 23
[   14.588826] gpio-535 (?): no flags found for GPIO (default)
[   14.614277] leds-gpio leds: using DT '/leds/led5' for '(default)' GPIO lookup
[   14.614376] of_get_named_gpiod_flags: parsed 'gpios' property of node '/leds/led5[0]' - status (0)
[   14.614426] gpio gpiochip0: Persistence not supported for GPIO 24
[   14.614443] gpio-536 (?): no flags found for GPIO (default)
[   14.846896] remoteproc remoteproc0: wkup_m3 is available
[   15.128019] omap_wdt: OMAP Watchdog Timer Rev 0x01: initial timeout 60 sec
[   15.238652] at24 2-0054: supply vcc not found, using dummy regulator
[   15.394621] at24 2-0055: supply vcc not found, using dummy regulator
[   15.511192] at24 2-0056: supply vcc not found, using dummy regulator
[   15.611659] at24 2-0057: supply vcc not found, using dummy regulator
[   15.739374] at24 0-0050: using DT '/ocp/interconnect@44c00000/segment@200000/target-module@b000/i2c@0/baseboard_eeprom@50' for 'wp' GPIO lookup
[   15.739491] of_get_named_gpiod_flags: can't parse 'wp-gpios' property of node '/ocp/interconnect@44c00000/segment@200000/target-module@b000/i2c@0/baseboard_eeprom@50[0]'
[   15.739553] of_get_named_gpiod_flags: can't parse 'wp-gpio' property of node '/ocp/interconnect@44c00000/segment@200000/target-module@b000/i2c@0/baseboard_eeprom@50[0]'
[   15.739601] at24 0-0050: using lookup tables for GPIO lookup
[   15.739616] at24 0-0050: No GPIO consumer wp found
[   15.739938] at24 0-0050: 32768 byte 24c256 EEPROM, writable, 1 bytes/write
[   15.813594] tps6521x_pwrbutton tps65217-pwrbutton: DMA mask not set
[   15.885518] input: tps65217_pwrbutton as /devices/platform/ocp/44c00000.interconnect/44c00000.interconnect:segment@200000/44e0b000.target-module/44e0b000.i2c/i2c-0/0-0024/tps65217-pwrbutton/input/input0
[   15.999577] omap_rtc 44e3e000.rtc: registered as rtc0
[   16.004949] omap_rtc 44e3e000.rtc: setting system clock to 2000-01-01T00:00:00 UTC (946684800)
[   16.013650] omap_rtc 44e3e000.rtc: using DT '/ocp/interconnect@44c00000/segment@200000/target-module@3e000/rtc@0' for 'wp' GPIO lookup
[   16.013790] of_get_named_gpiod_flags: can't parse 'wp-gpios' property of node '/ocp/interconnect@44c00000/segment@200000/target-module@3e000/rtc@0[0]'
[   16.013845] of_get_named_gpiod_flags: can't parse 'wp-gpio' property of node '/ocp/interconnect@44c00000/segment@200000/target-module@3e000/rtc@0[0]'
[   16.013888] omap_rtc 44e3e000.rtc: using lookup tables for GPIO lookup
[   16.013903] omap_rtc 44e3e000.rtc: No GPIO consumer wp found
[   16.039642] wkup_m3_ipc 44e11324.wkup_m3_ipc: IPC Request for A8->M3 Channel failed! -517
[   16.278439] am335x-phy-driver 47401300.usb-phy: using DT '/ocp/target-module@47400000/usb-phy@1300' for 'reset' GPIO lookup
[   16.278584] of_get_named_gpiod_flags: can't parse 'reset-gpios' property of node '/ocp/target-module@47400000/usb-phy@1300[0]'
[   16.278686] of_get_named_gpiod_flags: can't parse 'reset-gpio' property of node '/ocp/target-module@47400000/usb-phy@1300[0]'
[   16.278777] am335x-phy-driver 47401300.usb-phy: using lookup tables for GPIO lookup
[   16.278795] am335x-phy-driver 47401300.usb-phy: No GPIO consumer reset found
[   16.278810] am335x-phy-driver 47401300.usb-phy: using DT '/ocp/target-module@47400000/usb-phy@1300' for 'vbus-detect' GPIO lookup
[   16.278846] of_get_named_gpiod_flags: can't parse 'vbus-detect-gpios' property of node '/ocp/target-module@47400000/usb-phy@1300[0]'
[   16.278930] of_get_named_gpiod_flags: can't parse 'vbus-detect-gpio' property of node '/ocp/target-module@47400000/usb-phy@1300[0]'
[   16.278962] am335x-phy-driver 47401300.usb-phy: using lookup tables for GPIO lookup
[   16.278975] am335x-phy-driver 47401300.usb-phy: No GPIO consumer vbus-detect found
[   16.279218] am335x-phy-driver 47401300.usb-phy: dummy supplies not allowed for exclusive requests (id=vbus)
[   16.585120] usbcore: registered new interface driver usbfs
