Labgrid Console Logfile for main
Logfile started at 2024-09-30 12:46:07.477352
=== Log starts here ===

** Unable to use mmc 0:1 for loading the env **


U-Boot 2019.04-00002-g31a8ae0206 (May 13 2020 - 09:26:17 -0500), Build: jenkins-github_Bootloader-Builder-139

CPU  : AM335X-GP rev 2.1
I2C:   ready
DRAM:  512 MiB
No match for driver 'omap_hsmmc'
No match for driver 'omap_hsmmc'
Some drivers were not found
Reset Source: Power-on reset has occurred.
RTC 32KCLK Source: External.
MMC:   OMAP SD/MMC: 0, OMAP SD/MMC: 1
Loading Environment from EXT4... 
** Unable to use mmc 0:1 for loading the env **
Board: BeagleBone Black
<ethaddr> not set. Validating first E-fuse MAC
BeagleBone Black:
BeagleBone: cape eeprom: i2c_probe: 0x54:
BeagleBone: cape eeprom: i2c_probe: 0x55:
BeagleBone: cape eeprom: i2c_probe: 0x56:
BeagleBone: cape eeprom: i2c_probe: 0x57:
Net:   eth0: MII MODE
cpsw, usb_ether
Press SPACE to abort autoboot in 0 seconds
board_name=[A335BNLT] ...
board_rev=[00C0] ...
switch to partitions #0, OK
mmc0 is current device
SD/MMC found on device 0
switch to partitions #0, OK
mmc0 is current device
Scanning mmc 0:1...
gpio: pin 56 (gpio 56) value is 0
gpio: pin 55 (gpio 55) value is 0
gpio: pin 54 (gpio 54) value is 0
gpio: pin 53 (gpio 53) value is 1
switch to partitions #0, OK
mmc0 is current device
gpio: pin 54 (gpio 54) value is 1
Checking for: /uEnv.txt ...
569 bytes read in 2 ms (277.3 KiB/s)
gpio: pin 55 (gpio 55) value is 1
Loaded environment from /uEnv.txt
Importing environment from mmc ...
Checking if uenvcmd is set ...
gpio: pin 56 (gpio 56) value is 1
Running uenvcmd ...
cpsw Waiting for PHY auto negotiation to complete.. done
link up on port 0, speed 100, full duplex
Using cpsw device
TFTP from server 192.168.255.126; our IP address is 192.168.255.4
Filename 'zImage'.
Load address: 0x81000000
Loading: *#################################################################
	 #################################################################
	 #################################################################
	 #################################################################
	 #################################################################
	 ###############################################
	 3 MiB/s
done
Bytes transferred = 5447760 (532050 hex)
link up on port 0, speed 100, full duplex
Using cpsw device
TFTP from server 192.168.255.126; our IP address is 192.168.255.4
Filename 'am335x-boneblack.dtb'.
Load address: 0x82000000
Loading: *#######
	 2.7 MiB/s
done
Bytes transferred = 97996 (17ecc hex)
## Flattened Device Tree blob at 82000000
   Booting using the fdt blob at 0x82000000
   Loading Device Tree to 8ffe5000, end 8ffffecb ... OK

Starting kernel ...

[    0.000000] Booting Linux on physical CPU 0x0
[    0.000000] Linux version 6.11.0-gc0336be59afc (user01@drvtest01) (arm-linux-gnueabihf-gcc (Linaro GCC 6.4-2017.11) 6.4.1 20171012, GNU ld (Linaro_Binutils-2017.11) 2.27.0.20161229) #1 SMP Mon Sep 30 12:43:49 EEST 2024
[    0.000000] CPU: ARMv7 Processor [413fc082] revision 2 (ARMv7), cr=10c5387d
[    0.000000] CPU: PIPT / VIPT nonaliasing data cache, VIPT aliasing instruction cache
[    0.000000] OF: fdt: Machine model: TI AM335x BeagleBone Black
[    0.000000] Memory policy: Data cache writeback
[    0.000000] cma: Reserved 16 MiB at 0x9e800000 on node -1
[    0.000000] Zone ranges:
[    0.000000]   Normal   [mem 0x0000000080000000-0x000000009fdfffff]
[    0.000000]   HighMem  empty
[    0.000000] Movable zone start for each node
[    0.000000] Early memory node ranges
[    0.000000]   node   0: [mem 0x0000000080000000-0x000000009fdfffff]
[    0.000000] Initmem setup node 0 [mem 0x0000000080000000-0x000000009fdfffff]
[    0.000000] CPU: All CPU(s) started in SVC mode.
[    0.000000] AM335X ES2.1 (sgx neon)
[    0.000000] percpu: Embedded 17 pages/cpu s39628 r8192 d21812 u69632
[    0.000000] Kernel command line: console=ttyO0,115200n8 root=/dev/nfs rw nfsroot=192.168.255.126:/home/user01/nfs,nfsvers=3 ip=192.168.255.4:192.168.255.126::255.255.255.0:bbb1:eth0 nfsrootdebug
[    0.000000] Unknown kernel command line parameters "nfsrootdebug", will be passed to user space.
[    0.000000] Dentry cache hash table entries: 65536 (order: 6, 262144 bytes, linear)
[    0.000000] Inode-cache hash table entries: 32768 (order: 5, 131072 bytes, linear)
[    0.000000] Built 1 zonelists, mobility grouping on.  Total pages: 130560
[    0.000000] mem auto-init: stack:off, heap alloc:off, heap free:off
[    0.000000] SLUB: HWalign=64, Order=0-3, MinObjects=0, CPUs=1, Nodes=1
[    0.000000] trace event string verifier disabled
[    0.000000] rcu: Hierarchical RCU implementation.
[    0.000000] rcu: 	RCU event tracing is enabled.
[    0.000000] rcu: 	RCU restricting CPUs from NR_CPUS=2 to nr_cpu_ids=1.
[    0.000000] rcu: RCU calculated value of scheduler-enlistment delay is 10 jiffies.
[    0.000000] rcu: Adjusting geometry for rcu_fanout_leaf=16, nr_cpu_ids=1
[    0.000000] NR_IRQS: 16, nr_irqs: 16, preallocated irqs: 16
[    0.000000] IRQ: Found an INTC at 0x(ptrval) (revision 5.0) with 128 interrupts
[    0.000000] rcu: srcu_init: Setting srcu_struct sizes based on contention.
[    0.000000] TI gptimer clocksource: always-on /ocp/interconnect@44c00000/segment@200000/target-module@31000
[    0.000002] sched_clock: 32 bits at 24MHz, resolution 41ns, wraps every 89478484971ns
[    0.000028] clocksource: dmtimer: mask: 0xffffffff max_cycles: 0xffffffff, max_idle_ns: 79635851949 ns
[    0.000503] TI gptimer clockevent: 24000000 Hz at /ocp/interconnect@48000000/segment@0/target-module@40000
[    0.002142] Console: colour dummy device 80x30
[    0.002210] WARNING: Your 'console=ttyO0' has been replaced by 'ttyS0'
[    0.002221] This ensures that you still see kernel messages. Please
[    0.002227] update your kernel commandline.
[    0.002272] Calibrating delay loop... 996.14 BogoMIPS (lpj=4980736)
[    0.090557] CPU: Testing write buffer coherency: ok
[    0.090662] CPU0: Spectre v2: using BPIALL workaround
[    0.090674] pid_max: default: 32768 minimum: 301
[    0.090798] LSM: initializing lsm=capability
[    0.090964] Mount-cache hash table entries: 1024 (order: 0, 4096 bytes, linear)
[    0.090986] Mountpoint-cache hash table entries: 1024 (order: 0, 4096 bytes, linear)
[    0.092520] CPU0: thread -1, cpu 0, socket -1, mpidr 0
[    0.094245] Setting up static identity map for 0x80100000 - 0x80100078
[    0.094556] rcu: Hierarchical SRCU implementation.
[    0.094570] rcu: 	Max phase no-delay instances is 1000.
[    0.096246] smp: Bringing up secondary CPUs ...
[    0.096308] smp: Brought up 1 node, 1 CPU
[    0.096324] SMP: Total of 1 processors activated (996.14 BogoMIPS).
[    0.096338] CPU: All CPU(s) started in SVC mode.
[    0.096531] Memory: 480876K/522240K available (11264K kernel code, 1197K rwdata, 2856K rodata, 1024K init, 297K bss, 23344K reserved, 16384K cma-reserved, 0K highmem)
[    0.097335] devtmpfs: initialized
[    0.113711] VFP support v0.3: implementor 41 architecture 3 part 30 variant c rev 3
[    0.114063] clocksource: jiffies: mask: 0xffffffff max_cycles: 0xffffffff, max_idle_ns: 19112604462750000 ns
[    0.114101] futex hash table entries: 256 (order: 2, 16384 bytes, linear)
[    0.115388] pinctrl core: initialized pinctrl subsystem
[    0.118124] NET: Registered PF_NETLINK/PF_ROUTE protocol family
[    0.121123] DMA: preallocated 256 KiB pool for atomic coherent allocations
[    0.122094] audit: initializing netlink subsys (disabled)
[    0.123471] thermal_sys: Registered thermal governor 'fair_share'
[    0.123489] thermal_sys: Registered thermal governor 'step_wise'
[    0.123499] thermal_sys: Registered thermal governor 'user_space'
[    0.123615] audit: type=2000 audit(0.120:1): state=initialized audit_enabled=0 res=1
[    0.123685] cpuidle: using governor menu
[    0.142847] No ATAGs?
[    0.142881] hw-breakpoint: debug architecture 0x4 unsupported.
[    0.145780] kprobes: kprobe jump-optimization is enabled. All kprobes are optimized if possible.
[    0.164083] iommu: Default domain type: Translated
[    0.164112] iommu: DMA domain TLB invalidation policy: strict mode
[    0.171445] SCSI subsystem initialized
[    0.181424] pps_core: LinuxPPS API ver. 1 registered
[    0.181436] pps_core: Software ver. 5.3.6 - Copyright 2005-2007 Rodolfo Giometti <giometti@linux.it>
[    0.181462] PTP clock support registered
[    0.183418] vgaarb: loaded
[    0.183809] clocksource: Switched to clocksource dmtimer
[    0.184403] VFS: Disk quotas dquot_6.6.0
[    0.184452] VFS: Dquot-cache hash table entries: 1024 (order 0, 4096 bytes)
[    0.210588] NET: Registered PF_INET protocol family
[    0.210945] IP idents hash table entries: 8192 (order: 4, 65536 bytes, linear)
[    0.212333] tcp_listen_portaddr_hash hash table entries: 512 (order: 0, 4096 bytes, linear)
[    0.212375] Table-perturb hash table entries: 65536 (order: 6, 262144 bytes, linear)
[    0.212393] TCP established hash table entries: 4096 (order: 2, 16384 bytes, linear)
[    0.212437] TCP bind hash table entries: 4096 (order: 4, 65536 bytes, linear)
[    0.212538] TCP: Hash tables configured (established 4096 bind 4096)
[    0.212663] UDP hash table entries: 256 (order: 1, 8192 bytes, linear)
[    0.212692] UDP-Lite hash table entries: 256 (order: 1, 8192 bytes, linear)
[    0.212867] NET: Registered PF_UNIX/PF_LOCAL protocol family
[    0.214234] RPC: Registered named UNIX socket transport module.
[    0.214263] RPC: Registered udp transport module.
[    0.214271] RPC: Registered tcp transport module.
[    0.214278] RPC: Registered tcp-with-tls transport module.
[    0.214285] RPC: Registered tcp NFSv4.1 backchannel transport module.
[    0.214310] PCI: CLS 0 bytes, default 64
[    0.215745] Initialise system trusted keyrings
[    0.224505] workingset: timestamp_bits=14 max_order=17 bucket_order=3
[    0.225816] NFS: Registering the id_resolver key type
[    0.225914] Key type id_resolver registered
[    0.225924] Key type id_legacy registered
[    0.225974] jffs2: version 2.2. (NAND) (SUMMARY)  Â© 2001-2006 Red Hat, Inc.
[    0.226372] Key type asymmetric registered
[    0.226389] Asymmetric key parser 'x509' registered
[    0.226457] io scheduler mq-deadline registered
[    0.226470] io scheduler kyber registered
[    0.226539] io scheduler bfq registered
[    0.244044] Serial: 8250/16550 driver, 6 ports, IRQ sharing enabled
[    0.307344] brd: module loaded
[    0.318500] loop: module loaded
[    0.319423] mtdoops: mtd device (mtddev=name/number) must be supplied
[    0.336779] i2c_dev: i2c /dev entries driver
[    0.337748] cpuidle: enable-method property 'ti,am3352' found operations
[    0.338200] sdhci: Secure Digital Host Controller Interface driver
[    0.338211] sdhci: Copyright(c) Pierre Ossman
[    0.338386] sdhci-pltfm: SDHCI platform and OF driver helper
[    0.338740] ledtrig-cpu: registered to indicate activity on CPUs
[    0.339683] Initializing XFRM netlink socket
[    0.339812] NET: Registered PF_INET6 protocol family
[    0.341628] Segment Routing with IPv6
[    0.341723] In-situ OAM (IOAM) with IPv6
[    0.341823] sit: IPv6, IPv4 and MPLS over IPv4 tunneling driver
[    0.342765] NET: Registered PF_PACKET protocol family
[    0.342807] NET: Registered PF_KEY protocol family
[    0.342927] Key type dns_resolver registered
[    0.343188] ThumbEE CPU extension supported.
[    0.343211] Registering SWP/SWPB emulation handler
[    0.343741] omap_voltage_late_init: Voltage driver support not added
[    0.344237] SmartReflex Class3 initialized
[    0.364767] Loading compiled-in X.509 certificates
[    0.432100] platform 44e10800.pinmux: Fixed dependency cycle(s) with /ocp/interconnect@44c00000/segment@200000/target-module@10000/scm@0/pinmux@800/clkout2-pins
[    0.432671] pinctrl-single 44e10800.pinmux: 142 pins, size 568
[    0.438011] ti-sysc 44e31000.target-module: probe with driver ti-sysc failed with error -16
[    0.474948] ti-sysc 48040000.target-module: probe with driver ti-sysc failed with error -16
[    0.514460] OMAP GPIO hardware version 0.1
[    0.551938] omap_i2c 4819c000.i2c: bus 2 rev0.11 at 100 kHz
[    0.583153] 48000000.interconnect:segment@200000:target-module@0:mpu@0:fck: device ID is greater than 24
[    0.587559] platform 4830e000.lcdc: Fixed dependency cycle(s) with /ocp/interconnect@44c00000/segment@200000/target-module@b000/i2c@0/tda19988@70
[    0.599283] sdhci-omap 481d8000.mmc: supply pbias not found, using dummy regulator
[    0.599752] sdhci-omap 481d8000.mmc: supply vqmmc not found, using dummy regulator
[    0.675522] davinci_mdio 4a101000.mdio: davinci mdio revision 1.6, bus freq 1000000
[    0.792772] davinci_mdio 4a101000.mdio: phy[0]: device 4a101000.mdio:00, driver SMSC LAN8710/LAN8720
[    0.793420] cpsw-switch 4a100000.switch: initialized cpsw ale version 1.4
[    0.793447] cpsw-switch 4a100000.switch: ALE Table size 1024
[    0.824582] cpsw-switch 4a100000.switch: cpts: overflow check period 500 (jiffies)
[    0.824613] cpsw-switch 4a100000.switch: CPTS: ref_clk_freq:250000000 calc_mult:2147483648 calc_shift:29 error:0 nsec/sec
[    0.824736] cpsw-switch 4a100000.switch: Detected MACID = 18:2c:65:25:1d:6e
[    0.826560] cpsw-switch 4a100000.switch: initialized (regs 0x4a100000, pool size 256) hw_ver:0019010C 1.12 (0)
[    0.837543] debugfs: Directory '49000000.dma' with parent 'dmaengine' already present!
[    0.837591] edma 49000000.dma: TI EDMA DMA engine driver
[    0.877617] target-module@4b000000:target-module@140000:pmu@0:fck: device ID is greater than 24
[    0.898977] hw perfevents: enabled with armv7_cortex_a8 PMU driver, 5 counters available
[    0.906621] l3-aon-clkctrl:0000:0: failed to disable
[    0.918095] 44e09000.serial: ttyS0 at MMIO 0x44e09000 (irq = 34, base_baud = 3000000) is a 8250
[    0.918185] printk: legacy console [ttyS0] enabled
[    2.164839] tps65217-pmic: Failed to locate of_node [id: -1]
[    2.170905] tps65217-bl: Failed to locate of_node [id: -1]
[    2.182034] tps65217 0-0024: TPS65217 ID 0xe version 1.2
[    2.188180] platform 4830e000.lcdc: Fixed dependency cycle(s) with /ocp/interconnect@44c00000/segment@200000/target-module@b000/i2c@0/tda19988@70
[    2.201612] i2c 0-0070: Fixed dependency cycle(s) with /ocp/interconnect@48000000/segment@300000/target-module@e000/lcdc@0
[    2.213019] omap_i2c 44e0b000.i2c: bus 0 rev0.11 at 400 kHz
[    2.221256] omap_gpio 44e07000.gpio: Could not set line 6 debounce to 200000 microseconds (-22)
[    2.230167] sdhci-omap 48060000.mmc: Got CD GPIO
[    2.235231] sdhci-omap 48060000.mmc: supply pbias not found, using dummy regulator
[    2.246023] sdhci-omap 48060000.mmc: supply vqmmc not found, using dummy regulator
[    2.254756] sdhci-omap 481d8000.mmc: supply pbias not found, using dummy regulator
[    2.263207] sdhci-omap 481d8000.mmc: supply vqmmc not found, using dummy regulator
[    2.302450] mmc1: SDHCI controller on 481d8000.mmc [481d8000.mmc] using External DMA
[    2.310930] mmc0: SDHCI controller on 48060000.mmc [48060000.mmc] using External DMA
[    2.319783] cpsw-switch 4a100000.switch: starting ndev. mode: dual_mac
[    2.373491] mmc1: new high speed MMC card at address 0001
[    2.380338] mmcblk1: mmc1:0001 MK2704 3.53 GiB
[    2.387848]  mmcblk1: p1
[    2.391600] mmcblk1boot0: mmc1:0001 MK2704 2.00 MiB
[    2.398984] mmcblk1boot1: mmc1:0001 MK2704 2.00 MiB
[    2.406320] mmcblk1rpmb: mmc1:0001 MK2704 512 KiB, chardev (250:0)
[    2.413055] SMSC LAN8710/LAN8720 4a101000.mdio:00: attached PHY driver (mii_bus:phy_addr=4a101000.mdio:00, irq=POLL)
[    5.524566] cpsw-switch 4a100000.switch eth0: Link is Up - 100Mbps/Full - flow control off
[    5.573860] IP-Config: Complete:
[    5.577138]      device=eth0, hwaddr=18:2c:65:25:1d:6e, ipaddr=192.168.255.4, mask=255.255.255.0, gw=255.255.255.255
[    5.587764]      host=bbb1, domain=, nis-domain=(none)
[    5.592932]      bootserver=192.168.255.126, rootserver=192.168.255.126, rootpath=
[    5.593360] clk: Disabling unused clocks
[    5.605213] PM: genpd: Disabling unused power domains
[    5.610334] KTAP version 1
[    5.613055] 1..0
[    5.645200] VFS: Mounted root (nfs filesystem) on device 0:17.
[    5.652010] devtmpfs: mounted
[    5.656864] Freeing unused kernel image (initmem) memory: 1024K
[    5.663440] Run /sbin/init as init process
[    6.370918] systemd[1]: System time before build time, advancing clock.
[    7.823830] random: crng init done
[    7.895581] systemd[1]: systemd 232 running in system mode. (+PAM +AUDIT +SELINUX +IMA +APPARMOR +SMACK +SYSVINIT +UTMP +LIBCRYPTSETUP +GCRYPT +GNUTLS +ACL +XZ +LZ4 +SECCOMP +BLKID +ELFUTILS +KMOD +IDN)
[    7.914578] systemd[1]: Detected architecture arm.

Welcome to [1mDebian GNU/Linux 9 (stretch)[0m!

[    7.957017] systemd[1]: Set hostname to <arm>.
[    9.081636] systemd[1]: Started Dispatch Password Requests to Console Directory Watch.
[[0;32m  OK  [0m] Started Dispatch Password Requests to Console Directory Watch.
[    9.125605] systemd[1]: Set up automount Arbitrary Executable File Formats File System Automount Point.
[[0;32m  OK  [0m] Set up automount Arbitrary Executabâ€¦rmats File System Automount Point.
[    9.164709] systemd[1]: Started Forward Password Requests to Wall Directory Watch.
[[0;32m  OK  [0m] Started Forward Password Requests to Wall Directory Watch.
[    9.205394] systemd[1]: Created slice System Slice.
[[0;32m  OK  [0m] Created slice System Slice.
[    9.245204] systemd[1]: Created slice system-serial\x2dgetty.slice.
[[0;32m  OK  [0m] Created slice system-serial\x2dgetty.slice.
[    9.285053] systemd[1]: Created slice User and Session Slice.
[[0;32m  OK  [0m] Created slice User and Session Slice.
[    9.325853] systemd[1]: Listening on udev Control Socket.
[[0;32m  OK  [0m] Listening on udev Control Socket.
         Mounting Debug File System...
[[0;32m  OK  [0m] Listening on Journal Audit Socket.
[[0;32m  OK  [0m] Reached target Encrypted Volumes.
[[0;32m  OK  [0m] Reached target Remote File Systems.
[[0;32m  OK  [0m] Listening on Syslog Socket.
[[0;32m  OK  [0m] Listening on /dev/initctl Compatibility Named Pipe.
         Mounting POSIX Message Queue File System...
[[0;32m  OK  [0m] Reached target Swap.
[[0;32m  OK  [0m] Listening on udev Kernel Socket.
[[0;32m  OK  [0m] Created slice system-getty.slice.
[[0;32m  OK  [0m] Reached target Slices.
[[0;32m  OK  [0m] Listening on Journal Socket.
         Starting Remount Root and Kernel File Systems...
         Starting Create list of required stâ€¦ce nodes for the current kernel...
         Starting Load Kernel Modules...
[[0;32m  OK  [0m] Listening on Journal Socket (/dev/log).
         Starting Journal Service...
[[0;32m  OK  [0m] Reached target Paths.
[[0;32m  OK  [0m] Mounted POSIX Message Queue File System.
[[0;32m  OK  [0m] Mounted Debug File System.
[[0;32m  OK  [0m] Started Remount Root and Kernel File Systems.
[[0;32m  OK  [0m] Started Create list of required staâ€¦vice nodes for the current kernel.
         Starting Create Static Device Nodes in /dev...
         Starting udev Coldplug all Devices...
         Starting Load/Save Random Seed...
[[0;32m  OK  [0m] Started Load Kernel Modules.
         Mounting Configuration File System...
         Starting Apply Kernel Variables...
[[0;32m  OK  [0m] Mounted Configuration File System.
[[0;32m  OK  [0m] Started Load/Save Random Seed.
[[0;32m  OK  [0m] Started Apply Kernel Variables.
[[0;32m  OK  [0m] Started Create Static Device Nodes in /dev.
         Starting udev Kernel Device Manager...
[[0;32m  OK  [0m] Reached target Local File Systems (Pre).
[[0;32m  OK  [0m] Reached target Local File Systems.
         Starting Raise network interfaces...
[[0;32m  OK  [0m] Started Journal Service.
         Starting Flush Journal to Persistent Storage...
[   11.531445] systemd-journald[85]: Received request to flush runtime journal from PID 1
[[0;32m  OK  [0m] Started Flush Journal to Persistent Storage.
         Starting Create Volatile Files and Directories...
[[0;32m  OK  [0m] Started udev Kernel Device Manager.
[[0;32m  OK  [0m] Started Create Volatile Files and Directories.
         Starting Network Time Synchronization...
         Starting Update UTMP about System Boot/Shutdown...
[[0;32m  OK  [0m] Started udev Coldplug all Devices.
[[0;32m  OK  [0m] Started Update UTMP about System Boot/Shutdown.
[   14.650740] remoteproc remoteproc0: wkup_m3 is available
[   14.708219] wkup_m3_ipc 44e11324.wkup_m3_ipc: IPC Request for A8->M3 Channel failed! -517
[   15.067532] at24 2-0054: supply vcc not found, using dummy regulator
[   15.090740] omap_wdt: OMAP Watchdog Timer Rev 0x01: initial timeout 60 sec
[   15.099916] wkup_m3_ipc 44e11324.wkup_m3_ipc: IPC Request for A8->M3 Channel failed! -517
[   15.137289] omap_rtc 44e3e000.rtc: registered as rtc0
[   15.142498] omap_rtc 44e3e000.rtc: setting system clock to 2000-01-01T00:00:00 UTC (946684800)
[[0;32m  OK  [0m] Found device /dev/ttyS0.
[   15.215786] wkup_m3_ipc 44e11324.wkup_m3_ipc: IPC Request for A8->M3 Channel failed! -517
[[0;32m  OK  [0m] Started Network Time Synchronization.
[   15.238387] at24 2-0055: supply vcc not found, using dummy regulator
[   15.328314] am335x-phy-driver 47401300.usb-phy: dummy supplies not allowed for exclusive requests (id=vbus)
[   15.355574] at24 2-0056: supply vcc not found, using dummy regulator
[   15.364725] wkup_m3_ipc 44e11324.wkup_m3_ipc: IPC Request for A8->M3 Channel failed! -517
[   15.457540] at24 2-0057: supply vcc not found, using dummy regulator
[[0;32m  OK  [0m] Reached target System Initialization.[   15.573222] at24 0-0050: 32768 byte 24c256 EEPROM, writable, 1 bytes/write

[   15.585718] wkup_m3_ipc 44e11324.wkup_m3_ipc: IPC Request for A8->M3 Channel failed! -517
[   15.604563] usbcore: registered new interface driver usbfs
[   15.610209] usbcore: registered new interface driver hub
[   15.615783] usbcore: registered new device driver usb
[[0;32m  OK  [0m] Started Daily Cleanup of Temporary Directories.
[[0;32m  OK  [0m] Listening on Avahi mDNS/DNS-SD Stack Activation Socket.
[   15.692913] am335x-phy-driver 47401b00.usb-phy: dummy supplies not allowed for exclusive requests (id=vbus)
[[0;32m  OK  [0m] Listening on D-Bus System Message Bus Socket.
[   15.715636] wkup_m3_ipc 44e11324.wkup_m3_ipc: IPC Request for A8->M3 Channel failed! -517
[[0;32m  OK  [0m] Reached target Sockets.
[[0;32m  OK  [0m] Reached target Basic System.
[   15.786015] tps6521x_pwrbutton tps65217-pwrbutton: DMA mask not set
         Starting Cape Manager Service...
[   15.917401] input: tps65217_pwrbutton as /devices/platform/ocp/44c00000.interconnect/44c00000.interconnect:segment@200000/44e0b000.target-module/44e0b000.i2c/i2c-0/0-0024/tps65217-pwrbutton/input/input0
[   15.940764] wkup_m3_ipc 44e11324.wkup_m3_ipc: IPC Request for A8->M3 Channel failed! -517
[   16.031791] wkup_m3_ipc 44e11324.wkup_m3_ipc: IPC Request for A8->M3 Channel failed! -517
         Starting System Logging Service...
[[0;32m  OK  [0m] Started D-Bus System Message Bus.
[   16.739902] wkup_m3_ipc 44e11324.wkup_m3_ipc: IPC Request for A8->M3 Channel failed! -517
[   16.850535] musb-hdrc musb-hdrc.1: MUSB HDRC host driver
[   16.856190] musb-hdrc musb-hdrc.1: new USB bus registered, assigned bus number 1
[   16.884061] wkup_m3_ipc 44e11324.wkup_m3_ipc: IPC Request for A8->M3 Channel failed! -517
[   16.976871] usb usb1: New USB device found, idVendor=1d6b, idProduct=0002, bcdDevice= 6.11
[   16.985414] usb usb1: New USB device strings: Mfr=3, Product=2, SerialNumber=1
[   16.992682] usb usb1: Product: MUSB HDRC host driver
[   16.997745] usb usb1: Manufacturer: Linux 6.11.0-gc0336be59afc musb-hcd
[   17.004429] usb usb1: SerialNumber: musb-hdrc.1
[   17.131574] hub 1-0:1.0: USB hub found
[   17.220128] hub 1-0:1.0: 1 port detected
[   17.275426] wkup_m3_ipc 44e11324.wkup_m3_ipc: IPC Request for A8->M3 Channel failed! -517
[   17.377019] wkup_m3_ipc 44e11324.wkup_m3_ipc: IPC Request for A8->M3 Channel failed! -517
[   17.417852] omap-mailbox 480c8000.mailbox: omap mailbox rev 0x400
[   17.566102] remoteproc remoteproc0: powering up wkup_m3
[   17.804872] remoteproc remoteproc0: Direct firmware load for am335x-pm-firmware.elf failed with error -2
[   17.814622] remoteproc remoteproc0: request_firmware failed: -2
[   17.820582] wkup_m3_ipc 44e11324.wkup_m3_ipc: rproc_boot failed
[   17.861704] tda998x 0-0070: found TDA19988
[   19.227822] tilcdc 4830e000.lcdc: bound 0-0070 (ops tda998x_driver_exit [tda998x])
[   19.281850] omap_rng 48310000.rng: Random Number Generator ver. 20
[   19.388116] [drm] Initialized tilcdc 1.0.0 for 4830e000.lcdc on minor 0
[   19.458453] tilcdc 4830e000.lcdc: [drm] Cannot find any crtc or sizes
[   19.491421] tilcdc 4830e000.lcdc: [drm] Cannot find any crtc or sizes
         Starting Connection service...
         Starting Avahi mDNS/DNS-SD Stack...
         Starting DUN service...
[   20.306280] PM: Cannot get wkup_m3_ipc handle
         Starting Telephony service...
[[0;32m  OK  [0m] Started Regular background program processing daemon.
[   20.550064] omap-sham 53100000.sham: hw accel on OMAP rev 4.3
         Starting Login Service...
[   20.674042] omap-sham 53100000.sham: will run requests pump with realtime priority
[   20.682695] PM: Cannot get wkup_m3_ipc handle
         Starting LSB: Start busybox udhcpd at boot time...
[   20.869004] omap-aes 53500000.aes: OMAP AES hw accel rev: 3.2
         Starting Generic Board Startup...
[   21.026895] omap-aes 53500000.aes: will run requests pump with realtime priority
[   21.035526] PM: Cannot get wkup_m3_ipc handle
         Starting LSB: Load kernel modules needed to enable cpufreq scaling...
[[0;32m  OK  [0m] Reached target System Time Synchronized.
[[0;32m  OK  [0m] Started Daily apt download activities.
[[0;32m  OK  [0m] Started Daily apt upgrade and clean activities.
[[0;32m  OK  [0m] Reached target Timers.
[[0;32m  OK  [0m] Started System Logging Service.
[[0;32m  OK  [0m] Started Cape Manager Service.
[   23.784807] Bluetooth: Core ver 2.22
[   23.788625] NET: Registered PF_BLUETOOTH protocol family
[   23.794155] Bluetooth: HCI device and connection manager initialized
[   23.800572] Bluetooth: HCI socket layer initialized
[   23.805572] Bluetooth: L2CAP socket layer initialized
[   23.810729] Bluetooth: SCO socket layer initialized
[   24.601738] PM: Cannot get wkup_m3_ipc handle
[   24.759494] PM: Cannot get wkup_m3_ipc handle
[[0;32m  OK  [0m] Started Raise network interfaces.
[[0;32m  OK  [0m] Started LSB: Start busybox udhcpd at boot time.
[[0;32m  OK  [0m] Started LSB: Load kernel modules needed to enable cpufreq scaling.
[[0;32m  OK  [0m] Started DUN service.
[[0;32m  OK  [0m] Started Telephony service.
[[0;32m  OK  [0m] Started Avahi mDNS/DNS-SD Stack.
[[0;32m  OK  [0m] Started Connection service.
[[0;32m  OK  [0m] Started Login Service.
[[0;32m  OK  [0m] Reached target Sound Card.
         Starting LSB: set CPUFreq kernel parameters...
[[0;32m  OK  [0m] Reached target Network.
[[0;32m  OK  [0m] Reached target Network is Online.
         Starting LSB: Advanced IEEE 802.11 management daemon...
         Starting The Apache HTTP Server...
         Starting Permit User Sessions...
         Starting OpenBSD Secure Shell server...
[[0;32m  OK  [0m] Started LSB: Advanced IEEE 802.11 management daemon.
[[0;32m  OK  [0m] Started Permit User Sessions.
[[0;32m  OK  [0m] Started Getty on tty1.
[[0;32m  OK  [0m] Started Serial Getty on ttyS0.
[[0;32m  OK  [0m] Reached target Login Prompts.
[[0;32m  OK  [0m] Started LSB: set CPUFreq kernel parameters.
[   29.673702] configfs-gadget.g_multi gadget.0: HOST MAC 1c:ba:8c:a2:ed:6c
[   29.680727] configfs-gadget.g_multi gadget.0: MAC 1c:ba:8c:a2:ed:70
[   29.688395] configfs-gadget.g_multi gadget.0: HOST MAC 1c:ba:8c:a2:ed:6c
[   29.695280] configfs-gadget.g_multi gadget.0: MAC 1c:ba:8c:a2:ed:6d
[   29.708300] PM: Cannot get wkup_m3_ipc handle
         Starting Hostname Service...
         Starting WPA supplicant...
[[0;32m  OK  [0m] Started OpenBSD Secure Shell server.
[[0;32m  OK  [0m] Started WPA supplicant.
[[0;32m  OK  [0m] Started Hostname Service.
[[0;32m  OK  [0m] Started The Apache HTTP Server.
         Stopping LSB: Start busybox udhcpd at boot time...
[[0;32m  OK  [0m] Stopped LSB: Start busybox udhcpd at boot time.
         Starting dnsmasq - A lightweight DHCP and caching DNS server...

Debian GNU/Linux 9 arm ttyS0

default username:password is [debian:temppwd]

arm login: root
Password: 
Last login: Sat Jan  1 00:00:35 UTC 2000 on ttyS0
root
Linux arm 6.11.0-gc0336be59afc #1 SMP Mon Sep 30 12:43:49 EEST 2024 armv7l

The programs included with the Debian GNU/Linux system are free software;
the exact distribution terms for each program are described in the
individual files in /usr/share/doc/*/copyright.

Debian GNU/Linux comes with ABSOLUTELY NO WARRANTY, to the extent
permitted by applicable law.
root@arm:~# root
-bash: root: command not found
root@arm:~# dmesg -n 1
root@arm:~# echo 'HJMU''JSLWLK'
HJMUJSLWLK
root@arm:~# run() { echo -n "$MARKER"; sh -c "$@"; echo "$MARKER $?"; }
root@arm:~# echo 'VWNK''ZHNJJV'
VWNKZHNJJV
root@arm:~# MARKER='GCKB''BSAFNW' run 'cat /proc/version'
GCKBBSAFNWLinux version 6.11.0-gc0336be59afc (user01@drvtest01) (arm-linux-gnueabihf-gcc (Linaro GCC 6.4-2017.11) 6.4.1 20171012, GNU ld (Linaro_Binutils-2017.11) 2.27.0.20161229) #1 SMP Mon Sep 30 12:43:49 EEST 2024
GCKBBSAFNW 0
root@arm:~# echo 'EGAN''JBZQWA'
EGANJBZQWA
root@arm:~# MARKER='PCAL''ETSFLJ' run false
PCALETSFLJPCALETSFLJ 1
root@arm:~# Labgrid Console Logfile for main
Logfile started at 2024-09-30 12:47:10.995231
=== Log starts here ===

root@arm:~# run() { echo -n "$MARKER"; sh -c "$@"; echo "$MARKER $?"; }
root@arm:~# echo 'KCWW''BGXVMU'
KCWWBGXVMU
root@arm:~# MARKER='XOSA''OEPAVZ' run dmesg
XOSAOEPAVZ[    0.000000] Booting Linux on physical CPU 0x0
[    0.000000] Linux version 6.11.0-gc0336be59afc (user01@drvtest01) (arm-linux-gnueabihf-gcc (Linaro GCC 6.4-2017.11) 6.4.1 20171012, GNU ld (Linaro_Binutils-2017.11) 2.27.0.20161229) #1 SMP Mon Sep 30 12:43:49 EEST 2024
[    0.000000] CPU: ARMv7 Processor [413fc082] revision 2 (ARMv7), cr=10c5387d
[    0.000000] CPU: PIPT / VIPT nonaliasing data cache, VIPT aliasing instruction cache
[    0.000000] OF: fdt: Machine model: TI AM335x BeagleBone Black
[    0.000000] Memory policy: Data cache writeback
[    0.000000] cma: Reserved 16 MiB at 0x9e800000 on node -1
[    0.000000] Zone ranges:
[    0.000000]   Normal   [mem 0x0000000080000000-0x000000009fdfffff]
[    0.000000]   HighMem  empty
[    0.000000] Movable zone start for each node
[    0.000000] Early memory node ranges
[    0.000000]   node   0: [mem 0x0000000080000000-0x000000009fdfffff]
[    0.000000] Initmem setup node 0 [mem 0x0000000080000000-0x000000009fdfffff]
[    0.000000] CPU: All CPU(s) started in SVC mode.
[    0.000000] AM335X ES2.1 (sgx neon)
[    0.000000] percpu: Embedded 17 pages/cpu s39628 r8192 d21812 u69632
[    0.000000] pcpu-alloc: s39628 r8192 d21812 u69632 alloc=17*4096
[    0.000000] pcpu-alloc: [0] 0 
[    0.000000] Kernel command line: console=ttyO0,115200n8 root=/dev/nfs rw nfsroot=192.168.255.126:/home/user01/nfs,nfsvers=3 ip=192.168.255.4:192.168.255.126::255.255.255.0:bbb1:eth0 nfsrootdebug
[    0.000000] Unknown kernel command line parameters "nfsrootdebug", will be passed to user space.
[    0.000000] Dentry cache hash table entries: 65536 (order: 6, 262144 bytes, linear)
[    0.000000] Inode-cache hash table entries: 32768 (order: 5, 131072 bytes, linear)
[    0.000000] Built 1 zonelists, mobility grouping on.  Total pages: 130560
[    0.000000] mem auto-init: stack:off, heap alloc:off, heap free:off
[    0.000000] SLUB: HWalign=64, Order=0-3, MinObjects=0, CPUs=1, Nodes=1
[    0.000000] trace event string verifier disabled
[    0.000000] rcu: Hierarchical RCU implementation.
[    0.000000] rcu: 	RCU event tracing is enabled.
[    0.000000] rcu: 	RCU restricting CPUs from NR_CPUS=2 to nr_cpu_ids=1.
[    0.000000] rcu: RCU calculated value of scheduler-enlistment delay is 10 jiffies.
[    0.000000] rcu: Adjusting geometry for rcu_fanout_leaf=16, nr_cpu_ids=1
[    0.000000] NR_IRQS: 16, nr_irqs: 16, preallocated irqs: 16
[    0.000000] IRQ: Found an INTC at 0x(ptrval) (revision 5.0) with 128 interrupts
[    0.000000] rcu: srcu_init: Setting srcu_struct sizes based on contention.
[    0.000000] TI gptimer clocksource: always-on /ocp/interconnect@44c00000/segment@200000/target-module@31000
[    0.000002] sched_clock: 32 bits at 24MHz, resolution 41ns, wraps every 89478484971ns
[    0.000028] clocksource: dmtimer: mask: 0xffffffff max_cycles: 0xffffffff, max_idle_ns: 79635851949 ns
[    0.000503] TI gptimer clockevent: 24000000 Hz at /ocp/interconnect@48000000/segment@0/target-module@40000
[    0.002142] Console: colour dummy device 80x30
[    0.002210] WARNING: Your 'console=ttyO0' has been replaced by 'ttyS0'
[    0.002221] This ensures that you still see kernel messages. Please
[    0.002227] update your kernel commandline.
[    0.002272] Calibrating delay loop... 996.14 BogoMIPS (lpj=4980736)
[    0.090557] CPU: Testing write buffer coherency: ok
[    0.090662] CPU0: Spectre v2: using BPIALL workaround
[    0.090674] pid_max: default: 32768 minimum: 301
[    0.090798] LSM: initializing lsm=capability
[    0.090964] Mount-cache hash table entries: 1024 (order: 0, 4096 bytes, linear)
[    0.090986] Mountpoint-cache hash table entries: 1024 (order: 0, 4096 bytes, linear)
[    0.092520] CPU0: thread -1, cpu 0, socket -1, mpidr 0
[    0.094245] Setting up static identity map for 0x80100000 - 0x80100078
[    0.094556] rcu: Hierarchical SRCU implementation.
[    0.094570] rcu: 	Max phase no-delay instances is 1000.
[    0.096246] smp: Bringing up secondary CPUs ...
[    0.096308] smp: Brought up 1 node, 1 CPU
[    0.096324] SMP: Total of 1 processors activated (996.14 BogoMIPS).
[    0.096338] CPU: All CPU(s) started in SVC mode.
[    0.096531] Memory: 480876K/522240K available (11264K kernel code, 1197K rwdata, 2856K rodata, 1024K init, 297K bss, 23344K reserved, 16384K cma-reserved, 0K highmem)
[    0.097335] devtmpfs: initialized
[    0.113711] VFP support v0.3: implementor 41 architecture 3 part 30 variant c rev 3
[    0.114063] clocksource: jiffies: mask: 0xffffffff max_cycles: 0xffffffff, max_idle_ns: 19112604462750000 ns
[    0.114101] futex hash table entries: 256 (order: 2, 16384 bytes, linear)
[    0.115388] pinctrl core: initialized pinctrl subsystem
[    0.118124] NET: Registered PF_NETLINK/PF_ROUTE protocol family
[    0.121123] DMA: preallocated 256 KiB pool for atomic coherent allocations
[    0.122094] audit: initializing netlink subsys (disabled)
[    0.123471] thermal_sys: Registered thermal governor 'fair_share'
[    0.123489] thermal_sys: Registered thermal governor 'step_wise'
[    0.123499] thermal_sys: Registered thermal governor 'user_space'
[    0.123615] audit: type=2000 audit(0.120:1): state=initialized audit_enabled=0 res=1
[    0.123685] cpuidle: using governor menu
[    0.142847] No ATAGs?
[    0.142881] hw-breakpoint: debug architecture 0x4 unsupported.
[    0.145780] kprobes: kprobe jump-optimization is enabled. All kprobes are optimized if possible.
[    0.164083] iommu: Default domain type: Translated
[    0.164112] iommu: DMA domain TLB invalidation policy: strict mode
[    0.165689] reg-fixed-voltage fixedregulator0: using DT '/fixedregulator0' for '(default)' GPIO lookup
[    0.165747] of_get_named_gpiod_flags: can't parse 'gpios' property of node '/fixedregulator0[0]'
[    0.165778] of_get_named_gpiod_flags: can't parse 'gpio' property of node '/fixedregulator0[0]'
[    0.165798] reg-fixed-voltage fixedregulator0: using lookup tables for GPIO lookup
[    0.165811] reg-fixed-voltage fixedregulator0: No GPIO consumer (default) found
[    0.171445] SCSI subsystem initialized
[    0.181053] libata version 3.00 loaded.
[    0.181424] pps_core: LinuxPPS API ver. 1 registered
[    0.181436] pps_core: Software ver. 5.3.6 - Copyright 2005-2007 Rodolfo Giometti <giometti@linux.it>
[    0.181462] PTP clock support registered
[    0.183418] vgaarb: loaded
[    0.183809] clocksource: Switched to clocksource dmtimer
[    0.184403] VFS: Disk quotas dquot_6.6.0
[    0.184452] VFS: Dquot-cache hash table entries: 1024 (order 0, 4096 bytes)
[    0.210588] NET: Registered PF_INET protocol family
[    0.210945] IP idents hash table entries: 8192 (order: 4, 65536 bytes, linear)
[    0.212333] tcp_listen_portaddr_hash hash table entries: 512 (order: 0, 4096 bytes, linear)
[    0.212375] Table-perturb hash table entries: 65536 (order: 6, 262144 bytes, linear)
[    0.212393] TCP established hash table entries: 4096 (order: 2, 16384 bytes, linear)
[    0.212437] TCP bind hash table entries: 4096 (order: 4, 65536 bytes, linear)
[    0.212538] TCP: Hash tables configured (established 4096 bind 4096)
[    0.212663] UDP hash table entries: 256 (order: 1, 8192 bytes, linear)
[    0.212692] UDP-Lite hash table entries: 256 (order: 1, 8192 bytes, linear)
[    0.212867] NET: Registered PF_UNIX/PF_LOCAL protocol family
[    0.214234] RPC: Registered named UNIX socket transport module.
[    0.214263] RPC: Registered udp transport module.
[    0.214271] RPC: Registered tcp transport module.
[    0.214278] RPC: Registered tcp-with-tls transport module.
[    0.214285] RPC: Registered tcp NFSv4.1 backchannel transport module.
[    0.214310] PCI: CLS 0 bytes, default 64
[    0.215745] Initialise system trusted keyrings
[    0.224505] workingset: timestamp_bits=14 max_order=17 bucket_order=3
[    0.225816] NFS: Registering the id_resolver key type
[    0.225914] Key type id_resolver registered
[    0.225924] Key type id_legacy registered
[    0.225974] jffs2: version 2.2. (NAND) (SUMMARY)  Â© 2001-2006 Red Hat, Inc.
[    0.226372] Key type asymmetric registered
[    0.226389] Asymmetric key parser 'x509' registered
[    0.226457] io scheduler mq-deadline registered
[    0.226470] io scheduler kyber registered
[    0.226539] io scheduler bfq registered
[    0.244044] Serial: 8250/16550 driver, 6 ports, IRQ sharing enabled
[    0.307344] brd: module loaded
[    0.318500] loop: module loaded
[    0.319423] mtdoops: mtd device (mtddev=name/number) must be supplied
[    0.335348] mdio_bus fixed-0: using lookup tables for GPIO lookup
[    0.335381] mdio_bus fixed-0: No GPIO consumer reset found
[    0.336779] i2c_dev: i2c /dev entries driver
[    0.337748] cpuidle: enable-method property 'ti,am3352' found operations
[    0.338200] sdhci: Secure Digital Host Controller Interface driver
[    0.338211] sdhci: Copyright(c) Pierre Ossman
[    0.338386] sdhci-pltfm: SDHCI platform and OF driver helper
[    0.338740] ledtrig-cpu: registered to indicate activity on CPUs
[    0.339683] Initializing XFRM netlink socket
[    0.339812] NET: Registered PF_INET6 protocol family
[    0.341628] Segment Routing with IPv6
[    0.341723] In-situ OAM (IOAM) with IPv6
[    0.341823] sit: IPv6, IPv4 and MPLS over IPv4 tunneling driver
[    0.342765] NET: Registered PF_PACKET protocol family
[    0.342807] NET: Registered PF_KEY protocol family
[    0.342927] Key type dns_resolver registered
[    0.343188] ThumbEE CPU extension supported.
[    0.343211] Registering SWP/SWPB emulation handler
[    0.343741] omap_voltage_late_init: Voltage driver support not added
[    0.344237] SmartReflex Class3 initialized
[    0.364767] Loading compiled-in X.509 certificates
[    0.423350] gpiochip_find_base_unlocked: found new base at 512
[    0.432100] platform 44e10800.pinmux: Fixed dependency cycle(s) with /ocp/interconnect@44c00000/segment@200000/target-module@10000/scm@0/pinmux@800/clkout2-pins
[    0.432671] pinctrl-single 44e10800.pinmux: 142 pins, size 568
[    0.438011] ti-sysc 44e31000.target-module: probe with driver ti-sysc failed with error -16
[    0.474948] ti-sysc 48040000.target-module: probe with driver ti-sysc failed with error -16
[    0.485958] gpiochip_find_base_unlocked: found new base at 512
[    0.486073] gpio gpiochip0: (gpio-0-31): created GPIO range 0->7 ==> 44e10800.pinmux PIN 0->7
[    0.486096] gpio gpiochip0: (gpio-0-31): created GPIO range 8->11 ==> 44e10800.pinmux PIN 90->93
[    0.486113] gpio gpiochip0: (gpio-0-31): created GPIO range 12->27 ==> 44e10800.pinmux PIN 12->27
[    0.486130] gpio gpiochip0: (gpio-0-31): created GPIO range 28->31 ==> 44e10800.pinmux PIN 30->33
[    0.514179] gpio gpiochip0: (gpio-0-31): added GPIO chardev (254:0)
[    0.514372] gpio gpiochip0: registered GPIOs 512 to 543 on gpio-0-31
[    0.514460] OMAP GPIO hardware version 0.1
[    0.550890] i2c i2c-2: using DT '/ocp/interconnect@48000000/segment@100000/target-module@9c000/i2c@0' for 'scl' GPIO lookup
[    0.550994] of_get_named_gpiod_flags: can't parse 'scl-gpios' property of node '/ocp/interconnect@48000000/segment@100000/target-module@9c000/i2c@0[0]'
[    0.551042] of_get_named_gpiod_flags: can't parse 'scl-gpio' property of node '/ocp/interconnect@48000000/segment@100000/target-module@9c000/i2c@0[0]'
[    0.551082] i2c i2c-2: using lookup tables for GPIO lookup
[    0.551095] i2c i2c-2: No GPIO consumer scl found
[    0.551118] i2c i2c-2: using DT '/ocp/interconnect@48000000/segment@100000/target-module@9c000/i2c@0' for 'sda' GPIO lookup
[    0.551157] of_get_named_gpiod_flags: can't parse 'sda-gpios' property of node '/ocp/interconnect@48000000/segment@100000/target-module@9c000/i2c@0[0]'
[    0.551197] of_get_named_gpiod_flags: can't parse 'sda-gpio' property of node '/ocp/interconnect@48000000/segment@100000/target-module@9c000/i2c@0[0]'
[    0.551231] i2c i2c-2: using lookup tables for GPIO lookup
[    0.551241] i2c i2c-2: No GPIO consumer sda found
[    0.551938] omap_i2c 4819c000.i2c: bus 2 rev0.11 at 100 kHz
[    0.557554] gpiochip_find_base_unlocked: found new base at 544
[    0.557668] gpio gpiochip1: (gpio-32-63): created GPIO range 0->17 ==> 44e10800.pinmux PIN 34->51
[    0.557691] gpio gpiochip1: (gpio-32-63): created GPIO range 18->21 ==> 44e10800.pinmux PIN 77->80
[    0.557708] gpio gpiochip1: (gpio-32-63): created GPIO range 22->31 ==> 44e10800.pinmux PIN 56->65
[    0.574536] gpio gpiochip1: (gpio-32-63): added GPIO chardev (254:1)
[    0.574694] gpio gpiochip1: registered GPIOs 544 to 575 on gpio-32-63
[    0.576882] gpiochip_find_base_unlocked: found new base at 576
[    0.577001] gpio gpiochip2: (gpio-64-95): created GPIO range 0->4 ==> 44e10800.pinmux PIN 66->70
[    0.577023] gpio gpiochip2: (gpio-64-95): created GPIO range 5->6 ==> 44e10800.pinmux PIN 98->99
[    0.577041] gpio gpiochip2: (gpio-64-95): created GPIO range 7->8 ==> 44e10800.pinmux PIN 75->76
[    0.577058] gpio gpiochip2: (gpio-64-95): created GPIO range 13->13 ==> 44e10800.pinmux PIN 141->141
[    0.577076] gpio gpiochip2: (gpio-64-95): created GPIO range 14->21 ==> 44e10800.pinmux PIN 100->107
[    0.577678] gpio gpiochip2: (gpio-64-95): added GPIO chardev (254:2)
[    0.577814] gpio gpiochip2: registered GPIOs 576 to 607 on gpio-64-95
[    0.583153] 48000000.interconnect:segment@200000:target-module@0:mpu@0:fck: device ID is greater than 24
[    0.587559] platform 4830e000.lcdc: Fixed dependency cycle(s) with /ocp/interconnect@44c00000/segment@200000/target-module@b000/i2c@0/tda19988@70
[    0.596855] mdio_bus 4a101000.mdio: using DT '/ocp/interconnect@4a000000/segment@0/target-module@100000/switch@0/mdio@1000' for 'reset' GPIO lookup
[    0.596938] of_get_named_gpiod_flags: can't parse 'reset-gpios' property of node '/ocp/interconnect@4a000000/segment@0/target-module@100000/switch@0/mdio@1000[0]'
[    0.596989] of_get_named_gpiod_flags: can't parse 'reset-gpio' property of node '/ocp/interconnect@4a000000/segment@0/target-module@100000/switch@0/mdio@1000[0]'
[    0.597039] mdio_bus 4a101000.mdio: using lookup tables for GPIO lookup
[    0.597052] mdio_bus 4a101000.mdio: No GPIO consumer reset found
[    0.598908] sdhci-omap 481d8000.mmc: using DT '/ocp/interconnect@48000000/segment@100000/target-module@d8000/mmc@0' for 'wp' GPIO lookup
[    0.598982] of_get_named_gpiod_flags: can't parse 'wp-gpios' property of node '/ocp/interconnect@48000000/segment@100000/target-module@d8000/mmc@0[0]'
[    0.599029] of_get_named_gpiod_flags: can't parse 'wp-gpio' property of node '/ocp/interconnect@48000000/segment@100000/target-module@d8000/mmc@0[0]'
[    0.599068] sdhci-omap 481d8000.mmc: using lookup tables for GPIO lookup
[    0.599080] sdhci-omap 481d8000.mmc: No GPIO consumer wp found
[    0.599283] sdhci-omap 481d8000.mmc: supply pbias not found, using dummy regulator
[    0.599752] sdhci-omap 481d8000.mmc: supply vqmmc not found, using dummy regulator
[    0.675522] davinci_mdio 4a101000.mdio: davinci mdio revision 1.6, bus freq 1000000
[    0.699907] mdio_bus 4a101000.mdio:00: using DT '/ocp/interconnect@4a000000/segment@0/target-module@100000/switch@0/mdio@1000/ethernet-phy@0' for 'reset' GPIO lookup
[    0.700016] of_get_named_gpiod_flags: parsed 'reset-gpios' property of node '/ocp/interconnect@4a000000/segment@0/target-module@100000/switch@0/mdio@1000/ethernet-phy@0[0]' - status (0)
[    0.700186] gpio gpiochip0: Persistence not supported for GPIO 8
[    0.792772] davinci_mdio 4a101000.mdio: phy[0]: device 4a101000.mdio:00, driver SMSC LAN8710/LAN8720
[    0.793420] cpsw-switch 4a100000.switch: initialized cpsw ale version 1.4
[    0.793447] cpsw-switch 4a100000.switch: ALE Table size 1024
[    0.824582] cpsw-switch 4a100000.switch: cpts: overflow check period 500 (jiffies)
[    0.824613] cpsw-switch 4a100000.switch: CPTS: ref_clk_freq:250000000 calc_mult:2147483648 calc_shift:29 error:0 nsec/sec
[    0.824736] cpsw-switch 4a100000.switch: Detected MACID = 18:2c:65:25:1d:6e
[    0.826560] cpsw-switch 4a100000.switch: initialized (regs 0x4a100000, pool size 256) hw_ver:0019010C 1.12 (0)
[    0.837543] debugfs: Directory '49000000.dma' with parent 'dmaengine' already present!
[    0.837591] edma 49000000.dma: TI EDMA DMA engine driver
[    0.877617] target-module@4b000000:target-module@140000:pmu@0:fck: device ID is greater than 24
[    0.898977] hw perfevents: enabled with armv7_cortex_a8 PMU driver, 5 counters available
[    0.899861] gpio-clk clk_mcasp0: using DT '/clk_mcasp0' for 'enable' GPIO lookup
[    0.899932] of_get_named_gpiod_flags: parsed 'enable-gpios' property of node '/clk_mcasp0[0]' - status (0)
[    0.899978] gpio gpiochip0: Persistence not supported for GPIO 27
[    0.900788] gpiochip_find_base_unlocked: found new base at 608
[    0.900913] gpio gpiochip3: (gpio-96-127): created GPIO range 0->7 ==> 44e10800.pinmux PIN 82->89
[    0.900936] gpio gpiochip3: (gpio-96-127): created GPIO range 8->11 ==> 44e10800.pinmux PIN 52->55
[    0.900955] gpio gpiochip3: (gpio-96-127): created GPIO range 12->15 ==> 44e10800.pinmux PIN 94->97
[    0.900972] gpio gpiochip3: (gpio-96-127): created GPIO range 16->17 ==> 44e10800.pinmux PIN 71->72
[    0.900989] gpio gpiochip3: (gpio-96-127): created GPIO range 18->18 ==> 44e10800.pinmux PIN 135->135
[    0.901007] gpio gpiochip3: (gpio-96-127): created GPIO range 19->20 ==> 44e10800.pinmux PIN 108->109
[    0.901025] gpio gpiochip3: (gpio-96-127): created GPIO range 21->21 ==> 44e10800.pinmux PIN 73->73
[    0.901044] gpio gpiochip3: (gpio-96-127): created GPIO range 22->23 ==> 44e10800.pinmux PIN 8->9
[    0.901062] gpio gpiochip3: (gpio-96-127): created GPIO range 26->27 ==> 44e10800.pinmux PIN 10->11
[    0.901081] gpio gpiochip3: (gpio-96-127): created GPIO range 28->28 ==> 44e10800.pinmux PIN 74->74
[    0.901102] gpio gpiochip3: (gpio-96-127): created GPIO range 29->29 ==> 44e10800.pinmux PIN 81->81
[    0.901121] gpio gpiochip3: (gpio-96-127): created GPIO range 30->31 ==> 44e10800.pinmux PIN 28->29
[    0.906621] l3-aon-clkctrl:0000:0: failed to disable
[    0.915265] gpio gpiochip3: (gpio-96-127): added GPIO chardev (254:3)
[    0.915422] gpio gpiochip3: registered GPIOs 608 to 639 on gpio-96-127
[    0.917425] omap8250 44e09000.serial: using DT '/ocp/interconnect@44c00000/segment@200000/target-module@9000/serial@0' for 'rs485-term' GPIO lookup
[    0.917502] of_get_named_gpiod_flags: can't parse 'rs485-term-gpios' property of node '/ocp/interconnect@44c00000/segment@200000/target-module@9000/serial@0[0]'
[    0.917547] of_get_named_gpiod_flags: can't parse 'rs485-term-gpio' property of node '/ocp/interconnect@44c00000/segment@200000/target-module@9000/serial@0[0]'
[    0.917587] omap8250 44e09000.serial: using lookup tables for GPIO lookup
[    0.917598] omap8250 44e09000.serial: No GPIO consumer rs485-term found
[    0.917610] omap8250 44e09000.serial: using DT '/ocp/interconnect@44c00000/segment@200000/target-module@9000/serial@0' for 'rs485-rx-during-tx' GPIO lookup
[    0.917648] of_get_named_gpiod_flags: can't parse 'rs485-rx-during-tx-gpios' property of node '/ocp/interconnect@44c00000/segment@200000/target-module@9000/serial@0[0]'
[    0.917688] of_get_named_gpiod_flags: can't parse 'rs485-rx-during-tx-gpio' property of node '/ocp/interconnect@44c00000/segment@200000/target-module@9000/serial@0[0]'
[    0.917723] omap8250 44e09000.serial: using lookup tables for GPIO lookup
[    0.917733] omap8250 44e09000.serial: No GPIO consumer rs485-rx-during-tx found
[    0.918095] 44e09000.serial: ttyS0 at MMIO 0x44e09000 (irq = 34, base_baud = 3000000) is a 8250
[    0.918185] printk: legacy console [ttyS0] enabled
[    2.140768] i2c i2c-0: using DT '/ocp/interconnect@44c00000/segment@200000/target-module@b000/i2c@0' for 'scl' GPIO lookup
[    2.140856] of_get_named_gpiod_flags: can't parse 'scl-gpios' property of node '/ocp/interconnect@44c00000/segment@200000/target-module@b000/i2c@0[0]'
[    2.140904] of_get_named_gpiod_flags: can't parse 'scl-gpio' property of node '/ocp/interconnect@44c00000/segment@200000/target-module@b000/i2c@0[0]'
[    2.140946] i2c i2c-0: using lookup tables for GPIO lookup
[    2.140960] i2c i2c-0: No GPIO consumer scl found
[    2.140986] i2c i2c-0: using DT '/ocp/interconnect@44c00000/segment@200000/target-module@b000/i2c@0' for 'sda' GPIO lookup
[    2.141026] of_get_named_gpiod_flags: can't parse 'sda-gpios' property of node '/ocp/interconnect@44c00000/segment@200000/target-module@b000/i2c@0[0]'
[    2.141068] of_get_named_gpiod_flags: can't parse 'sda-gpio' property of node '/ocp/interconnect@44c00000/segment@200000/target-module@b000/i2c@0[0]'
[    2.141104] i2c i2c-0: using lookup tables for GPIO lookup
[    2.141115] i2c i2c-0: No GPIO consumer sda found
[    2.164839] tps65217-pmic: Failed to locate of_node [id: -1]
[    2.170905] tps65217-bl: Failed to locate of_node [id: -1]
[    2.182034] tps65217 0-0024: TPS65217 ID 0xe version 1.2
[    2.188180] platform 4830e000.lcdc: Fixed dependency cycle(s) with /ocp/interconnect@44c00000/segment@200000/target-module@b000/i2c@0/tda19988@70
[    2.201612] i2c 0-0070: Fixed dependency cycle(s) with /ocp/interconnect@48000000/segment@300000/target-module@e000/lcdc@0
[    2.213019] omap_i2c 44e0b000.i2c: bus 0 rev0.11 at 400 kHz
[    2.221046] sdhci-omap 48060000.mmc: using DT '/ocp/interconnect@48000000/segment@0/target-module@60000/mmc@0' for 'cd' GPIO lookup
[    2.221160] of_get_named_gpiod_flags: parsed 'cd-gpios' property of node '/ocp/interconnect@48000000/segment@0/target-module@60000/mmc@0[0]' - status (0)
[    2.221231] gpio gpiochip3: Persistence not supported for GPIO 6
[    2.221256] omap_gpio 44e07000.gpio: Could not set line 6 debounce to 200000 microseconds (-22)
[    2.230167] sdhci-omap 48060000.mmc: Got CD GPIO
[    2.234864] sdhci-omap 48060000.mmc: using DT '/ocp/interconnect@48000000/segment@0/target-module@60000/mmc@0' for 'wp' GPIO lookup
[    2.234915] of_get_named_gpiod_flags: can't parse 'wp-gpios' property of node '/ocp/interconnect@48000000/segment@0/target-module@60000/mmc@0[0]'
[    2.234961] of_get_named_gpiod_flags: can't parse 'wp-gpio' property of node '/ocp/interconnect@48000000/segment@0/target-module@60000/mmc@0[0]'
[    2.235002] sdhci-omap 48060000.mmc: using lookup tables for GPIO lookup
[    2.235017] sdhci-omap 48060000.mmc: No GPIO consumer wp found
[    2.235231] sdhci-omap 48060000.mmc: supply pbias not found, using dummy regulator
[    2.245343] sdhci-omap 481d8000.mmc: using DT '/ocp/interconnect@48000000/segment@100000/target-module@d8000/mmc@0' for 'wp' GPIO lookup
[    2.245427] of_get_named_gpiod_flags: can't parse 'wp-gpios' property of node '/ocp/interconnect@48000000/segment@100000/target-module@d8000/mmc@0[0]'
[    2.245476] of_get_named_gpiod_flags: can't parse 'wp-gpio' property of node '/ocp/interconnect@48000000/segment@100000/target-module@d8000/mmc@0[0]'
[    2.245519] sdhci-omap 481d8000.mmc: using lookup tables for GPIO lookup
[    2.245532] sdhci-omap 481d8000.mmc: No GPIO consumer wp found
[    2.246023] sdhci-omap 48060000.mmc: supply vqmmc not found, using dummy regulator
[    2.254756] sdhci-omap 481d8000.mmc: supply pbias not found, using dummy regulator
[    2.263207] sdhci-omap 481d8000.mmc: supply vqmmc not found, using dummy regulator
[    2.302450] mmc1: SDHCI controller on 481d8000.mmc [481d8000.mmc] using External DMA
[    2.310930] mmc0: SDHCI controller on 48060000.mmc [48060000.mmc] using External DMA
[    2.319783] cpsw-switch 4a100000.switch: starting ndev. mode: dual_mac
[    2.373491] mmc1: new high speed MMC card at address 0001
[    2.380338] mmcblk1: mmc1:0001 MK2704 3.53 GiB
[    2.387848]  mmcblk1: p1
[    2.391600] mmcblk1boot0: mmc1:0001 MK2704 2.00 MiB
[    2.398984] mmcblk1boot1: mmc1:0001 MK2704 2.00 MiB
[    2.406320] mmcblk1rpmb: mmc1:0001 MK2704 512 KiB, chardev (250:0)
[    2.413055] SMSC LAN8710/LAN8720 4a101000.mdio:00: attached PHY driver (mii_bus:phy_addr=4a101000.mdio:00, irq=POLL)
[    5.524566] cpsw-switch 4a100000.switch eth0: Link is Up - 100Mbps/Full - flow control off
[    5.573860] IP-Config: Complete:
[    5.577138]      device=eth0, hwaddr=18:2c:65:25:1d:6e, ipaddr=192.168.255.4, mask=255.255.255.0, gw=255.255.255.255
[    5.587764]      host=bbb1, domain=, nis-domain=(none)
[    5.592932]      bootserver=192.168.255.126, rootserver=192.168.255.126, rootpath=
[    5.593360] clk: Disabling unused clocks
[    5.605213] PM: genpd: Disabling unused power domains
[    5.610334] KTAP version 1
[    5.613055] 1..0
[    5.645200] VFS: Mounted root (nfs filesystem) on device 0:17.
[    5.652010] devtmpfs: mounted
[    5.656864] Freeing unused kernel image (initmem) memory: 1024K
[    5.663440] Run /sbin/init as init process
[    5.667658]   with arguments:
[    5.667674]     /sbin/init
[    5.667683]     nfsrootdebug
[    5.667692]   with environment:
[    5.667701]     HOME=/
[    5.667710]     TERM=linux
[    6.370918] systemd[1]: System time before build time, advancing clock.
[    7.823830] random: crng init done
[    7.895581] systemd[1]: systemd 232 running in system mode. (+PAM +AUDIT +SELINUX +IMA +APPARMOR +SMACK +SYSVINIT +UTMP +LIBCRYPTSETUP +GCRYPT +GNUTLS +ACL +XZ +LZ4 +SECCOMP +BLKID +ELFUTILS +KMOD +IDN)
[    7.914578] systemd[1]: Detected architecture arm.
[    7.957017] systemd[1]: Set hostname to <arm>.
[    9.081636] systemd[1]: Started Dispatch Password Requests to Console Directory Watch.
[    9.125605] systemd[1]: Set up automount Arbitrary Executable File Formats File System Automount Point.
[    9.164709] systemd[1]: Started Forward Password Requests to Wall Directory Watch.
[    9.205394] systemd[1]: Created slice System Slice.
[    9.245204] systemd[1]: Created slice system-serial\x2dgetty.slice.
[    9.285053] systemd[1]: Created slice User and Session Slice.
[    9.325853] systemd[1]: Listening on udev Control Socket.
[   11.531445] systemd-journald[85]: Received request to flush runtime journal from PID 1
[   14.029280] leds-gpio leds: using DT '/leds/led2' for '(default)' GPIO lookup
[   14.029388] of_get_named_gpiod_flags: parsed 'gpios' property of node '/leds/led2[0]' - status (0)
[   14.029447] gpio gpiochip0: Persistence not supported for GPIO 21
[   14.029463] gpio-533 (?): no flags found for GPIO (default)
[   14.075174] leds-gpio leds: using DT '/leds/led3' for '(default)' GPIO lookup
[   14.075290] of_get_named_gpiod_flags: parsed 'gpios' property of node '/leds/led3[0]' - status (0)
[   14.075350] gpio gpiochip0: Persistence not supported for GPIO 22
[   14.075365] gpio-534 (?): no flags found for GPIO (default)
[   14.107658] leds-gpio leds: using DT '/leds/led4' for '(default)' GPIO lookup
[   14.107762] of_get_named_gpiod_flags: parsed 'gpios' property of node '/leds/led4[0]' - status (0)
[   14.107816] gpio gpiochip0: Persistence not supported for GPIO 23
[   14.107833] gpio-535 (?): no flags found for GPIO (default)
[   14.157389] leds-gpio leds: using DT '/leds/led5' for '(default)' GPIO lookup
[   14.157628] of_get_named_gpiod_flags: parsed 'gpios' property of node '/leds/led5[0]' - status (0)
[   14.157688] gpio gpiochip0: Persistence not supported for GPIO 24
[   14.157705] gpio-536 (?): no flags found for GPIO (default)
[   14.650740] remoteproc remoteproc0: wkup_m3 is available
[   14.708219] wkup_m3_ipc 44e11324.wkup_m3_ipc: IPC Request for A8->M3 Channel failed! -517
[   15.067532] at24 2-0054: supply vcc not found, using dummy regulator
[   15.090740] omap_wdt: OMAP Watchdog Timer Rev 0x01: initial timeout 60 sec
[   15.099916] wkup_m3_ipc 44e11324.wkup_m3_ipc: IPC Request for A8->M3 Channel failed! -517
[   15.137289] omap_rtc 44e3e000.rtc: registered as rtc0
[   15.142498] omap_rtc 44e3e000.rtc: setting system clock to 2000-01-01T00:00:00 UTC (946684800)
[   15.151370] omap_rtc 44e3e000.rtc: using DT '/ocp/interconnect@44c00000/segment@200000/target-module@3e000/rtc@0' for 'wp' GPIO lookup
[   15.151457] of_get_named_gpiod_flags: can't parse 'wp-gpios' property of node '/ocp/interconnect@44c00000/segment@200000/target-module@3e000/rtc@0[0]'
[   15.151510] of_get_named_gpiod_flags: can't parse 'wp-gpio' property of node '/ocp/interconnect@44c00000/segment@200000/target-module@3e000/rtc@0[0]'
[   15.151553] omap_rtc 44e3e000.rtc: using lookup tables for GPIO lookup
[   15.151568] omap_rtc 44e3e000.rtc: No GPIO consumer wp found
[   15.215786] wkup_m3_ipc 44e11324.wkup_m3_ipc: IPC Request for A8->M3 Channel failed! -517
[   15.238387] at24 2-0055: supply vcc not found, using dummy regulator
[   15.327850] am335x-phy-driver 47401300.usb-phy: using DT '/ocp/target-module@47400000/usb-phy@1300' for 'reset' GPIO lookup
[   15.327946] of_get_named_gpiod_flags: can't parse 'reset-gpios' property of node '/ocp/target-module@47400000/usb-phy@1300[0]'
[   15.327992] of_get_named_gpiod_flags: can't parse 'reset-gpio' property of node '/ocp/target-module@47400000/usb-phy@1300[0]'
[   15.328031] am335x-phy-driver 47401300.usb-phy: using lookup tables for GPIO lookup
[   15.328047] am335x-phy-driver 47401300.usb-phy: No GPIO consumer reset found
[   15.328062] am335x-phy-driver 47401300.usb-phy: using DT '/ocp/target-module@47400000/usb-phy@1300' for 'vbus-detect' GPIO lookup
[   15.328094] of_get_named_gpiod_flags: can't parse 'vbus-detect-gpios' property of node '/ocp/target-module@47400000/usb-phy@1300[0]'
[   15.328127] of_get_named_gpiod_flags: can't parse 'vbus-detect-gpio' property of node '/ocp/target-module@47400000/usb-phy@1300[0]'
[   15.328155] am335x-phy-driver 47401300.usb-phy: using lookup tables for GPIO lookup
[   15.328167] am335x-phy-driver 47401300.usb-phy: No GPIO consumer vbus-detect found
[   15.328314] am335x-phy-driver 47401300.usb-phy: dummy supplies not allowed for exclusive requests (id=vbus)
[   15.355574] at24 2-0056: supply vcc not found, using dummy regulator
[   15.364725] wkup_m3_ipc 44e11324.wkup_m3_ipc: IPC Request for A8->M3 Channel failed! -517
[   15.457540] at24 2-0057: supply vcc not found, using dummy regulator
[   15.572686] at24 0-0050: using DT '/ocp/interconnect@44c00000/segment@200000/target-module@b000/i2c@0/baseboard_eeprom@50' for 'wp' GPIO lookup
[   15.572806] of_get_named_gpiod_flags: can't parse 'wp-gpios' property of node '/ocp/interconnect@44c00000/segment@200000/target-module@b000/i2c@0/baseboard_eeprom@50[0]'
[   15.572870] of_get_named_gpiod_flags: can't parse 'wp-gpio' property of node '/ocp/interconnect@44c00000/segment@200000/target-module@b000/i2c@0/baseboard_eeprom@50[0]'
[   15.572919] at24 0-0050: using lookup tables for GPIO lookup
[   15.572933] at24 0-0050: No GPIO consumer wp found
[   15.573222] at24 0-0050: 32768 byte 24c256 EEPROM, writable, 1 bytes/write
[   15.585718] wkup_m3_ipc 44e11324.wkup_m3_ipc: IPC Request for A8->M3 Channel failed! -517
[   15.604563] usbcore: registered new interface driver usbfs
[   15.610209] usbcore: registered new interface driver hub
[   15.615783] usbcore: registered new device driver usb
[   15.692451] am335x-phy-driver 47401b00.usb-phy: using DT '/ocp/target-module@47400000/usb-phy@1b00' for 'reset' GPIO lookup
[   15.692543] of_get_named_gpiod_flags: can't parse 'reset-gpios' property of node '/ocp/target-module@47400000/usb-phy@1b00[0]'
[   15.692590] of_get_named_gpiod_flags: can't parse 'reset-gpio' property of node '/ocp/target-module@47400000/usb-phy@1b00[0]'
[   15.692629] am335x-phy-driver 47401b00.usb-phy: using lookup tables for GPIO lookup
[   15.692644] am335x-phy-driver 47401b00.usb-phy: No GPIO consumer reset found
[   15.692659] am335x-phy-driver 47401b00.usb-phy: using DT '/ocp/target-module@47400000/usb-phy@1b00' for 'vbus-detect' GPIO lookup
[   15.692692] of_get_named_gpiod_flags: can't parse 'vbus-detect-gpios' property of node '/ocp/target-module@47400000/usb-phy@1b00[0]'
[   15.692726] of_get_named_gpiod_flags: can't parse 'vbus-detect-gpio' property of node '/ocp/target-module@47400000/usb-phy@1b00[0]'
[   15.692754] am335x-phy-driver 47401b00.usb-phy: using lookup tables for GPIO lookup
[   15.692766] am335x-phy-driver 47401b00.usb-phy: No GPIO consumer vbus-detect found
[   15.692913] am335x-phy-driver 47401b00.usb-phy: dummy supplies not allowed for exclusive requests (id=vbus)
[   15.715636] wkup_m3_ipc 44e11324.wkup_m3_ipc: IPC Request for A8->M3 Channel failed! -517
[   15.786015] tps6521x_pwrbutton tps65217-pwrbutton: DMA mask not set
[   15.917401] input: tps65217_pwrbutton as /devices/platform/ocp/44c00000.interconnect/44c00000.interconnect:segment@200000/44e0b000.target-module/44e0b000.i2c/i2c-0/0-0024/tps65217-pwrbutton/input/input0
[   15.940764] wkup_m3_ipc 44e11324.wkup_m3_ipc: IPC Request for A8->M3 Channel failed! -517
[   16.031791] wkup_m3_ipc 44e11324.wkup_m3_ipc: IPC Request for A8->M3 Channel failed! -517
[   16.739902] wkup_m3_ipc 44e11324.wkup_m3_ipc: IPC Request for A8->M3 Channel failed! -517
[   16.850535] musb-hdrc musb-hdrc.1: MUSB HDRC host driver
[   16.856190] musb-hdrc musb-hdrc.1: new USB bus registered, assigned bus number 1
[   16.884061] wkup_m3_ipc 44e11324.wkup_m3_ipc: IPC Request for A8->M3 Channel failed! -517
[   16.976871] usb usb1: New USB device found, idVendor=1d6b, idProduct=0002, bcdDevice= 6.11
[   16.985414] usb usb1: New USB device strings: Mfr=3, Product=2, SerialNumber=1
[   16.992682] usb usb1: Product: MUSB HDRC host driver
[   16.997745] usb usb1: Manufacturer: Linux 6.11.0-gc0336be59afc musb-hcd
[   17.004429] usb usb1: SerialNumber: musb-hdrc.1
[   17.131574] hub 1-0:1.0: USB hub found
[   17.220128] hub 1-0:1.0: 1 port detected
[   17.275426] wkup_m3_ipc 44e11324.wkup_m3_ipc: IPC Request for A8->M3 Channel failed! -517
[   17.377019] wkup_m3_ipc 44e11324.wkup_m3_ipc: IPC Request for A8->M3 Channel failed! -517
[   17.417852] omap-mailbox 480c8000.mailbox: omap mailbox rev 0x400
[   17.566102] remoteproc remoteproc0: powering up wkup_m3
[   17.804872] remoteproc remoteproc0: Direct firmware load for am335x-pm-firmware.elf failed with error -2
[   17.814622] remoteproc remoteproc0: request_firmware failed: -2
[   17.820582] wkup_m3_ipc 44e11324.wkup_m3_ipc: rproc_boot failed
[   17.861704] tda998x 0-0070: found TDA19988
[   19.227822] tilcdc 4830e000.lcdc: bound 0-0070 (ops tda998x_driver_exit [tda998x])
[   19.281850] omap_rng 48310000.rng: Random Number Generator ver. 20
[   19.388116] [drm] Initialized tilcdc 1.0.0 for 4830e000.lcdc on minor 0
[   19.458453] tilcdc 4830e000.lcdc: [drm] Cannot find any crtc or sizes
[   19.491421] tilcdc 4830e000.lcdc: [drm] Cannot find any crtc or sizes
[   20.306280] PM: Cannot get wkup_m3_ipc handle
[   20.550064] omap-sham 53100000.sham: hw accel on OMAP rev 4.3
[   20.674042] omap-sham 53100000.sham: will run requests pump with realtime priority
[   20.682695] PM: Cannot get wkup_m3_ipc handle
[   20.869004] omap-aes 53500000.aes: OMAP AES hw accel rev: 3.2
[   21.026895] omap-aes 53500000.aes: will run requests pump with realtime priority
[   21.035526] PM: Cannot get wkup_m3_ipc handle
[   23.784807] Bluetooth: Core ver 2.22
[   23.788625] NET: Registered PF_BLUETOOTH protocol family
[   23.794155] Bluetooth: HCI device and connection manager initialized
[   23.800572] Bluetooth: HCI socket layer initialized
[   23.805572] Bluetooth: L2CAP socket layer initialized
[   23.810729] Bluetooth: SCO socket layer initialized
[   24.601738] PM: Cannot get wkup_m3_ipc handle
[   24.607747] asoc-simple-card sound: using DT '/sound' for 'simple-audio-card,hp-det' GPIO lookup
[   24.607819] of_get_named_gpiod_flags: can't parse 'simple-audio-card,hp-det-gpios' property of node '/sound[0]'
[   24.607856] of_get_named_gpiod_flags: can't parse 'simple-audio-card,hp-det-gpio' property of node '/sound[0]'
[   24.607881] asoc-simple-card sound: using lookup tables for GPIO lookup
[   24.607895] asoc-simple-card sound: No GPIO consumer simple-audio-card,hp-det found
[   24.607910] asoc-simple-card sound: using DT '/sound' for 'simple-audio-card,mic-det' GPIO lookup
[   24.607934] of_get_named_gpiod_flags: can't parse 'simple-audio-card,mic-det-gpios' property of node '/sound[0]'
[   24.607960] of_get_named_gpiod_flags: can't parse 'simple-audio-card,mic-det-gpio' property of node '/sound[0]'
[   24.607980] asoc-simple-card sound: using lookup tables for GPIO lookup
[   24.607992] asoc-simple-card sound: No GPIO consumer simple-audio-card,mic-det found
[   24.759494] PM: Cannot get wkup_m3_ipc handle
[   29.032145] userial_init: registered 8 ttyGS* devices
[   29.509728] rndis_register: configNr = 0
[   29.672477] udc musb-hdrc.0: binding gadget driver [g_multi]
[   29.672572] configfs-gadget.g_multi gadget.0: adding 'rndis'/dd8af31f to config 'c'/a5be4731
[   29.673702] configfs-gadget.g_multi gadget.0: HOST MAC 1c:ba:8c:a2:ed:6c
[   29.680727] configfs-gadget.g_multi gadget.0: MAC 1c:ba:8c:a2:ed:70
[   29.687377] rndis_set_param_medium: 0 0
[   29.687404] configfs-gadget.g_multi gadget.0: RNDIS: IN/ep1in OUT/ep1out NOTIFY/ep2in
[   29.687420] configfs-gadget.g_multi gadget.0: adding 'cdc_ethernet'/2301648a to config 'c'/a5be4731
[   29.688395] configfs-gadget.g_multi gadget.0: HOST MAC 1c:ba:8c:a2:ed:6c
[   29.695280] configfs-gadget.g_multi gadget.0: MAC 1c:ba:8c:a2:ed:6d
[   29.701614] configfs-gadget.g_multi gadget.0: CDC Ethernet: IN/ep3in OUT/ep2out NOTIFY/ep4in
[   29.701634] configfs-gadget.g_multi gadget.0: adding 'acm'/08e08fa1 to config 'c'/a5be4731
[   29.701674] configfs-gadget.g_multi gadget.0: acm ttyGS0: IN/ep5in OUT/ep3out NOTIFY/ep6in
[   29.708300] PM: Cannot get wkup_m3_ipc handle
[   31.690123] configfs-gadget.g_multi gadget.0: eth_open
[   34.604966] gs_open: ttyGS0 (b8ca85d0,49072a66)
[   34.605129] gs_close: ttyGS0 (b8ca85d0,49072a66) ...
[   34.605153] gs_close: ttyGS0 (b8ca85d0,49072a66) done!
[   34.605322] gs_open: ttyGS0 (6b7759fb,49072a66)
[   34.605395] gs_close: ttyGS0 (6b7759fb,49072a66) ...
[   34.605413] gs_close: ttyGS0 (6b7759fb,49072a66) done!
[   34.674569] gs_open: ttyGS0 (788524a6,3d3601ac)
[   34.674809] gs_close: ttyGS0 (788524a6,3d3601ac) ...
[   34.674839] gs_close: ttyGS0 (788524a6,3d3601ac) done!
[   34.675049] gs_open: ttyGS0 (34478bf7,3d3601ac)
XOSAOEPAVZ 0
root@arm:~# echo 'HUVN''FVCLFZ'
HUVNFVCLFZ
root@arm:~# MARKER='BEFK''WONSZP' run 'modprobe test_linear_ranges'
BEFKWONSZPBEFKWONSZP 0
root@arm:~# echo 'EXTN''JVHHSJ'
EXTNJVHHSJ
root@arm:~# MARKER='SZOE''LBTHXN' run dmesg
SZOELBTHXN[    0.000000] Booting Linux on physical CPU 0x0
[    0.000000] Linux version 6.11.0-gc0336be59afc (user01@drvtest01) (arm-linux-gnueabihf-gcc (Linaro GCC 6.4-2017.11) 6.4.1 20171012, GNU ld (Linaro_Binutils-2017.11) 2.27.0.20161229) #1 SMP Mon Sep 30 12:43:49 EEST 2024
[    0.000000] CPU: ARMv7 Processor [413fc082] revision 2 (ARMv7), cr=10c5387d
[    0.000000] CPU: PIPT / VIPT nonaliasing data cache, VIPT aliasing instruction cache
[    0.000000] OF: fdt: Machine model: TI AM335x BeagleBone Black
[    0.000000] Memory policy: Data cache writeback
[    0.000000] cma: Reserved 16 MiB at 0x9e800000 on node -1
[    0.000000] Zone ranges:
[    0.000000]   Normal   [mem 0x0000000080000000-0x000000009fdfffff]
[    0.000000]   HighMem  empty
[    0.000000] Movable zone start for each node
[    0.000000] Early memory node ranges
[    0.000000]   node   0: [mem 0x0000000080000000-0x000000009fdfffff]
[    0.000000] Initmem setup node 0 [mem 0x0000000080000000-0x000000009fdfffff]
[    0.000000] CPU: All CPU(s) started in SVC mode.
[    0.000000] AM335X ES2.1 (sgx neon)
[    0.000000] percpu: Embedded 17 pages/cpu s39628 r8192 d21812 u69632
[    0.000000] pcpu-alloc: s39628 r8192 d21812 u69632 alloc=17*4096
[    0.000000] pcpu-alloc: [0] 0 
[    0.000000] Kernel command line: console=ttyO0,115200n8 root=/dev/nfs rw nfsroot=192.168.255.126:/home/user01/nfs,nfsvers=3 ip=192.168.255.4:192.168.255.126::255.255.255.0:bbb1:eth0 nfsrootdebug
[    0.000000] Unknown kernel command line parameters "nfsrootdebug", will be passed to user space.
[    0.000000] Dentry cache hash table entries: 65536 (order: 6, 262144 bytes, linear)
[    0.000000] Inode-cache hash table entries: 32768 (order: 5, 131072 bytes, linear)
[    0.000000] Built 1 zonelists, mobility grouping on.  Total pages: 130560
[    0.000000] mem auto-init: stack:off, heap alloc:off, heap free:off
[    0.000000] SLUB: HWalign=64, Order=0-3, MinObjects=0, CPUs=1, Nodes=1
[    0.000000] trace event string verifier disabled
[    0.000000] rcu: Hierarchical RCU implementation.
[    0.000000] rcu: 	RCU event tracing is enabled.
[    0.000000] rcu: 	RCU restricting CPUs from NR_CPUS=2 to nr_cpu_ids=1.
[    0.000000] rcu: RCU calculated value of scheduler-enlistment delay is 10 jiffies.
[    0.000000] rcu: Adjusting geometry for rcu_fanout_leaf=16, nr_cpu_ids=1
[    0.000000] NR_IRQS: 16, nr_irqs: 16, preallocated irqs: 16
[    0.000000] IRQ: Found an INTC at 0x(ptrval) (revision 5.0) with 128 interrupts
[    0.000000] rcu: srcu_init: Setting srcu_struct sizes based on contention.
[    0.000000] TI gptimer clocksource: always-on /ocp/interconnect@44c00000/segment@200000/target-module@31000
[    0.000002] sched_clock: 32 bits at 24MHz, resolution 41ns, wraps every 89478484971ns
[    0.000028] clocksource: dmtimer: mask: 0xffffffff max_cycles: 0xffffffff, max_idle_ns: 79635851949 ns
[    0.000503] TI gptimer clockevent: 24000000 Hz at /ocp/interconnect@48000000/segment@0/target-module@40000
[    0.002142] Console: colour dummy device 80x30
[    0.002210] WARNING: Your 'console=ttyO0' has been replaced by 'ttyS0'
[    0.002221] This ensures that you still see kernel messages. Please
[    0.002227] update your kernel commandline.
[    0.002272] Calibrating delay loop... 996.14 BogoMIPS (lpj=4980736)
[    0.090557] CPU: Testing write buffer coherency: ok
[    0.090662] CPU0: Spectre v2: using BPIALL workaround
[    0.090674] pid_max: default: 32768 minimum: 301
[    0.090798] LSM: initializing lsm=capability
[    0.090964] Mount-cache hash table entries: 1024 (order: 0, 4096 bytes, linear)
[    0.090986] Mountpoint-cache hash table entries: 1024 (order: 0, 4096 bytes, linear)
[    0.092520] CPU0: thread -1, cpu 0, socket -1, mpidr 0
[    0.094245] Setting up static identity map for 0x80100000 - 0x80100078
[    0.094556] rcu: Hierarchical SRCU implementation.
[    0.094570] rcu: 	Max phase no-delay instances is 1000.
[    0.096246] smp: Bringing up secondary CPUs ...
[    0.096308] smp: Brought up 1 node, 1 CPU
[    0.096324] SMP: Total of 1 processors activated (996.14 BogoMIPS).
[    0.096338] CPU: All CPU(s) started in SVC mode.
[    0.096531] Memory: 480876K/522240K available (11264K kernel code, 1197K rwdata, 2856K rodata, 1024K init, 297K bss, 23344K reserved, 16384K cma-reserved, 0K highmem)
[    0.097335] devtmpfs: initialized
[    0.113711] VFP support v0.3: implementor 41 architecture 3 part 30 variant c rev 3
[    0.114063] clocksource: jiffies: mask: 0xffffffff max_cycles: 0xffffffff, max_idle_ns: 19112604462750000 ns
[    0.114101] futex hash table entries: 256 (order: 2, 16384 bytes, linear)
[    0.115388] pinctrl core: initialized pinctrl subsystem
[    0.118124] NET: Registered PF_NETLINK/PF_ROUTE protocol family
[    0.121123] DMA: preallocated 256 KiB pool for atomic coherent allocations
[    0.122094] audit: initializing netlink subsys (disabled)
[    0.123471] thermal_sys: Registered thermal governor 'fair_share'
[    0.123489] thermal_sys: Registered thermal governor 'step_wise'
[    0.123499] thermal_sys: Registered thermal governor 'user_space'
[    0.123615] audit: type=2000 audit(0.120:1): state=initialized audit_enabled=0 res=1
[    0.123685] cpuidle: using governor menu
[    0.142847] No ATAGs?
[    0.142881] hw-breakpoint: debug architecture 0x4 unsupported.
[    0.145780] kprobes: kprobe jump-optimization is enabled. All kprobes are optimized if possible.
[    0.164083] iommu: Default domain type: Translated
[    0.164112] iommu: DMA domain TLB invalidation policy: strict mode
[    0.165689] reg-fixed-voltage fixedregulator0: using DT '/fixedregulator0' for '(default)' GPIO lookup
[    0.165747] of_get_named_gpiod_flags: can't parse 'gpios' property of node '/fixedregulator0[0]'
[    0.165778] of_get_named_gpiod_flags: can't parse 'gpio' property of node '/fixedregulator0[0]'
[    0.165798] reg-fixed-voltage fixedregulator0: using lookup tables for GPIO lookup
[    0.165811] reg-fixed-voltage fixedregulator0: No GPIO consumer (default) found
[    0.171445] SCSI subsystem initialized
[    0.181053] libata version 3.00 loaded.
[    0.181424] pps_core: LinuxPPS API ver. 1 registered
[    0.181436] pps_core: Software ver. 5.3.6 - Copyright 2005-2007 Rodolfo Giometti <giometti@linux.it>
[    0.181462] PTP clock support registered
[    0.183418] vgaarb: loaded
[    0.183809] clocksource: Switched to clocksource dmtimer
[    0.184403] VFS: Disk quotas dquot_6.6.0
[    0.184452] VFS: Dquot-cache hash table entries: 1024 (order 0, 4096 bytes)
[    0.210588] NET: Registered PF_INET protocol family
[    0.210945] IP idents hash table entries: 8192 (order: 4, 65536 bytes, linear)
[    0.212333] tcp_listen_portaddr_hash hash table entries: 512 (order: 0, 4096 bytes, linear)
[    0.212375] Table-perturb hash table entries: 65536 (order: 6, 262144 bytes, linear)
[    0.212393] TCP established hash table entries: 4096 (order: 2, 16384 bytes, linear)
[    0.212437] TCP bind hash table entries: 4096 (order: 4, 65536 bytes, linear)
[    0.212538] TCP: Hash tables configured (established 4096 bind 4096)
[    0.212663] UDP hash table entries: 256 (order: 1, 8192 bytes, linear)
[    0.212692] UDP-Lite hash table entries: 256 (order: 1, 8192 bytes, linear)
[    0.212867] NET: Registered PF_UNIX/PF_LOCAL protocol family
[    0.214234] RPC: Registered named UNIX socket transport module.
[    0.214263] RPC: Registered udp transport module.
[    0.214271] RPC: Registered tcp transport module.
[    0.214278] RPC: Registered tcp-with-tls transport module.
[    0.214285] RPC: Registered tcp NFSv4.1 backchannel transport module.
[    0.214310] PCI: CLS 0 bytes, default 64
[    0.215745] Initialise system trusted keyrings
[    0.224505] workingset: timestamp_bits=14 max_order=17 bucket_order=3
[    0.225816] NFS: Registering the id_resolver key type
[    0.225914] Key type id_resolver registered
[    0.225924] Key type id_legacy registered
[    0.225974] jffs2: version 2.2. (NAND) (SUMMARY)  Â© 2001-2006 Red Hat, Inc.
[    0.226372] Key type asymmetric registered
[    0.226389] Asymmetric key parser 'x509' registered
[    0.226457] io scheduler mq-deadline registered
[    0.226470] io scheduler kyber registered
[    0.226539] io scheduler bfq registered
[    0.244044] Serial: 8250/16550 driver, 6 ports, IRQ sharing enabled
[    0.307344] brd: module loaded
[    0.318500] loop: module loaded
[    0.319423] mtdoops: mtd device (mtddev=name/number) must be supplied
[    0.335348] mdio_bus fixed-0: using lookup tables for GPIO lookup
[    0.335381] mdio_bus fixed-0: No GPIO consumer reset found
[    0.336779] i2c_dev: i2c /dev entries driver
[    0.337748] cpuidle: enable-method property 'ti,am3352' found operations
[    0.338200] sdhci: Secure Digital Host Controller Interface driver
[    0.338211] sdhci: Copyright(c) Pierre Ossman
[    0.338386] sdhci-pltfm: SDHCI platform and OF driver helper
[    0.338740] ledtrig-cpu: registered to indicate activity on CPUs
[    0.339683] Initializing XFRM netlink socket
[    0.339812] NET: Registered PF_INET6 protocol family
[    0.341628] Segment Routing with IPv6
[    0.341723] In-situ OAM (IOAM) with IPv6
[    0.341823] sit: IPv6, IPv4 and MPLS over IPv4 tunneling driver
[    0.342765] NET: Registered PF_PACKET protocol family
[    0.342807] NET: Registered PF_KEY protocol family
[    0.342927] Key type dns_resolver registered
[    0.343188] ThumbEE CPU extension supported.
[    0.343211] Registering SWP/SWPB emulation handler
[    0.343741] omap_voltage_late_init: Voltage driver support not added
[    0.344237] SmartReflex Class3 initialized
[    0.364767] Loading compiled-in X.509 certificates
[    0.423350] gpiochip_find_base_unlocked: found new base at 512
[    0.432100] platform 44e10800.pinmux: Fixed dependency cycle(s) with /ocp/interconnect@44c00000/segment@200000/target-module@10000/scm@0/pinmux@800/clkout2-pins
[    0.432671] pinctrl-single 44e10800.pinmux: 142 pins, size 568
[    0.438011] ti-sysc 44e31000.target-module: probe with driver ti-sysc failed with error -16
[    0.474948] ti-sysc 48040000.target-module: probe with driver ti-sysc failed with error -16
[    0.485958] gpiochip_find_base_unlocked: found new base at 512
[    0.486073] gpio gpiochip0: (gpio-0-31): created GPIO range 0->7 ==> 44e10800.pinmux PIN 0->7
[    0.486096] gpio gpiochip0: (gpio-0-31): created GPIO range 8->11 ==> 44e10800.pinmux PIN 90->93
[    0.486113] gpio gpiochip0: (gpio-0-31): created GPIO range 12->27 ==> 44e10800.pinmux PIN 12->27
[    0.486130] gpio gpiochip0: (gpio-0-31): created GPIO range 28->31 ==> 44e10800.pinmux PIN 30->33
[    0.514179] gpio gpiochip0: (gpio-0-31): added GPIO chardev (254:0)
[    0.514372] gpio gpiochip0: registered GPIOs 512 to 543 on gpio-0-31
[    0.514460] OMAP GPIO hardware version 0.1
[    0.550890] i2c i2c-2: using DT '/ocp/interconnect@48000000/segment@100000/target-module@9c000/i2c@0' for 'scl' GPIO lookup
[    0.550994] of_get_named_gpiod_flags: can't parse 'scl-gpios' property of node '/ocp/interconnect@48000000/segment@100000/target-module@9c000/i2c@0[0]'
[    0.551042] of_get_named_gpiod_flags: can't parse 'scl-gpio' property of node '/ocp/interconnect@48000000/segment@100000/target-module@9c000/i2c@0[0]'
[    0.551082] i2c i2c-2: using lookup tables for GPIO lookup
[    0.551095] i2c i2c-2: No GPIO consumer scl found
[    0.551118] i2c i2c-2: using DT '/ocp/interconnect@48000000/segment@100000/target-module@9c000/i2c@0' for 'sda' GPIO lookup
[    0.551157] of_get_named_gpiod_flags: can't parse 'sda-gpios' property of node '/ocp/interconnect@48000000/segment@100000/target-module@9c000/i2c@0[0]'
[    0.551197] of_get_named_gpiod_flags: can't parse 'sda-gpio' property of node '/ocp/interconnect@48000000/segment@100000/target-module@9c000/i2c@0[0]'
[    0.551231] i2c i2c-2: using lookup tables for GPIO lookup
[    0.551241] i2c i2c-2: No GPIO consumer sda found
[    0.551938] omap_i2c 4819c000.i2c: bus 2 rev0.11 at 100 kHz
[    0.557554] gpiochip_find_base_unlocked: found new base at 544
[    0.557668] gpio gpiochip1: (gpio-32-63): created GPIO range 0->17 ==> 44e10800.pinmux PIN 34->51
[    0.557691] gpio gpiochip1: (gpio-32-63): created GPIO range 18->21 ==> 44e10800.pinmux PIN 77->80
[    0.557708] gpio gpiochip1: (gpio-32-63): created GPIO range 22->31 ==> 44e10800.pinmux PIN 56->65
[    0.574536] gpio gpiochip1: (gpio-32-63): added GPIO chardev (254:1)
[    0.574694] gpio gpiochip1: registered GPIOs 544 to 575 on gpio-32-63
[    0.576882] gpiochip_find_base_unlocked: found new base at 576
[    0.577001] gpio gpiochip2: (gpio-64-95): created GPIO range 0->4 ==> 44e10800.pinmux PIN 66->70
[    0.577023] gpio gpiochip2: (gpio-64-95): created GPIO range 5->6 ==> 44e10800.pinmux PIN 98->99
[    0.577041] gpio gpiochip2: (gpio-64-95): created GPIO range 7->8 ==> 44e10800.pinmux PIN 75->76
[    0.577058] gpio gpiochip2: (gpio-64-95): created GPIO range 13->13 ==> 44e10800.pinmux PIN 141->141
[    0.577076] gpio gpiochip2: (gpio-64-95): created GPIO range 14->21 ==> 44e10800.pinmux PIN 100->107
[    0.577678] gpio gpiochip2: (gpio-64-95): added GPIO chardev (254:2)
[    0.577814] gpio gpiochip2: registered GPIOs 576 to 607 on gpio-64-95
[    0.583153] 48000000.interconnect:segment@200000:target-module@0:mpu@0:fck: device ID is greater than 24
[    0.587559] platform 4830e000.lcdc: Fixed dependency cycle(s) with /ocp/interconnect@44c00000/segment@200000/target-module@b000/i2c@0/tda19988@70
[    0.596855] mdio_bus 4a101000.mdio: using DT '/ocp/interconnect@4a000000/segment@0/target-module@100000/switch@0/mdio@1000' for 'reset' GPIO lookup
[    0.596938] of_get_named_gpiod_flags: can't parse 'reset-gpios' property of node '/ocp/interconnect@4a000000/segment@0/target-module@100000/switch@0/mdio@1000[0]'
[    0.596989] of_get_named_gpiod_flags: can't parse 'reset-gpio' property of node '/ocp/interconnect@4a000000/segment@0/target-module@100000/switch@0/mdio@1000[0]'
[    0.597039] mdio_bus 4a101000.mdio: using lookup tables for GPIO lookup
[    0.597052] mdio_bus 4a101000.mdio: No GPIO consumer reset found
[    0.598908] sdhci-omap 481d8000.mmc: using DT '/ocp/interconnect@48000000/segment@100000/target-module@d8000/mmc@0' for 'wp' GPIO lookup
[    0.598982] of_get_named_gpiod_flags: can't parse 'wp-gpios' property of node '/ocp/interconnect@48000000/segment@100000/target-module@d8000/mmc@0[0]'
[    0.599029] of_get_named_gpiod_flags: can't parse 'wp-gpio' property of node '/ocp/interconnect@48000000/segment@100000/target-module@d8000/mmc@0[0]'
[    0.599068] sdhci-omap 481d8000.mmc: using lookup tables for GPIO lookup
[    0.599080] sdhci-omap 481d8000.mmc: No GPIO consumer wp found
[    0.599283] sdhci-omap 481d8000.mmc: supply pbias not found, using dummy regulator
[    0.599752] sdhci-omap 481d8000.mmc: supply vqmmc not found, using dummy regulator
[    0.675522] davinci_mdio 4a101000.mdio: davinci mdio revision 1.6, bus freq 1000000
[    0.699907] mdio_bus 4a101000.mdio:00: using DT '/ocp/interconnect@4a000000/segment@0/target-module@100000/switch@0/mdio@1000/ethernet-phy@0' for 'reset' GPIO lookup
[    0.700016] of_get_named_gpiod_flags: parsed 'reset-gpios' property of node '/ocp/interconnect@4a000000/segment@0/target-module@100000/switch@0/mdio@1000/ethernet-phy@0[0]' - status (0)
[    0.700186] gpio gpiochip0: Persistence not supported for GPIO 8
[    0.792772] davinci_mdio 4a101000.mdio: phy[0]: device 4a101000.mdio:00, driver SMSC LAN8710/LAN8720
[    0.793420] cpsw-switch 4a100000.switch: initialized cpsw ale version 1.4
[    0.793447] cpsw-switch 4a100000.switch: ALE Table size 1024
[    0.824582] cpsw-switch 4a100000.switch: cpts: overflow check period 500 (jiffies)
[    0.824613] cpsw-switch 4a100000.switch: CPTS: ref_clk_freq:250000000 calc_mult:2147483648 calc_shift:29 error:0 nsec/sec
[    0.824736] cpsw-switch 4a100000.switch: Detected MACID = 18:2c:65:25:1d:6e
[    0.826560] cpsw-switch 4a100000.switch: initialized (regs 0x4a100000, pool size 256) hw_ver:0019010C 1.12 (0)
[    0.837543] debugfs: Directory '49000000.dma' with parent 'dmaengine' already present!
[    0.837591] edma 49000000.dma: TI EDMA DMA engine driver
[    0.877617] target-module@4b000000:target-module@140000:pmu@0:fck: device ID is greater than 24
[    0.898977] hw perfevents: enabled with armv7_cortex_a8 PMU driver, 5 counters available
[    0.899861] gpio-clk clk_mcasp0: using DT '/clk_mcasp0' for 'enable' GPIO lookup
[    0.899932] of_get_named_gpiod_flags: parsed 'enable-gpios' property of node '/clk_mcasp0[0]' - status (0)
[    0.899978] gpio gpiochip0: Persistence not supported for GPIO 27
[    0.900788] gpiochip_find_base_unlocked: found new base at 608
[    0.900913] gpio gpiochip3: (gpio-96-127): created GPIO range 0->7 ==> 44e10800.pinmux PIN 82->89
[    0.900936] gpio gpiochip3: (gpio-96-127): created GPIO range 8->11 ==> 44e10800.pinmux PIN 52->55
[    0.900955] gpio gpiochip3: (gpio-96-127): created GPIO range 12->15 ==> 44e10800.pinmux PIN 94->97
[    0.900972] gpio gpiochip3: (gpio-96-127): created GPIO range 16->17 ==> 44e10800.pinmux PIN 71->72
[    0.900989] gpio gpiochip3: (gpio-96-127): created GPIO range 18->18 ==> 44e10800.pinmux PIN 135->135
[    0.901007] gpio gpiochip3: (gpio-96-127): created GPIO range 19->20 ==> 44e10800.pinmux PIN 108->109
[    0.901025] gpio gpiochip3: (gpio-96-127): created GPIO range 21->21 ==> 44e10800.pinmux PIN 73->73
[    0.901044] gpio gpiochip3: (gpio-96-127): created GPIO range 22->23 ==> 44e10800.pinmux PIN 8->9
[    0.901062] gpio gpiochip3: (gpio-96-127): created GPIO range 26->27 ==> 44e10800.pinmux PIN 10->11
[    0.901081] gpio gpiochip3: (gpio-96-127): created GPIO range 28->28 ==> 44e10800.pinmux PIN 74->74
[    0.901102] gpio gpiochip3: (gpio-96-127): created GPIO range 29->29 ==> 44e10800.pinmux PIN 81->81
[    0.901121] gpio gpiochip3: (gpio-96-127): created GPIO range 30->31 ==> 44e10800.pinmux PIN 28->29
[    0.906621] l3-aon-clkctrl:0000:0: failed to disable
[    0.915265] gpio gpiochip3: (gpio-96-127): added GPIO chardev (254:3)
[    0.915422] gpio gpiochip3: registered GPIOs 608 to 639 on gpio-96-127
[    0.917425] omap8250 44e09000.serial: using DT '/ocp/interconnect@44c00000/segment@200000/target-module@9000/serial@0' for 'rs485-term' GPIO lookup
[    0.917502] of_get_named_gpiod_flags: can't parse 'rs485-term-gpios' property of node '/ocp/interconnect@44c00000/segment@200000/target-module@9000/serial@0[0]'
[    0.917547] of_get_named_gpiod_flags: can't parse 'rs485-term-gpio' property of node '/ocp/interconnect@44c00000/segment@200000/target-module@9000/serial@0[0]'
[    0.917587] omap8250 44e09000.serial: using lookup tables for GPIO lookup
[    0.917598] omap8250 44e09000.serial: No GPIO consumer rs485-term found
[    0.917610] omap8250 44e09000.serial: using DT '/ocp/interconnect@44c00000/segment@200000/target-module@9000/serial@0' for 'rs485-rx-during-tx' GPIO lookup
[    0.917648] of_get_named_gpiod_flags: can't parse 'rs485-rx-during-tx-gpios' property of node '/ocp/interconnect@44c00000/segment@200000/target-module@9000/serial@0[0]'
[    0.917688] of_get_named_gpiod_flags: can't parse 'rs485-rx-during-tx-gpio' property of node '/ocp/interconnect@44c00000/segment@200000/target-module@9000/serial@0[0]'
[    0.917723] omap8250 44e09000.serial: using lookup tables for GPIO lookup
[    0.917733] omap8250 44e09000.serial: No GPIO consumer rs485-rx-during-tx found
[    0.918095] 44e09000.serial: ttyS0 at MMIO 0x44e09000 (irq = 34, base_baud = 3000000) is a 8250
[    0.918185] printk: legacy console [ttyS0] enabled
[    2.140768] i2c i2c-0: using DT '/ocp/interconnect@44c00000/segment@200000/target-module@b000/i2c@0' for 'scl' GPIO lookup
[    2.140856] of_get_named_gpiod_flags: can't parse 'scl-gpios' property of node '/ocp/interconnect@44c00000/segment@200000/target-module@b000/i2c@0[0]'
[    2.140904] of_get_named_gpiod_flags: can't parse 'scl-gpio' property of node '/ocp/interconnect@44c00000/segment@200000/target-module@b000/i2c@0[0]'
[    2.140946] i2c i2c-0: using lookup tables for GPIO lookup
[    2.140960] i2c i2c-0: No GPIO consumer scl found
[    2.140986] i2c i2c-0: using DT '/ocp/interconnect@44c00000/segment@200000/target-module@b000/i2c@0' for 'sda' GPIO lookup
[    2.141026] of_get_named_gpiod_flags: can't parse 'sda-gpios' property of node '/ocp/interconnect@44c00000/segment@200000/target-module@b000/i2c@0[0]'
[    2.141068] of_get_named_gpiod_flags: can't parse 'sda-gpio' property of node '/ocp/interconnect@44c00000/segment@200000/target-module@b000/i2c@0[0]'
[    2.141104] i2c i2c-0: using lookup tables for GPIO lookup
[    2.141115] i2c i2c-0: No GPIO consumer sda found
[    2.164839] tps65217-pmic: Failed to locate of_node [id: -1]
[    2.170905] tps65217-bl: Failed to locate of_node [id: -1]
[    2.182034] tps65217 0-0024: TPS65217 ID 0xe version 1.2
[    2.188180] platform 4830e000.lcdc: Fixed dependency cycle(s) with /ocp/interconnect@44c00000/segment@200000/target-module@b000/i2c@0/tda19988@70
[    2.201612] i2c 0-0070: Fixed dependency cycle(s) with /ocp/interconnect@48000000/segment@300000/target-module@e000/lcdc@0
[    2.213019] omap_i2c 44e0b000.i2c: bus 0 rev0.11 at 400 kHz
[    2.221046] sdhci-omap 48060000.mmc: using DT '/ocp/interconnect@48000000/segment@0/target-module@60000/mmc@0' for 'cd' GPIO lookup
[    2.221160] of_get_named_gpiod_flags: parsed 'cd-gpios' property of node '/ocp/interconnect@48000000/segment@0/target-module@60000/mmc@0[0]' - status (0)
[    2.221231] gpio gpiochip3: Persistence not supported for GPIO 6
[    2.221256] omap_gpio 44e07000.gpio: Could not set line 6 debounce to 200000 microseconds (-22)
[    2.230167] sdhci-omap 48060000.mmc: Got CD GPIO
[    2.234864] sdhci-omap 48060000.mmc: using DT '/ocp/interconnect@48000000/segment@0/target-module@60000/mmc@0' for 'wp' GPIO lookup
[    2.234915] of_get_named_gpiod_flags: can't parse 'wp-gpios' property of node '/ocp/interconnect@48000000/segment@0/target-module@60000/mmc@0[0]'
[    2.234961] of_get_named_gpiod_flags: can't parse 'wp-gpio' property of node '/ocp/interconnect@48000000/segment@0/target-module@60000/mmc@0[0]'
[    2.235002] sdhci-omap 48060000.mmc: using lookup tables for GPIO lookup
[    2.235017] sdhci-omap 48060000.mmc: No GPIO consumer wp found
[    2.235231] sdhci-omap 48060000.mmc: supply pbias not found, using dummy regulator
[    2.245343] sdhci-omap 481d8000.mmc: using DT '/ocp/interconnect@48000000/segment@100000/target-module@d8000/mmc@0' for 'wp' GPIO lookup
[    2.245427] of_get_named_gpiod_flags: can't parse 'wp-gpios' property of node '/ocp/interconnect@48000000/segment@100000/target-module@d8000/mmc@0[0]'
[    2.245476] of_get_named_gpiod_flags: can't parse 'wp-gpio' property of node '/ocp/interconnect@48000000/segment@100000/target-module@d8000/mmc@0[0]'
[    2.245519] sdhci-omap 481d8000.mmc: using lookup tables for GPIO lookup
[    2.245532] sdhci-omap 481d8000.mmc: No GPIO consumer wp found
[    2.246023] sdhci-omap 48060000.mmc: supply vqmmc not found, using dummy regulator
[    2.254756] sdhci-omap 481d8000.mmc: supply pbias not found, using dummy regulator
[    2.263207] sdhci-omap 481d8000.mmc: supply vqmmc not found, using dummy regulator
[    2.302450] mmc1: SDHCI controller on 481d8000.mmc [481d8000.mmc] using External DMA
[    2.310930] mmc0: SDHCI controller on 48060000.mmc [48060000.mmc] using External DMA
[    2.319783] cpsw-switch 4a100000.switch: starting ndev. mode: dual_mac
[    2.373491] mmc1: new high speed MMC card at address 0001
[    2.380338] mmcblk1: mmc1:0001 MK2704 3.53 GiB
[    2.387848]  mmcblk1: p1
[    2.391600] mmcblk1boot0: mmc1:0001 MK2704 2.00 MiB
[    2.398984] mmcblk1boot1: mmc1:0001 MK2704 2.00 MiB
[    2.406320] mmcblk1rpmb: mmc1:0001 MK2704 512 KiB, chardev (250:0)
[    2.413055] SMSC LAN8710/LAN8720 4a101000.mdio:00: attached PHY driver (mii_bus:phy_addr=4a101000.mdio:00, irq=POLL)
[    5.524566] cpsw-switch 4a100000.switch eth0: Link is Up - 100Mbps/Full - flow control off
[    5.573860] IP-Config: Complete:
[    5.577138]      device=eth0, hwaddr=18:2c:65:25:1d:6e, ipaddr=192.168.255.4, mask=255.255.255.0, gw=255.255.255.255
[    5.587764]      host=bbb1, domain=, nis-domain=(none)
[    5.592932]      bootserver=192.168.255.126, rootserver=192.168.255.126, rootpath=
[    5.593360] clk: Disabling unused clocks
[    5.605213] PM: genpd: Disabling unused power domains
[    5.610334] KTAP version 1
[    5.613055] 1..0
[    5.645200] VFS: Mounted root (nfs filesystem) on device 0:17.
[    5.652010] devtmpfs: mounted
[    5.656864] Freeing unused kernel image (initmem) memory: 1024K
[    5.663440] Run /sbin/init as init process
[    5.667658]   with arguments:
[    5.667674]     /sbin/init
[    5.667683]     nfsrootdebug
[    5.667692]   with environment:
[    5.667701]     HOME=/
[    5.667710]     TERM=linux
[    6.370918] systemd[1]: System time before build time, advancing clock.
[    7.823830] random: crng init done
[    7.895581] systemd[1]: systemd 232 running in system mode. (+PAM +AUDIT +SELINUX +IMA +APPARMOR +SMACK +SYSVINIT +UTMP +LIBCRYPTSETUP +GCRYPT +GNUTLS +ACL +XZ +LZ4 +SECCOMP +BLKID +ELFUTILS +KMOD +IDN)
[    7.914578] systemd[1]: Detected architecture arm.
[    7.957017] systemd[1]: Set hostname to <arm>.
[    9.081636] systemd[1]: Started Dispatch Password Requests to Console Directory Watch.
[    9.125605] systemd[1]: Set up automount Arbitrary Executable File Formats File System Automount Point.
[    9.164709] systemd[1]: Started Forward Password Requests to Wall Directory Watch.
[    9.205394] systemd[1]: Created slice System Slice.
[    9.245204] systemd[1]: Created slice system-serial\x2dgetty.slice.
[    9.285053] systemd[1]: Created slice User and Session Slice.
[    9.325853] systemd[1]: Listening on udev Control Socket.
[   11.531445] systemd-journald[85]: Received request to flush runtime journal from PID 1
[   14.029280] leds-gpio leds: using DT '/leds/led2' for '(default)' GPIO lookup
[   14.029388] of_get_named_gpiod_flags: parsed 'gpios' property of node '/leds/led2[0]' - status (0)
[   14.029447] gpio gpiochip0: Persistence not supported for GPIO 21
[   14.029463] gpio-533 (?): no flags found for GPIO (default)
[   14.075174] leds-gpio leds: using DT '/leds/led3' for '(default)' GPIO lookup
[   14.075290] of_get_named_gpiod_flags: parsed 'gpios' property of node '/leds/led3[0]' - status (0)
[   14.075350] gpio gpiochip0: Persistence not supported for GPIO 22
[   14.075365] gpio-534 (?): no flags found for GPIO (default)
[   14.107658] leds-gpio leds: using DT '/leds/led4' for '(default)' GPIO lookup
[   14.107762] of_get_named_gpiod_flags: parsed 'gpios' property of node '/leds/led4[0]' - status (0)
[   14.107816] gpio gpiochip0: Persistence not supported for GPIO 23
[   14.107833] gpio-535 (?): no flags found for GPIO (default)
[   14.157389] leds-gpio leds: using DT '/leds/led5' for '(default)' GPIO lookup
[   14.157628] of_get_named_gpiod_flags: parsed 'gpios' property of node '/leds/led5[0]' - status (0)
[   14.157688] gpio gpiochip0: Persistence not supported for GPIO 24
[   14.157705] gpio-536 (?): no flags found for GPIO (default)
[   14.650740] remoteproc remoteproc0: wkup_m3 is available
[   14.708219] wkup_m3_ipc 44e11324.wkup_m3_ipc: IPC Request for A8->M3 Channel failed! -517
[   15.067532] at24 2-0054: supply vcc not found, using dummy regulator
[   15.090740] omap_wdt: OMAP Watchdog Timer Rev 0x01: initial timeout 60 sec
[   15.099916] wkup_m3_ipc 44e11324.wkup_m3_ipc: IPC Request for A8->M3 Channel failed! -517
[   15.137289] omap_rtc 44e3e000.rtc: registered as rtc0
[   15.142498] omap_rtc 44e3e000.rtc: setting system clock to 2000-01-01T00:00:00 UTC (946684800)
[   15.151370] omap_rtc 44e3e000.rtc: using DT '/ocp/interconnect@44c00000/segment@200000/target-module@3e000/rtc@0' for 'wp' GPIO lookup
[   15.151457] of_get_named_gpiod_flags: can't parse 'wp-gpios' property of node '/ocp/interconnect@44c00000/segment@200000/target-module@3e000/rtc@0[0]'
[   15.151510] of_get_named_gpiod_flags: can't parse 'wp-gpio' property of node '/ocp/interconnect@44c00000/segment@200000/target-module@3e000/rtc@0[0]'
[   15.151553] omap_rtc 44e3e000.rtc: using lookup tables for GPIO lookup
[   15.151568] omap_rtc 44e3e000.rtc: No GPIO consumer wp found
[   15.215786] wkup_m3_ipc 44e11324.wkup_m3_ipc: IPC Request for A8->M3 Channel failed! -517
[   15.238387] at24 2-0055: supply vcc not found, using dummy regulator
[   15.327850] am335x-phy-driver 47401300.usb-phy: using DT '/ocp/target-module@47400000/usb-phy@1300' for 'reset' GPIO lookup
[   15.327946] of_get_named_gpiod_flags: can't parse 'reset-gpios' property of node '/ocp/target-module@47400000/usb-phy@1300[0]'
[   15.327992] of_get_named_gpiod_flags: can't parse 'reset-gpio' property of node '/ocp/target-module@47400000/usb-phy@1300[0]'
[   15.328031] am335x-phy-driver 47401300.usb-phy: using lookup tables for GPIO lookup
[   15.328047] am335x-phy-driver 47401300.usb-phy: No GPIO consumer reset found
[   15.328062] am335x-phy-driver 47401300.usb-phy: using DT '/ocp/target-module@47400000/usb-phy@1300' for 'vbus-detect' GPIO lookup
[   15.328094] of_get_named_gpiod_flags: can't parse 'vbus-detect-gpios' property of node '/ocp/target-module@47400000/usb-phy@1300[0]'
[   15.328127] of_get_named_gpiod_flags: can't parse 'vbus-detect-gpio' property of node '/ocp/target-module@47400000/usb-phy@1300[0]'
[   15.328155] am335x-phy-driver 47401300.usb-phy: using lookup tables for GPIO lookup
[   15.328167] am335x-phy-driver 47401300.usb-phy: No GPIO consumer vbus-detect found
[   15.328314] am335x-phy-driver 47401300.usb-phy: dummy supplies not allowed for exclusive requests (id=vbus)
[   15.355574] at24 2-0056: supply vcc not found, using dummy regulator
[   15.364725] wkup_m3_ipc 44e11324.wkup_m3_ipc: IPC Request for A8->M3 Channel failed! -517
[   15.457540] at24 2-0057: supply vcc not found, using dummy regulator
[   15.572686] at24 0-0050: using DT '/ocp/interconnect@44c00000/segment@200000/target-module@b000/i2c@0/baseboard_eeprom@50' for 'wp' GPIO lookup
[   15.572806] of_get_named_gpiod_flags: can't parse 'wp-gpios' property of node '/ocp/interconnect@44c00000/segment@200000/target-module@b000/i2c@0/baseboard_eeprom@50[0]'
[   15.572870] of_get_named_gpiod_flags: can't parse 'wp-gpio' property of node '/ocp/interconnect@44c00000/segment@200000/target-module@b000/i2c@0/baseboard_eeprom@50[0]'
[   15.572919] at24 0-0050: using lookup tables for GPIO lookup
