Labgrid Console Logfile for main
Logfile started at 2024-09-25 12:00:05.783671
=== Log starts here ===
 
** Unable to use mmc 0:1 for loading the env **
Board: BeagleBone Black
<ethaddr> not set. Validating first E-fuse MAC
BeagleBone Black:
BeagleBone: cape eeprom: i2c_probe: 0x54:
BeagleBone: cape eeprom: i2c_probe: 0x55:
BeagleBone: cape eeprom: i2c_probe: 0x56:
BeagleBone: cape eeprom: i2c_probe: 0x57:
Net:   eth0: MII MODE
cpsw, usb_ether
Press SPACE to abort autoboot in 0 seconds
board_name=[A335BNLT] ...
board_rev=[00C0] ...
switch to partitions #0, OK
mmc0 is current device
SD/MMC found on device 0
switch to partitions #0, OK
mmc0 is current device
Scanning mmc 0:1...
gpio: pin 56 (gpio 56) value is 0
gpio: pin 55 (gpio 55) value is 0
gpio: pin 54 (gpio 54) value is 0
gpio: pin 53 (gpio 53) value is 1
switch to partitions #0, OK
mmc0 is current device
gpio: pin 54 (gpio 54) value is 1
Checking for: /uEnv.txt ...
569 bytes read in 2 ms (277.3 KiB/s)
gpio: pin 55 (gpio 55) value is 1
Loaded environment from /uEnv.txt
Importing environment from mmc ...
Checking if uenvcmd is set ...
gpio: pin 56 (gpio 56) value is 1
Running uenvcmd ...
cpsw Waiting for PHY auto negotiation to complete.. done
link up on port 0, speed 100, full duplex
Using cpsw device
TFTP from server 192.168.255.126; our IP address is 192.168.255.4
Filename 'zImage'.
Load address: 0x81000000
Loading: *#################################################################
	 #################################################################
	 #################################################################
	 #################################################################
	 #################################################################
	 ##############################################
	 3.1 MiB/s
done
Bytes transferred = 5444560 (5313d0 hex)
link up on port 0, speed 100, full duplex
Using cpsw device
TFTP from server 192.168.255.126; our IP address is 192.168.255.4
Filename 'am335x-boneblack.dtb'.
Load address: 0x82000000
Loading: *#######
	 2.7 MiB/s
done
Bytes transferred = 97996 (17ecc hex)
## Flattened Device Tree blob at 82000000
   Booting using the fdt blob at 0x82000000
   Loading Device Tree to 8ffe5000, end 8ffffecb ... OK

Starting kernel ...

[    0.000000] Booting Linux on physical CPU 0x0
[    0.000000] Linux version 6.11.0-g73ea23d406f1 (user01@drvtest01) (arm-linux-gnueabihf-gcc (Linaro GCC 6.4-2017.11) 6.4.1 20171012, GNU ld (Linaro_Binutils-2017.11) 2.27.0.20161229) #15 SMP Tue Sep 24 15:25:50 EEST 2024
[    0.000000] CPU: ARMv7 Processor [413fc082] revision 2 (ARMv7), cr=10c5387d
[    0.000000] CPU: PIPT / VIPT nonaliasing data cache, VIPT aliasing instruction cache
[    0.000000] OF: fdt: Machine model: TI AM335x BeagleBone Black
[    0.000000] Memory policy: Data cache writeback
[    0.000000] cma: Reserved 16 MiB at 0x9e800000 on node -1
[    0.000000] Zone ranges:
[    0.000000]   Normal   [mem 0x0000000080000000-0x000000009fdfffff]
[    0.000000]   HighMem  empty
[    0.000000] Movable zone start for each node
[    0.000000] Early memory node ranges
[    0.000000]   node   0: [mem 0x0000000080000000-0x000000009fdfffff]
[    0.000000] Initmem setup node 0 [mem 0x0000000080000000-0x000000009fdfffff]
[    0.000000] CPU: All CPU(s) started in SVC mode.
[    0.000000] AM335X ES2.1 (sgx neon)
[    0.000000] percpu: Embedded 17 pages/cpu s39628 r8192 d21812 u69632
[    0.000000] Kernel command line: console=ttyO0,115200n8 root=/dev/nfs rw nfsroot=192.168.255.126:/home/user01/nfs,nfsvers=3 ip=192.168.255.4:192.168.255.126::255.255.255.0:bbb1:eth0 nfsrootdebug
[    0.000000] Unknown kernel command line parameters "nfsrootdebug", will be passed to user space.
[    0.000000] Dentry cache hash table entries: 65536 (order: 6, 262144 bytes, linear)
[    0.000000] Inode-cache hash table entries: 32768 (order: 5, 131072 bytes, linear)
[    0.000000] Built 1 zonelists, mobility grouping on.  Total pages: 130560
[    0.000000] mem auto-init: stack:off, heap alloc:off, heap free:off
[    0.000000] SLUB: HWalign=64, Order=0-3, MinObjects=0, CPUs=1, Nodes=1
[    0.000000] trace event string verifier disabled
[    0.000000] rcu: Hierarchical RCU implementation.
[    0.000000] rcu: 	RCU event tracing is enabled.
[    0.000000] rcu: 	RCU restricting CPUs from NR_CPUS=2 to nr_cpu_ids=1.
[    0.000000] rcu: RCU calculated value of scheduler-enlistment delay is 10 jiffies.
[    0.000000] rcu: Adjusting geometry for rcu_fanout_leaf=16, nr_cpu_ids=1
[    0.000000] NR_IRQS: 16, nr_irqs: 16, preallocated irqs: 16
[    0.000000] IRQ: Found an INTC at 0x(ptrval) (revision 5.0) with 128 interrupts
[    0.000000] rcu: srcu_init: Setting srcu_struct sizes based on contention.
[    0.000000] TI gptimer clocksource: always-on /ocp/interconnect@44c00000/segment@200000/target-module@31000
[    0.000003] sched_clock: 32 bits at 24MHz, resolution 41ns, wraps every 89478484971ns
[    0.000028] clocksource: dmtimer: mask: 0xffffffff max_cycles: 0xffffffff, max_idle_ns: 79635851949 ns
[    0.000511] TI gptimer clockevent: 24000000 Hz at /ocp/interconnect@48000000/segment@0/target-module@40000
[    0.002146] Console: colour dummy device 80x30
[    0.002215] WARNING: Your 'console=ttyO0' has been replaced by 'ttyS0'
[    0.002225] This ensures that you still see kernel messages. Please
[    0.002231] update your kernel commandline.
[    0.002274] Calibrating delay loop... 996.14 BogoMIPS (lpj=4980736)
[    0.090566] CPU: Testing write buffer coherency: ok
[    0.090673] CPU0: Spectre v2: using BPIALL workaround
[    0.090686] pid_max: default: 32768 minimum: 301
[    0.090811] LSM: initializing lsm=capability
[    0.090983] Mount-cache hash table entries: 1024 (order: 0, 4096 bytes, linear)
[    0.091007] Mountpoint-cache hash table entries: 1024 (order: 0, 4096 bytes, linear)
[    0.092548] CPU0: thread -1, cpu 0, socket -1, mpidr 0
[    0.094253] Setting up static identity map for 0x80100000 - 0x80100078
[    0.094559] rcu: Hierarchical SRCU implementation.
[    0.094572] rcu: 	Max phase no-delay instances is 1000.
[    0.096227] smp: Bringing up secondary CPUs ...
[    0.096284] smp: Brought up 1 node, 1 CPU
[    0.096299] SMP: Total of 1 processors activated (996.14 BogoMIPS).
[    0.096314] CPU: All CPU(s) started in SVC mode.
[    0.096506] Memory: 480876K/522240K available (11264K kernel code, 1197K rwdata, 2856K rodata, 1024K init, 297K bss, 23344K reserved, 16384K cma-reserved, 0K highmem)
[    0.097316] devtmpfs: initialized
[    0.113719] VFP support v0.3: implementor 41 architecture 3 part 30 variant c rev 3
[    0.114071] clocksource: jiffies: mask: 0xffffffff max_cycles: 0xffffffff, max_idle_ns: 19112604462750000 ns
[    0.114108] futex hash table entries: 256 (order: 2, 16384 bytes, linear)
[    0.115361] pinctrl core: initialized pinctrl subsystem
[    0.118085] NET: Registered PF_NETLINK/PF_ROUTE protocol family
[    0.121086] DMA: preallocated 256 KiB pool for atomic coherent allocations
[    0.122055] audit: initializing netlink subsys (disabled)
[    0.123428] thermal_sys: Registered thermal governor 'fair_share'
[    0.123450] thermal_sys: Registered thermal governor 'step_wise'
[    0.123462] thermal_sys: Registered thermal governor 'user_space'
[    0.123581] audit: type=2000 audit(0.120:1): state=initialized audit_enabled=0 res=1
[    0.123655] cpuidle: using governor menu
[    0.142784] No ATAGs?
[    0.142816] hw-breakpoint: debug architecture 0x4 unsupported.
[    0.145724] kprobes: kprobe jump-optimization is enabled. All kprobes are optimized if possible.
[    0.164029] iommu: Default domain type: Translated
[    0.164057] iommu: DMA domain TLB invalidation policy: strict mode
[    0.171385] SCSI subsystem initialized
[    0.181394] pps_core: LinuxPPS API ver. 1 registered
[    0.181407] pps_core: Software ver. 5.3.6 - Copyright 2005-2007 Rodolfo Giometti <giometti@linux.it>
[    0.181434] PTP clock support registered
[    0.183348] vgaarb: loaded
[    0.183740] clocksource: Switched to clocksource dmtimer
[    0.184333] VFS: Disk quotas dquot_6.6.0
[    0.184380] VFS: Dquot-cache hash table entries: 1024 (order 0, 4096 bytes)
[    0.209075] NET: Registered PF_INET protocol family
[    0.209433] IP idents hash table entries: 8192 (order: 4, 65536 bytes, linear)
[    0.210823] tcp_listen_portaddr_hash hash table entries: 512 (order: 0, 4096 bytes, linear)
[    0.210865] Table-perturb hash table entries: 65536 (order: 6, 262144 bytes, linear)
[    0.210883] TCP established hash table entries: 4096 (order: 2, 16384 bytes, linear)
[    0.210927] TCP bind hash table entries: 4096 (order: 4, 65536 bytes, linear)
[    0.211028] TCP: Hash tables configured (established 4096 bind 4096)
[    0.211151] UDP hash table entries: 256 (order: 1, 8192 bytes, linear)
[    0.211182] UDP-Lite hash table entries: 256 (order: 1, 8192 bytes, linear)
[    0.211361] NET: Registered PF_UNIX/PF_LOCAL protocol family
[    0.224740] RPC: Registered named UNIX socket transport module.
[    0.224770] RPC: Registered udp transport module.
[    0.224777] RPC: Registered tcp transport module.
[    0.224783] RPC: Registered tcp-with-tls transport module.
[    0.224790] RPC: Registered tcp NFSv4.1 backchannel transport module.
[    0.224817] PCI: CLS 0 bytes, default 64
[    0.226275] Initialise system trusted keyrings
[    0.227357] workingset: timestamp_bits=14 max_order=17 bucket_order=3
[    0.228627] NFS: Registering the id_resolver key type
[    0.228701] Key type id_resolver registered
[    0.228711] Key type id_legacy registered
[    0.228762] jffs2: version 2.2. (NAND) (SUMMARY)  Â© 2001-2006 Red Hat, Inc.
[    0.229219] Key type asymmetric registered
[    0.229239] Asymmetric key parser 'x509' registered
[    0.229302] io scheduler mq-deadline registered
[    0.229314] io scheduler kyber registered
[    0.229387] io scheduler bfq registered
[    0.243902] Serial: 8250/16550 driver, 6 ports, IRQ sharing enabled
[    0.306923] brd: module loaded
[    0.332479] loop: module loaded
[    0.333426] mtdoops: mtd device (mtddev=name/number) must be supplied
[    0.336722] i2c_dev: i2c /dev entries driver
[    0.337689] cpuidle: enable-method property 'ti,am3352' found operations
[    0.338144] sdhci: Secure Digital Host Controller Interface driver
[    0.338157] sdhci: Copyright(c) Pierre Ossman
[    0.338334] sdhci-pltfm: SDHCI platform and OF driver helper
[    0.338614] ledtrig-cpu: registered to indicate activity on CPUs
[    0.339543] Initializing XFRM netlink socket
[    0.339667] NET: Registered PF_INET6 protocol family
[    0.341541] Segment Routing with IPv6
[    0.341640] In-situ OAM (IOAM) with IPv6
[    0.341739] sit: IPv6, IPv4 and MPLS over IPv4 tunneling driver
[    0.342674] NET: Registered PF_PACKET protocol family
[    0.342716] NET: Registered PF_KEY protocol family
[    0.342833] Key type dns_resolver registered
[    0.343089] ThumbEE CPU extension supported.
[    0.343114] Registering SWP/SWPB emulation handler
[    0.343643] omap_voltage_late_init: Voltage driver support not added
[    0.344197] SmartReflex Class3 initialized
[    0.387300] Loading compiled-in X.509 certificates
[    0.442993] platform 44e10800.pinmux: Fixed dependency cycle(s) with /ocp/interconnect@44c00000/segment@200000/target-module@10000/scm@0/pinmux@800/clkout2-pins
[    0.443566] pinctrl-single 44e10800.pinmux: 142 pins, size 568
[    0.448820] ti-sysc 44e31000.target-module: probe with driver ti-sysc failed with error -16
[    0.500699] ti-sysc 48040000.target-module: probe with driver ti-sysc failed with error -16
[    0.537789] OMAP GPIO hardware version 0.1
[    0.556479] omap_i2c 4819c000.i2c: bus 2 rev0.11 at 100 kHz
[    0.583100] 48000000.interconnect:segment@200000:target-module@0:mpu@0:fck: device ID is greater than 24
[    0.587497] platform 4830e000.lcdc: Fixed dependency cycle(s) with /ocp/interconnect@44c00000/segment@200000/target-module@b000/i2c@0/tda19988@70
[    0.599471] sdhci-omap 481d8000.mmc: supply pbias not found, using dummy regulator
[    0.599935] sdhci-omap 481d8000.mmc: supply vqmmc not found, using dummy regulator
[    0.687566] davinci_mdio 4a101000.mdio: davinci mdio revision 1.6, bus freq 1000000
[    0.792795] davinci_mdio 4a101000.mdio: phy[0]: device 4a101000.mdio:00, driver SMSC LAN8710/LAN8720
[    0.793433] cpsw-switch 4a100000.switch: initialized cpsw ale version 1.4
[    0.793460] cpsw-switch 4a100000.switch: ALE Table size 1024
[    0.812897] cpsw-switch 4a100000.switch: cpts: overflow check period 500 (jiffies)
[    0.812929] cpsw-switch 4a100000.switch: CPTS: ref_clk_freq:250000000 calc_mult:2147483648 calc_shift:29 error:0 nsec/sec
[    0.813050] cpsw-switch 4a100000.switch: Detected MACID = 18:2c:65:25:1d:6e
[    0.815048] cpsw-switch 4a100000.switch: initialized (regs 0x4a100000, pool size 256) hw_ver:0019010C 1.12 (0)
[    0.826029] debugfs: Directory '49000000.dma' with parent 'dmaengine' already present!
[    0.826078] edma 49000000.dma: TI EDMA DMA engine driver
[    0.878163] target-module@4b000000:target-module@140000:pmu@0:fck: device ID is greater than 24
[    0.907194] hw perfevents: enabled with armv7_cortex_a8 PMU driver, 5 counters available
[    0.914822] l3-aon-clkctrl:0000:0: failed to disable
[    0.938365] 44e09000.serial: ttyS0 at MMIO 0x44e09000 (irq = 34, base_baud = 3000000) is a 8250
[    0.938454] printk: legacy console [ttyS0] enabled
[    2.144928] tps65217-pmic: Failed to locate of_node [id: -1]
[    2.151031] tps65217-bl: Failed to locate of_node [id: -1]
[    2.162196] tps65217 0-0024: TPS65217 ID 0xe version 1.2
[    2.168350] platform 4830e000.lcdc: Fixed dependency cycle(s) with /ocp/interconnect@44c00000/segment@200000/target-module@b000/i2c@0/tda19988@70
[    2.181765] i2c 0-0070: Fixed dependency cycle(s) with /ocp/interconnect@48000000/segment@300000/target-module@e000/lcdc@0
[    2.193199] omap_i2c 44e0b000.i2c: bus 0 rev0.11 at 400 kHz
[    2.201410] omap_gpio 44e07000.gpio: Could not set line 6 debounce to 200000 microseconds (-22)
[    2.210322] sdhci-omap 48060000.mmc: Got CD GPIO
[    2.215384] sdhci-omap 48060000.mmc: supply pbias not found, using dummy regulator
[    2.226272] sdhci-omap 48060000.mmc: supply vqmmc not found, using dummy regulator
[    2.234782] sdhci-omap 481d8000.mmc: supply pbias not found, using dummy regulator
[    2.242774] sdhci-omap 481d8000.mmc: supply vqmmc not found, using dummy regulator
[    2.281009] mmc1: SDHCI controller on 481d8000.mmc [481d8000.mmc] using External DMA
[    2.290190] mmc0: SDHCI controller on 48060000.mmc [48060000.mmc] using External DMA
[    2.298910] cpsw-switch 4a100000.switch: starting ndev. mode: dual_mac
[    2.353535] mmc1: new high speed MMC card at address 0001
[    2.360378] mmcblk1: mmc1:0001 MK2704 3.53 GiB
[    2.367905]  mmcblk1: p1
[    2.371675] mmcblk1boot0: mmc1:0001 MK2704 2.00 MiB
[    2.379065] mmcblk1boot1: mmc1:0001 MK2704 2.00 MiB
[    2.386415] mmcblk1rpmb: mmc1:0001 MK2704 512 KiB, chardev (250:0)
[    2.393151] SMSC LAN8710/LAN8720 4a101000.mdio:00: attached PHY driver (mii_bus:phy_addr=4a101000.mdio:00, irq=POLL)
[    4.484495] cpsw-switch 4a100000.switch eth0: Link is Up - 100Mbps/Full - flow control off
[    4.533788] IP-Config: Complete:
[    4.537066]      device=eth0, hwaddr=18:2c:65:25:1d:6e, ipaddr=192.168.255.4, mask=255.255.255.0, gw=255.255.255.255
[    4.547690]      host=bbb1, domain=, nis-domain=(none)
[    4.552857]      bootserver=192.168.255.126, rootserver=192.168.255.126, rootpath=
[    4.553283] clk: Disabling unused clocks
[    4.565118] PM: genpd: Disabling unused power domains
[    4.570238] KTAP version 1
[    4.572959] 1..0
[    4.597445] VFS: Mounted root (nfs filesystem) on device 0:17.
[    4.604388] devtmpfs: mounted
[    4.609048] Freeing unused kernel image (initmem) memory: 1024K
[    4.615838] Run /sbin/init as init process
[    5.303607] systemd[1]: System time before build time, advancing clock.
[    6.793758] random: crng init done
[    6.865742] systemd[1]: systemd 232 running in system mode. (+PAM +AUDIT +SELINUX +IMA +APPARMOR +SMACK +SYSVINIT +UTMP +LIBCRYPTSETUP +GCRYPT +GNUTLS +ACL +XZ +LZ4 +SECCOMP +BLKID +ELFUTILS +KMOD +IDN)
[    6.884805] systemd[1]: Detected architecture arm.

Welcome to [1mDebian GNU/Linux 9 (stretch)[0m!

[    6.926715] systemd[1]: Set hostname to <arm>.
[    8.000779] systemd[1]: Started Dispatch Password Requests to Console Directory Watch.
[[0;32m  OK  [0m] Started Dispatch Password Requests to Console Directory Watch.
[    8.045386] systemd[1]: Created slice System Slice.
[[0;32m  OK  [0m] Created slice System Slice.
[    8.084290] systemd[1]: dev-hugepages.mount: Couldn't determine result for ConditionVirtualization=!private-users, assuming failed: No such file or directory
[    8.098784] systemd[1]: Reached target Swap.
[[0;32m  OK  [0m] Reached target Swap.
[    8.134354] systemd[1]: Listening on udev Kernel Socket.
[[0;32m  OK  [0m] Listening on udev Kernel Socket.
[    8.175702] systemd[1]: Listening on /dev/initctl Compatibility Named Pipe.
[[0;32m  OK  [0m] Listening on /dev/initctl Compatibility Named Pipe.
[    8.215601] systemd[1]: Listening on Syslog Socket.
[[0;32m  OK  [0m] Listening on Syslog Socket.
         Mounting Debug File System...
[[0;32m  OK  [0m] Set up automount Arbitrary Executabâ€¦rmats File System Automount Point.
[[0;32m  OK  [0m] Created slice system-serial\x2dgetty.slice.
[[0;32m  OK  [0m] Listening on udev Control Socket.
[[0;32m  OK  [0m] Created slice system-getty.slice.
[[0;32m  OK  [0m] Created slice User and Session Slice.
[[0;32m  OK  [0m] Reached target Remote File Systems.
         Mounting POSIX Message Queue File System...
[[0;32m  OK  [0m] Listening on Journal Socket.
         Starting Remount Root and Kernel File Systems...
         Starting Create list of required stâ€¦ce nodes for the current kernel...
         Starting Load Kernel Modules...
[[0;32m  OK  [0m] Listening on Journal Audit Socket.
[[0;32m  OK  [0m] Started Forward Password Requests to Wall Directory Watch.
[[0;32m  OK  [0m] Reached target Encrypted Volumes.
[[0;32m  OK  [0m] Reached target Paths.
[[0;32m  OK  [0m] Reached target Slices.
[[0;32m  OK  [0m] Listening on Journal Socket (/dev/log).
         Starting Journal Service...
[[0;32m  OK  [0m] Mounted POSIX Message Queue File System.
[[0;32m  OK  [0m] Mounted Debug File System.
[[0;32m  OK  [0m] Started Remount Root and Kernel File Systems.
[[0;32m  OK  [0m] Started Create list of required staâ€¦vice nodes for the current kernel.
[[0;32m  OK  [0m] Started Load Kernel Modules.
         Mounting Configuration File System...
         Starting Apply Kernel Variables...
         Starting Create Static Device Nodes in /dev...
         Starting Load/Save Random Seed...
         Starting udev Coldplug all Devices...
[[0;32m  OK  [0m] Mounted Configuration File System.
[[0;32m  OK  [0m] Started Apply Kernel Variables.
[[0;32m  OK  [0m] Started Load/Save Random Seed.
[[0;32m  OK  [0m] Started Journal Service.
         Starting Flush Journal to Persistent Storage...
[[0;32m  OK  [0m] Started Create Static Device Nodes in /dev.
         Starting udev Kernel Device Manager...
[[0;32m  OK  [0m] Reached target Local File Systems (Pre).
[[0;32m  OK  [0m] Reached target Local File Systems.
         Starting Raise network interfaces...
[   10.210864] systemd-journald[86]: Received request to flush runtime journal from PID 1
[[0;32m  OK  [0m] Started Flush Journal to Persistent Storage.
         Starting Create Volatile Files and Directories...
[[0;32m  OK  [0m] Started udev Kernel Device Manager.
[[0;32m  OK  [0m] Started Create Volatile Files and Directories.
         Starting Update UTMP about System Boot/Shutdown...
         Starting Network Time Synchronization...
[[0;32m  OK  [0m] Started Update UTMP about System Boot/Shutdown.
[[0;32m  OK  [0m] Started Network Time Synchronization.
[[0;32m  OK  [0m] Reached target System Time Synchronized.
[[0;32m  OK  [0m] Started udev Coldplug all Devices.
[[0;32m  OK  [0m] Reached target System Initialization.
[[0;32m  OK  [0m] Started Daily apt download activities.
[[0;32m  OK  [0m] Started Daily apt upgrade and clean activities.
[[0;32m  OK  [0m] Listening on D-Bus System Message Bus Socket.
[[0;32m  OK  [0m] Listening on Avahi mDNS/DNS-SD Stack Activation Socket.
[[0;32m  OK  [0m] Reached target Sockets.
[[0;32m  OK  [0m] Reached target Basic System.
         Starting DUN service...
[   13.665595] remoteproc remoteproc0: wkup_m3 is available
         Starting Cape Manager Service...
         Starting LSB: Start busybox udhcpd at boot time...
[   13.831707] omap_rtc 44e3e000.rtc: registered as rtc0
[   13.837084] omap_rtc 44e3e000.rtc: setting system clock to 2000-01-01T00:00:00 UTC (946684800)
         Starting Generic Board Startup...
[   14.005632] omap_wdt: OMAP Watchdog Timer Rev 0x01: initial timeout 60 sec
[   14.188611] at24 2-0054: supply vcc not found, using dummy regulator
[[0;32m  OK  [0m] Started Regular background program processing daemon.
[   14.386154] at24 2-0055: supply vcc not found, using dummy regulator
         Starting System Logging Service...
[   14.510659] tps6521x_pwrbutton tps65217-pwrbutton: DMA mask not set
[   14.555865] at24 2-0056: supply vcc not found, using dummy regulator
         Starting LSB: Load kernel modules needed to enable cpuf[   14.677853] input: tps65217_pwrbutton as /devices/platform/ocp/44c00000.interconnect/44c00000.interconnect:segment@200000/44e0b000.target-module/44e0b000.i2c/i2c-0/0-0024/tps65217-pwrbutton/input/input0
req scaling...
[   14.704703] at24 2-0057: supply vcc not found, using dummy regulator
         Starting Avahi mDNS/DNS-SD Stack...
[   14.824017] at24 0-0050: 32768 byte 24c256 EEPROM, writable, 1 bytes/write
[[0;32m  OK  [0m] Started D-Bus System Message Bus.
[   15.241614] wkup_m3_ipc 44e11324.wkup_m3_ipc: IPC Request for A8->M3 Channel failed! -517
[   15.322402] am335x-phy-driver 47401300.usb-phy: dummy supplies not allowed for exclusive requests (id=vbus)
[   15.404840] wkup_m3_ipc 44e11324.wkup_m3_ipc: IPC Request for A8->M3 Channel failed! -517
[   15.657934] am335x-phy-driver 47401b00.usb-phy: dummy supplies not allowed for exclusive requests (id=vbus)
[   15.669891] wkup_m3_ipc 44e11324.wkup_m3_ipc: IPC Request for A8->M3 Channel failed! -517
[   15.753030] usbcore: registered new interface driver usbfs
[   15.758908] usbcore: registered new interface driver hub
[   15.764453] usbcore: registered new device driver usb
[   15.895155] wkup_m3_ipc 44e11324.wkup_m3_ipc: IPC Request for A8->M3 Channel failed! -517
[   16.440453] wkup_m3_ipc 44e11324.wkup_m3_ipc: IPC Request for A8->M3 Channel failed! -517
[   16.624497] musb-hdrc musb-hdrc.1: MUSB HDRC host driver
[   16.630063] musb-hdrc musb-hdrc.1: new USB bus registered, assigned bus number 1
[   16.638928] wkup_m3_ipc 44e11324.wkup_m3_ipc: IPC Request for A8->M3 Channel failed! -517
[   16.808819] tda998x 0-0070: found TDA19988
[   16.854454] usb usb1: New USB device found, idVendor=1d6b, idProduct=0002, bcdDevice= 6.11
[   16.862960] usb usb1: New USB device strings: Mfr=3, Product=2, SerialNumber=1
[   16.870371] usb usb1: Product: MUSB HDRC host driver
[   16.875407] usb usb1: Manufacturer: Linux 6.11.0-g73ea23d406f1 musb-hcd
[   16.882059] usb usb1: SerialNumber: musb-hdrc.1
[   16.970057] wkup_m3_ipc 44e11324.wkup_m3_ipc: IPC Request for A8->M3 Channel failed! -517
[   16.979612] omap-mailbox 480c8000.mailbox: omap mailbox rev 0x400
[   17.095679] hub 1-0:1.0: USB hub found
[   17.140615] hub 1-0:1.0: 1 port detected
[   17.170753] remoteproc remoteproc0: powering up wkup_m3
[   17.283336] remoteproc remoteproc0: Direct firmware load for am335x-pm-firmware.elf failed with error -2
[   17.293135] remoteproc remoteproc0: request_firmware failed: -2
[   17.299208] wkup_m3_ipc 44e11324.wkup_m3_ipc: rproc_boot failed
[   18.677301] tilcdc 4830e000.lcdc: bound 0-0070 (ops tda998x_driver_exit [tda998x])
[   18.817695] [drm] Initialized tilcdc 1.0.0 for 4830e000.lcdc on minor 0
[   18.862820] tilcdc 4830e000.lcdc: [drm] Cannot find any crtc or sizes
[   18.880683] tilcdc 4830e000.lcdc: [drm] Cannot find any crtc or sizes
[   18.952219] omap_rng 48310000.rng: Random Number Generator ver. 20
[[0;32m  OK  [0m] Started DUN service.
[[0;32m  OK  [0m] Started Avahi mDNS/DNS-SD Stack.
         Starting Connection service...
[[0;32m  OK  [0m] Started Daily Cleanup of Temporary Directories.
[[0;32m  OK  [0m] Reached target Timers.
         Starting Telephony service...
         Starting Login Service...
[[0;32m  OK  [0m] Started System Logging Service.
[[0;32m  OK  [0m] Started Cape Manager Service.
[   20.403183] PM: Cannot get wkup_m3_ipc handle
[   20.503017] omap-sham 53100000.sham: hw accel on OMAP rev 4.3
[   20.658360] omap-aes 53500000.aes: OMAP AES hw accel rev: 3.2
[   20.720001] omap-sham 53100000.sham: will run requests pump with realtime priority
[   20.734493] PM: Cannot get wkup_m3_ipc handle
[   20.786794] omap-aes 53500000.aes: will run requests pump with realtime priority
[   20.802844] PM: Cannot get wkup_m3_ipc handle
[[0;32m  OK  [0m] Found device /dev/ttyS0.
[   22.571804] Bluetooth: Core ver 2.22
[   22.575847] NET: Registered PF_BLUETOOTH protocol family
[   22.581202] Bluetooth: HCI device and connection manager initialized
[   22.587716] Bluetooth: HCI socket layer initialized
[   22.592631] Bluetooth: L2CAP socket layer initialized
[   22.597785] Bluetooth: SCO socket layer initialized
[   24.458329] PM: Cannot get wkup_m3_ipc handle
[[0;32m  OK  [0m] Started LSB: Start busybox udhcpd at boot time.
[   24.595833] PM: Cannot get wkup_m3_ipc handle
[[0;32m  OK  [0m] Started Raise network interfaces.
[[0;32m  OK  [0m] Started LSB: Load kernel modules needed to enable cpufreq scaling.
[   26.901515] configfs-gadget.g_multi gadget.0: HOST MAC 1c:ba:8c:a2:ed:6c
[   26.908524] configfs-gadget.g_multi gadget.0: MAC 1c:ba:8c:a2:ed:70
[   26.916118] configfs-gadget.g_multi gadget.0: HOST MAC 1c:ba:8c:a2:ed:6c
[   26.922879] configfs-gadget.g_multi gadget.0: MAC 1c:ba:8c:a2:ed:6d
[   26.930139] PM: Cannot get wkup_m3_ipc handle
[[0;32m  OK  [0m] Started Telephony service.
[[0;32m  OK  [0m] Started Connection service.
[[0;32m  OK  [0m] Reached target Sound Card.
         Starting LSB: set CPUFreq kernel parameters...
[[0;32m  OK  [0m] Reached target Network.
         Starting The Apache HTTP Server...
[[0;32m  OK  [0m] Reached target Network is Online.
         Starting LSB: Advanced IEEE 802.11 management daemon...
         Starting Permit User Sessions...
         Starting OpenBSD Secure Shell server...
[[0;32m  OK  [0m] Started LSB: Advanced IEEE 802.11 management daemon.
[[0;32m  OK  [0m] Started Login Service.
[[0;32m  OK  [0m] Started Permit User Sessions.
[[0;32m  OK  [0m] Started Serial Getty on ttyS0.
[[0;32m  OK  [0m] Started Getty on tty1.
[[0;32m  OK  [0m] Reached target Login Prompts.
[[0;32m  OK  [0m] Started LSB: set CPUFreq kernel parameters.
         Starting Hostname Service...
         Starting WPA supplicant...
[[0;32m  OK  [0m] Started WPA supplicant.
[[0;32m  OK  [0m] Started Hostname Service.
[[0;32m  OK  [0m] Started OpenBSD Secure Shell server.
         Stopping LSB: Start busybox udhcpd at boot time...
[[0;32m  OK  [0m] Stopped LSB: Start busybox udhcpd at boot time.
[[0;32m  OK  [0m] Started The Apache HTTP Server.
         Starting dnsmasq - A lightweight DHCP and caching DNS server...
[[0;32m  OK  [0m] Started dnsmasq - A lightweight DHCP and caching DNS server.
[[0;32m  OK  [0m] Reached target Host and Network Name Lookups.
[[0;32m  OK  [0m] Started Serial Getty on ttyGS0.
[[0;32m  OK  [0m] Started Generic Board Startup.
[[0;32m  OK  [0m] Reached target Multi-User System.
[[0;32m  OK  [0m] Reached target Graphical Interface.
         Starting Update UTMP about System Runlevel Changes...
[[0;32m  OK  [0m] Started Update UTMP about System Runlevel Changes.

Debian GNU/Linux 9 arm ttyS0

default username:password is [debian:temppwd]

arm login: root
Password: 
Last login: Sat Jan  1 00:00:28 UTC 2000 on ttyS0
root
Linux arm 6.11.0-g73ea23d406f1 #15 SMP Tue Sep 24 15:25:50 EEST 2024 armv7l

The programs included with the Debian GNU/Linux system are free software;
the exact distribution terms for each program are described in the
individual files in /usr/share/doc/*/copyright.

Debian GNU/Linux comes with ABSOLUTELY NO WARRANTY, to the extent
permitted by applicable law.
root@arm:~# root
-bash: root: command not found
root@arm:~# dmesg -n 1
root@arm:~# echo 'LTLB''QEVCCH'
LTLBQEVCCH
root@arm:~# run() { echo -n "$MARKER"; sh -c "$@"; echo "$MARKER $?"; }
root@arm:~# echo 'WHNY''GLHHSM'
WHNYGLHHSM
root@arm:~# MARKER='AMFT''GBSYNQ' run 'cat /proc/version'
AMFTGBSYNQLinux version 6.11.0-g73ea23d406f1 (user01@drvtest01) (arm-linux-gnueabihf-gcc (Linaro GCC 6.4-2017.11) 6.4.1 20171012, GNU ld (Linaro_Binutils-2017.11) 2.27.0.20161229) #15 SMP Tue Sep 24 15:25:50 EEST 2024
AMFTGBSYNQ 0
root@arm:~# echo 'QYKT''CFJZMK'
QYKTCFJZMK
root@arm:~# MARKER='YCKP''ZPZOHU' run false
YCKPZPZOHUYCKPZPZOHU 1
root@arm:~# Labgrid Console Logfile for main
Logfile started at 2024-09-25 12:01:02.159231
=== Log starts here ===

root@arm:~# run() { echo -n "$MARKER"; sh -c "$@"; echo "$MARKER $?"; }
root@arm:~# echo 'XCKW''JMYCKP'
XCKWJMYCKP
root@arm:~# MARKER='ZLFB''EEHKJO' run 'insmod /mva_overlay.ko'
ZLFBEEHKJOZLFBEEHKJO 0
root@arm:~# echo 'EXMX''LVBYHS'
EXMXLVBYHS
root@arm:~# MARKER='HKSP''GXSEMA' run lsmod
HKSPGXSEMAModule                  Size  Used by
mva_overlay            65536  0
usb_f_acm              12288  2
u_serial               16384  3 usb_f_acm
usb_f_ecm              16384  2
usb_f_rndis            24576  2
u_ether                16384  2 usb_f_ecm,usb_f_rndis
iptable_nat            12288  0
libcomposite           57344  15 usb_f_ecm,usb_f_acm,u_ether,usb_f_rndis
nf_nat                 36864  1 iptable_nat
nf_conntrack          110592  1 nf_nat
nf_defrag_ipv6         16384  1 nf_conntrack
nf_defrag_ipv4         12288  1 nf_conntrack
snd_soc_hdmi_codec     16384  1
iptable_mangle         12288  0
evdev                  20480  0
iptable_filter         12288  0
bluetooth             610304  2
ecdh_generic           12288  1 bluetooth
ecc                    36864  1 ecdh_generic
snd_soc_simple_card    16384  0
omap_aes_driver        24576  0
snd_soc_simple_card_utils    20480  1 snd_soc_simple_card
omap_crypto            12288  1 omap_aes_driver
omap_sham              28672  0
libaes                 12288  2 omap_aes_driver,bluetooth
crypto_engine          12288  2 omap_aes_driver,omap_sham
pm33xx                 12288  0
ti_emif_sram           12288  1 pm33xx
omap_rng               12288  0
rng_core               16384  1 omap_rng
tilcdc                 32768  0
drm_dma_helper         16384  1 tilcdc
snd_soc_davinci_mcasp    32768  2
snd_soc_ti_udma        12288  1 snd_soc_davinci_mcasp
snd_soc_ti_edma        12288  1 snd_soc_davinci_mcasp
snd_soc_ti_sdma        12288  1 snd_soc_davinci_mcasp
snd_soc_core          192512  7 snd_soc_davinci_mcasp,snd_soc_hdmi_codec,snd_soc_simple_card_utils,snd_soc_ti_sdma,snd_soc_ti_edma,snd_soc_ti_udma,snd_soc_simple_card
snd_pcm_dmaengine      12288  1 snd_soc_core
snd_pcm               110592  5 snd_soc_davinci_mcasp,snd_pcm_dmaengine,snd_soc_hdmi_codec,snd_soc_simple_card_utils,snd_soc_core
omap_mailbox           12288  1
snd_timer              28672  1 snd_pcm
snd                    69632  4 snd_soc_hdmi_codec,snd_timer,snd_soc_core,snd_pcm
soundcore              12288  1 snd
tda998x                20480  0
musb_dsps              16384  0
musb_hdrc             131072  1 musb_dsps
drm_kms_helper        122880  3 drm_dma_helper,tda998x,tilcdc
udc_core               45056  7 usb_f_ecm,usb_f_acm,u_serial,musb_hdrc,u_ether,usb_f_rndis,libcomposite
usbcore               225280  1 musb_hdrc
drm                   417792  5 drm_dma_helper,tda998x,tilcdc,drm_kms_helper
cppi41                 16384  60
phy_am335x             12288  2
wkup_m3_ipc            12288  1 pm33xx
phy_generic            12288  1 phy_am335x
usb_common             12288  6 phy_am335x,udc_core,musb_hdrc,libcomposite,musb_dsps,usbcore
drm_panel_orientation_quirks    12288  1 drm
tps65218_pwrbutton     12288  0
at24                   16384  0
phy_am335x_control     12288  1 phy_am335x
omap_wdt               12288  0
watchdog               24576  1 omap_wdt
rtc_omap               16384  2 pm33xx
wkup_m3_rproc          12288  1
leds_gpio              12288  0
led_class              12288  1 leds_gpio
cpufreq_dt             12288  0
ip_tables              20480  3 iptable_mangle,iptable_filter,iptable_nat
x_tables               24576  4 iptable_mangle,ip_tables,iptable_filter,iptable_nat
autofs4                40960  2
HKSPGXSEMA 0
root@arm:~# Labgrid Console Logfile for main
Logfile started at 2024-09-25 12:01:05.947786
=== Log starts here ===

root@arm:~# run() { echo -n "$MARKER"; sh -c "$@"; echo "$MARKER $?"; }
root@arm:~# echo 'KFYM''QJNXGO'
KFYMQJNXGO
root@arm:~# MARKER='AVMA''OELLYC' run 'dd if=/bd96801_test.dtbo of=/sys/kernel/mvva_overlay/overlay_add bs=1M'
AVMAOELLYC0+1 records in
0+1 records out
2210 bytes (2.2 kB, 2.2 KiB) copied, 0.0616802 s, 35.8 kB/s
AVMAOELLYC 0
root@arm:~# echo 'PLCP''CEEMBC'
PLCPCEEMBC
root@arm:~# MARKER='AXXO''QGKTWM' run lsmod
AXXOQGKTWMModule                  Size  Used by
bd96801_wdt            12288  0
bd96801_regulator      16384  0
rohm_bd96801           16384  0
mva_overlay            65536  0
usb_f_acm              12288  2
u_serial               16384  3 usb_f_acm
usb_f_ecm              16384  2
usb_f_rndis            24576  2
u_ether                16384  2 usb_f_ecm,usb_f_rndis
iptable_nat            12288  0
libcomposite           57344  15 usb_f_ecm,usb_f_acm,u_ether,usb_f_rndis
nf_nat                 36864  1 iptable_nat
nf_conntrack          110592  1 nf_nat
nf_defrag_ipv6         16384  1 nf_conntrack
nf_defrag_ipv4         12288  1 nf_conntrack
snd_soc_hdmi_codec     16384  1
iptable_mangle         12288  0
evdev                  20480  0
iptable_filter         12288  0
bluetooth             610304  2
ecdh_generic           12288  1 bluetooth
ecc                    36864  1 ecdh_generic
snd_soc_simple_card    16384  0
omap_aes_driver        24576  0
snd_soc_simple_card_utils    20480  1 snd_soc_simple_card
omap_crypto            12288  1 omap_aes_driver
omap_sham              28672  0
libaes                 12288  2 omap_aes_driver,bluetooth
crypto_engine          12288  2 omap_aes_driver,omap_sham
pm33xx                 12288  0
ti_emif_sram           12288  1 pm33xx
omap_rng               12288  0
rng_core               16384  1 omap_rng
tilcdc                 32768  0
drm_dma_helper         16384  1 tilcdc
snd_soc_davinci_mcasp    32768  2
snd_soc_ti_udma        12288  1 snd_soc_davinci_mcasp
snd_soc_ti_edma        12288  1 snd_soc_davinci_mcasp
snd_soc_ti_sdma        12288  1 snd_soc_davinci_mcasp
snd_soc_core          192512  7 snd_soc_davinci_mcasp,snd_soc_hdmi_codec,snd_soc_simple_card_utils,snd_soc_ti_sdma,snd_soc_ti_edma,snd_soc_ti_udma,snd_soc_simple_card
snd_pcm_dmaengine      12288  1 snd_soc_core
snd_pcm               110592  5 snd_soc_davinci_mcasp,snd_pcm_dmaengine,snd_soc_hdmi_codec,snd_soc_simple_card_utils,snd_soc_core
omap_mailbox           12288  1
snd_timer              28672  1 snd_pcm
snd                    69632  4 snd_soc_hdmi_codec,snd_timer,snd_soc_core,snd_pcm
soundcore              12288  1 snd
tda998x                20480  0
musb_dsps              16384  0
musb_hdrc             131072  1 musb_dsps
drm_kms_helper        122880  3 drm_dma_helper,tda998x,tilcdc
udc_core               45056  7 usb_f_ecm,usb_f_acm,u_serial,musb_hdrc,u_ether,usb_f_rndis,libcomposite
usbcore               225280  1 musb_hdrc
drm                   417792  5 drm_dma_helper,tda998x,tilcdc,drm_kms_helper
cppi41                 16384  60
phy_am335x             12288  2
wkup_m3_ipc            12288  1 pm33xx
phy_generic            12288  1 phy_am335x
usb_common             12288  6 phy_am335x,udc_core,musb_hdrc,libcomposite,musb_dsps,usbcore
drm_panel_orientation_quirks    12288  1 drm
tps65218_pwrbutton     12288  0
at24                   16384  0
phy_am335x_control     12288  1 phy_am335x
omap_wdt               12288  0
watchdog               24576  2 omap_wdt,bd96801_wdt
rtc_omap               16384  2 pm33xx
wkup_m3_rproc          12288  1
leds_gpio              12288  0
led_class              12288  1 leds_gpio
cpufreq_dt             12288  0
ip_tables              20480  3 iptable_mangle,iptable_filter,iptable_nat
x_tables               24576  4 iptable_mangle,ip_tables,iptable_filter,iptable_nat
autofs4                40960  2
AXXOQGKTWM 0
root@arm:~# Labgrid Console Logfile for main
Logfile started at 2024-09-25 12:01:11.780819
=== Log starts here ===

root@arm:~# run() { echo -n "$MARKER"; sh -c "$@"; echo "$MARKER $?"; }
root@arm:~# echo 'OSNE''BABSTA'
OSNEBABSTA
root@arm:~# MARKER='MPJB''HYAGAW' run 'insmod /bd96801-test.ko'
MPJBHYAGAWMPJBHYAGAW 0
root@arm:~# echo 'HGFF''EYPFAL'
HGFFEYPFAL
root@arm:~# MARKER='KJFN''JETVMX' run lsmod
KJFNJETVMXModule                  Size  Used by
bd96801_test           16384  0
bd96801_wdt            12288  0
bd96801_regulator      16384  7
rohm_bd96801           16384  0
mva_overlay            65536  0
usb_f_acm              12288  2
u_serial               16384  3 usb_f_acm
usb_f_ecm              16384  2
usb_f_rndis            24576  2
u_ether                16384  2 usb_f_ecm,usb_f_rndis
iptable_nat            12288  0
libcomposite           57344  15 usb_f_ecm,usb_f_acm,u_ether,usb_f_rndis
nf_nat                 36864  1 iptable_nat
nf_conntrack          110592  1 nf_nat
nf_defrag_ipv6         16384  1 nf_conntrack
nf_defrag_ipv4         12288  1 nf_conntrack
snd_soc_hdmi_codec     16384  1
iptable_mangle         12288  0
evdev                  20480  0
iptable_filter         12288  0
bluetooth             610304  2
ecdh_generic           12288  1 bluetooth
ecc                    36864  1 ecdh_generic
snd_soc_simple_card    16384  0
omap_aes_driver        24576  0
snd_soc_simple_card_utils    20480  1 snd_soc_simple_card
omap_crypto            12288  1 omap_aes_driver
omap_sham              28672  0
libaes                 12288  2 omap_aes_driver,bluetooth
crypto_engine          12288  2 omap_aes_driver,omap_sham
pm33xx                 12288  0
ti_emif_sram           12288  1 pm33xx
omap_rng               12288  0
rng_core               16384  1 omap_rng
tilcdc                 32768  0
drm_dma_helper         16384  1 tilcdc
snd_soc_davinci_mcasp    32768  2
snd_soc_ti_udma        12288  1 snd_soc_davinci_mcasp
snd_soc_ti_edma        12288  1 snd_soc_davinci_mcasp
snd_soc_ti_sdma        12288  1 snd_soc_davinci_mcasp
snd_soc_core          192512  7 snd_soc_davinci_mcasp,snd_soc_hdmi_codec,snd_soc_simple_card_utils,snd_soc_ti_sdma,snd_soc_ti_edma,snd_soc_ti_udma,snd_soc_simple_card
snd_pcm_dmaengine      12288  1 snd_soc_core
snd_pcm               110592  5 snd_soc_davinci_mcasp,snd_pcm_dmaengine,snd_soc_hdmi_codec,snd_soc_simple_card_utils,snd_soc_core
omap_mailbox           12288  1
snd_timer              28672  1 snd_pcm
snd                    69632  4 snd_soc_hdmi_codec,snd_timer,snd_soc_core,snd_pcm
soundcore              12288  1 snd
tda998x                20480  0
musb_dsps              16384  0
musb_hdrc             131072  1 musb_dsps
drm_kms_helper        122880  3 drm_dma_helper,tda998x,tilcdc
udc_core               45056  7 usb_f_ecm,usb_f_acm,u_serial,musb_hdrc,u_ether,usb_f_rndis,libcomposite
usbcore               225280  1 musb_hdrc
drm                   417792  5 drm_dma_helper,tda998x,tilcdc,drm_kms_helper
cppi41                 16384  60
phy_am335x             12288  2
wkup_m3_ipc            12288  1 pm33xx
phy_generic            12288  1 phy_am335x
usb_common             12288  6 phy_am335x,udc_core,musb_hdrc,libcomposite,musb_dsps,usbcore
drm_panel_orientation_quirks    12288  1 drm
tps65218_pwrbutton     12288  0
at24                   16384  0
phy_am335x_control     12288  1 phy_am335x
omap_wdt               12288  0
watchdog               24576  2 omap_wdt,bd96801_wdt
rtc_omap               16384  2 pm33xx
wkup_m3_rproc          12288  1
leds_gpio              12288  0
led_class              12288  1 leds_gpio
cpufreq_dt             12288  0
ip_tables              20480  3 iptable_mangle,iptable_filter,iptable_nat
x_tables               24576  4 iptable_mangle,ip_tables,iptable_filter,iptable_nat
autofs4                40960  2
KJFNJETVMX 0
root@arm:~# Labgrid Console Logfile for main
Logfile started at 2024-09-25 12:01:15.524040
=== Log starts here ===

root@arm:~# run() { echo -n "$MARKER"; sh -c "$@"; echo "$MARKER $?"; }
root@arm:~# echo 'BNQK''KNGTNC'
BNQKKNGTNC
root@arm:~# MARKER='MZQS''YONOJZ' run '/./init_regulator_test.sh bd96801'
MZQSYONOJZboard bd96801 given
/./init_regulator_test.sh: line 38: buck10_en: command not found
/./init_regulator_test.sh: line 39: buck10_set: command not found
MZQSYONOJZ 0
root@arm:~# Labgrid Console Logfile for main
Logfile started at 2024-09-25 12:01:24.921182
=== Log starts here ===

root@arm:~# run() { echo -n "$MARKER"; sh -c "$@"; echo "$MARKER $?"; }
root@arm:~# echo 'NLET''EPJZKS'
NLETEPJZKS
root@arm:~# MARKER='JMQQ''YGONOM' run dmesg
JMQQYGONOM[    0.000000] Booting Linux on physical CPU 0x0
[    0.000000] Linux version 6.11.0-g73ea23d406f1 (user01@drvtest01) (arm-linux-gnueabihf-gcc (Linaro GCC 6.4-2017.11) 6.4.1 20171012, GNU ld (Linaro_Binutils-2017.11) 2.27.0.20161229) #15 SMP Tue Sep 24 15:25:50 EEST 2024
[    0.000000] CPU: ARMv7 Processor [413fc082] revision 2 (ARMv7), cr=10c5387d
[    0.000000] CPU: PIPT / VIPT nonaliasing data cache, VIPT aliasing instruction cache
[    0.000000] OF: fdt: Machine model: TI AM335x BeagleBone Black
[    0.000000] Memory policy: Data cache writeback
[    0.000000] cma: Reserved 16 MiB at 0x9e800000 on node -1
[    0.000000] Zone ranges:
[    0.000000]   Normal   [mem 0x0000000080000000-0x000000009fdfffff]
[    0.000000]   HighMem  empty
[    0.000000] Movable zone start for each node
[    0.000000] Early memory node ranges
[    0.000000]   node   0: [mem 0x0000000080000000-0x000000009fdfffff]
[    0.000000] Initmem setup node 0 [mem 0x0000000080000000-0x000000009fdfffff]
[    0.000000] CPU: All CPU(s) started in SVC mode.
[    0.000000] AM335X ES2.1 (sgx neon)
[    0.000000] percpu: Embedded 17 pages/cpu s39628 r8192 d21812 u69632
[    0.000000] pcpu-alloc: s39628 r8192 d21812 u69632 alloc=17*4096
[    0.000000] pcpu-alloc: [0] 0 
[    0.000000] Kernel command line: console=ttyO0,115200n8 root=/dev/nfs rw nfsroot=192.168.255.126:/home/user01/nfs,nfsvers=3 ip=192.168.255.4:192.168.255.126::255.255.255.0:bbb1:eth0 nfsrootdebug
[    0.000000] Unknown kernel command line parameters "nfsrootdebug", will be passed to user space.
[    0.000000] Dentry cache hash table entries: 65536 (order: 6, 262144 bytes, linear)
[    0.000000] Inode-cache hash table entries: 32768 (order: 5, 131072 bytes, linear)
[    0.000000] Built 1 zonelists, mobility grouping on.  Total pages: 130560
[    0.000000] mem auto-init: stack:off, heap alloc:off, heap free:off
[    0.000000] SLUB: HWalign=64, Order=0-3, MinObjects=0, CPUs=1, Nodes=1
[    0.000000] trace event string verifier disabled
[    0.000000] rcu: Hierarchical RCU implementation.
[    0.000000] rcu: 	RCU event tracing is enabled.
[    0.000000] rcu: 	RCU restricting CPUs from NR_CPUS=2 to nr_cpu_ids=1.
[    0.000000] rcu: RCU calculated value of scheduler-enlistment delay is 10 jiffies.
[    0.000000] rcu: Adjusting geometry for rcu_fanout_leaf=16, nr_cpu_ids=1
[    0.000000] NR_IRQS: 16, nr_irqs: 16, preallocated irqs: 16
[    0.000000] IRQ: Found an INTC at 0x(ptrval) (revision 5.0) with 128 interrupts
[    0.000000] rcu: srcu_init: Setting srcu_struct sizes based on contention.
[    0.000000] TI gptimer clocksource: always-on /ocp/interconnect@44c00000/segment@200000/target-module@31000
[    0.000003] sched_clock: 32 bits at 24MHz, resolution 41ns, wraps every 89478484971ns
[    0.000028] clocksource: dmtimer: mask: 0xffffffff max_cycles: 0xffffffff, max_idle_ns: 79635851949 ns
[    0.000511] TI gptimer clockevent: 24000000 Hz at /ocp/interconnect@48000000/segment@0/target-module@40000
[    0.002146] Console: colour dummy device 80x30
[    0.002215] WARNING: Your 'console=ttyO0' has been replaced by 'ttyS0'
[    0.002225] This ensures that you still see kernel messages. Please
[    0.002231] update your kernel commandline.
[    0.002274] Calibrating delay loop... 996.14 BogoMIPS (lpj=4980736)
[    0.090566] CPU: Testing write buffer coherency: ok
[    0.090673] CPU0: Spectre v2: using BPIALL workaround
[    0.090686] pid_max: default: 32768 minimum: 301
[    0.090811] LSM: initializing lsm=capability
[    0.090983] Mount-cache hash table entries: 1024 (order: 0, 4096 bytes, linear)
[    0.091007] Mountpoint-cache hash table entries: 1024 (order: 0, 4096 bytes, linear)
[    0.092548] CPU0: thread -1, cpu 0, socket -1, mpidr 0
[    0.094253] Setting up static identity map for 0x80100000 - 0x80100078
[    0.094559] rcu: Hierarchical SRCU implementation.
[    0.094572] rcu: 	Max phase no-delay instances is 1000.
[    0.096227] smp: Bringing up secondary CPUs ...
[    0.096284] smp: Brought up 1 node, 1 CPU
[    0.096299] SMP: Total of 1 processors activated (996.14 BogoMIPS).
[    0.096314] CPU: All CPU(s) started in SVC mode.
[    0.096506] Memory: 480876K/522240K available (11264K kernel code, 1197K rwdata, 2856K rodata, 1024K init, 297K bss, 23344K reserved, 16384K cma-reserved, 0K highmem)
[    0.097316] devtmpfs: initialized
[    0.113719] VFP support v0.3: implementor 41 architecture 3 part 30 variant c rev 3
[    0.114071] clocksource: jiffies: mask: 0xffffffff max_cycles: 0xffffffff, max_idle_ns: 19112604462750000 ns
[    0.114108] futex hash table entries: 256 (order: 2, 16384 bytes, linear)
[    0.115361] pinctrl core: initialized pinctrl subsystem
[    0.118085] NET: Registered PF_NETLINK/PF_ROUTE protocol family
[    0.121086] DMA: preallocated 256 KiB pool for atomic coherent allocations
[    0.122055] audit: initializing netlink subsys (disabled)
[    0.123428] thermal_sys: Registered thermal governor 'fair_share'
[    0.123450] thermal_sys: Registered thermal governor 'step_wise'
[    0.123462] thermal_sys: Registered thermal governor 'user_space'
[    0.123581] audit: type=2000 audit(0.120:1): state=initialized audit_enabled=0 res=1
[    0.123655] cpuidle: using governor menu
[    0.142784] No ATAGs?
[    0.142816] hw-breakpoint: debug architecture 0x4 unsupported.
[    0.145724] kprobes: kprobe jump-optimization is enabled. All kprobes are optimized if possible.
[    0.164029] iommu: Default domain type: Translated
[    0.164057] iommu: DMA domain TLB invalidation policy: strict mode
[    0.165635] reg-fixed-voltage fixedregulator0: using DT '/fixedregulator0' for '(default)' GPIO lookup
[    0.165695] of_get_named_gpiod_flags: can't parse 'gpios' property of node '/fixedregulator0[0]'
[    0.165725] of_get_named_gpiod_flags: can't parse 'gpio' property of node '/fixedregulator0[0]'
[    0.165746] reg-fixed-voltage fixedregulator0: using lookup tables for GPIO lookup
[    0.165758] reg-fixed-voltage fixedregulator0: No GPIO consumer (default) found
[    0.171385] SCSI subsystem initialized
[    0.181021] libata version 3.00 loaded.
[    0.181394] pps_core: LinuxPPS API ver. 1 registered
[    0.181407] pps_core: Software ver. 5.3.6 - Copyright 2005-2007 Rodolfo Giometti <giometti@linux.it>
[    0.181434] PTP clock support registered
[    0.183348] vgaarb: loaded
[    0.183740] clocksource: Switched to clocksource dmtimer
[    0.184333] VFS: Disk quotas dquot_6.6.0
[    0.184380] VFS: Dquot-cache hash table entries: 1024 (order 0, 4096 bytes)
[    0.209075] NET: Registered PF_INET protocol family
[    0.209433] IP idents hash table entries: 8192 (order: 4, 65536 bytes, linear)
[    0.210823] tcp_listen_portaddr_hash hash table entries: 512 (order: 0, 4096 bytes, linear)
[    0.210865] Table-perturb hash table entries: 65536 (order: 6, 262144 bytes, linear)
[    0.210883] TCP established hash table entries: 4096 (order: 2, 16384 bytes, linear)
[    0.210927] TCP bind hash table entries: 4096 (order: 4, 65536 bytes, linear)
[    0.211028] TCP: Hash tables configured (established 4096 bind 4096)
[    0.211151] UDP hash table entries: 256 (order: 1, 8192 bytes, linear)
[    0.211182] UDP-Lite hash table entries: 256 (order: 1, 8192 bytes, linear)
[    0.211361] NET: Registered PF_UNIX/PF_LOCAL protocol family
[    0.224740] RPC: Registered named UNIX socket transport module.
[    0.224770] RPC: Registered udp transport module.
[    0.224777] RPC: Registered tcp transport module.
[    0.224783] RPC: Registered tcp-with-tls transport module.
[    0.224790] RPC: Registered tcp NFSv4.1 backchannel transport module.
[    0.224817] PCI: CLS 0 bytes, default 64
[    0.226275] Initialise system trusted keyrings
[    0.227357] workingset: timestamp_bits=14 max_order=17 bucket_order=3
[    0.228627] NFS: Registering the id_resolver key type
[    0.228701] Key type id_resolver registered
[    0.228711] Key type id_legacy registered
[    0.228762] jffs2: version 2.2. (NAND) (SUMMARY)  Â© 2001-2006 Red Hat, Inc.
[    0.229219] Key type asymmetric registered
[    0.229239] Asymmetric key parser 'x509' registered
[    0.229302] io scheduler mq-deadline registered
[    0.229314] io scheduler kyber registered
[    0.229387] io scheduler bfq registered
[    0.243902] Serial: 8250/16550 driver, 6 ports, IRQ sharing enabled
[    0.306923] brd: module loaded
[    0.332479] loop: module loaded
[    0.333426] mtdoops: mtd device (mtddev=name/number) must be supplied
[    0.335287] mdio_bus fixed-0: using lookup tables for GPIO lookup
[    0.335319] mdio_bus fixed-0: No GPIO consumer reset found
[    0.336722] i2c_dev: i2c /dev entries driver
[    0.337689] cpuidle: enable-method property 'ti,am3352' found operations
[    0.338144] sdhci: Secure Digital Host Controller Interface driver
[    0.338157] sdhci: Copyright(c) Pierre Ossman
[    0.338334] sdhci-pltfm: SDHCI platform and OF driver helper
[    0.338614] ledtrig-cpu: registered to indicate activity on CPUs
[    0.339543] Initializing XFRM netlink socket
[    0.339667] NET: Registered PF_INET6 protocol family
[    0.341541] Segment Routing with IPv6
[    0.341640] In-situ OAM (IOAM) with IPv6
[    0.341739] sit: IPv6, IPv4 and MPLS over IPv4 tunneling driver
[    0.342674] NET: Registered PF_PACKET protocol family
[    0.342716] NET: Registered PF_KEY protocol family
[    0.342833] Key type dns_resolver registered
[    0.343089] ThumbEE CPU extension supported.
[    0.343114] Registering SWP/SWPB emulation handler
[    0.343643] omap_voltage_late_init: Voltage driver support not added
[    0.344197] SmartReflex Class3 initialized
[    0.387300] Loading compiled-in X.509 certificates
[    0.423223] gpiochip_find_base_unlocked: found new base at 512
[    0.442993] platform 44e10800.pinmux: Fixed dependency cycle(s) with /ocp/interconnect@44c00000/segment@200000/target-module@10000/scm@0/pinmux@800/clkout2-pins
[    0.443566] pinctrl-single 44e10800.pinmux: 142 pins, size 568
[    0.448820] ti-sysc 44e31000.target-module: probe with driver ti-sysc failed with error -16
[    0.500699] ti-sysc 48040000.target-module: probe with driver ti-sysc failed with error -16
[    0.511730] gpiochip_find_base_unlocked: found new base at 512
[    0.511842] gpio gpiochip0: (gpio-0-31): created GPIO range 0->7 ==> 44e10800.pinmux PIN 0->7
[    0.511865] gpio gpiochip0: (gpio-0-31): created GPIO range 8->11 ==> 44e10800.pinmux PIN 90->93
[    0.511882] gpio gpiochip0: (gpio-0-31): created GPIO range 12->27 ==> 44e10800.pinmux PIN 12->27
[    0.511899] gpio gpiochip0: (gpio-0-31): created GPIO range 28->31 ==> 44e10800.pinmux PIN 30->33
[    0.537502] gpio gpiochip0: (gpio-0-31): added GPIO chardev (254:0)
[    0.537701] gpio gpiochip0: registered GPIOs 512 to 543 on gpio-0-31
[    0.537789] OMAP GPIO hardware version 0.1
[    0.555412] i2c i2c-2: using DT '/ocp/interconnect@48000000/segment@100000/target-module@9c000/i2c@0' for 'scl' GPIO lookup
[    0.555517] of_get_named_gpiod_flags: can't parse 'scl-gpios' property of node '/ocp/interconnect@48000000/segment@100000/target-module@9c000/i2c@0[0]'
[    0.555564] of_get_named_gpiod_flags: can't parse 'scl-gpio' property of node '/ocp/interconnect@48000000/segment@100000/target-module@9c000/i2c@0[0]'
[    0.555604] i2c i2c-2: using lookup tables for GPIO lookup
[    0.555616] i2c i2c-2: No GPIO consumer scl found
[    0.555639] i2c i2c-2: using DT '/ocp/interconnect@48000000/segment@100000/target-module@9c000/i2c@0' for 'sda' GPIO lookup
[    0.555677] of_get_named_gpiod_flags: can't parse 'sda-gpios' property of node '/ocp/interconnect@48000000/segment@100000/target-module@9c000/i2c@0[0]'
[    0.555718] of_get_named_gpiod_flags: can't parse 'sda-gpio' property of node '/ocp/interconnect@48000000/segment@100000/target-module@9c000/i2c@0[0]'
[    0.555752] i2c i2c-2: using lookup tables for GPIO lookup
[    0.555761] i2c i2c-2: No GPIO consumer sda found
[    0.556479] omap_i2c 4819c000.i2c: bus 2 rev0.11 at 100 kHz
[    0.561768] gpiochip_find_base_unlocked: found new base at 544
[    0.561879] gpio gpiochip1: (gpio-32-63): created GPIO range 0->17 ==> 44e10800.pinmux PIN 34->51
[    0.561900] gpio gpiochip1: (gpio-32-63): created GPIO range 18->21 ==> 44e10800.pinmux PIN 77->80
[    0.561918] gpio gpiochip1: (gpio-32-63): created GPIO range 22->31 ==> 44e10800.pinmux PIN 56->65
[    0.574499] gpio gpiochip1: (gpio-32-63): added GPIO chardev (254:1)
[    0.574660] gpio gpiochip1: registered GPIOs 544 to 575 on gpio-32-63
[    0.576836] gpiochip_find_base_unlocked: found new base at 576
[    0.576952] gpio gpiochip2: (gpio-64-95): created GPIO range 0->4 ==> 44e10800.pinmux PIN 66->70
[    0.576974] gpio gpiochip2: (gpio-64-95): created GPIO range 5->6 ==> 44e10800.pinmux PIN 98->99
[    0.576992] gpio gpiochip2: (gpio-64-95): created GPIO range 7->8 ==> 44e10800.pinmux PIN 75->76
[    0.577009] gpio gpiochip2: (gpio-64-95): created GPIO range 13->13 ==> 44e10800.pinmux PIN 141->141
[    0.577027] gpio gpiochip2: (gpio-64-95): created GPIO range 14->21 ==> 44e10800.pinmux PIN 100->107
[    0.577627] gpio gpiochip2: (gpio-64-95): added GPIO chardev (254:2)
[    0.577765] gpio gpiochip2: registered GPIOs 576 to 607 on gpio-64-95
[    0.583100] 48000000.interconnect:segment@200000:target-module@0:mpu@0:fck: device ID is greater than 24
[    0.587497] platform 4830e000.lcdc: Fixed dependency cycle(s) with /ocp/interconnect@44c00000/segment@200000/target-module@b000/i2c@0/tda19988@70
[    0.596776] mdio_bus 4a101000.mdio: using DT '/ocp/interconnect@4a000000/segment@0/target-module@100000/switch@0/mdio@1000' for 'reset' GPIO lookup
[    0.596857] of_get_named_gpiod_flags: can't parse 'reset-gpios' property of node '/ocp/interconnect@4a000000/segment@0/target-module@100000/switch@0/mdio@1000[0]'
[    0.596910] of_get_named_gpiod_flags: can't parse 'reset-gpio' property of node '/ocp/interconnect@4a000000/segment@0/target-module@100000/switch@0/mdio@1000[0]'
[    0.596961] mdio_bus 4a101000.mdio: using lookup tables for GPIO lookup
[    0.596974] mdio_bus 4a101000.mdio: No GPIO consumer reset found
[    0.599092] sdhci-omap 481d8000.mmc: using DT '/ocp/interconnect@48000000/segment@100000/target-module@d8000/mmc@0' for 'wp' GPIO lookup
[    0.599168] of_get_named_gpiod_flags: can't parse 'wp-gpios' property of node '/ocp/interconnect@48000000/segment@100000/target-module@d8000/mmc@0[0]'
[    0.599217] of_get_named_gpiod_flags: can't parse 'wp-gpio' property of node '/ocp/interconnect@48000000/segment@100000/target-module@d8000/mmc@0[0]'
[    0.599256] sdhci-omap 481d8000.mmc: using lookup tables for GPIO lookup
[    0.599268] sdhci-omap 481d8000.mmc: No GPIO consumer wp found
[    0.599471] sdhci-omap 481d8000.mmc: supply pbias not found, using dummy regulator
[    0.599935] sdhci-omap 481d8000.mmc: supply vqmmc not found, using dummy regulator
[    0.687566] davinci_mdio 4a101000.mdio: davinci mdio revision 1.6, bus freq 1000000
[    0.708177] mdio_bus 4a101000.mdio:00: using DT '/ocp/interconnect@4a000000/segment@0/target-module@100000/switch@0/mdio@1000/ethernet-phy@0' for 'reset' GPIO lookup
[    0.708286] of_get_named_gpiod_flags: parsed 'reset-gpios' property of node '/ocp/interconnect@4a000000/segment@0/target-module@100000/switch@0/mdio@1000/ethernet-phy@0[0]' - status (0)
[    0.708455] gpio gpiochip0: Persistence not supported for GPIO 8
[    0.792795] davinci_mdio 4a101000.mdio: phy[0]: device 4a101000.mdio:00, driver SMSC LAN8710/LAN8720
[    0.793433] cpsw-switch 4a100000.switch: initialized cpsw ale version 1.4
[    0.793460] cpsw-switch 4a100000.switch: ALE Table size 1024
[    0.812897] cpsw-switch 4a100000.switch: cpts: overflow check period 500 (jiffies)
[    0.812929] cpsw-switch 4a100000.switch: CPTS: ref_clk_freq:250000000 calc_mult:2147483648 calc_shift:29 error:0 nsec/sec
[    0.813050] cpsw-switch 4a100000.switch: Detected MACID = 18:2c:65:25:1d:6e
[    0.815048] cpsw-switch 4a100000.switch: initialized (regs 0x4a100000, pool size 256) hw_ver:0019010C 1.12 (0)
[    0.826029] debugfs: Directory '49000000.dma' with parent 'dmaengine' already present!
[    0.826078] edma 49000000.dma: TI EDMA DMA engine driver
[    0.878163] target-module@4b000000:target-module@140000:pmu@0:fck: device ID is greater than 24
[    0.907194] hw perfevents: enabled with armv7_cortex_a8 PMU driver, 5 counters available
[    0.908071] gpio-clk clk_mcasp0: using DT '/clk_mcasp0' for 'enable' GPIO lookup
[    0.908141] of_get_named_gpiod_flags: parsed 'enable-gpios' property of node '/clk_mcasp0[0]' - status (0)
[    0.908185] gpio gpiochip0: Persistence not supported for GPIO 27
[    0.908981] gpiochip_find_base_unlocked: found new base at 608
[    0.909104] gpio gpiochip3: (gpio-96-127): created GPIO range 0->7 ==> 44e10800.pinmux PIN 82->89
[    0.909128] gpio gpiochip3: (gpio-96-127): created GPIO range 8->11 ==> 44e10800.pinmux PIN 52->55
[    0.909147] gpio gpiochip3: (gpio-96-127): created GPIO range 12->15 ==> 44e10800.pinmux PIN 94->97
[    0.909165] gpio gpiochip3: (gpio-96-127): created GPIO range 16->17 ==> 44e10800.pinmux PIN 71->72
[    0.909182] gpio gpiochip3: (gpio-96-127): created GPIO range 18->18 ==> 44e10800.pinmux PIN 135->135
[    0.909200] gpio gpiochip3: (gpio-96-127): created GPIO range 19->20 ==> 44e10800.pinmux PIN 108->109
[    0.909218] gpio gpiochip3: (gpio-96-127): created GPIO range 21->21 ==> 44e10800.pinmux PIN 73->73
[    0.909237] gpio gpiochip3: (gpio-96-127): created GPIO range 22->23 ==> 44e10800.pinmux PIN 8->9
[    0.909256] gpio gpiochip3: (gpio-96-127): created GPIO range 26->27 ==> 44e10800.pinmux PIN 10->11
[    0.909275] gpio gpiochip3: (gpio-96-127): created GPIO range 28->28 ==> 44e10800.pinmux PIN 74->74
[    0.909295] gpio gpiochip3: (gpio-96-127): created GPIO range 29->29 ==> 44e10800.pinmux PIN 81->81
[    0.909315] gpio gpiochip3: (gpio-96-127): created GPIO range 30->31 ==> 44e10800.pinmux PIN 28->29
[    0.914822] l3-aon-clkctrl:0000:0: failed to disable
[    0.935189] gpio gpiochip3: (gpio-96-127): added GPIO chardev (254:3)
[    0.935348] gpio gpiochip3: registered GPIOs 608 to 639 on gpio-96-127
[    0.937659] omap8250 44e09000.serial: using DT '/ocp/interconnect@44c00000/segment@200000/target-module@9000/serial@0' for 'rs485-term' GPIO lookup
[    0.937738] of_get_named_gpiod_flags: can't parse 'rs485-term-gpios' property of node '/ocp/interconnect@44c00000/segment@200000/target-module@9000/serial@0[0]'
[    0.937785] of_get_named_gpiod_flags: can't parse 'rs485-term-gpio' property of node '/ocp/interconnect@44c00000/segment@200000/target-module@9000/serial@0[0]'
[    0.937825] omap8250 44e09000.serial: using lookup tables for GPIO lookup
[    0.937837] omap8250 44e09000.serial: No GPIO consumer rs485-term found
[    0.937848] omap8250 44e09000.serial: using DT '/ocp/interconnect@44c00000/segment@200000/target-module@9000/serial@0' for 'rs485-rx-during-tx' GPIO lookup
[    0.937886] of_get_named_gpiod_flags: can't parse 'rs485-rx-during-tx-gpios' property of node '/ocp/interconnect@44c00000/segment@200000/target-module@9000/serial@0[0]'
[    0.937926] of_get_named_gpiod_flags: can't parse 'rs485-rx-during-tx-gpio' property of node '/ocp/interconnect@44c00000/segment@200000/target-module@9000/serial@0[0]'
[    0.937961] omap8250 44e09000.serial: using lookup tables for GPIO lookup
[    0.937970] omap8250 44e09000.serial: No GPIO consumer rs485-rx-during-tx found
[    0.938365] 44e09000.serial: ttyS0 at MMIO 0x44e09000 (irq = 34, base_baud = 3000000) is a 8250
[    0.938454] printk: legacy console [ttyS0] enabled
[    2.117245] i2c i2c-0: using DT '/ocp/interconnect@44c00000/segment@200000/target-module@b000/i2c@0' for 'scl' GPIO lookup
[    2.117331] of_get_named_gpiod_flags: can't parse 'scl-gpios' property of node '/ocp/interconnect@44c00000/segment@200000/target-module@b000/i2c@0[0]'
[    2.117379] of_get_named_gpiod_flags: can't parse 'scl-gpio' property of node '/ocp/interconnect@44c00000/segment@200000/target-module@b000/i2c@0[0]'
[    2.117420] i2c i2c-0: using lookup tables for GPIO lookup
[    2.117433] i2c i2c-0: No GPIO consumer scl found
[    2.117459] i2c i2c-0: using DT '/ocp/interconnect@44c00000/segment@200000/target-module@b000/i2c@0' for 'sda' GPIO lookup
[    2.117499] of_get_named_gpiod_flags: can't parse 'sda-gpios' property of node '/ocp/interconnect@44c00000/segment@200000/target-module@b000/i2c@0[0]'
[    2.117541] of_get_named_gpiod_flags: can't parse 'sda-gpio' property of node '/ocp/interconnect@44c00000/segment@200000/target-module@b000/i2c@0[0]'
[    2.117578] i2c i2c-0: using lookup tables for GPIO lookup
[    2.117589] i2c i2c-0: No GPIO consumer sda found
[    2.144928] tps65217-pmic: Failed to locate of_node [id: -1]
[    2.151031] tps65217-bl: Failed to locate of_node [id: -1]
[    2.162196] tps65217 0-0024: TPS65217 ID 0xe version 1.2
[    2.168350] platform 4830e000.lcdc: Fixed dependency cycle(s) with /ocp/interconnect@44c00000/segment@200000/target-module@b000/i2c@0/tda19988@70
[    2.181765] i2c 0-0070: Fixed dependency cycle(s) with /ocp/interconnect@48000000/segment@300000/target-module@e000/lcdc@0
[    2.193199] omap_i2c 44e0b000.i2c: bus 0 rev0.11 at 400 kHz
[    2.201204] sdhci-omap 48060000.mmc: using DT '/ocp/interconnect@48000000/segment@0/target-module@60000/mmc@0' for 'cd' GPIO lookup
[    2.201316] of_get_named_gpiod_flags: parsed 'cd-gpios' property of node '/ocp/interconnect@48000000/segment@0/target-module@60000/mmc@0[0]' - status (0)
[    2.201384] gpio gpiochip3: Persistence not supported for GPIO 6
[    2.201410] omap_gpio 44e07000.gpio: Could not set line 6 debounce to 200000 microseconds (-22)
[    2.210322] sdhci-omap 48060000.mmc: Got CD GPIO
[    2.215020] sdhci-omap 48060000.mmc: using DT '/ocp/interconnect@48000000/segment@0/target-module@60000/mmc@0' for 'wp' GPIO lookup
[    2.215071] of_get_named_gpiod_flags: can't parse 'wp-gpios' property of node '/ocp/interconnect@48000000/segment@0/target-module@60000/mmc@0[0]'
[    2.215117] of_get_named_gpiod_flags: can't parse 'wp-gpio' property of node '/ocp/interconnect@48000000/segment@0/target-module@60000/mmc@0[0]'
[    2.215158] sdhci-omap 48060000.mmc: using lookup tables for GPIO lookup
[    2.215172] sdhci-omap 48060000.mmc: No GPIO consumer wp found
[    2.215384] sdhci-omap 48060000.mmc: supply pbias not found, using dummy regulator
[    2.224996] sdhci-omap 481d8000.mmc: using DT '/ocp/interconnect@48000000/segment@100000/target-module@d8000/mmc@0' for 'wp' GPIO lookup
[    2.225078] of_get_named_gpiod_flags: can't parse 'wp-gpios' property of node '/ocp/interconnect@48000000/segment@100000/target-module@d8000/mmc@0[0]'
[    2.225128] of_get_named_gpiod_flags: can't parse 'wp-gpio' property of node '/ocp/interconnect@48000000/segment@100000/target-module@d8000/mmc@0[0]'
[    2.225168] sdhci-omap 481d8000.mmc: using lookup tables for GPIO lookup
[    2.225182] sdhci-omap 481d8000.mmc: No GPIO consumer wp found
[    2.226272] sdhci-omap 48060000.mmc: supply vqmmc not found, using dummy regulator
[    2.234782] sdhci-omap 481d8000.mmc: supply pbias not found, using dummy regulator
[    2.242774] sdhci-omap 481d8000.mmc: supply vqmmc not found, using dummy regulator
[    2.281009] mmc1: SDHCI controller on 481d8000.mmc [481d8000.mmc] using External DMA
[    2.290190] mmc0: SDHCI controller on 48060000.mmc [48060000.mmc] using External DMA
[    2.298910] cpsw-switch 4a100000.switch: starting ndev. mode: dual_mac
[    2.353535] mmc1: new high speed MMC card at address 0001
[    2.360378] mmcblk1: mmc1:0001 MK2704 3.53 GiB
[    2.367905]  mmcblk1: p1
[    2.371675] mmcblk1boot0: mmc1:0001 MK2704 2.00 MiB
[    2.379065] mmcblk1boot1: mmc1:0001 MK2704 2.00 MiB
[    2.386415] mmcblk1rpmb: mmc1:0001 MK2704 512 KiB, chardev (250:0)
[    2.393151] SMSC LAN8710/LAN8720 4a101000.mdio:00: attached PHY driver (mii_bus:phy_addr=4a101000.mdio:00, irq=POLL)
[    4.484495] cpsw-switch 4a100000.switch eth0: Link is Up - 100Mbps/Full - flow control off
[    4.533788] IP-Config: Complete:
[    4.537066]      device=eth0, hwaddr=18:2c:65:25:1d:6e, ipaddr=192.168.255.4, mask=255.255.255.0, gw=255.255.255.255
[    4.547690]      host=bbb1, domain=, nis-domain=(none)
[    4.552857]      bootserver=192.168.255.126, rootserver=192.168.255.126, rootpath=
[    4.553283] clk: Disabling unused clocks
[    4.565118] PM: genpd: Disabling unused power domains
[    4.570238] KTAP version 1
[    4.572959] 1..0
[    4.597445] VFS: Mounted root (nfs filesystem) on device 0:17.
[    4.604388] devtmpfs: mounted
[    4.609048] Freeing unused kernel image (initmem) memory: 1024K
[    4.615838] Run /sbin/init as init process
[    4.619967]   with arguments:
[    4.619979]     /sbin/init
[    4.619988]     nfsrootdebug
[    4.619998]   with environment:
[    4.620006]     HOME=/
[    4.620015]     TERM=linux
[    5.303607] systemd[1]: System time before build time, advancing clock.
[    6.793758] random: crng init done
[    6.865742] systemd[1]: systemd 232 running in system mode. (+PAM +AUDIT +SELINUX +IMA +APPARMOR +SMACK +SYSVINIT +UTMP +LIBCRYPTSETUP +GCRYPT +GNUTLS +ACL +XZ +LZ4 +SECCOMP +BLKID +ELFUTILS +KMOD +IDN)
[    6.884805] systemd[1]: Detected architecture arm.
[    6.926715] systemd[1]: Set hostname to <arm>.
[    8.000779] systemd[1]: Started Dispatch Password Requests to Console Directory Watch.
[    8.045386] systemd[1]: Created slice System Slice.
[    8.084290] systemd[1]: dev-hugepages.mount: Couldn't determine result for ConditionVirtualization=!private-users, assuming failed: No such file or directory
[    8.098784] systemd[1]: Reached target Swap.
[    8.134354] systemd[1]: Listening on udev Kernel Socket.
[    8.175702] systemd[1]: Listening on /dev/initctl Compatibility Named Pipe.
[    8.215601] systemd[1]: Listening on Syslog Socket.
[   10.210864] systemd-journald[86]: Received request to flush runtime journal from PID 1
[   13.093564] leds-gpio leds: using DT '/leds/led2' for '(default)' GPIO lookup
[   13.093670] of_get_named_gpiod_flags: parsed 'gpios' property of node '/leds/led2[0]' - status (0)
[   13.093986] gpio gpiochip0: Persistence not supported for GPIO 21
[   13.094008] gpio-533 (?): no flags found for GPIO (default)
[   13.125145] leds-gpio leds: using DT '/leds/led3' for '(default)' GPIO lookup
[   13.125258] of_get_named_gpiod_flags: parsed 'gpios' property of node '/leds/led3[0]' - status (0)
[   13.125496] gpio gpiochip0: Persistence not supported for GPIO 22
[   13.125520] gpio-534 (?): no flags found for GPIO (default)
[   13.164114] leds-gpio leds: using DT '/leds/led4' for '(default)' GPIO lookup
[   13.164213] of_get_named_gpiod_flags: parsed 'gpios' property of node '/leds/led4[0]' - status (0)
[   13.164266] gpio gpiochip0: Persistence not supported for GPIO 23
[   13.164282] gpio-535 (?): no flags found for GPIO (default)
[   13.204742] leds-gpio leds: using DT '/leds/led5' for '(default)' GPIO lookup
[   13.204841] of_get_named_gpiod_flags: parsed 'gpios' property of node '/leds/led5[0]' - status (0)
[   13.204893] gpio gpiochip0: Persistence not supported for GPIO 24
[   13.204909] gpio-536 (?): no flags found for GPIO (default)
[   13.665595] remoteproc remoteproc0: wkup_m3 is available
[   13.831707] omap_rtc 44e3e000.rtc: registered as rtc0
[   13.837084] omap_rtc 44e3e000.rtc: setting system clock to 2000-01-01T00:00:00 UTC (946684800)
[   13.845862] omap_rtc 44e3e000.rtc: using DT '/ocp/interconnect@44c00000/segment@200000/target-module@3e000/rtc@0' for 'wp' GPIO lookup
[   13.845935] of_get_named_gpiod_flags: can't parse 'wp-gpios' property of node '/ocp/interconnect@44c00000/segment@200000/target-module@3e000/rtc@0[0]'
[   13.845987] of_get_named_gpiod_flags: can't parse 'wp-gpio' property of node '/ocp/interconnect@44c00000/segment@200000/target-module@3e000/rtc@0[0]'
[   13.846029] omap_rtc 44e3e000.rtc: using lookup tables for GPIO lookup
[   13.846044] omap_rtc 44e3e000.rtc: No GPIO consumer wp found
[   14.005632] omap_wdt: OMAP Watchdog Timer Rev 0x01: initial timeout 60 sec
[   14.188611] at24 2-0054: supply vcc not found, using dummy regulator
[   14.386154] at24 2-0055: supply vcc not found, using dummy regulator
[   14.510659] tps6521x_pwrbutton tps65217-pwrbutton: DMA mask not set
[   14.555865] at24 2-0056: supply vcc not found, using dummy regulator
[   14.677853] input: tps65217_pwrbutton as /devices/platform/ocp/44c00000.interconnect/44c00000.interconnect:segment@200000/44e0b000.target-module/44e0b000.i2c/i2c-0/0-0024/tps65217-pwrbutton/input/input0
[   14.704703] at24 2-0057: supply vcc not found, using dummy regulator
[   14.823241] at24 0-0050: using DT '/ocp/interconnect@44c00000/segment@200000/target-module@b000/i2c@0/baseboard_eeprom@50' for 'wp' GPIO lookup
[   14.823362] of_get_named_gpiod_flags: can't parse 'wp-gpios' property of node '/ocp/interconnect@44c00000/segment@200000/target-module@b000/i2c@0/baseboard_eeprom@50[0]'
[   14.823425] of_get_named_gpiod_flags: can't parse 'wp-gpio' property of node '/ocp/interconnect@44c00000/segment@200000/target-module@b000/i2c@0/baseboard_eeprom@50[0]'
[   14.823473] at24 0-0050: using lookup tables for GPIO lookup
[   14.823488] at24 0-0050: No GPIO consumer wp found
[   14.824017] at24 0-0050: 32768 byte 24c256 EEPROM, writable, 1 bytes/write
[   15.241614] wkup_m3_ipc 44e11324.wkup_m3_ipc: IPC Request for A8->M3 Channel failed! -517
[   15.321564] am335x-phy-driver 47401300.usb-phy: using DT '/ocp/target-module@47400000/usb-phy@1300' for 'reset' GPIO lookup
[   15.321767] of_get_named_gpiod_flags: can't parse 'reset-gpios' property of node '/ocp/target-module@47400000/usb-phy@1300[0]'
[   15.321820] of_get_named_gpiod_flags: can't parse 'reset-gpio' property of node '/ocp/target-module@47400000/usb-phy@1300[0]'
[   15.321912] am335x-phy-driver 47401300.usb-phy: using lookup tables for GPIO lookup
[   15.321928] am335x-phy-driver 47401300.usb-phy: No GPIO consumer reset found
[   15.321944] am335x-phy-driver 47401300.usb-phy: using DT '/ocp/target-module@47400000/usb-phy@1300' for 'vbus-detect' GPIO lookup
[   15.322022] of_get_named_gpiod_flags: can't parse 'vbus-detect-gpios' property of node '/ocp/target-module@47400000/usb-phy@1300[0]'
[   15.322058] of_get_named_gpiod_flags: can't parse 'vbus-detect-gpio' property of node '/ocp/target-module@47400000/usb-phy@1300[0]'
[   15.322133] am335x-phy-driver 47401300.usb-phy: using lookup tables for GPIO lookup
[   15.322146] am335x-phy-driver 47401300.usb-phy: No GPIO consumer vbus-detect found
[   15.322402] am335x-phy-driver 47401300.usb-phy: dummy supplies not allowed for exclusive requests (id=vbus)
[   15.404840] wkup_m3_ipc 44e11324.wkup_m3_ipc: IPC Request for A8->M3 Channel failed! -517
[   15.657210] am335x-phy-driver 47401b00.usb-phy: using DT '/ocp/target-module@47400000/usb-phy@1b00' for 'reset' GPIO lookup
[   15.657349] of_get_named_gpiod_flags: can't parse 'reset-gpios' property of node '/ocp/target-module@47400000/usb-phy@1b00[0]'
[   15.657440] of_get_named_gpiod_flags: can't parse 'reset-gpio' property of node '/ocp/target-module@47400000/usb-phy@1b00[0]'
[   15.657484] am335x-phy-driver 47401b00.usb-phy: using lookup tables for GPIO lookup
[   15.657538] am335x-phy-driver 47401b00.usb-phy: No GPIO consumer reset found
[   15.657554] am335x-phy-driver 47401b00.usb-phy: using DT '/ocp/target-module@47400000/usb-phy@1b00' for 'vbus-detect' GPIO lookup
[   15.657589] of_get_named_gpiod_flags: can't parse 'vbus-detect-gpios' property of node '/ocp/target-module@47400000/usb-phy@1b00[0]'
[   15.657659] of_get_named_gpiod_flags: can't parse 'vbus-detect-gpio' property of node '/ocp/target-module@47400000/usb-phy@1b00[0]'
[   15.657690] am335x-phy-driver 47401b00.usb-phy: using lookup tables for GPIO lookup
[   15.657703] am335x-phy-driver 47401b00.usb-phy: No GPIO consumer vbus-detect found
[   15.657934] am335x-phy-driver 47401b00.usb-phy: dummy supplies not allowed for exclusive requests (id=vbus)
[   15.669891] wkup_m3_ipc 44e11324.wkup_m3_ipc: IPC Request for A8->M3 Channel failed! -517
[   15.753030] usbcore: registered new interface driver usbfs
[   15.758908] usbcore: registered new interface driver hub
[   15.764453] usbcore: registered new device driver usb
[   15.895155] wkup_m3_ipc 44e11324.wkup_m3_ipc: IPC Request for A8->M3 Channel failed! -517
[   16.440453] wkup_m3_ipc 44e11324.wkup_m3_ipc: IPC Request for A8->M3 Channel failed! -517
[   16.624497] musb-hdrc musb-hdrc.1: MUSB HDRC host driver
[   16.630063] musb-hdrc musb-hdrc.1: new USB bus registered, assigned bus number 1
[   16.638928] wkup_m3_ipc 44e11324.wkup_m3_ipc: IPC Request for A8->M3 Channel failed! -517
[   16.808819] tda998x 0-0070: found TDA19988
[   16.854454] usb usb1: New USB device found, idVendor=1d6b, idProduct=0002, bcdDevice= 6.11
[   16.862960] usb usb1: New USB device strings: Mfr=3, Product=2, SerialNumber=1
[   16.870371] usb usb1: Product: MUSB HDRC host driver
[   16.875407] usb usb1: Manufacturer: Linux 6.11.0-g73ea23d406f1 musb-hcd
[   16.882059] usb usb1: SerialNumber: musb-hdrc.1
[   16.970057] wkup_m3_ipc 44e11324.wkup_m3_ipc: IPC Request for A8->M3 Channel failed! -517
[   16.979612] omap-mailbox 480c8000.mailbox: omap mailbox rev 0x400
[   17.095679] hub 1-0:1.0: USB hub found
[   17.140615] hub 1-0:1.0: 1 port detected
[   17.170753] remoteproc remoteproc0: powering up wkup_m3
[   17.283336] remoteproc remoteproc0: Direct firmware load for am335x-pm-firmware.elf failed with error -2
[   17.293135] remoteproc remoteproc0: request_firmware failed: -2
[   17.299208] wkup_m3_ipc 44e11324.wkup_m3_ipc: rproc_boot failed
[   18.677301] tilcdc 4830e000.lcdc: bound 0-0070 (ops tda998x_driver_exit [tda998x])
[   18.817695] [drm] Initialized tilcdc 1.0.0 for 4830e000.lcdc on minor 0
[   18.862820] tilcdc 4830e000.lcdc: [drm] Cannot find any crtc or sizes
[   18.880683] tilcdc 4830e000.lcdc: [drm] Cannot find any crtc or sizes
[   18.952219] omap_rng 48310000.rng: Random Number Generator ver. 20
[   20.403183] PM: Cannot get wkup_m3_ipc handle
[   20.503017] omap-sham 53100000.sham: hw accel on OMAP rev 4.3
[   20.658360] omap-aes 53500000.aes: OMAP AES hw accel rev: 3.2
[   20.720001] omap-sham 53100000.sham: will run requests pump with realtime priority
[   20.734493] PM: Cannot get wkup_m3_ipc handle
[   20.786794] omap-aes 53500000.aes: will run requests pump with realtime priority
[   20.802844] PM: Cannot get wkup_m3_ipc handle
[   22.571804] Bluetooth: Core ver 2.22
[   22.575847] NET: Registered PF_BLUETOOTH protocol family
[   22.581202] Bluetooth: HCI device and connection manager initialized
[   22.587716] Bluetooth: HCI socket layer initialized
[   22.592631] Bluetooth: L2CAP socket layer initialized
[   22.597785] Bluetooth: SCO socket layer initialized
[   24.458329] PM: Cannot get wkup_m3_ipc handle
[   24.464589] asoc-simple-card sound: using DT '/sound' for 'simple-audio-card,hp-det' GPIO lookup
[   24.464664] of_get_named_gpiod_flags: can't parse 'simple-audio-card,hp-det-gpios' property of node '/sound[0]'
[   24.464701] of_get_named_gpiod_flags: can't parse 'simple-audio-card,hp-det-gpio' property of node '/sound[0]'
[   24.464725] asoc-simple-card sound: using lookup tables for GPIO lookup
[   24.464740] asoc-simple-card sound: No GPIO consumer simple-audio-card,hp-det found
[   24.464755] asoc-simple-card sound: using DT '/sound' for 'simple-audio-card,mic-det' GPIO lookup
[   24.464779] of_get_named_gpiod_flags: can't parse 'simple-audio-card,mic-det-gpios' property of node '/sound[0]'
[   24.464805] of_get_named_gpiod_flags: can't parse 'simple-audio-card,mic-det-gpio' property of node '/sound[0]'
[   24.464825] asoc-simple-card sound: using lookup tables for GPIO lookup
[   24.464838] asoc-simple-card sound: No GPIO consumer simple-audio-card,mic-det found
[   24.595833] PM: Cannot get wkup_m3_ipc handle
[   26.562160] userial_init: registered 8 ttyGS* devices
[   26.805087] rndis_register: configNr = 0
[   26.900267] udc musb-hdrc.0: binding gadget driver [g_multi]
[   26.900365] configfs-gadget.g_multi gadget.0: adding 'rndis'/447a567c to config 'c'/81f2644f
[   26.901515] configfs-gadget.g_multi gadget.0: HOST MAC 1c:ba:8c:a2:ed:6c
[   26.908524] configfs-gadget.g_multi gadget.0: MAC 1c:ba:8c:a2:ed:70
[   26.915156] rndis_set_param_medium: 0 0
[   26.915187] configfs-gadget.g_multi gadget.0: RNDIS: IN/ep1in OUT/ep1out NOTIFY/ep2in
[   26.915204] configfs-gadget.g_multi gadget.0: adding 'cdc_ethernet'/0114094f to config 'c'/81f2644f
[   26.916118] configfs-gadget.g_multi gadget.0: HOST MAC 1c:ba:8c:a2:ed:6c
[   26.922879] configfs-gadget.g_multi gadget.0: MAC 1c:ba:8c:a2:ed:6d
[   26.929314] configfs-gadget.g_multi gadget.0: CDC Ethernet: IN/ep3in OUT/ep2out NOTIFY/ep4in
[   26.929334] configfs-gadget.g_multi gadget.0: adding 'acm'/5009c095 to config 'c'/81f2644f
[   26.929374] configfs-gadget.g_multi gadget.0: acm ttyGS0: IN/ep5in OUT/ep3out NOTIFY/ep6in
[   26.930139] PM: Cannot get wkup_m3_ipc handle
[   28.501648] configfs-gadget.g_multi gadget.0: eth_open
[   29.651706] configfs-gadget.g_multi gadget.0: stop stats: rx/tx 0/0, errs 0/0
[   33.400423] gs_open: ttyGS0 (1779b6e1,78f365a1)
[   33.400564] gs_close: ttyGS0 (1779b6e1,78f365a1) ...
[   33.400588] gs_close: ttyGS0 (1779b6e1,78f365a1) done!
[   33.414964] gs_open: ttyGS0 (1779b6e1,c57ecb6e)
[   33.415135] gs_close: ttyGS0 (1779b6e1,c57ecb6e) ...
[   33.415164] gs_close: ttyGS0 (1779b6e1,c57ecb6e) done!
[   33.575154] gs_open: ttyGS0 (065eb2d1,890ce18d)
[   33.575388] gs_close: ttyGS0 (065eb2d1,890ce18d) ...
[   33.575417] gs_close: ttyGS0 (065eb2d1,890ce18d) done!
[   33.576280] gs_open: ttyGS0 (065eb2d1,890ce18d)
[   49.927204] mva_overlay: loading out-of-tree module taints kernel.
[   49.928943] mva_overlay_init: Hello Peeps
[   49.929032] create_sysfs_for_overlays: sysfs created
[   53.657708] overlay_modify_store: got overlay data (pos=0, size=2210
[   53.657773] overlay_modify_store: Writing 2210 byte overlay
[   53.658515] OF: overlay: WARNING: memory leak will occur if overlay removed, property: /ocp/interconnect@48000000/segment@100000/target-module@9c000/i2c@0/pinctrl-0
[   53.658577] OF: overlay: WARNING: memory leak will occur if overlay removed, property: /ocp/interconnect@48000000/segment@100000/target-module@9c000/i2c@0/clock-frequency
[   53.658615] OF: overlay: WARNING: memory leak will occur if overlay removed, property: /ocp/interconnect@48000000/segment@100000/target-module@9c000/i2c@0/status
[   53.658885] OF: overlay: WARNING: memory leak will occur if overlay removed, property: /__symbols__/bdpmic
[   53.743646] PM: Cannot get wkup_m3_ipc handle
[   53.808669] bd96801-pmic bd96801-regulator.3.auto: Leaving LDO to normal mode
[   53.809252] bd96801-pmic bd96801-regulator.3.auto: Leaving LDO to normal mode
[   53.811162] bd96801-pmic bd96801-regulator.3.auto: Leaving LDO to normal mode
[   53.820500] buck1: IC does not support requested over voltage limits
[   53.820543] buck1: IC does not support requested under voltage limits
[   53.820554] buck1: IC does not support requested temperature limits
[   53.834838] PM: Cannot get wkup_m3_ipc handle
[   53.848998] buck2: IC does not support requested over voltage limits
[   53.849042] buck2: IC does not support requested under voltage limits
[   53.849053] buck2: IC does not support requested temperature limits
[   53.885267] buck3: IC does not support requested over voltage limits
[   53.885315] buck3: IC does not support requested under voltage limits
[   53.885326] buck3: IC does not support requested temperature limits
[   53.912751] buck4: IC does not support requested over voltage limits
[   53.912797] buck4: IC does not support requested under voltage limits
[   53.912808] buck4: IC does not support requested temperature limits
[   53.933823] ldo5: IC does not support requested over voltage limits
[   53.933872] ldo5: IC does not support requested under voltage limits
[   53.933885] ldo5: IC does not support requested temperature limits
[   53.948962] ldo6: IC does not support requested over voltage limits
[   53.949005] ldo6: IC does not support requested under voltage limits
[   53.949018] ldo6: IC does not support requested temperature limits
[   53.961747] ldo7: IC does not support requested over voltage limits
[   53.961788] ldo7: IC does not support requested under voltage limits
[   53.961800] ldo7: IC does not support requested temperature limits
[   53.978969] PM: Cannot get wkup_m3_ipc handle
[   59.485986] mva_test_init: Hello Peeps
JMQQYGONOM 0
root@arm:~# echo 'ZVPZ''LPJOAS'
ZVPZLPJOAS
root@arm:~# MARKER='PVZK''GFVKJB' run 'modprobe test_linear_ranges'
PVZKGFVKJBPVZKGFVKJB 0
root@arm:~# echo 'AZLG''EPQYOP'
AZLGEPQYOP
root@arm:~# MARKER='WNFL''GVCPHQ' run dmesg
WNFLGVCPHQ[    0.000000] Booting Linux on physical CPU 0x0
[    0.000000] Linux version 6.11.0-g73ea23d406f1 (user01@drvtest01) (arm-linux-gnueabihf-gcc (Linaro GCC 6.4-2017.11) 6.4.1 20171012, GNU ld (Linaro_Binutils-2017.11) 2.27.0.20161229) #15 SMP Tue Sep 24 15:25:50 EEST 2024
[    0.000000] CPU: ARMv7 Processor [413fc082] revision 2 (ARMv7), cr=10c5387d
[    0.000000] CPU: PIPT / VIPT nonaliasing data cache, VIPT aliasing instruction cache
[    0.000000] OF: fdt: Machine model: TI AM335x BeagleBone Black
[    0.000000] Memory policy: Data cache writeback
[    0.000000] cma: Reserved 16 MiB at 0x9e800000 on node -1
[    0.000000] Zone ranges:
[    0.000000]   Normal   [mem 0x0000000080000000-0x000000009fdfffff]
[    0.000000]   HighMem  empty
[    0.000000] Movable zone start for each node
[    0.000000] Early memory node ranges
[    0.000000]   node   0: [mem 0x0000000080000000-0x000000009fdfffff]
[    0.000000] Initmem setup node 0 [mem 0x0000000080000000-0x000000009fdfffff]
[    0.000000] CPU: All CPU(s) started in SVC mode.
[    0.000000] AM335X ES2.1 (sgx neon)
[    0.000000] percpu: Embedded 17 pages/cpu s39628 r8192 d21812 u69632
[    0.000000] pcpu-alloc: s39628 r8192 d21812 u69632 alloc=17*4096
[    0.000000] pcpu-alloc: [0] 0 
[    0.000000] Kernel command line: console=ttyO0,115200n8 root=/dev/nfs rw nfsroot=192.168.255.126:/home/user01/nfs,nfsvers=3 ip=192.168.255.4:192.168.255.126::255.255.255.0:bbb1:eth0 nfsrootdebug
[    0.000000] Unknown kernel command line parameters "nfsrootdebug", will be passed to user space.
[    0.000000] Dentry cache hash table entries: 65536 (order: 6, 262144 bytes, linear)
[    0.000000] Inode-cache hash table entries: 32768 (order: 5, 131072 bytes, linear)
[    0.000000] Built 1 zonelists, mobility grouping on.  Total pages: 130560
[    0.000000] mem auto-init: stack:off, heap alloc:off, heap free:off
[    0.000000] SLUB: HWalign=64, Order=0-3, MinObjects=0, CPUs=1, Nodes=1
[    0.000000] trace event string verifier disabled
[    0.000000] rcu: Hierarchical RCU implementation.
[    0.000000] rcu: 	RCU event tracing is enabled.
[    0.000000] rcu: 	RCU restricting CPUs from NR_CPUS=2 to nr_cpu_ids=1.
[    0.000000] rcu: RCU calculated value of scheduler-enlistment delay is 10 jiffies.
[    0.000000] rcu: Adjusting geometry for rcu_fanout_leaf=16, nr_cpu_ids=1
[    0.000000] NR_IRQS: 16, nr_irqs: 16, preallocated irqs: 16
[    0.000000] IRQ: Found an INTC at 0x(ptrval) (revision 5.0) with 128 interrupts
[    0.000000] rcu: srcu_init: Setting srcu_struct sizes based on contention.
[    0.000000] TI gptimer clocksource: always-on /ocp/interconnect@44c00000/segment@200000/target-module@31000
[    0.000003] sched_clock: 32 bits at 24MHz, resolution 41ns, wraps every 89478484971ns
[    0.000028] clocksource: dmtimer: mask: 0xffffffff max_cycles: 0xffffffff, max_idle_ns: 79635851949 ns
[    0.000511] TI gptimer clockevent: 24000000 Hz at /ocp/interconnect@48000000/segment@0/target-module@40000
[    0.002146] Console: colour dummy device 80x30
[    0.002215] WARNING: Your 'console=ttyO0' has been replaced by 'ttyS0'
[    0.002225] This ensures that you still see kernel messages. Please
[    0.002231] update your kernel commandline.
[    0.002274] Calibrating delay loop... 996.14 BogoMIPS (lpj=4980736)
[    0.090566] CPU: Testing write buffer coherency: ok
[    0.090673] CPU0: Spectre v2: using BPIALL workaround
[    0.090686] pid_max: default: 32768 minimum: 301
[    0.090811] LSM: initializing lsm=capability
[    0.090983] Mount-cache hash table entries: 1024 (order: 0, 4096 bytes, linear)
[    0.091007] Mountpoint-cache hash table entries: 1024 (order: 0, 4096 bytes, linear)
[    0.092548] CPU0: thread -1, cpu 0, socket -1, mpidr 0
[    0.094253] Setting up static identity map for 0x80100000 - 0x80100078
[    0.094559] rcu: Hierarchical SRCU implementation.
[    0.094572] rcu: 	Max phase no-delay instances is 1000.
[    0.096227] smp: Bringing up secondary CPUs ...
[    0.096284] smp: Brought up 1 node, 1 CPU
[    0.096299] SMP: Total of 1 processors activated (996.14 BogoMIPS).
[    0.096314] CPU: All CPU(s) started in SVC mode.
[    0.096506] Memory: 480876K/522240K available (11264K kernel code, 1197K rwdata, 2856K rodata, 1024K init, 297K bss, 23344K reserved, 16384K cma-reserved, 0K highmem)
[    0.097316] devtmpfs: initialized
[    0.113719] VFP support v0.3: implementor 41 architecture 3 part 30 variant c rev 3
[    0.114071] clocksource: jiffies: mask: 0xffffffff max_cycles: 0xffffffff, max_idle_ns: 19112604462750000 ns
[    0.114108] futex hash table entries: 256 (order: 2, 16384 bytes, linear)
[    0.115361] pinctrl core: initialized pinctrl subsystem
[    0.118085] NET: Registered PF_NETLINK/PF_ROUTE protocol family
[    0.121086] DMA: preallocated 256 KiB pool for atomic coherent allocations
[    0.122055] audit: initializing netlink subsys (disabled)
[    0.123428] thermal_sys: Registered thermal governor 'fair_share'
[    0.123450] thermal_sys: Registered thermal governor 'step_wise'
[    0.123462] thermal_sys: Registered thermal governor 'user_space'
[    0.123581] audit: type=2000 audit(0.120:1): state=initialized audit_enabled=0 res=1
[    0.123655] cpuidle: using governor menu
[    0.142784] No ATAGs?
[    0.142816] hw-breakpoint: debug architecture 0x4 unsupported.
[    0.145724] kprobes: kprobe jump-optimization is enabled. All kprobes are optimized if possible.
[    0.164029] iommu: Default domain type: Translated
[    0.164057] iommu: DMA domain TLB invalidation policy: strict mode
[    0.165635] reg-fixed-voltage fixedregulator0: using DT '/fixedregulator0' for '(default)' GPIO lookup
[    0.165695] of_get_named_gpiod_flags: can't parse 'gpios' property of node '/fixedregulator0[0]'
[    0.165725] of_get_named_gpiod_flags: can't parse 'gpio' property of node '/fixedregulator0[0]'
[    0.165746] reg-fixed-voltage fixedregulator0: using lookup tables for GPIO lookup
[    0.165758] reg-fixed-voltage fixedregulator0: No GPIO consumer (default) found
[    0.171385] SCSI subsystem initialized
[    0.181021] libata version 3.00 loaded.
[    0.181394] pps_core: LinuxPPS API ver. 1 registered
[    0.181407] pps_core: Software ver. 5.3.6 - Copyright 2005-2007 Rodolfo Giometti <giometti@linux.it>
[    0.181434] PTP clock support registered
[    0.183348] vgaarb: loaded
[    0.183740] clocksource: Switched to clocksource dmtimer
[    0.184333] VFS: Disk quotas dquot_6.6.0
[    0.184380] VFS: Dquot-cache hash table entries: 1024 (order 0, 4096 bytes)
[    0.209075] NET: Registered PF_INET protocol family
[    0.209433] IP idents hash table entries: 8192 (order: 4, 65536 bytes, linear)
[    0.210823] tcp_listen_portaddr_hash hash table entries: 512 (order: 0, 4096 bytes, linear)
[    0.210865] Table-perturb hash table entries: 65536 (order: 6, 262144 bytes, linear)
[    0.210883] TCP established hash table entries: 4096 (order: 2, 16384 bytes, linear)
[    0.210927] TCP bind hash table entries: 4096 (order: 4, 65536 bytes, linear)
[    0.211028] TCP: Hash tables configured (established 4096 bind 4096)
[    0.211151] UDP hash table entries: 256 (order: 1, 8192 bytes, linear)
[    0.211182] UDP-Lite hash table entries: 256 (order: 1, 8192 bytes, linear)
[    0.211361] NET: Registered PF_UNIX/PF_LOCAL protocol family
[    0.224740] RPC: Registered named UNIX socket transport module.
[    0.224770] RPC: Registered udp transport module.
[    0.224777] RPC: Registered tcp transport module.
[    0.224783] RPC: Registered tcp-with-tls transport module.
[    0.224790] RPC: Registered tcp NFSv4.1 backchannel transport module.
[    0.224817] PCI: CLS 0 bytes, default 64
[    0.226275] Initialise system trusted keyrings
[    0.227357] workingset: timestamp_bits=14 max_order=17 bucket_order=3
[    0.228627] NFS: Registering the id_resolver key type
[    0.228701] Key type id_resolver registered
[    0.228711] Key type id_legacy registered
[    0.228762] jffs2: version 2.2. (NAND) (SUMMARY)  Â© 2001-2006 Red Hat, Inc.
[    0.229219] Key type asymmetric registered
[    0.229239] Asymmetric key parser 'x509' registered
[    0.229302] io scheduler mq-deadline registered
[    0.229314] io scheduler kyber registered
[    0.229387] io scheduler bfq registered
[    0.243902] Serial: 8250/16550 driver, 6 ports, IRQ sharing enabled
[    0.306923] brd: module loaded
[    0.332479] loop: module loaded
[    0.333426] mtdoops: mtd device (mtddev=name/number) must be supplied
[    0.335287] mdio_bus fixed-0: using lookup tables for GPIO lookup
[    0.335319] mdio_bus fixed-0: No GPIO consumer reset found
[    0.336722] i2c_dev: i2c /dev entries driver
[    0.337689] cpuidle: enable-method property 'ti,am3352' found operations
[    0.338144] sdhci: Secure Digital Host Controller Interface driver
[    0.338157] sdhci: Copyright(c) Pierre Ossman
[    0.338334] sdhci-pltfm: SDHCI platform and OF driver helper
[    0.338614] ledtrig-cpu: registered to indicate activity on CPUs
[    0.339543] Initializing XFRM netlink socket
[    0.339667] NET: Registered PF_INET6 protocol family
[    0.341541] Segment Routing with IPv6
[    0.341640] In-situ OAM (IOAM) with IPv6
[    0.341739] sit: IPv6, IPv4 and MPLS over IPv4 tunneling driver
[    0.342674] NET: Registered PF_PACKET protocol family
[    0.342716] NET: Registered PF_KEY protocol family
[    0.342833] Key type dns_resolver registered
[    0.343089] ThumbEE CPU extension supported.
[    0.343114] Registering SWP/SWPB emulation handler
[    0.343643] omap_voltage_late_init: Voltage driver support not added
[    0.344197] SmartReflex Class3 initialized
[    0.387300] Loading compiled-in X.509 certificates
[    0.423223] gpiochip_find_base_unlocked: found new base at 512
[    0.442993] platform 44e10800.pinmux: Fixed dependency cycle(s) with /ocp/interconnect@44c00000/segment@200000/target-module@10000/scm@0/pinmux@800/clkout2-pins
[    0.443566] pinctrl-single 44e10800.pinmux: 142 pins, size 568
[    0.448820] ti-sysc 44e31000.target-module: probe with driver ti-sysc failed with error -16
[    0.500699] ti-sysc 48040000.target-module: probe with driver ti-sysc failed with error -16
[    0.511730] gpiochip_find_base_unlocked: found new base at 512
[    0.511842] gpio gpiochip0: (gpio-0-31): created GPIO range 0->7 ==> 44e10800.pinmux PIN 0->7
[    0.511865] gpio gpiochip0: (gpio-0-31): created GPIO range 8->11 ==> 44e10800.pinmux PIN 90->93
[    0.511882] gpio gpiochip0: (gpio-0-31): created GPIO range 12->27 ==> 44e10800.pinmux PIN 12->27
[    0.511899] gpio gpiochip0: (gpio-0-31): created GPIO range 28->31 ==> 44e10800.pinmux PIN 30->33
[    0.537502] gpio gpiochip0: (gpio-0-31): added GPIO chardev (254:0)
[    0.537701] gpio gpiochip0: registered GPIOs 512 to 543 on gpio-0-31
[    0.537789] OMAP GPIO hardware version 0.1
[    0.555412] i2c i2c-2: using DT '/ocp/interconnect@48000000/segment@100000/target-module@9c000/i2c@0' for 'scl' GPIO lookup
[    0.555517] of_get_named_gpiod_flags: can't parse 'scl-gpios' property of node '/ocp/interconnect@48000000/segment@100000/target-module@9c000/i2c@0[0]'
[    0.555564] of_get_named_gpiod_flags: can't parse 'scl-gpio' property of node '/ocp/interconnect@48000000/segment@100000/target-module@9c000/i2c@0[0]'
[    0.555604] i2c i2c-2: using lookup tables for GPIO lookup
[    0.555616] i2c i2c-2: No GPIO consumer scl found
[    0.555639] i2c i2c-2: using DT '/ocp/interconnect@48000000/segment@100000/target-module@9c000/i2c@0' for 'sda' GPIO lookup
[    0.555677] of_get_named_gpiod_flags: can't parse 'sda-gpios' property of node '/ocp/interconnect@48000000/segment@100000/target-module@9c000/i2c@0[0]'
[    0.555718] of_get_named_gpiod_flags: can't parse 'sda-gpio' property of node '/ocp/interconnect@48000000/segment@100000/target-module@9c000/i2c@0[0]'
[    0.555752] i2c i2c-2: using lookup tables for GPIO lookup
[    0.555761] i2c i2c-2: No GPIO consumer sda found
[    0.556479] omap_i2c 4819c000.i2c: bus 2 rev0.11 at 100 kHz
[    0.561768] gpiochip_find_base_unlocked: found new base at 544
[    0.561879] gpio gpiochip1: (gpio-32-63): created GPIO range 0->17 ==> 44e10800.pinmux PIN 34->51
[    0.561900] gpio gpiochip1: (gpio-32-63): created GPIO range 18->21 ==> 44e10800.pinmux PIN 77->80
[    0.561918] gpio gpiochip1: (gpio-32-63): created GPIO range 22->31 ==> 44e10800.pinmux PIN 56->65
[    0.574499] gpio gpiochip1: (gpio-32-63): added GPIO chardev (254:1)
[    0.574660] gpio gpiochip1: registered GPIOs 544 to 575 on gpio-32-63
[    0.576836] gpiochip_find_base_unlocked: found new base at 576
[    0.576952] gpio gpiochip2: (gpio-64-95): created GPIO range 0->4 ==> 44e10800.pinmux PIN 66->70
[    0.576974] gpio gpiochip2: (gpio-64-95): created GPIO range 5->6 ==> 44e10800.pinmux PIN 98->99
[    0.576992] gpio gpiochip2: (gpio-64-95): created GPIO range 7->8 ==> 44e10800.pinmux PIN 75->76
[    0.577009] gpio gpiochip2: (gpio-64-95): created GPIO range 13->13 ==> 44e10800.pinmux PIN 141->141
[    0.577027] gpio gpiochip2: (gpio-64-95): created GPIO range 14->21 ==> 44e10800.pinmux PIN 100->107
[    0.577627] gpio gpiochip2: (gpio-64-95): added GPIO chardev (254:2)
[    0.577765] gpio gpiochip2: registered GPIOs 576 to 607 on gpio-64-95
[    0.583100] 48000000.interconnect:segment@200000:target-module@0:mpu@0:fck: device ID is greater than 24
[    0.587497] platform 4830e000.lcdc: Fixed dependency cycle(s) with /ocp/interconnect@44c00000/segment@200000/target-module@b000/i2c@0/tda19988@70
[    0.596776] mdio_bus 4a101000.mdio: using DT '/ocp/interconnect@4a000000/segment@0/target-module@100000/switch@0/mdio@1000' for 'reset' GPIO lookup
[    0.596857] of_get_named_gpiod_flags: can't parse 'reset-gpios' property of node '/ocp/interconnect@4a000000/segment@0/target-module@100000/switch@0/mdio@1000[0]'
[    0.596910] of_get_named_gpiod_flags: can't parse 'reset-gpio' property of node '/ocp/interconnect@4a000000/segment@0/target-module@100000/switch@0/mdio@1000[0]'
[    0.596961] mdio_bus 4a101000.mdio: using lookup tables for GPIO lookup
[    0.596974] mdio_bus 4a101000.mdio: No GPIO consumer reset found
[    0.599092] sdhci-omap 481d8000.mmc: using DT '/ocp/interconnect@48000000/segment@100000/target-module@d8000/mmc@0' for 'wp' GPIO lookup
[    0.599168] of_get_named_gpiod_flags: can't parse 'wp-gpios' property of node '/ocp/interconnect@48000000/segment@100000/target-module@d8000/mmc@0[0]'
[    0.599217] of_get_named_gpiod_flags: can't parse 'wp-gpio' property of node '/ocp/interconnect@48000000/segment@100000/target-module@d8000/mmc@0[0]'
[    0.599256] sdhci-omap 481d8000.mmc: using lookup tables for GPIO lookup
[    0.599268] sdhci-omap 481d8000.mmc: No GPIO consumer wp found
[    0.599471] sdhci-omap 481d8000.mmc: supply pbias not found, using dummy regulator
[    0.599935] sdhci-omap 481d8000.mmc: supply vqmmc not found, using dummy regulator
[    0.687566] davinci_mdio 4a101000.mdio: davinci mdio revision 1.6, bus freq 1000000
[    0.708177] mdio_bus 4a101000.mdio:00: using DT '/ocp/interconnect@4a000000/segment@0/target-module@100000/switch@0/mdio@1000/ethernet-phy@0' for 'reset' GPIO lookup
[    0.708286] of_get_named_gpiod_flags: parsed 'reset-gpios' property of node '/ocp/interconnect@4a000000/segment@0/target-module@100000/switch@0/mdio@1000/ethernet-phy@0[0]' - status (0)
[    0.708455] gpio gpiochip0: Persistence not supported for GPIO 8
[    0.792795] davinci_mdio 4a101000.mdio: phy[0]: device 4a101000.mdio:00, driver SMSC LAN8710/LAN8720
[    0.793433] cpsw-switch 4a100000.switch: initialized cpsw ale version 1.4
[    0.793460] cpsw-switch 4a100000.switch: ALE Table size 1024
[    0.812897] cpsw-switch 4a100000.switch: cpts: overflow check period 500 (jiffies)
[    0.812929] cpsw-switch 4a100000.switch: CPTS: ref_clk_freq:250000000 calc_mult:2147483648 calc_shift:29 error:0 nsec/sec
[    0.813050] cpsw-switch 4a100000.switch: Detected MACID = 18:2c:65:25:1d:6e
[    0.815048] cpsw-switch 4a100000.switch: initialized (regs 0x4a100000, pool size 256) hw_ver:0019010C 1.12 (0)
[    0.826029] debugfs: Directory '49000000.dma' with parent 'dmaengine' already present!
[    0.826078] edma 49000000.dma: TI EDMA DMA engine driver
[    0.878163] target-module@4b000000:target-module@140000:pmu@0:fck: device ID is greater than 24
