Labgrid Console Logfile for main
Logfile started at 2024-09-27 10:53:33.572912
=== Log starts here ===
Loading Environment from EXT4... 
** Unable to use mmc 0:1 for loading the env **


U-Boot 2019.04-00002-g31a8ae0206 (May 13 2020 - 09:26:17 -0500), Build: jenkins-github_Bootloader-Builder-139

CPU  : AM335X-GP rev 2.1
I2C:   ready
DRAM:  512 MiB
No match for driver 'omap_hsmmc'
No match for driver 'omap_hsmmc'
Some drivers were not found
Reset Source: Power-on reset has occurred.
RTC 32KCLK Source: External.
MMC:   OMAP SD/MMC: 0, OMAP SD/MMC: 1
Loading Environment from EXT4... 
** Unable to use mmc 0:1 for loading the env **
Board: BeagleBone Black
<ethaddr> not set. Validating first E-fuse MAC
BeagleBone Black:
BeagleBone: cape eeprom: i2c_probe: 0x54:
BeagleBone: cape eeprom: i2c_probe: 0x55:
BeagleBone: cape eeprom: i2c_probe: 0x56:
BeagleBone: cape eeprom: i2c_probe: 0x57:
Net:   eth0: MII MODE
cpsw, usb_ether
Press SPACE to abort autoboot in 0 seconds
board_name=[A335BNLT] ...
board_rev=[00C0] ...
switch to partitions #0, OK
mmc0 is current device
SD/MMC found on device 0
switch to partitions #0, OK
mmc0 is current device
Scanning mmc 0:1...
gpio: pin 56 (gpio 56) value is 0
gpio: pin 55 (gpio 55) value is 0
gpio: pin 54 (gpio 54) value is 0
gpio: pin 53 (gpio 53) value is 1
switch to partitions #0, OK
mmc0 is current device
gpio: pin 54 (gpio 54) value is 1
Checking for: /uEnv.txt ...
569 bytes read in 2 ms (277.3 KiB/s)
gpio: pin 55 (gpio 55) value is 1
Loaded environment from /uEnv.txt
Importing environment from mmc ...
Checking if uenvcmd is set ...
gpio: pin 56 (gpio 56) value is 1
Running uenvcmd ...
cpsw Waiting for PHY auto negotiation to complete.. done
link up on port 0, speed 100, full duplex
Using cpsw device
TFTP from server 192.168.255.126; our IP address is 192.168.255.2
Filename 'zImage'.
Load address: 0x81000000
Loading: *#################################################################
	 #################################################################
	 #################################################################
	 #################################################################
	 #################################################################
	 ##############################################
	 3.1 MiB/s
done
Bytes transferred = 5443688 (531068 hex)
link up on port 0, speed 100, full duplex
Using cpsw device
TFTP from server 192.168.255.126; our IP address is 192.168.255.2
Filename 'am335x-boneblack.dtb'.
Load address: 0x82000000
Loading: *#######
	 2.9 MiB/s
done
Bytes transferred = 97996 (17ecc hex)
## Flattened Device Tree blob at 82000000
   Booting using the fdt blob at 0x82000000
   Loading Device Tree to 8ffe5000, end 8ffffecb ... OK

Starting kernel ...

[    0.000000] Booting Linux on physical CPU 0x0
[    0.000000] Linux version 6.11.0-g1c5903bb178f (user01@drvtest01) (arm-linux-gnueabihf-gcc (Linaro GCC 6.4-2017.11) 6.4.1 20171012, GNU ld (Linaro_Binutils-2017.11) 2.27.0.20161229) #3 SMP Fri Sep 27 09:31:50 EEST 2024
[    0.000000] CPU: ARMv7 Processor [413fc082] revision 2 (ARMv7), cr=10c5387d
[    0.000000] CPU: PIPT / VIPT nonaliasing data cache, VIPT aliasing instruction cache
[    0.000000] OF: fdt: Machine model: TI AM335x BeagleBone Black
[    0.000000] Memory policy: Data cache writeback
[    0.000000] cma: Reserved 16 MiB at 0x9e800000 on node -1
[    0.000000] Zone ranges:
[    0.000000]   Normal   [mem 0x0000000080000000-0x000000009fdfffff]
[    0.000000]   HighMem  empty
[    0.000000] Movable zone start for each node
[    0.000000] Early memory node ranges
[    0.000000]   node   0: [mem 0x0000000080000000-0x000000009fdfffff]
[    0.000000] Initmem setup node 0 [mem 0x0000000080000000-0x000000009fdfffff]
[    0.000000] CPU: All CPU(s) started in SVC mode.
[    0.000000] AM335X ES2.1 (sgx neon)
[    0.000000] percpu: Embedded 17 pages/cpu s39628 r8192 d21812 u69632
[    0.000000] Kernel command line: console=ttyO0,115200n8 root=/dev/nfs rw nfsroot=192.168.255.126:/home/user01/nfs,nfsvers=3 ip=192.168.255.2:192.168.255.126::255.255.255.0:bbb1:eth0 nfsrootdebug
[    0.000000] Unknown kernel command line parameters "nfsrootdebug", will be passed to user space.
[    0.000000] Dentry cache hash table entries: 65536 (order: 6, 262144 bytes, linear)
[    0.000000] Inode-cache hash table entries: 32768 (order: 5, 131072 bytes, linear)
[    0.000000] Built 1 zonelists, mobility grouping on.  Total pages: 130560
[    0.000000] mem auto-init: stack:off, heap alloc:off, heap free:off
[    0.000000] SLUB: HWalign=64, Order=0-3, MinObjects=0, CPUs=1, Nodes=1
[    0.000000] trace event string verifier disabled
[    0.000000] rcu: Hierarchical RCU implementation.
[    0.000000] rcu: 	RCU event tracing is enabled.
[    0.000000] rcu: 	RCU restricting CPUs from NR_CPUS=2 to nr_cpu_ids=1.
[    0.000000] rcu: RCU calculated value of scheduler-enlistment delay is 10 jiffies.
[    0.000000] rcu: Adjusting geometry for rcu_fanout_leaf=16, nr_cpu_ids=1
[    0.000000] NR_IRQS: 16, nr_irqs: 16, preallocated irqs: 16
[    0.000000] IRQ: Found an INTC at 0x(ptrval) (revision 5.0) with 128 interrupts
[    0.000000] rcu: srcu_init: Setting srcu_struct sizes based on contention.
[    0.000000] TI gptimer clocksource: always-on /ocp/interconnect@44c00000/segment@200000/target-module@31000
[    0.000003] sched_clock: 32 bits at 24MHz, resolution 41ns, wraps every 89478484971ns
[    0.000027] clocksource: dmtimer: mask: 0xffffffff max_cycles: 0xffffffff, max_idle_ns: 79635851949 ns
[    0.000514] TI gptimer clockevent: 24000000 Hz at /ocp/interconnect@48000000/segment@0/target-module@40000
[    0.002155] Console: colour dummy device 80x30
[    0.002224] WARNING: Your 'console=ttyO0' has been replaced by 'ttyS0'
[    0.002234] This ensures that you still see kernel messages. Please
[    0.002240] update your kernel commandline.
[    0.002285] Calibrating delay loop... 996.14 BogoMIPS (lpj=4980736)
[    0.090572] CPU: Testing write buffer coherency: ok
[    0.090678] CPU0: Spectre v2: using BPIALL workaround
[    0.090690] pid_max: default: 32768 minimum: 301
[    0.090819] LSM: initializing lsm=capability
[    0.090985] Mount-cache hash table entries: 1024 (order: 0, 4096 bytes, linear)
[    0.091009] Mountpoint-cache hash table entries: 1024 (order: 0, 4096 bytes, linear)
[    0.092549] CPU0: thread -1, cpu 0, socket -1, mpidr 0
[    0.094264] Setting up static identity map for 0x80100000 - 0x80100078
[    0.094576] rcu: Hierarchical SRCU implementation.
[    0.094589] rcu: 	Max phase no-delay instances is 1000.
[    0.096272] smp: Bringing up secondary CPUs ...
[    0.096331] smp: Brought up 1 node, 1 CPU
[    0.096345] SMP: Total of 1 processors activated (996.14 BogoMIPS).
[    0.096358] CPU: All CPU(s) started in SVC mode.
[    0.096556] Memory: 480876K/522240K available (11264K kernel code, 1197K rwdata, 2856K rodata, 1024K init, 297K bss, 23344K reserved, 16384K cma-reserved, 0K highmem)
[    0.097349] devtmpfs: initialized
[    0.113758] VFP support v0.3: implementor 41 architecture 3 part 30 variant c rev 3
[    0.114118] clocksource: jiffies: mask: 0xffffffff max_cycles: 0xffffffff, max_idle_ns: 19112604462750000 ns
[    0.114158] futex hash table entries: 256 (order: 2, 16384 bytes, linear)
[    0.115423] pinctrl core: initialized pinctrl subsystem
[    0.118168] NET: Registered PF_NETLINK/PF_ROUTE protocol family
[    0.121185] DMA: preallocated 256 KiB pool for atomic coherent allocations
[    0.122151] audit: initializing netlink subsys (disabled)
[    0.123528] thermal_sys: Registered thermal governor 'fair_share'
[    0.123550] thermal_sys: Registered thermal governor 'step_wise'
[    0.123561] thermal_sys: Registered thermal governor 'user_space'
[    0.123679] audit: type=2000 audit(0.120:1): state=initialized audit_enabled=0 res=1
[    0.123749] cpuidle: using governor menu
[    0.142894] No ATAGs?
[    0.142927] hw-breakpoint: debug architecture 0x4 unsupported.
[    0.145830] kprobes: kprobe jump-optimization is enabled. All kprobes are optimized if possible.
[    0.164166] iommu: Default domain type: Translated
[    0.164195] iommu: DMA domain TLB invalidation policy: strict mode
[    0.171326] SCSI subsystem initialized
[    0.181518] pps_core: LinuxPPS API ver. 1 registered
[    0.181532] pps_core: Software ver. 5.3.6 - Copyright 2005-2007 Rodolfo Giometti <giometti@linux.it>
[    0.181559] PTP clock support registered
[    0.183520] vgaarb: loaded
[    0.183904] clocksource: Switched to clocksource dmtimer
[    0.184489] VFS: Disk quotas dquot_6.6.0
[    0.184539] VFS: Dquot-cache hash table entries: 1024 (order 0, 4096 bytes)
[    0.210754] NET: Registered PF_INET protocol family
[    0.211114] IP idents hash table entries: 8192 (order: 4, 65536 bytes, linear)
[    0.212510] tcp_listen_portaddr_hash hash table entries: 512 (order: 0, 4096 bytes, linear)
[    0.212550] Table-perturb hash table entries: 65536 (order: 6, 262144 bytes, linear)
[    0.212570] TCP established hash table entries: 4096 (order: 2, 16384 bytes, linear)
[    0.212614] TCP bind hash table entries: 4096 (order: 4, 65536 bytes, linear)
[    0.212716] TCP: Hash tables configured (established 4096 bind 4096)
[    0.212841] UDP hash table entries: 256 (order: 1, 8192 bytes, linear)
[    0.212871] UDP-Lite hash table entries: 256 (order: 1, 8192 bytes, linear)
[    0.213044] NET: Registered PF_UNIX/PF_LOCAL protocol family
[    0.214393] RPC: Registered named UNIX socket transport module.
[    0.214421] RPC: Registered udp transport module.
[    0.214428] RPC: Registered tcp transport module.
[    0.214434] RPC: Registered tcp-with-tls transport module.
[    0.214441] RPC: Registered tcp NFSv4.1 backchannel transport module.
[    0.214467] PCI: CLS 0 bytes, default 64
[    0.215914] Initialise system trusted keyrings
[    0.224694] workingset: timestamp_bits=14 max_order=17 bucket_order=3
[    0.226008] NFS: Registering the id_resolver key type
[    0.226095] Key type id_resolver registered
[    0.226106] Key type id_legacy registered
[    0.226156] jffs2: version 2.2. (NAND) (SUMMARY)  Â© 2001-2006 Red Hat, Inc.
[    0.226554] Key type asymmetric registered
[    0.226573] Asymmetric key parser 'x509' registered
[    0.226644] io scheduler mq-deadline registered
[    0.226656] io scheduler kyber registered
[    0.226725] io scheduler bfq registered
[    0.244086] Serial: 8250/16550 driver, 6 ports, IRQ sharing enabled
[    0.307248] brd: module loaded
[    0.318793] loop: module loaded
[    0.319735] mtdoops: mtd device (mtddev=name/number) must be supplied
[    0.337109] i2c_dev: i2c /dev entries driver
[    0.338080] cpuidle: enable-method property 'ti,am3352' found operations
[    0.338530] sdhci: Secure Digital Host Controller Interface driver
[    0.338543] sdhci: Copyright(c) Pierre Ossman
[    0.338719] sdhci-pltfm: SDHCI platform and OF driver helper
[    0.339070] ledtrig-cpu: registered to indicate activity on CPUs
[    0.340019] Initializing XFRM netlink socket
[    0.340149] NET: Registered PF_INET6 protocol family
[    0.341972] Segment Routing with IPv6
[    0.342068] In-situ OAM (IOAM) with IPv6
[    0.342165] sit: IPv6, IPv4 and MPLS over IPv4 tunneling driver
[    0.343107] NET: Registered PF_PACKET protocol family
[    0.343150] NET: Registered PF_KEY protocol family
[    0.343271] Key type dns_resolver registered
[    0.343538] ThumbEE CPU extension supported.
[    0.343561] Registering SWP/SWPB emulation handler
[    0.344242] omap_voltage_late_init: Voltage driver support not added
[    0.344612] SmartReflex Class3 initialized
[    0.387689] Loading compiled-in X.509 certificates
[    0.454287] platform 44e10800.pinmux: Fixed dependency cycle(s) with /ocp/interconnect@44c00000/segment@200000/target-module@10000/scm@0/pinmux@800/clkout2-pins
[    0.454906] pinctrl-single 44e10800.pinmux: 142 pins, size 568
[    0.459916] ti-sysc 44e31000.target-module: probe with driver ti-sysc failed with error -16
[    0.501152] ti-sysc 48040000.target-module: probe with driver ti-sysc failed with error -16
[    0.538425] OMAP GPIO hardware version 0.1
[    0.568556] omap_i2c 4819c000.i2c: bus 2 rev0.11 at 100 kHz
[    0.595445] 48000000.interconnect:segment@200000:target-module@0:mpu@0:fck: device ID is greater than 24
[    0.599602] platform 4830e000.lcdc: Fixed dependency cycle(s) with /ocp/interconnect@44c00000/segment@200000/target-module@b000/i2c@0/tda19988@70
[    0.610610] sdhci-omap 481d8000.mmc: supply pbias not found, using dummy regulator
[    0.611082] sdhci-omap 481d8000.mmc: supply vqmmc not found, using dummy regulator
[    0.688126] davinci_mdio 4a101000.mdio: davinci mdio revision 1.6, bus freq 1000000
[    0.812274] davinci_mdio 4a101000.mdio: phy[0]: device 4a101000.mdio:00, driver SMSC LAN8710/LAN8720
[    0.812919] cpsw-switch 4a100000.switch: initialized cpsw ale version 1.4
[    0.812945] cpsw-switch 4a100000.switch: ALE Table size 1024
[    0.813101] cpsw-switch 4a100000.switch: cpts: overflow check period 500 (jiffies)
[    0.813122] cpsw-switch 4a100000.switch: CPTS: ref_clk_freq:250000000 calc_mult:2147483648 calc_shift:29 error:0 nsec/sec
[    0.813235] cpsw-switch 4a100000.switch: Detected MACID = 18:2c:65:25:41:ce
[    0.815221] cpsw-switch 4a100000.switch: initialized (regs 0x4a100000, pool size 256) hw_ver:0019010C 1.12 (0)
[    0.826124] debugfs: Directory '49000000.dma' with parent 'dmaengine' already present!
[    0.826173] edma 49000000.dma: TI EDMA DMA engine driver
[    0.857593] target-module@4b000000:target-module@140000:pmu@0:fck: device ID is greater than 24
[    0.891459] hw perfevents: enabled with armv7_cortex_a8 PMU driver, 5 counters available
[    0.899316] l3-aon-clkctrl:0000:0: failed to disable
[    0.902477] 44e09000.serial: ttyS0 at MMIO 0x44e09000 (irq = 34, base_baud = 3000000) is a 8250
[    0.902562] printk: legacy console [ttyS0] enabled
[    2.154965] tps65217-pmic: Failed to locate of_node [id: -1]
[    2.161056] tps65217-bl: Failed to locate of_node [id: -1]
[    2.172363] tps65217 0-0024: TPS65217 ID 0xe version 1.2
[    2.178507] platform 4830e000.lcdc: Fixed dependency cycle(s) with /ocp/interconnect@44c00000/segment@200000/target-module@b000/i2c@0/tda19988@70
[    2.191946] i2c 0-0070: Fixed dependency cycle(s) with /ocp/interconnect@48000000/segment@300000/target-module@e000/lcdc@0
[    2.203357] omap_i2c 44e0b000.i2c: bus 0 rev0.11 at 400 kHz
[    2.211615] omap_gpio 44e07000.gpio: Could not set line 6 debounce to 200000 microseconds (-22)
[    2.220523] sdhci-omap 48060000.mmc: Got CD GPIO
[    2.225585] sdhci-omap 48060000.mmc: supply pbias not found, using dummy regulator
[    2.236332] sdhci-omap 48060000.mmc: supply vqmmc not found, using dummy regulator
[    2.244827] sdhci-omap 481d8000.mmc: supply pbias not found, using dummy regulator
[    2.252824] sdhci-omap 481d8000.mmc: supply vqmmc not found, using dummy regulator
[    2.291035] mmc1: SDHCI controller on 481d8000.mmc [481d8000.mmc] using External DMA
[    2.300227] mmc0: SDHCI controller on 48060000.mmc [48060000.mmc] using External DMA
[    2.308986] cpsw-switch 4a100000.switch: starting ndev. mode: dual_mac
[    2.353440] mmc0: new high speed SDHC card at address 59b4
[    2.360550] mmcblk0: mmc0:59b4 USD   14.9 GiB
[    2.368234]  mmcblk0: p1 p2
[    2.375512] mmc1: new high speed MMC card at address 0001
[    2.382198] mmcblk1: mmc1:0001 MK2704 3.53 GiB
[    2.389827]  mmcblk1: p1
[    2.393510] mmcblk1boot0: mmc1:0001 MK2704 2.00 MiB
[    2.400826] mmcblk1boot1: mmc1:0001 MK2704 2.00 MiB
[    2.408097] mmcblk1rpmb: mmc1:0001 MK2704 512 KiB, chardev (250:0)
[    2.414874] SMSC LAN8710/LAN8720 4a101000.mdio:00: attached PHY driver (mii_bus:phy_addr=4a101000.mdio:00, irq=POLL)
[    5.524669] cpsw-switch 4a100000.switch eth0: Link is Up - 100Mbps/Full - flow control off
[    5.573957] IP-Config: Complete:
[    5.577236]      device=eth0, hwaddr=18:2c:65:25:41:ce, ipaddr=192.168.255.2, mask=255.255.255.0, gw=255.255.255.255
[    5.587861]      host=bbb1, domain=, nis-domain=(none)
[    5.593028]      bootserver=192.168.255.126, rootserver=192.168.255.126, rootpath=
[    5.593492] clk: Disabling unused clocks
[    5.605345] PM: genpd: Disabling unused power domains
[    5.610463] KTAP version 1
[    5.613184] 1..0
[    5.637708] VFS: Mounted root (nfs filesystem) on device 0:17.
[    5.644579] devtmpfs: mounted
[    5.649218] Freeing unused kernel image (initmem) memory: 1024K
[    5.656006] Run /sbin/init as init process
[    6.342340] systemd[1]: System time before build time, advancing clock.
[    7.813924] random: crng init done
[    7.885469] systemd[1]: systemd 232 running in system mode. (+PAM +AUDIT +SELINUX +IMA +APPARMOR +SMACK +SYSVINIT +UTMP +LIBCRYPTSETUP +GCRYPT +GNUTLS +ACL +XZ +LZ4 +SECCOMP +BLKID +ELFUTILS +KMOD +IDN)
[    7.904538] systemd[1]: Detected architecture arm.

Welcome to [1mDebian GNU/Linux 9 (stretch)[0m!

[    7.946905] systemd[1]: Set hostname to <arm>.
[    9.027294] systemd[1]: Reached target Remote File Systems.
[[0;32m  OK  [0m] Reached target Remote File Systems.
[    9.066114] systemd[1]: Listening on udev Control Socket.
[[0;32m  OK  [0m] Listening on udev Control Socket.
[    9.104932] systemd[1]: Listening on Journal Audit Socket.
[[0;32m  OK  [0m] Listening on Journal Audit Socket.
[    9.144492] systemd[1]: Listening on udev Kernel Socket.
[[0;32m  OK  [0m] Listening on udev Kernel Socket.
[    9.185822] systemd[1]: Listening on Syslog Socket.
[[0;32m  OK  [0m] Listening on Syslog Socket.
[    9.225492] systemd[1]: Created slice User and Session Slice.
[[0;32m  OK  [0m] Created slice User and Session Slice.
[    9.265885] systemd[1]: Listening on /dev/initctl Compatibility Named Pipe.
[[0;32m  OK  [0m] Listening on /dev/initctl Compatibility Named Pipe.
[[0;32m  OK  [0m] Created slice System Slice.
[[0;32m  OK  [0m] Created slice system-getty.slice.
         Mounting Debug File System...
[[0;32m  OK  [0m] Reached target Swap.
[[0;32m  OK  [0m] Set up automount Arbitrary Executabâ€¦rmats File System Automount Point.
[[0;32m  OK  [0m] Started Forward Password Requests to Wall Directory Watch.
[[0;32m  OK  [0m] Started Dispatch Password Requests to Console Directory Watch.
[[0;32m  OK  [0m] Reached target Paths.
[[0;32m  OK  [0m] Reached target Encrypted Volumes.
         Mounting POSIX Message Queue File System...
[[0;32m  OK  [0m] Created slice system-serial\x2dgetty.slice.
[[0;32m  OK  [0m] Listening on Journal Socket.
         Starting Load Kernel Modules...
         Starting Remount Root and Kernel File Systems...
         Starting Create list of required stâ€¦ce nodes for the current kernel...
[[0;32m  OK  [0m] Reached target Slices.
[[0;32m  OK  [0m] Listening on Journal Socket (/dev/log).
         Starting Journal Service...
[[0;32m  OK  [0m] Mounted POSIX Message Queue File System.
[[0;32m  OK  [0m] Mounted Debug File System.
[[0;32m  OK  [0m] Started Load Kernel Modules.
[[0;32m  OK  [0m] Started Remount Root and Kernel File Systems.
[[0;32m  OK  [0m] Started Create list of required staâ€¦vice nodes for the current kernel.
         Starting Create Static Device Nodes in /dev...
         Starting udev Coldplug all Devices...
         Starting Load/Save Random Seed...
         Starting Apply Kernel Variables...
         Mounting Configuration File System...
[[0;32m  OK  [0m] Mounted Configuration File System.
[[0;32m  OK  [0m] Started Load/Save Random Seed.
[[0;32m  OK  [0m] Started Apply Kernel Variables.
[[0;32m  OK  [0m] Started Create Static Device Nodes in /dev.
[[0;32m  OK  [0m] Reached target Local File Systems (Pre).
[[0;32m  OK  [0m] Reached target Local File Systems.
         Starting Raise network interfaces...
         Starting udev Kernel Device Manager...
[[0;32m  OK  [0m] Started Journal Service.
         Starting Flush Journal to Persistent Storage...
[   11.546104] systemd-journald[87]: Received request to flush runtime journal from PID 1
[[0;32m  OK  [0m] Started Flush Journal to Persistent Storage.
         Starting Create Volatile Files and Directories...
[[0;32m  OK  [0m] Started udev Kernel Device Manager.
[[0;32m  OK  [0m] Started Create Volatile Files and Directories.
         Starting Update UTMP about System Boot/Shutdown...
         Starting Network Time Synchronization...
[[0;32m  OK  [0m] Started Update UTMP about System Boot/Shutdown.
[[0;32m  OK  [0m] Started udev Coldplug all Devices.
[   14.600849] remoteproc remoteproc0: wkup_m3 is available
[[0;32m  OK  [0m] Started Network Time Synchronization.
[   14.902437] wkup_m3_ipc 44e11324.wkup_m3_ipc: IPC Request for A8->M3 Channel failed! -517
[   14.982725] at24 2-0054: supply vcc not found, using dummy regulator
[   15.130595] at24 2-0055: supply vcc not found, using dummy regulator
[   15.250274] at24 2-0056: supply vcc not found, using dummy regulator
[   15.358465] at24 2-0057: supply vcc not found, using dummy regulator
[   15.380191] omap_wdt: OMAP Watchdog Timer Rev 0x01: initial timeout 60 sec
[   15.395055] wkup_m3_ipc 44e11324.wkup_m3_ipc: IPC Request for A8->M3 Channel failed! -517
[   15.509399] at24 0-0050: 32768 byte 24c256 EEPROM, writable, 1 bytes/write
[[0;32m  OK  [0m] Found device /dev/ttyS0.
[   15.611126] tps6521x_pwrbutton tps65217-pwrbutton: DMA mask not set
[   15.620845] wkup_m3_ipc 44e11324.wkup_m3_ipc: IPC Request for A8->M3 Channel failed! -517
[   15.727261] omap_rtc 44e3e000.rtc: registered as rtc0
[   15.732441] omap_rtc 44e3e000.rtc: setting system clock to 2000-01-01T00:00:00 UTC (946684800)
[[0;32m  OK  [0m] Reached target System Initialization.
[   15.790514] input: tps65217_pwrbutton as /devices/platform/ocp/44c00000.interconnect/44c00000.interconnect:segment@200000/44e0b000.target-module/44e0b000.i2c/i2c-0/0-0024/tps65217-pwrbutton/input/input0
[   15.817009] wkup_m3_ipc 44e11324.wkup_m3_ipc: IPC Request for A8->M3 Channel failed! -517
[   15.913563] wkup_m3_ipc 44e11324.wkup_m3_ipc: IPC Request for A8->M3 Channel failed! -517
[   15.950663] am335x-phy-driver 47401300.usb-phy: dummy supplies not allowed for exclusive requests (id=vbus)
[[0;32m  OK  [0m] Listening on D-Bus System Message Bus Socket.
[[0;32m  OK  [0m] Listening on Avahi mDNS/DNS-SD Stack Activation Socket.
[[0;32m  OK  [0m] Reached target Sockets.
[[0;32m  OK  [0m] Reached target Basic System.
[   16.239417] usbcore: registered new interface driver usbfs
[   16.245278] usbcore: registered new interface driver hub
[   16.250736] usbcore: registered new device driver usb
         Starting Login Service...
[   16.529366] am335x-phy-driver 47401b00.usb-phy: dummy supplies not allowed for exclusive requests (id=vbus)
[   16.540503] wkup_m3_ipc 44e11324.wkup_m3_ipc: IPC Request for A8->M3 Channel failed! -517
[[0;32m  OK  [0m] Started Regular background program processing daemon.
[   16.723536] wkup_m3_ipc 44e11324.wkup_m3_ipc: IPC Request for A8->M3 Channel failed! -517
         Starting Cape Manager Service...
         Starting LSB: Start busybox udhcpd at boot time...
[   16.855909] wkup_m3_ipc 44e11324.wkup_m3_ipc: IPC Request for A8->M3 Channel failed! -517
[   16.873673] musb-hdrc musb-hdrc.1: MUSB HDRC host driver
[   16.879314] musb-hdrc musb-hdrc.1: new USB bus registered, assigned bus number 1
[   17.025423] wkup_m3_ipc 44e11324.wkup_m3_ipc: IPC Request for A8->M3 Channel failed! -517
[   17.037931] tda998x 0-0070: found TDA19988
         Starting System Logging Service...
[   17.075387] usb usb1: New USB device found, idVendor=1d6b, idProduct=0002, bcdDevice= 6.11
[   17.083750] usb usb1: New USB device strings: Mfr=3, Product=2, SerialNumber=1
[   17.091169] usb usb1: Product: MUSB HDRC host driver
[   17.096215] usb usb1: Manufacturer: Linux 6.11.0-g1c5903bb178f musb-hcd
[   17.102866] usb usb1: SerialNumber: musb-hdrc.1
[   17.181555] wkup_m3_ipc 44e11324.wkup_m3_ipc: IPC Request for A8->M3 Channel failed! -517
         Starting LSB: Load kernel modules needed to enable cpufreq scaling...
[   17.321030] hub 1-0:1.0: USB hub found
[   17.374153] hub 1-0:1.0: 1 port detected
         Starting Generic Board Startup...
[   17.415649] wkup_m3_ipc 44e11324.wkup_m3_ipc: IPC Request for A8->M3 Channel failed! -517
         Starting Avahi mDNS/DNS-SD Stack...
[   17.571542] wkup_m3_ipc 44e11324.wkup_m3_ipc: IPC Request for A8->M3 Channel failed! -517
[   17.726611] omap-mailbox 480c8000.mailbox: omap mailbox rev 0x400
[[0;32m  OK  [0m] Started D-Bus System Message Bus.
[   17.864122] remoteproc remoteproc0: powering up wkup_m3
[   18.119317] remoteproc remoteproc0: Direct firmware load for am335x-pm-firmware.elf failed with error -2
[   18.129178] remoteproc remoteproc0: request_firmware failed: -2
[   18.135274] wkup_m3_ipc 44e11324.wkup_m3_ipc: rproc_boot failed
[   20.080922] omap_rng 48310000.rng: Random Number Generator ver. 20
[   20.227285] tilcdc 4830e000.lcdc: bound 0-0070 (ops 0xbf06a030)
[   20.331445] [drm] Initialized tilcdc 1.0.0 for 4830e000.lcdc on minor 0
[   20.409324] tilcdc 4830e000.lcdc: [drm] Cannot find any crtc or sizes
[   20.417707] tilcdc 4830e000.lcdc: [drm] Cannot find any crtc or sizes
[[0;32m  OK  [0m] Started Avahi mDNS/DNS-SD Stack.
         Starting Connection service...
[[0;32m  OK  [0m] Started Daily Cleanup of Temporary Directories.
         Starting Telephony service...
[   21.310583] PM: Cannot get wkup_m3_ipc handle
[   21.318794] omap-sham 53100000.sham: hw accel on OMAP rev 4.3
         Starting DUN service...
[[0;32m  OK  [0m] Reached target System Time Synchronized.
[   21.462543] omap-aes 53500000.aes: OMAP AES hw accel rev: 3.2
[   21.468833] omap-sham 53100000.sham: will run requests pump with realtime priority
[   21.484566] PM: Cannot get wkup_m3_ipc handle
[[0;32m  OK  [0m] Started Daily apt download activities.
[[0;32m  OK  [0m] Started Daily apt upgrade and clean activiti[   21.608298] omap-aes 53500000.aes: will run requests pump with realtime priority
es.
[   21.631031] PM: Cannot get wkup_m3_ipc handle
[[0;32m  OK  [0m] Reached target Timers.
[[0;32m  OK  [0m] Started System Logging Service.
[[0;32m  OK  [0m] Started Cape Manager Service.
[   24.380683] Bluetooth: Core ver 2.22
[   24.384630] NET: Registered PF_BLUETOOTH protocol family
[   24.389982] Bluetooth: HCI device and connection manager initialized
[   24.396480] Bluetooth: HCI socket layer initialized
[   24.401396] Bluetooth: L2CAP socket layer initialized
[   24.406613] Bluetooth: SCO socket layer initialized
[   25.201539] PM: Cannot get wkup_m3_ipc handle
[   25.420322] PM: Cannot get wkup_m3_ipc handle
[[0;32m  OK  [0m] Started LSB: Start busybox udhcpd at boot time.
[[0;32m  OK  [0m] Started Raise network interfaces.
[   28.106528] configfs-gadget.g_multi gadget.0: HOST MAC 1c:ba:8c:a2:ed:6c
[   28.113301] configfs-gadget.g_multi gadget.0: MAC 1c:ba:8c:a2:ed:70
[   28.120846] configfs-gadget.g_multi gadget.0: HOST MAC 1c:ba:8c:a2:ed:6c
[   28.127751] configfs-gadget.g_multi gadget.0: MAC 1c:ba:8c:a2:ed:6d
[   28.144593] PM: Cannot get wkup_m3_ipc handle
[[0;32m  OK  [0m] Started LSB: Load kernel modules needed to enable cpufreq scaling.
[[0;32m  OK  [0m] Started DUN service.
[[0;32m  OK  [0m] Started Telephony service.
[[0;32m  OK  [0m] Started Connection service.
[[0;32m  OK  [0m] Started Login Service.
[[0;32m  OK  [0m] Reached target Sound Card.
         Starting LSB: set CPUFreq kernel parameters...
[[0;32m  OK  [0m] Reached target Network.
         Starting Permit User Sessions...
         Starting The Apache HTTP Server...
[[0;32m  OK  [0m] Reached target Network is Online.
         Starting LSB: Advanced IEEE 802.11 management daemon...
         Starting OpenBSD Secure Shell server...
[[0;32m  OK  [0m] Started Permit User Sessions.
[[0;32m  OK  [0m] Started LSB: Advanced IEEE 802.11 management daemon.
         Starting Hostname Service...
         Starting WPA supplicant...
[[0;32m  OK  [0m] Started Getty on tty1.
[[0;32m  OK  [0m] Started Serial Getty on ttyS0.
[[0;32m  OK  [0m] Reached target Login Prompts.
[[0;32m  OK  [0m] Started LSB: set CPUFreq kernel parameters.
[[0;32m  OK  [0m] Started WPA supplicant.
[[0;32m  OK  [0m] Started Hostname Service.
         Stopping LSB: Start busybox udhcpd at boot time...
[[0;32m  OK  [0m] Started OpenBSD Secure Shell server.
[[0;32m  OK  [0m] Stopped LSB: Start busybox udhcpd at boot time.
[[0;32m  OK  [0m] Started The Apache HTTP Server.
         Starting dnsmasq - A lightweight DHCP and caching DNS server...
[[0;32m  OK  [0m] Started dnsmasq - A lightweight DHCP and caching DNS server.
[[0;32m  OK  [0m] Reached target Host and Network Name Lookups.
[[0;32m  OK  [0m] Started Serial Getty on ttyGS0.
[[0;32m  OK  [0m] Started Generic Board Startup.
[[0;32m  OK  [0m] Reached target Multi-User System.
[[0;32m  OK  [0m] Reached target Graphical Interface.
         Starting Update UTMP about System Runlevel Changes...
[[0;32m  OK  [0m] Started Update UTMP about System Runlevel Changes.

Debian GNU/Linux 9 arm ttyS0

default username:password is [debian:temppwd]

arm login: root
Password: 
Last login: Sat Jan  1 00:00:37 UTC 2000 on ttyS0
root
Linux arm 6.11.0-g1c5903bb178f #3 SMP Fri Sep 27 09:31:50 EEST 2024 armv7l

The programs included with the Debian GNU/Linux system are free software;
the exact distribution terms for each program are described in the
individual files in /usr/share/doc/*/copyright.

Debian GNU/Linux comes with ABSOLUTELY NO WARRANTY, to the extent
permitted by applicable law.
root@arm:~# root
-bash: root: command not found
root@arm:~# dmesg -n 1
root@arm:~# echo 'VPWA''YTBYBV'
VPWAYTBYBV
root@arm:~# run() { echo -n "$MARKER"; sh -c "$@"; echo "$MARKER $?"; }
root@arm:~# echo 'GBGB''XFLHHQ'
GBGBXFLHHQ
root@arm:~# MARKER='QCSE''MYJFSC' run 'cat /proc/version'
QCSEMYJFSCLinux version 6.11.0-g1c5903bb178f (user01@drvtest01) (arm-linux-gnueabihf-gcc (Linaro GCC 6.4-2017.11) 6.4.1 20171012, GNU ld (Linaro_Binutils-2017.11) 2.27.0.20161229) #3 SMP Fri Sep 27 09:31:50 EEST 2024
QCSEMYJFSC 0
root@arm:~# echo 'XPES''LLWLNF'
XPESLLWLNF
root@arm:~# MARKER='OGEM''FSTWPA' run false
OGEMFSTWPAOGEMFSTWPA 1
root@arm:~# Labgrid Console Logfile for main
Logfile started at 2024-09-27 10:54:37.276479
=== Log starts here ===

root@arm:~# run() { echo -n "$MARKER"; sh -c "$@"; echo "$MARKER $?"; }
root@arm:~# echo 'XTKC''JQKAMW'
XTKCJQKAMW
root@arm:~# MARKER='OCOK''YECKXY' run dmesg
OCOKYECKXY[    0.000000] Booting Linux on physical CPU 0x0
[    0.000000] Linux version 6.11.0-g1c5903bb178f (user01@drvtest01) (arm-linux-gnueabihf-gcc (Linaro GCC 6.4-2017.11) 6.4.1 20171012, GNU ld (Linaro_Binutils-2017.11) 2.27.0.20161229) #3 SMP Fri Sep 27 09:31:50 EEST 2024
[    0.000000] CPU: ARMv7 Processor [413fc082] revision 2 (ARMv7), cr=10c5387d
[    0.000000] CPU: PIPT / VIPT nonaliasing data cache, VIPT aliasing instruction cache
[    0.000000] OF: fdt: Machine model: TI AM335x BeagleBone Black
[    0.000000] Memory policy: Data cache writeback
[    0.000000] cma: Reserved 16 MiB at 0x9e800000 on node -1
[    0.000000] Zone ranges:
[    0.000000]   Normal   [mem 0x0000000080000000-0x000000009fdfffff]
[    0.000000]   HighMem  empty
[    0.000000] Movable zone start for each node
[    0.000000] Early memory node ranges
[    0.000000]   node   0: [mem 0x0000000080000000-0x000000009fdfffff]
[    0.000000] Initmem setup node 0 [mem 0x0000000080000000-0x000000009fdfffff]
[    0.000000] CPU: All CPU(s) started in SVC mode.
[    0.000000] AM335X ES2.1 (sgx neon)
[    0.000000] percpu: Embedded 17 pages/cpu s39628 r8192 d21812 u69632
[    0.000000] pcpu-alloc: s39628 r8192 d21812 u69632 alloc=17*4096
[    0.000000] pcpu-alloc: [0] 0 
[    0.000000] Kernel command line: console=ttyO0,115200n8 root=/dev/nfs rw nfsroot=192.168.255.126:/home/user01/nfs,nfsvers=3 ip=192.168.255.2:192.168.255.126::255.255.255.0:bbb1:eth0 nfsrootdebug
[    0.000000] Unknown kernel command line parameters "nfsrootdebug", will be passed to user space.
[    0.000000] Dentry cache hash table entries: 65536 (order: 6, 262144 bytes, linear)
[    0.000000] Inode-cache hash table entries: 32768 (order: 5, 131072 bytes, linear)
[    0.000000] Built 1 zonelists, mobility grouping on.  Total pages: 130560
[    0.000000] mem auto-init: stack:off, heap alloc:off, heap free:off
[    0.000000] SLUB: HWalign=64, Order=0-3, MinObjects=0, CPUs=1, Nodes=1
[    0.000000] trace event string verifier disabled
[    0.000000] rcu: Hierarchical RCU implementation.
[    0.000000] rcu: 	RCU event tracing is enabled.
[    0.000000] rcu: 	RCU restricting CPUs from NR_CPUS=2 to nr_cpu_ids=1.
[    0.000000] rcu: RCU calculated value of scheduler-enlistment delay is 10 jiffies.
[    0.000000] rcu: Adjusting geometry for rcu_fanout_leaf=16, nr_cpu_ids=1
[    0.000000] NR_IRQS: 16, nr_irqs: 16, preallocated irqs: 16
[    0.000000] IRQ: Found an INTC at 0x(ptrval) (revision 5.0) with 128 interrupts
[    0.000000] rcu: srcu_init: Setting srcu_struct sizes based on contention.
[    0.000000] TI gptimer clocksource: always-on /ocp/interconnect@44c00000/segment@200000/target-module@31000
[    0.000003] sched_clock: 32 bits at 24MHz, resolution 41ns, wraps every 89478484971ns
[    0.000027] clocksource: dmtimer: mask: 0xffffffff max_cycles: 0xffffffff, max_idle_ns: 79635851949 ns
[    0.000514] TI gptimer clockevent: 24000000 Hz at /ocp/interconnect@48000000/segment@0/target-module@40000
[    0.002155] Console: colour dummy device 80x30
[    0.002224] WARNING: Your 'console=ttyO0' has been replaced by 'ttyS0'
[    0.002234] This ensures that you still see kernel messages. Please
[    0.002240] update your kernel commandline.
[    0.002285] Calibrating delay loop... 996.14 BogoMIPS (lpj=4980736)
[    0.090572] CPU: Testing write buffer coherency: ok
[    0.090678] CPU0: Spectre v2: using BPIALL workaround
[    0.090690] pid_max: default: 32768 minimum: 301
[    0.090819] LSM: initializing lsm=capability
[    0.090985] Mount-cache hash table entries: 1024 (order: 0, 4096 bytes, linear)
[    0.091009] Mountpoint-cache hash table entries: 1024 (order: 0, 4096 bytes, linear)
[    0.092549] CPU0: thread -1, cpu 0, socket -1, mpidr 0
[    0.094264] Setting up static identity map for 0x80100000 - 0x80100078
[    0.094576] rcu: Hierarchical SRCU implementation.
[    0.094589] rcu: 	Max phase no-delay instances is 1000.
[    0.096272] smp: Bringing up secondary CPUs ...
[    0.096331] smp: Brought up 1 node, 1 CPU
[    0.096345] SMP: Total of 1 processors activated (996.14 BogoMIPS).
[    0.096358] CPU: All CPU(s) started in SVC mode.
[    0.096556] Memory: 480876K/522240K available (11264K kernel code, 1197K rwdata, 2856K rodata, 1024K init, 297K bss, 23344K reserved, 16384K cma-reserved, 0K highmem)
[    0.097349] devtmpfs: initialized
[    0.113758] VFP support v0.3: implementor 41 architecture 3 part 30 variant c rev 3
[    0.114118] clocksource: jiffies: mask: 0xffffffff max_cycles: 0xffffffff, max_idle_ns: 19112604462750000 ns
[    0.114158] futex hash table entries: 256 (order: 2, 16384 bytes, linear)
[    0.115423] pinctrl core: initialized pinctrl subsystem
[    0.118168] NET: Registered PF_NETLINK/PF_ROUTE protocol family
[    0.121185] DMA: preallocated 256 KiB pool for atomic coherent allocations
[    0.122151] audit: initializing netlink subsys (disabled)
[    0.123528] thermal_sys: Registered thermal governor 'fair_share'
[    0.123550] thermal_sys: Registered thermal governor 'step_wise'
[    0.123561] thermal_sys: Registered thermal governor 'user_space'
[    0.123679] audit: type=2000 audit(0.120:1): state=initialized audit_enabled=0 res=1
[    0.123749] cpuidle: using governor menu
[    0.142894] No ATAGs?
[    0.142927] hw-breakpoint: debug architecture 0x4 unsupported.
[    0.145830] kprobes: kprobe jump-optimization is enabled. All kprobes are optimized if possible.
[    0.164166] iommu: Default domain type: Translated
[    0.164195] iommu: DMA domain TLB invalidation policy: strict mode
[    0.165782] reg-fixed-voltage fixedregulator0: using DT '/fixedregulator0' for '(default)' GPIO lookup
[    0.165844] of_get_named_gpiod_flags: can't parse 'gpios' property of node '/fixedregulator0[0]'
[    0.165875] of_get_named_gpiod_flags: can't parse 'gpio' property of node '/fixedregulator0[0]'
[    0.165895] reg-fixed-voltage fixedregulator0: using lookup tables for GPIO lookup
[    0.165907] reg-fixed-voltage fixedregulator0: No GPIO consumer (default) found
[    0.171326] SCSI subsystem initialized
[    0.181145] libata version 3.00 loaded.
[    0.181518] pps_core: LinuxPPS API ver. 1 registered
[    0.181532] pps_core: Software ver. 5.3.6 - Copyright 2005-2007 Rodolfo Giometti <giometti@linux.it>
[    0.181559] PTP clock support registered
[    0.183520] vgaarb: loaded
[    0.183904] clocksource: Switched to clocksource dmtimer
[    0.184489] VFS: Disk quotas dquot_6.6.0
[    0.184539] VFS: Dquot-cache hash table entries: 1024 (order 0, 4096 bytes)
[    0.210754] NET: Registered PF_INET protocol family
[    0.211114] IP idents hash table entries: 8192 (order: 4, 65536 bytes, linear)
[    0.212510] tcp_listen_portaddr_hash hash table entries: 512 (order: 0, 4096 bytes, linear)
[    0.212550] Table-perturb hash table entries: 65536 (order: 6, 262144 bytes, linear)
[    0.212570] TCP established hash table entries: 4096 (order: 2, 16384 bytes, linear)
[    0.212614] TCP bind hash table entries: 4096 (order: 4, 65536 bytes, linear)
[    0.212716] TCP: Hash tables configured (established 4096 bind 4096)
[    0.212841] UDP hash table entries: 256 (order: 1, 8192 bytes, linear)
[    0.212871] UDP-Lite hash table entries: 256 (order: 1, 8192 bytes, linear)
[    0.213044] NET: Registered PF_UNIX/PF_LOCAL protocol family
[    0.214393] RPC: Registered named UNIX socket transport module.
[    0.214421] RPC: Registered udp transport module.
[    0.214428] RPC: Registered tcp transport module.
[    0.214434] RPC: Registered tcp-with-tls transport module.
[    0.214441] RPC: Registered tcp NFSv4.1 backchannel transport module.
[    0.214467] PCI: CLS 0 bytes, default 64
[    0.215914] Initialise system trusted keyrings
[    0.224694] workingset: timestamp_bits=14 max_order=17 bucket_order=3
[    0.226008] NFS: Registering the id_resolver key type
[    0.226095] Key type id_resolver registered
[    0.226106] Key type id_legacy registered
[    0.226156] jffs2: version 2.2. (NAND) (SUMMARY)  Â© 2001-2006 Red Hat, Inc.
[    0.226554] Key type asymmetric registered
[    0.226573] Asymmetric key parser 'x509' registered
[    0.226644] io scheduler mq-deadline registered
[    0.226656] io scheduler kyber registered
[    0.226725] io scheduler bfq registered
[    0.244086] Serial: 8250/16550 driver, 6 ports, IRQ sharing enabled
[    0.307248] brd: module loaded
[    0.318793] loop: module loaded
[    0.319735] mtdoops: mtd device (mtddev=name/number) must be supplied
[    0.335673] mdio_bus fixed-0: using lookup tables for GPIO lookup
[    0.335705] mdio_bus fixed-0: No GPIO consumer reset found
[    0.337109] i2c_dev: i2c /dev entries driver
[    0.338080] cpuidle: enable-method property 'ti,am3352' found operations
[    0.338530] sdhci: Secure Digital Host Controller Interface driver
[    0.338543] sdhci: Copyright(c) Pierre Ossman
[    0.338719] sdhci-pltfm: SDHCI platform and OF driver helper
[    0.339070] ledtrig-cpu: registered to indicate activity on CPUs
[    0.340019] Initializing XFRM netlink socket
[    0.340149] NET: Registered PF_INET6 protocol family
[    0.341972] Segment Routing with IPv6
[    0.342068] In-situ OAM (IOAM) with IPv6
[    0.342165] sit: IPv6, IPv4 and MPLS over IPv4 tunneling driver
[    0.343107] NET: Registered PF_PACKET protocol family
[    0.343150] NET: Registered PF_KEY protocol family
[    0.343271] Key type dns_resolver registered
[    0.343538] ThumbEE CPU extension supported.
[    0.343561] Registering SWP/SWPB emulation handler
[    0.344242] omap_voltage_late_init: Voltage driver support not added
[    0.344612] SmartReflex Class3 initialized
[    0.387689] Loading compiled-in X.509 certificates
[    0.424775] gpiochip_find_base_unlocked: found new base at 512
[    0.454287] platform 44e10800.pinmux: Fixed dependency cycle(s) with /ocp/interconnect@44c00000/segment@200000/target-module@10000/scm@0/pinmux@800/clkout2-pins
[    0.454906] pinctrl-single 44e10800.pinmux: 142 pins, size 568
[    0.459916] ti-sysc 44e31000.target-module: probe with driver ti-sysc failed with error -16
[    0.501152] ti-sysc 48040000.target-module: probe with driver ti-sysc failed with error -16
[    0.512199] gpiochip_find_base_unlocked: found new base at 512
[    0.512312] gpio gpiochip0: (gpio-0-31): created GPIO range 0->7 ==> 44e10800.pinmux PIN 0->7
[    0.512335] gpio gpiochip0: (gpio-0-31): created GPIO range 8->11 ==> 44e10800.pinmux PIN 90->93
[    0.512352] gpio gpiochip0: (gpio-0-31): created GPIO range 12->27 ==> 44e10800.pinmux PIN 12->27
[    0.512369] gpio gpiochip0: (gpio-0-31): created GPIO range 28->31 ==> 44e10800.pinmux PIN 30->33
[    0.538157] gpio gpiochip0: (gpio-0-31): added GPIO chardev (254:0)
[    0.538335] gpio gpiochip0: registered GPIOs 512 to 543 on gpio-0-31
[    0.538425] OMAP GPIO hardware version 0.1
[    0.567501] i2c i2c-2: using DT '/ocp/interconnect@48000000/segment@100000/target-module@9c000/i2c@0' for 'scl' GPIO lookup
[    0.567592] of_get_named_gpiod_flags: can't parse 'scl-gpios' property of node '/ocp/interconnect@48000000/segment@100000/target-module@9c000/i2c@0[0]'
[    0.567640] of_get_named_gpiod_flags: can't parse 'scl-gpio' property of node '/ocp/interconnect@48000000/segment@100000/target-module@9c000/i2c@0[0]'
[    0.567680] i2c i2c-2: using lookup tables for GPIO lookup
[    0.567692] i2c i2c-2: No GPIO consumer scl found
[    0.567715] i2c i2c-2: using DT '/ocp/interconnect@48000000/segment@100000/target-module@9c000/i2c@0' for 'sda' GPIO lookup
[    0.567753] of_get_named_gpiod_flags: can't parse 'sda-gpios' property of node '/ocp/interconnect@48000000/segment@100000/target-module@9c000/i2c@0[0]'
[    0.567792] of_get_named_gpiod_flags: can't parse 'sda-gpio' property of node '/ocp/interconnect@48000000/segment@100000/target-module@9c000/i2c@0[0]'
[    0.567827] i2c i2c-2: using lookup tables for GPIO lookup
[    0.567836] i2c i2c-2: No GPIO consumer sda found
[    0.568556] omap_i2c 4819c000.i2c: bus 2 rev0.11 at 100 kHz
[    0.574055] gpiochip_find_base_unlocked: found new base at 544
[    0.574177] gpio gpiochip1: (gpio-32-63): created GPIO range 0->17 ==> 44e10800.pinmux PIN 34->51
[    0.574200] gpio gpiochip1: (gpio-32-63): created GPIO range 18->21 ==> 44e10800.pinmux PIN 77->80
[    0.574217] gpio gpiochip1: (gpio-32-63): created GPIO range 22->31 ==> 44e10800.pinmux PIN 56->65
[    0.586600] gpio gpiochip1: (gpio-32-63): added GPIO chardev (254:1)
[    0.586756] gpio gpiochip1: registered GPIOs 544 to 575 on gpio-32-63
[    0.588936] gpiochip_find_base_unlocked: found new base at 576
[    0.589053] gpio gpiochip2: (gpio-64-95): created GPIO range 0->4 ==> 44e10800.pinmux PIN 66->70
[    0.589075] gpio gpiochip2: (gpio-64-95): created GPIO range 5->6 ==> 44e10800.pinmux PIN 98->99
[    0.589093] gpio gpiochip2: (gpio-64-95): created GPIO range 7->8 ==> 44e10800.pinmux PIN 75->76
[    0.589110] gpio gpiochip2: (gpio-64-95): created GPIO range 13->13 ==> 44e10800.pinmux PIN 141->141
[    0.589128] gpio gpiochip2: (gpio-64-95): created GPIO range 14->21 ==> 44e10800.pinmux PIN 100->107
[    0.589722] gpio gpiochip2: (gpio-64-95): added GPIO chardev (254:2)
[    0.589854] gpio gpiochip2: registered GPIOs 576 to 607 on gpio-64-95
[    0.595445] 48000000.interconnect:segment@200000:target-module@0:mpu@0:fck: device ID is greater than 24
[    0.599602] platform 4830e000.lcdc: Fixed dependency cycle(s) with /ocp/interconnect@44c00000/segment@200000/target-module@b000/i2c@0/tda19988@70
[    0.608932] mdio_bus 4a101000.mdio: using DT '/ocp/interconnect@4a000000/segment@0/target-module@100000/switch@0/mdio@1000' for 'reset' GPIO lookup
[    0.609015] of_get_named_gpiod_flags: can't parse 'reset-gpios' property of node '/ocp/interconnect@4a000000/segment@0/target-module@100000/switch@0/mdio@1000[0]'
[    0.609064] of_get_named_gpiod_flags: can't parse 'reset-gpio' property of node '/ocp/interconnect@4a000000/segment@0/target-module@100000/switch@0/mdio@1000[0]'
[    0.609115] mdio_bus 4a101000.mdio: using lookup tables for GPIO lookup
[    0.609126] mdio_bus 4a101000.mdio: No GPIO consumer reset found
[    0.610252] sdhci-omap 481d8000.mmc: using DT '/ocp/interconnect@48000000/segment@100000/target-module@d8000/mmc@0' for 'wp' GPIO lookup
[    0.610319] of_get_named_gpiod_flags: can't parse 'wp-gpios' property of node '/ocp/interconnect@48000000/segment@100000/target-module@d8000/mmc@0[0]'
[    0.610366] of_get_named_gpiod_flags: can't parse 'wp-gpio' property of node '/ocp/interconnect@48000000/segment@100000/target-module@d8000/mmc@0[0]'
[    0.610404] sdhci-omap 481d8000.mmc: using lookup tables for GPIO lookup
[    0.610415] sdhci-omap 481d8000.mmc: No GPIO consumer wp found
[    0.610610] sdhci-omap 481d8000.mmc: supply pbias not found, using dummy regulator
[    0.611082] sdhci-omap 481d8000.mmc: supply vqmmc not found, using dummy regulator
[    0.688126] davinci_mdio 4a101000.mdio: davinci mdio revision 1.6, bus freq 1000000
[    0.708724] mdio_bus 4a101000.mdio:00: using DT '/ocp/interconnect@4a000000/segment@0/target-module@100000/switch@0/mdio@1000/ethernet-phy@0' for 'reset' GPIO lookup
[    0.708835] of_get_named_gpiod_flags: parsed 'reset-gpios' property of node '/ocp/interconnect@4a000000/segment@0/target-module@100000/switch@0/mdio@1000/ethernet-phy@0[0]' - status (0)
[    0.709004] gpio gpiochip0: Persistence not supported for GPIO 8
[    0.812274] davinci_mdio 4a101000.mdio: phy[0]: device 4a101000.mdio:00, driver SMSC LAN8710/LAN8720
[    0.812919] cpsw-switch 4a100000.switch: initialized cpsw ale version 1.4
[    0.812945] cpsw-switch 4a100000.switch: ALE Table size 1024
[    0.813101] cpsw-switch 4a100000.switch: cpts: overflow check period 500 (jiffies)
[    0.813122] cpsw-switch 4a100000.switch: CPTS: ref_clk_freq:250000000 calc_mult:2147483648 calc_shift:29 error:0 nsec/sec
[    0.813235] cpsw-switch 4a100000.switch: Detected MACID = 18:2c:65:25:41:ce
[    0.815221] cpsw-switch 4a100000.switch: initialized (regs 0x4a100000, pool size 256) hw_ver:0019010C 1.12 (0)
[    0.826124] debugfs: Directory '49000000.dma' with parent 'dmaengine' already present!
[    0.826173] edma 49000000.dma: TI EDMA DMA engine driver
[    0.857593] target-module@4b000000:target-module@140000:pmu@0:fck: device ID is greater than 24
[    0.891459] hw perfevents: enabled with armv7_cortex_a8 PMU driver, 5 counters available
[    0.892365] gpio-clk clk_mcasp0: using DT '/clk_mcasp0' for 'enable' GPIO lookup
[    0.892438] of_get_named_gpiod_flags: parsed 'enable-gpios' property of node '/clk_mcasp0[0]' - status (0)
[    0.892485] gpio gpiochip0: Persistence not supported for GPIO 27
[    0.893301] gpiochip_find_base_unlocked: found new base at 608
[    0.893424] gpio gpiochip3: (gpio-96-127): created GPIO range 0->7 ==> 44e10800.pinmux PIN 82->89
[    0.893449] gpio gpiochip3: (gpio-96-127): created GPIO range 8->11 ==> 44e10800.pinmux PIN 52->55
[    0.893466] gpio gpiochip3: (gpio-96-127): created GPIO range 12->15 ==> 44e10800.pinmux PIN 94->97
[    0.893483] gpio gpiochip3: (gpio-96-127): created GPIO range 16->17 ==> 44e10800.pinmux PIN 71->72
[    0.893501] gpio gpiochip3: (gpio-96-127): created GPIO range 18->18 ==> 44e10800.pinmux PIN 135->135
[    0.893520] gpio gpiochip3: (gpio-96-127): created GPIO range 19->20 ==> 44e10800.pinmux PIN 108->109
[    0.893538] gpio gpiochip3: (gpio-96-127): created GPIO range 21->21 ==> 44e10800.pinmux PIN 73->73
[    0.893557] gpio gpiochip3: (gpio-96-127): created GPIO range 22->23 ==> 44e10800.pinmux PIN 8->9
[    0.893576] gpio gpiochip3: (gpio-96-127): created GPIO range 26->27 ==> 44e10800.pinmux PIN 10->11
[    0.893595] gpio gpiochip3: (gpio-96-127): created GPIO range 28->28 ==> 44e10800.pinmux PIN 74->74
[    0.893615] gpio gpiochip3: (gpio-96-127): created GPIO range 29->29 ==> 44e10800.pinmux PIN 81->81
[    0.893635] gpio gpiochip3: (gpio-96-127): created GPIO range 30->31 ==> 44e10800.pinmux PIN 28->29
[    0.899316] l3-aon-clkctrl:0000:0: failed to disable
[    0.899621] gpio gpiochip3: (gpio-96-127): added GPIO chardev (254:3)
[    0.899763] gpio gpiochip3: registered GPIOs 608 to 639 on gpio-96-127
[    0.901782] omap8250 44e09000.serial: using DT '/ocp/interconnect@44c00000/segment@200000/target-module@9000/serial@0' for 'rs485-term' GPIO lookup
[    0.901868] of_get_named_gpiod_flags: can't parse 'rs485-term-gpios' property of node '/ocp/interconnect@44c00000/segment@200000/target-module@9000/serial@0[0]'
[    0.901918] of_get_named_gpiod_flags: can't parse 'rs485-term-gpio' property of node '/ocp/interconnect@44c00000/segment@200000/target-module@9000/serial@0[0]'
[    0.901958] omap8250 44e09000.serial: using lookup tables for GPIO lookup
[    0.901969] omap8250 44e09000.serial: No GPIO consumer rs485-term found
[    0.901981] omap8250 44e09000.serial: using DT '/ocp/interconnect@44c00000/segment@200000/target-module@9000/serial@0' for 'rs485-rx-during-tx' GPIO lookup
[    0.902021] of_get_named_gpiod_flags: can't parse 'rs485-rx-during-tx-gpios' property of node '/ocp/interconnect@44c00000/segment@200000/target-module@9000/serial@0[0]'
[    0.902062] of_get_named_gpiod_flags: can't parse 'rs485-rx-during-tx-gpio' property of node '/ocp/interconnect@44c00000/segment@200000/target-module@9000/serial@0[0]'
[    0.902096] omap8250 44e09000.serial: using lookup tables for GPIO lookup
[    0.902106] omap8250 44e09000.serial: No GPIO consumer rs485-rx-during-tx found
[    0.902477] 44e09000.serial: ttyS0 at MMIO 0x44e09000 (irq = 34, base_baud = 3000000) is a 8250
[    0.902562] printk: legacy console [ttyS0] enabled
[    2.126778] i2c i2c-0: using DT '/ocp/interconnect@44c00000/segment@200000/target-module@b000/i2c@0' for 'scl' GPIO lookup
[    2.126866] of_get_named_gpiod_flags: can't parse 'scl-gpios' property of node '/ocp/interconnect@44c00000/segment@200000/target-module@b000/i2c@0[0]'
[    2.126915] of_get_named_gpiod_flags: can't parse 'scl-gpio' property of node '/ocp/interconnect@44c00000/segment@200000/target-module@b000/i2c@0[0]'
[    2.126957] i2c i2c-0: using lookup tables for GPIO lookup
[    2.126970] i2c i2c-0: No GPIO consumer scl found
[    2.126995] i2c i2c-0: using DT '/ocp/interconnect@44c00000/segment@200000/target-module@b000/i2c@0' for 'sda' GPIO lookup
[    2.127035] of_get_named_gpiod_flags: can't parse 'sda-gpios' property of node '/ocp/interconnect@44c00000/segment@200000/target-module@b000/i2c@0[0]'
[    2.127077] of_get_named_gpiod_flags: can't parse 'sda-gpio' property of node '/ocp/interconnect@44c00000/segment@200000/target-module@b000/i2c@0[0]'
[    2.127114] i2c i2c-0: using lookup tables for GPIO lookup
[    2.127125] i2c i2c-0: No GPIO consumer sda found
[    2.154965] tps65217-pmic: Failed to locate of_node [id: -1]
[    2.161056] tps65217-bl: Failed to locate of_node [id: -1]
[    2.172363] tps65217 0-0024: TPS65217 ID 0xe version 1.2
[    2.178507] platform 4830e000.lcdc: Fixed dependency cycle(s) with /ocp/interconnect@44c00000/segment@200000/target-module@b000/i2c@0/tda19988@70
[    2.191946] i2c 0-0070: Fixed dependency cycle(s) with /ocp/interconnect@48000000/segment@300000/target-module@e000/lcdc@0
[    2.203357] omap_i2c 44e0b000.i2c: bus 0 rev0.11 at 400 kHz
[    2.211409] sdhci-omap 48060000.mmc: using DT '/ocp/interconnect@48000000/segment@0/target-module@60000/mmc@0' for 'cd' GPIO lookup
[    2.211521] of_get_named_gpiod_flags: parsed 'cd-gpios' property of node '/ocp/interconnect@48000000/segment@0/target-module@60000/mmc@0[0]' - status (0)
[    2.211589] gpio gpiochip3: Persistence not supported for GPIO 6
[    2.211615] omap_gpio 44e07000.gpio: Could not set line 6 debounce to 200000 microseconds (-22)
[    2.220523] sdhci-omap 48060000.mmc: Got CD GPIO
[    2.225218] sdhci-omap 48060000.mmc: using DT '/ocp/interconnect@48000000/segment@0/target-module@60000/mmc@0' for 'wp' GPIO lookup
[    2.225270] of_get_named_gpiod_flags: can't parse 'wp-gpios' property of node '/ocp/interconnect@48000000/segment@0/target-module@60000/mmc@0[0]'
[    2.225315] of_get_named_gpiod_flags: can't parse 'wp-gpio' property of node '/ocp/interconnect@48000000/segment@0/target-module@60000/mmc@0[0]'
[    2.225356] sdhci-omap 48060000.mmc: using lookup tables for GPIO lookup
[    2.225370] sdhci-omap 48060000.mmc: No GPIO consumer wp found
[    2.225585] sdhci-omap 48060000.mmc: supply pbias not found, using dummy regulator
[    2.234829] sdhci-omap 481d8000.mmc: using DT '/ocp/interconnect@48000000/segment@100000/target-module@d8000/mmc@0' for 'wp' GPIO lookup
[    2.234911] of_get_named_gpiod_flags: can't parse 'wp-gpios' property of node '/ocp/interconnect@48000000/segment@100000/target-module@d8000/mmc@0[0]'
[    2.234962] of_get_named_gpiod_flags: can't parse 'wp-gpio' property of node '/ocp/interconnect@48000000/segment@100000/target-module@d8000/mmc@0[0]'
[    2.235003] sdhci-omap 481d8000.mmc: using lookup tables for GPIO lookup
[    2.235017] sdhci-omap 481d8000.mmc: No GPIO consumer wp found
[    2.236332] sdhci-omap 48060000.mmc: supply vqmmc not found, using dummy regulator
[    2.244827] sdhci-omap 481d8000.mmc: supply pbias not found, using dummy regulator
[    2.252824] sdhci-omap 481d8000.mmc: supply vqmmc not found, using dummy regulator
[    2.291035] mmc1: SDHCI controller on 481d8000.mmc [481d8000.mmc] using External DMA
[    2.300227] mmc0: SDHCI controller on 48060000.mmc [48060000.mmc] using External DMA
[    2.308986] cpsw-switch 4a100000.switch: starting ndev. mode: dual_mac
[    2.353440] mmc0: new high speed SDHC card at address 59b4
[    2.360550] mmcblk0: mmc0:59b4 USD   14.9 GiB
[    2.368234]  mmcblk0: p1 p2
[    2.375512] mmc1: new high speed MMC card at address 0001
[    2.382198] mmcblk1: mmc1:0001 MK2704 3.53 GiB
[    2.389827]  mmcblk1: p1
[    2.393510] mmcblk1boot0: mmc1:0001 MK2704 2.00 MiB
[    2.400826] mmcblk1boot1: mmc1:0001 MK2704 2.00 MiB
[    2.408097] mmcblk1rpmb: mmc1:0001 MK2704 512 KiB, chardev (250:0)
[    2.414874] SMSC LAN8710/LAN8720 4a101000.mdio:00: attached PHY driver (mii_bus:phy_addr=4a101000.mdio:00, irq=POLL)
[    5.524669] cpsw-switch 4a100000.switch eth0: Link is Up - 100Mbps/Full - flow control off
[    5.573957] IP-Config: Complete:
[    5.577236]      device=eth0, hwaddr=18:2c:65:25:41:ce, ipaddr=192.168.255.2, mask=255.255.255.0, gw=255.255.255.255
[    5.587861]      host=bbb1, domain=, nis-domain=(none)
[    5.593028]      bootserver=192.168.255.126, rootserver=192.168.255.126, rootpath=
[    5.593492] clk: Disabling unused clocks
[    5.605345] PM: genpd: Disabling unused power domains
[    5.610463] KTAP version 1
[    5.613184] 1..0
[    5.637708] VFS: Mounted root (nfs filesystem) on device 0:17.
[    5.644579] devtmpfs: mounted
[    5.649218] Freeing unused kernel image (initmem) memory: 1024K
[    5.656006] Run /sbin/init as init process
[    5.660134]   with arguments:
[    5.660146]     /sbin/init
[    5.660156]     nfsrootdebug
[    5.660165]   with environment:
[    5.660173]     HOME=/
[    5.660182]     TERM=linux
[    6.342340] systemd[1]: System time before build time, advancing clock.
[    7.813924] random: crng init done
[    7.885469] systemd[1]: systemd 232 running in system mode. (+PAM +AUDIT +SELINUX +IMA +APPARMOR +SMACK +SYSVINIT +UTMP +LIBCRYPTSETUP +GCRYPT +GNUTLS +ACL +XZ +LZ4 +SECCOMP +BLKID +ELFUTILS +KMOD +IDN)
[    7.904538] systemd[1]: Detected architecture arm.
[    7.946905] systemd[1]: Set hostname to <arm>.
[    9.027294] systemd[1]: Reached target Remote File Systems.
[    9.066114] systemd[1]: Listening on udev Control Socket.
[    9.104932] systemd[1]: Listening on Journal Audit Socket.
[    9.144492] systemd[1]: Listening on udev Kernel Socket.
[    9.185822] systemd[1]: Listening on Syslog Socket.
[    9.225492] systemd[1]: Created slice User and Session Slice.
[    9.265885] systemd[1]: Listening on /dev/initctl Compatibility Named Pipe.
[   11.546104] systemd-journald[87]: Received request to flush runtime journal from PID 1
[   14.278739] leds-gpio leds: using DT '/leds/led2' for '(default)' GPIO lookup
[   14.278845] of_get_named_gpiod_flags: parsed 'gpios' property of node '/leds/led2[0]' - status (0)
[   14.278905] gpio gpiochip0: Persistence not supported for GPIO 21
[   14.278921] gpio-533 (?): no flags found for GPIO (default)
[   14.378058] leds-gpio leds: using DT '/leds/led3' for '(default)' GPIO lookup
[   14.378263] of_get_named_gpiod_flags: parsed 'gpios' property of node '/leds/led3[0]' - status (0)
[   14.378325] gpio gpiochip0: Persistence not supported for GPIO 22
[   14.378341] gpio-534 (?): no flags found for GPIO (default)
[   14.404486] leds-gpio leds: using DT '/leds/led4' for '(default)' GPIO lookup
[   14.404593] of_get_named_gpiod_flags: parsed 'gpios' property of node '/leds/led4[0]' - status (0)
[   14.404647] gpio gpiochip0: Persistence not supported for GPIO 23
[   14.404663] gpio-535 (?): no flags found for GPIO (default)
[   14.453275] leds-gpio leds: using DT '/leds/led5' for '(default)' GPIO lookup
[   14.453373] of_get_named_gpiod_flags: parsed 'gpios' property of node '/leds/led5[0]' - status (0)
[   14.453425] gpio gpiochip0: Persistence not supported for GPIO 24
[   14.453442] gpio-536 (?): no flags found for GPIO (default)
[   14.600849] remoteproc remoteproc0: wkup_m3 is available
[   14.902437] wkup_m3_ipc 44e11324.wkup_m3_ipc: IPC Request for A8->M3 Channel failed! -517
[   14.982725] at24 2-0054: supply vcc not found, using dummy regulator
[   15.130595] at24 2-0055: supply vcc not found, using dummy regulator
[   15.250274] at24 2-0056: supply vcc not found, using dummy regulator
[   15.358465] at24 2-0057: supply vcc not found, using dummy regulator
[   15.380191] omap_wdt: OMAP Watchdog Timer Rev 0x01: initial timeout 60 sec
[   15.395055] wkup_m3_ipc 44e11324.wkup_m3_ipc: IPC Request for A8->M3 Channel failed! -517
[   15.508742] at24 0-0050: using DT '/ocp/interconnect@44c00000/segment@200000/target-module@b000/i2c@0/baseboard_eeprom@50' for 'wp' GPIO lookup
[   15.508860] of_get_named_gpiod_flags: can't parse 'wp-gpios' property of node '/ocp/interconnect@44c00000/segment@200000/target-module@b000/i2c@0/baseboard_eeprom@50[0]'
[   15.509034] of_get_named_gpiod_flags: can't parse 'wp-gpio' property of node '/ocp/interconnect@44c00000/segment@200000/target-module@b000/i2c@0/baseboard_eeprom@50[0]'
[   15.509089] at24 0-0050: using lookup tables for GPIO lookup
[   15.509104] at24 0-0050: No GPIO consumer wp found
[   15.509399] at24 0-0050: 32768 byte 24c256 EEPROM, writable, 1 bytes/write
[   15.611126] tps6521x_pwrbutton tps65217-pwrbutton: DMA mask not set
[   15.620845] wkup_m3_ipc 44e11324.wkup_m3_ipc: IPC Request for A8->M3 Channel failed! -517
[   15.727261] omap_rtc 44e3e000.rtc: registered as rtc0
[   15.732441] omap_rtc 44e3e000.rtc: setting system clock to 2000-01-01T00:00:00 UTC (946684800)
[   15.741330] omap_rtc 44e3e000.rtc: using DT '/ocp/interconnect@44c00000/segment@200000/target-module@3e000/rtc@0' for 'wp' GPIO lookup
[   15.741405] of_get_named_gpiod_flags: can't parse 'wp-gpios' property of node '/ocp/interconnect@44c00000/segment@200000/target-module@3e000/rtc@0[0]'
[   15.741459] of_get_named_gpiod_flags: can't parse 'wp-gpio' property of node '/ocp/interconnect@44c00000/segment@200000/target-module@3e000/rtc@0[0]'
[   15.741502] omap_rtc 44e3e000.rtc: using lookup tables for GPIO lookup
[   15.741516] omap_rtc 44e3e000.rtc: No GPIO consumer wp found
[   15.790514] input: tps65217_pwrbutton as /devices/platform/ocp/44c00000.interconnect/44c00000.interconnect:segment@200000/44e0b000.target-module/44e0b000.i2c/i2c-0/0-0024/tps65217-pwrbutton/input/input0
[   15.817009] wkup_m3_ipc 44e11324.wkup_m3_ipc: IPC Request for A8->M3 Channel failed! -517
[   15.913563] wkup_m3_ipc 44e11324.wkup_m3_ipc: IPC Request for A8->M3 Channel failed! -517
[   15.950168] am335x-phy-driver 47401300.usb-phy: using DT '/ocp/target-module@47400000/usb-phy@1300' for 'reset' GPIO lookup
[   15.950281] of_get_named_gpiod_flags: can't parse 'reset-gpios' property of node '/ocp/target-module@47400000/usb-phy@1300[0]'
[   15.950333] of_get_named_gpiod_flags: can't parse 'reset-gpio' property of node '/ocp/target-module@47400000/usb-phy@1300[0]'
[   15.950374] am335x-phy-driver 47401300.usb-phy: using lookup tables for GPIO lookup
[   15.950389] am335x-phy-driver 47401300.usb-phy: No GPIO consumer reset found
[   15.950403] am335x-phy-driver 47401300.usb-phy: using DT '/ocp/target-module@47400000/usb-phy@1300' for 'vbus-detect' GPIO lookup
[   15.950440] of_get_named_gpiod_flags: can't parse 'vbus-detect-gpios' property of node '/ocp/target-module@47400000/usb-phy@1300[0]'
[   15.950477] of_get_named_gpiod_flags: can't parse 'vbus-detect-gpio' property of node '/ocp/target-module@47400000/usb-phy@1300[0]'
[   15.950505] am335x-phy-driver 47401300.usb-phy: using lookup tables for GPIO lookup
[   15.950516] am335x-phy-driver 47401300.usb-phy: No GPIO consumer vbus-detect found
[   15.950663] am335x-phy-driver 47401300.usb-phy: dummy supplies not allowed for exclusive requests (id=vbus)
[   16.239417] usbcore: registered new interface driver usbfs
[   16.245278] usbcore: registered new interface driver hub
[   16.250736] usbcore: registered new device driver usb
[   16.528895] am335x-phy-driver 47401b00.usb-phy: using DT '/ocp/target-module@47400000/usb-phy@1b00' for 'reset' GPIO lookup
[   16.529000] of_get_named_gpiod_flags: can't parse 'reset-gpios' property of node '/ocp/target-module@47400000/usb-phy@1b00[0]'
[   16.529046] of_get_named_gpiod_flags: can't parse 'reset-gpio' property of node '/ocp/target-module@47400000/usb-phy@1b00[0]'
[   16.529086] am335x-phy-driver 47401b00.usb-phy: using lookup tables for GPIO lookup
[   16.529101] am335x-phy-driver 47401b00.usb-phy: No GPIO consumer reset found
[   16.529116] am335x-phy-driver 47401b00.usb-phy: using DT '/ocp/target-module@47400000/usb-phy@1b00' for 'vbus-detect' GPIO lookup
[   16.529147] of_get_named_gpiod_flags: can't parse 'vbus-detect-gpios' property of node '/ocp/target-module@47400000/usb-phy@1b00[0]'
[   16.529180] of_get_named_gpiod_flags: can't parse 'vbus-detect-gpio' property of node '/ocp/target-module@47400000/usb-phy@1b00[0]'
[   16.529207] am335x-phy-driver 47401b00.usb-phy: using lookup tables for GPIO lookup
[   16.529219] am335x-phy-driver 47401b00.usb-phy: No GPIO consumer vbus-detect found
[   16.529366] am335x-phy-driver 47401b00.usb-phy: dummy supplies not allowed for exclusive requests (id=vbus)
[   16.540503] wkup_m3_ipc 44e11324.wkup_m3_ipc: IPC Request for A8->M3 Channel failed! -517
[   16.723536] wkup_m3_ipc 44e11324.wkup_m3_ipc: IPC Request for A8->M3 Channel failed! -517
[   16.855909] wkup_m3_ipc 44e11324.wkup_m3_ipc: IPC Request for A8->M3 Channel failed! -517
[   16.873673] musb-hdrc musb-hdrc.1: MUSB HDRC host driver
[   16.879314] musb-hdrc musb-hdrc.1: new USB bus registered, assigned bus number 1
[   17.025423] wkup_m3_ipc 44e11324.wkup_m3_ipc: IPC Request for A8->M3 Channel failed! -517
[   17.037931] tda998x 0-0070: found TDA19988
[   17.075387] usb usb1: New USB device found, idVendor=1d6b, idProduct=0002, bcdDevice= 6.11
[   17.083750] usb usb1: New USB device strings: Mfr=3, Product=2, SerialNumber=1
[   17.091169] usb usb1: Product: MUSB HDRC host driver
[   17.096215] usb usb1: Manufacturer: Linux 6.11.0-g1c5903bb178f musb-hcd
[   17.102866] usb usb1: SerialNumber: musb-hdrc.1
[   17.181555] wkup_m3_ipc 44e11324.wkup_m3_ipc: IPC Request for A8->M3 Channel failed! -517
[   17.321030] hub 1-0:1.0: USB hub found
[   17.374153] hub 1-0:1.0: 1 port detected
[   17.415649] wkup_m3_ipc 44e11324.wkup_m3_ipc: IPC Request for A8->M3 Channel failed! -517
[   17.571542] wkup_m3_ipc 44e11324.wkup_m3_ipc: IPC Request for A8->M3 Channel failed! -517
[   17.726611] omap-mailbox 480c8000.mailbox: omap mailbox rev 0x400
[   17.864122] remoteproc remoteproc0: powering up wkup_m3
[   18.119317] remoteproc remoteproc0: Direct firmware load for am335x-pm-firmware.elf failed with error -2
[   18.129178] remoteproc remoteproc0: request_firmware failed: -2
[   18.135274] wkup_m3_ipc 44e11324.wkup_m3_ipc: rproc_boot failed
[   20.080922] omap_rng 48310000.rng: Random Number Generator ver. 20
[   20.227285] tilcdc 4830e000.lcdc: bound 0-0070 (ops 0xbf06a030)
[   20.331445] [drm] Initialized tilcdc 1.0.0 for 4830e000.lcdc on minor 0
[   20.409324] tilcdc 4830e000.lcdc: [drm] Cannot find any crtc or sizes
[   20.417707] tilcdc 4830e000.lcdc: [drm] Cannot find any crtc or sizes
[   21.310583] PM: Cannot get wkup_m3_ipc handle
[   21.318794] omap-sham 53100000.sham: hw accel on OMAP rev 4.3
[   21.462543] omap-aes 53500000.aes: OMAP AES hw accel rev: 3.2
[   21.468833] omap-sham 53100000.sham: will run requests pump with realtime priority
[   21.484566] PM: Cannot get wkup_m3_ipc handle
[   21.608298] omap-aes 53500000.aes: will run requests pump with realtime priority
[   21.631031] PM: Cannot get wkup_m3_ipc handle
[   24.380683] Bluetooth: Core ver 2.22
[   24.384630] NET: Registered PF_BLUETOOTH protocol family
[   24.389982] Bluetooth: HCI device and connection manager initialized
[   24.396480] Bluetooth: HCI socket layer initialized
[   24.401396] Bluetooth: L2CAP socket layer initialized
[   24.406613] Bluetooth: SCO socket layer initialized
[   25.201539] PM: Cannot get wkup_m3_ipc handle
[   25.209003] asoc-simple-card sound: using DT '/sound' for 'simple-audio-card,hp-det' GPIO lookup
[   25.209078] of_get_named_gpiod_flags: can't parse 'simple-audio-card,hp-det-gpios' property of node '/sound[0]'
[   25.209115] of_get_named_gpiod_flags: can't parse 'simple-audio-card,hp-det-gpio' property of node '/sound[0]'
[   25.209140] asoc-simple-card sound: using lookup tables for GPIO lookup
[   25.209155] asoc-simple-card sound: No GPIO consumer simple-audio-card,hp-det found
[   25.209169] asoc-simple-card sound: using DT '/sound' for 'simple-audio-card,mic-det' GPIO lookup
[   25.209193] of_get_named_gpiod_flags: can't parse 'simple-audio-card,mic-det-gpios' property of node '/sound[0]'
[   25.209220] of_get_named_gpiod_flags: can't parse 'simple-audio-card,mic-det-gpio' property of node '/sound[0]'
[   25.209240] asoc-simple-card sound: using lookup tables for GPIO lookup
[   25.209252] asoc-simple-card sound: No GPIO consumer simple-audio-card,mic-det found
[   25.420322] PM: Cannot get wkup_m3_ipc handle
[   27.709501] userial_init: registered 8 ttyGS* devices
[   27.997109] rndis_register: configNr = 0
[   28.105252] udc musb-hdrc.0: binding gadget driver [g_multi]
[   28.105348] configfs-gadget.g_multi gadget.0: adding 'rndis'/0ab5ccd6 to config 'c'/bb3a2de9
[   28.106528] configfs-gadget.g_multi gadget.0: HOST MAC 1c:ba:8c:a2:ed:6c
[   28.113301] configfs-gadget.g_multi gadget.0: MAC 1c:ba:8c:a2:ed:70
[   28.119869] rndis_set_param_medium: 0 0
[   28.119895] configfs-gadget.g_multi gadget.0: RNDIS: IN/ep1in OUT/ep1out NOTIFY/ep2in
[   28.119913] configfs-gadget.g_multi gadget.0: adding 'cdc_ethernet'/3a410203 to config 'c'/bb3a2de9
[   28.120846] configfs-gadget.g_multi gadget.0: HOST MAC 1c:ba:8c:a2:ed:6c
[   28.127751] configfs-gadget.g_multi gadget.0: MAC 1c:ba:8c:a2:ed:6d
[   28.134122] configfs-gadget.g_multi gadget.0: CDC Ethernet: IN/ep3in OUT/ep2out NOTIFY/ep4in
[   28.134143] configfs-gadget.g_multi gadget.0: adding 'acm'/3cbac67a to config 'c'/bb3a2de9
[   28.134179] configfs-gadget.g_multi gadget.0: acm ttyGS0: IN/ep5in OUT/ep3out NOTIFY/ep6in
[   28.144593] PM: Cannot get wkup_m3_ipc handle
[   29.431053] configfs-gadget.g_multi gadget.0: eth_open
[   30.490092] configfs-gadget.g_multi gadget.0: stop stats: rx/tx 0/0, errs 0/0
[   34.669104] gs_open: ttyGS0 (6e8ac82d,f465a9ca)
[   34.669267] gs_close: ttyGS0 (6e8ac82d,f465a9ca) ...
[   34.669295] gs_close: ttyGS0 (6e8ac82d,f465a9ca) done!
[   34.679295] gs_open: ttyGS0 (442f4bb1,f186f7ee)
[   34.679436] gs_close: ttyGS0 (442f4bb1,f186f7ee) ...
[   34.679459] gs_close: ttyGS0 (442f4bb1,f186f7ee) done!
[   34.827017] gs_open: ttyGS0 (442f4bb1,13191718)
[   34.827282] gs_close: ttyGS0 (442f4bb1,13191718) ...
[   34.827315] gs_close: ttyGS0 (442f4bb1,13191718) done!
[   34.832520] gs_open: ttyGS0 (442f4bb1,13191718)
OCOKYECKXY 0
root@arm:~# echo 'LZYA''NNBEMG'
LZYANNBEMG
root@arm:~# MARKER='CVJJ''XKNXUX' run 'modprobe test_linear_ranges'
CVJJXKNXUXCVJJXKNXUX 0
root@arm:~# echo 'OPNC''AGKJGO'
OPNCAGKJGO
root@arm:~# MARKER='FYFC''TSSPLG' run dmesg
FYFCTSSPLG[    0.000000] Booting Linux on physical CPU 0x0
[    0.000000] Linux version 6.11.0-g1c5903bb178f (user01@drvtest01) (arm-linux-gnueabihf-gcc (Linaro GCC 6.4-2017.11) 6.4.1 20171012, GNU ld (Linaro_Binutils-2017.11) 2.27.0.20161229) #3 SMP Fri Sep 27 09:31:50 EEST 2024
[    0.000000] CPU: ARMv7 Processor [413fc082] revision 2 (ARMv7), cr=10c5387d
[    0.000000] CPU: PIPT / VIPT nonaliasing data cache, VIPT aliasing instruction cache
[    0.000000] OF: fdt: Machine model: TI AM335x BeagleBone Black
[    0.000000] Memory policy: Data cache writeback
[    0.000000] cma: Reserved 16 MiB at 0x9e800000 on node -1
[    0.000000] Zone ranges:
[    0.000000]   Normal   [mem 0x0000000080000000-0x000000009fdfffff]
[    0.000000]   HighMem  empty
[    0.000000] Movable zone start for each node
[    0.000000] Early memory node ranges
[    0.000000]   node   0: [mem 0x0000000080000000-0x000000009fdfffff]
[    0.000000] Initmem setup node 0 [mem 0x0000000080000000-0x000000009fdfffff]
[    0.000000] CPU: All CPU(s) started in SVC mode.
[    0.000000] AM335X ES2.1 (sgx neon)
[    0.000000] percpu: Embedded 17 pages/cpu s39628 r8192 d21812 u69632
[    0.000000] pcpu-alloc: s39628 r8192 d21812 u69632 alloc=17*4096
[    0.000000] pcpu-alloc: [0] 0 
[    0.000000] Kernel command line: console=ttyO0,115200n8 root=/dev/nfs rw nfsroot=192.168.255.126:/home/user01/nfs,nfsvers=3 ip=192.168.255.2:192.168.255.126::255.255.255.0:bbb1:eth0 nfsrootdebug
[    0.000000] Unknown kernel command line parameters "nfsrootdebug", will be passed to user space.
[    0.000000] Dentry cache hash table entries: 65536 (order: 6, 262144 bytes, linear)
[    0.000000] Inode-cache hash table entries: 32768 (order: 5, 131072 bytes, linear)
[    0.000000] Built 1 zonelists, mobility grouping on.  Total pages: 130560
[    0.000000] mem auto-init: stack:off, heap alloc:off, heap free:off
[    0.000000] SLUB: HWalign=64, Order=0-3, MinObjects=0, CPUs=1, Nodes=1
[    0.000000] trace event string verifier disabled
[    0.000000] rcu: Hierarchical RCU implementation.
[    0.000000] rcu: 	RCU event tracing is enabled.
[    0.000000] rcu: 	RCU restricting CPUs from NR_CPUS=2 to nr_cpu_ids=1.
[    0.000000] rcu: RCU calculated value of scheduler-enlistment delay is 10 jiffies.
[    0.000000] rcu: Adjusting geometry for rcu_fanout_leaf=16, nr_cpu_ids=1
[    0.000000] NR_IRQS: 16, nr_irqs: 16, preallocated irqs: 16
[    0.000000] IRQ: Found an INTC at 0x(ptrval) (revision 5.0) with 128 interrupts
[    0.000000] rcu: srcu_init: Setting srcu_struct sizes based on contention.
[    0.000000] TI gptimer clocksource: always-on /ocp/interconnect@44c00000/segment@200000/target-module@31000
[    0.000003] sched_clock: 32 bits at 24MHz, resolution 41ns, wraps every 89478484971ns
[    0.000027] clocksource: dmtimer: mask: 0xffffffff max_cycles: 0xffffffff, max_idle_ns: 79635851949 ns
[    0.000514] TI gptimer clockevent: 24000000 Hz at /ocp/interconnect@48000000/segment@0/target-module@40000
[    0.002155] Console: colour dummy device 80x30
[    0.002224] WARNING: Your 'console=ttyO0' has been replaced by 'ttyS0'
[    0.002234] This ensures that you still see kernel messages. Please
[    0.002240] update your kernel commandline.
[    0.002285] Calibrating delay loop... 996.14 BogoMIPS (lpj=4980736)
[    0.090572] CPU: Testing write buffer coherency: ok
[    0.090678] CPU0: Spectre v2: using BPIALL workaround
[    0.090690] pid_max: default: 32768 minimum: 301
[    0.090819] LSM: initializing lsm=capability
[    0.090985] Mount-cache hash table entries: 1024 (order: 0, 4096 bytes, linear)
[    0.091009] Mountpoint-cache hash table entries: 1024 (order: 0, 4096 bytes, linear)
[    0.092549] CPU0: thread -1, cpu 0, socket -1, mpidr 0
[    0.094264] Setting up static identity map for 0x80100000 - 0x80100078
[    0.094576] rcu: Hierarchical SRCU implementation.
[    0.094589] rcu: 	Max phase no-delay instances is 1000.
[    0.096272] smp: Bringing up secondary CPUs ...
[    0.096331] smp: Brought up 1 node, 1 CPU
[    0.096345] SMP: Total of 1 processors activated (996.14 BogoMIPS).
[    0.096358] CPU: All CPU(s) started in SVC mode.
[    0.096556] Memory: 480876K/522240K available (11264K kernel code, 1197K rwdata, 2856K rodata, 1024K init, 297K bss, 23344K reserved, 16384K cma-reserved, 0K highmem)
[    0.097349] devtmpfs: initialized
[    0.113758] VFP support v0.3: implementor 41 architecture 3 part 30 variant c rev 3
[    0.114118] clocksource: jiffies: mask: 0xffffffff max_cycles: 0xffffffff, max_idle_ns: 19112604462750000 ns
[    0.114158] futex hash table entries: 256 (order: 2, 16384 bytes, linear)
[    0.115423] pinctrl core: initialized pinctrl subsystem
[    0.118168] NET: Registered PF_NETLINK/PF_ROUTE protocol family
[    0.121185] DMA: preallocated 256 KiB pool for atomic coherent allocations
[    0.122151] audit: initializing netlink subsys (disabled)
[    0.123528] thermal_sys: Registered thermal governor 'fair_share'
[    0.123550] thermal_sys: Registered thermal governor 'step_wise'
[    0.123561] thermal_sys: Registered thermal governor 'user_space'
[    0.123679] audit: type=2000 audit(0.120:1): state=initialized audit_enabled=0 res=1
[    0.123749] cpuidle: using governor menu
[    0.142894] No ATAGs?
[    0.142927] hw-breakpoint: debug architecture 0x4 unsupported.
[    0.145830] kprobes: kprobe jump-optimization is enabled. All kprobes are optimized if possible.
[    0.164166] iommu: Default domain type: Translated
[    0.164195] iommu: DMA domain TLB invalidation policy: strict mode
[    0.165782] reg-fixed-voltage fixedregulator0: using DT '/fixedregulator0' for '(default)' GPIO lookup
[    0.165844] of_get_named_gpiod_flags: can't parse 'gpios' property of node '/fixedregulator0[0]'
[    0.165875] of_get_named_gpiod_flags: can't parse 'gpio' property of node '/fixedregulator0[0]'
[    0.165895] reg-fixed-voltage fixedregulator0: using lookup tables for GPIO lookup
[    0.165907] reg-fixed-voltage fixedregulator0: No GPIO consumer (default) found
[    0.171326] SCSI subsystem initialized
[    0.181145] libata version 3.00 loaded.
[    0.181518] pps_core: LinuxPPS API ver. 1 registered
[    0.181532] pps_core: Software ver. 5.3.6 - Copyright 2005-2007 Rodolfo Giometti <giometti@linux.it>
[    0.181559] PTP clock support registered
[    0.183520] vgaarb: loaded
[    0.183904] clocksource: Switched to clocksource dmtimer
[    0.184489] VFS: Disk quotas dquot_6.6.0
[    0.184539] VFS: Dquot-cache hash table entries: 1024 (order 0, 4096 bytes)
[    0.210754] NET: Registered PF_INET protocol family
[    0.211114] IP idents hash table entries: 8192 (order: 4, 65536 bytes, linear)
[    0.212510] tcp_listen_portaddr_hash hash table entries: 512 (order: 0, 4096 bytes, linear)
[    0.212550] Table-perturb hash table entries: 65536 (order: 6, 262144 bytes, linear)
[    0.212570] TCP established hash table entries: 4096 (order: 2, 16384 bytes, linear)
[    0.212614] TCP bind hash table entries: 4096 (order: 4, 65536 bytes, linear)
[    0.212716] TCP: Hash tables configured (established 4096 bind 4096)
[    0.212841] UDP hash table entries: 256 (order: 1, 8192 bytes, linear)
[    0.212871] UDP-Lite hash table entries: 256 (order: 1, 8192 bytes, linear)
[    0.213044] NET: Registered PF_UNIX/PF_LOCAL protocol family
[    0.214393] RPC: Registered named UNIX socket transport module.
[    0.214421] RPC: Registered udp transport module.
[    0.214428] RPC: Registered tcp transport module.
[    0.214434] RPC: Registered tcp-with-tls transport module.
[    0.214441] RPC: Registered tcp NFSv4.1 backchannel transport module.
[    0.214467] PCI: CLS 0 bytes, default 64
[    0.215914] Initialise system trusted keyrings
[    0.224694] workingset: timestamp_bits=14 max_order=17 bucket_order=3
[    0.226008] NFS: Registering the id_resolver key type
[    0.226095] Key type id_resolver registered
[    0.226106] Key type id_legacy registered
[    0.226156] jffs2: version 2.2. (NAND) (SUMMARY)  Â© 2001-2006 Red Hat, Inc.
[    0.226554] Key type asymmetric registered
[    0.226573] Asymmetric key parser 'x509' registered
[    0.226644] io scheduler mq-deadline registered
[    0.226656] io scheduler kyber registered
[    0.226725] io scheduler bfq registered
[    0.244086] Serial: 8250/16550 driver, 6 ports, IRQ sharing enabled
[    0.307248] brd: module loaded
[    0.318793] loop: module loaded
[    0.319735] mtdoops: mtd device (mtddev=name/number) must be supplied
[    0.335673] mdio_bus fixed-0: using lookup tables for GPIO lookup
[    0.335705] mdio_bus fixed-0: No GPIO consumer reset found
[    0.337109] i2c_dev: i2c /dev entries driver
[    0.338080] cpuidle: enable-method property 'ti,am3352' found operations
[    0.338530] sdhci: Secure Digital Host Controller Interface driver
[    0.338543] sdhci: Copyright(c) Pierre Ossman
[    0.338719] sdhci-pltfm: SDHCI platform and OF driver helper
[    0.339070] ledtrig-cpu: registered to indicate activity on CPUs
[    0.340019] Initializing XFRM netlink socket
[    0.340149] NET: Registered PF_INET6 protocol family
[    0.341972] Segment Routing with IPv6
[    0.342068] In-situ OAM (IOAM) with IPv6
[    0.342165] sit: IPv6, IPv4 and MPLS over IPv4 tunneling driver
[    0.343107] NET: Registered PF_PACKET protocol family
[    0.343150] NET: Registered PF_KEY protocol family
[    0.343271] Key type dns_resolver registered
[    0.343538] ThumbEE CPU extension supported.
[    0.343561] Registering SWP/SWPB emulation handler
[    0.344242] omap_voltage_late_init: Voltage driver support not added
[    0.344612] SmartReflex Class3 initialized
[    0.387689] Loading compiled-in X.509 certificates
[    0.424775] gpiochip_find_base_unlocked: found new base at 512
[    0.454287] platform 44e10800.pinmux: Fixed dependency cycle(s) with /ocp/interconnect@44c00000/segment@200000/target-module@10000/scm@0/pinmux@800/clkout2-pins
[    0.454906] pinctrl-single 44e10800.pinmux: 142 pins, size 568
[    0.459916] ti-sysc 44e31000.target-module: probe with driver ti-sysc failed with error -16
[    0.501152] ti-sysc 48040000.target-module: probe with driver ti-sysc failed with error -16
[    0.512199] gpiochip_find_base_unlocked: found new base at 512
[    0.512312] gpio gpiochip0: (gpio-0-31): created GPIO range 0->7 ==> 44e10800.pinmux PIN 0->7
[    0.512335] gpio gpiochip0: (gpio-0-31): created GPIO range 8->11 ==> 44e10800.pinmux PIN 90->93
[    0.512352] gpio gpiochip0: (gpio-0-31): created GPIO range 12->27 ==> 44e10800.pinmux PIN 12->27
[    0.512369] gpio gpiochip0: (gpio-0-31): created GPIO range 28->31 ==> 44e10800.pinmux PIN 30->33
[    0.538157] gpio gpiochip0: (gpio-0-31): added GPIO chardev (254:0)
[    0.538335] gpio gpiochip0: registered GPIOs 512 to 543 on gpio-0-31
[    0.538425] OMAP GPIO hardware version 0.1
[    0.567501] i2c i2c-2: using DT '/ocp/interconnect@48000000/segment@100000/target-module@9c000/i2c@0' for 'scl' GPIO lookup
[    0.567592] of_get_named_gpiod_flags: can't parse 'scl-gpios' property of node '/ocp/interconnect@48000000/segment@100000/target-module@9c000/i2c@0[0]'
[    0.567640] of_get_named_gpiod_flags: can't parse 'scl-gpio' property of node '/ocp/interconnect@48000000/segment@100000/target-module@9c000/i2c@0[0]'
[    0.567680] i2c i2c-2: using lookup tables for GPIO lookup
[    0.567692] i2c i2c-2: No GPIO consumer scl found
[    0.567715] i2c i2c-2: using DT '/ocp/interconnect@48000000/segment@100000/target-module@9c000/i2c@0' for 'sda' GPIO lookup
[    0.567753] of_get_named_gpiod_flags: can't parse 'sda-gpios' property of node '/ocp/interconnect@48000000/segment@100000/target-module@9c000/i2c@0[0]'
[    0.567792] of_get_named_gpiod_flags: can't parse 'sda-gpio' property of node '/ocp/interconnect@48000000/segment@100000/target-module@9c000/i2c@0[0]'
[    0.567827] i2c i2c-2: using lookup tables for GPIO lookup
[    0.567836] i2c i2c-2: No GPIO consumer sda found
[    0.568556] omap_i2c 4819c000.i2c: bus 2 rev0.11 at 100 kHz
[    0.574055] gpiochip_find_base_unlocked: found new base at 544
[    0.574177] gpio gpiochip1: (gpio-32-63): created GPIO range 0->17 ==> 44e10800.pinmux PIN 34->51
[    0.574200] gpio gpiochip1: (gpio-32-63): created GPIO range 18->21 ==> 44e10800.pinmux PIN 77->80
[    0.574217] gpio gpiochip1: (gpio-32-63): created GPIO range 22->31 ==> 44e10800.pinmux PIN 56->65
[    0.586600] gpio gpiochip1: (gpio-32-63): added GPIO chardev (254:1)
[    0.586756] gpio gpiochip1: registered GPIOs 544 to 575 on gpio-32-63
[    0.588936] gpiochip_find_base_unlocked: found new base at 576
[    0.589053] gpio gpiochip2: (gpio-64-95): created GPIO range 0->4 ==> 44e10800.pinmux PIN 66->70
[    0.589075] gpio gpiochip2: (gpio-64-95): created GPIO range 5->6 ==> 44e10800.pinmux PIN 98->99
[    0.589093] gpio gpiochip2: (gpio-64-95): created GPIO range 7->8 ==> 44e10800.pinmux PIN 75->76
[    0.589110] gpio gpiochip2: (gpio-64-95): created GPIO range 13->13 ==> 44e10800.pinmux PIN 141->141
[    0.589128] gpio gpiochip2: (gpio-64-95): created GPIO range 14->21 ==> 44e10800.pinmux PIN 100->107
[    0.589722] gpio gpiochip2: (gpio-64-95): added GPIO chardev (254:2)
[    0.589854] gpio gpiochip2: registered GPIOs 576 to 607 on gpio-64-95
[    0.595445] 48000000.interconnect:segment@200000:target-module@0:mpu@0:fck: device ID is greater than 24
[    0.599602] platform 4830e000.lcdc: Fixed dependency cycle(s) with /ocp/interconnect@44c00000/segment@200000/target-module@b000/i2c@0/tda19988@70
[    0.608932] mdio_bus 4a101000.mdio: using DT '/ocp/interconnect@4a000000/segment@0/target-module@100000/switch@0/mdio@1000' for 'reset' GPIO lookup
[    0.609015] of_get_named_gpiod_flags: can't parse 'reset-gpios' property of node '/ocp/interconnect@4a000000/segment@0/target-module@100000/switch@0/mdio@1000[0]'
[    0.609064] of_get_named_gpiod_flags: can't parse 'reset-gpio' property of node '/ocp/interconnect@4a000000/segment@0/target-module@100000/switch@0/mdio@1000[0]'
[    0.609115] mdio_bus 4a101000.mdio: using lookup tables for GPIO lookup
[    0.609126] mdio_bus 4a101000.mdio: No GPIO consumer reset found
[    0.610252] sdhci-omap 481d8000.mmc: using DT '/ocp/interconnect@48000000/segment@100000/target-module@d8000/mmc@0' for 'wp' GPIO lookup
[    0.610319] of_get_named_gpiod_flags: can't parse 'wp-gpios' property of node '/ocp/interconnect@48000000/segment@100000/target-module@d8000/mmc@0[0]'
[    0.610366] of_get_named_gpiod_flags: can't parse 'wp-gpio' property of node '/ocp/interconnect@48000000/segment@100000/target-module@d8000/mmc@0[0]'
[    0.610404] sdhci-omap 481d8000.mmc: using lookup tables for GPIO lookup
[    0.610415] sdhci-omap 481d8000.mmc: No GPIO consumer wp found
[    0.610610] sdhci-omap 481d8000.mmc: supply pbias not found, using dummy regulator
[    0.611082] sdhci-omap 481d8000.mmc: supply vqmmc not found, using dummy regulator
[    0.688126] davinci_mdio 4a101000.mdio: davinci mdio revision 1.6, bus freq 1000000
[    0.708724] mdio_bus 4a101000.mdio:00: using DT '/ocp/interconnect@4a000000/segment@0/target-module@100000/switch@0/mdio@1000/ethernet-phy@0' for 'reset' GPIO lookup
[    0.708835] of_get_named_gpiod_flags: parsed 'reset-gpios' property of node '/ocp/interconnect@4a000000/segment@0/target-module@100000/switch@0/mdio@1000/ethernet-phy@0[0]' - status (0)
[    0.709004] gpio gpiochip0: Persistence not supported for GPIO 8
[    0.812274] davinci_mdio 4a101000.mdio: phy[0]: device 4a101000.mdio:00, driver SMSC LAN8710/LAN8720
[    0.812919] cpsw-switch 4a100000.switch: initialized cpsw ale version 1.4
[    0.812945] cpsw-switch 4a100000.switch: ALE Table size 1024
[    0.813101] cpsw-switch 4a100000.switch: cpts: overflow check period 500 (jiffies)
[    0.813122] cpsw-switch 4a100000.switch: CPTS: ref_clk_freq:250000000 calc_mult:2147483648 calc_shift:29 error:0 nsec/sec
[    0.813235] cpsw-switch 4a100000.switch: Detected MACID = 18:2c:65:25:41:ce
[    0.815221] cpsw-switch 4a100000.switch: initialized (regs 0x4a100000, pool size 256) hw_ver:0019010C 1.12 (0)
[    0.826124] debugfs: Directory '49000000.dma' with parent 'dmaengine' already present!
[    0.826173] edma 49000000.dma: TI EDMA DMA engine driver
[    0.857593] target-module@4b000000:target-module@140000:pmu@0:fck: device ID is greater than 24
[    0.891459] hw perfevents: enabled with armv7_cortex_a8 PMU driver, 5 counters available
[    0.892365] gpio-clk clk_mcasp0: using DT '/clk_mcasp0' for 'enable' GPIO lookup
[    0.892438] of_get_named_gpiod_flags: parsed 'enable-gpios' property of node '/clk_mcasp0[0]' - status (0)
[    0.892485] gpio gpiochip0: Persistence not supported for GPIO 27
[    0.893301] gpiochip_find_base_unlocked: found new base at 608
[    0.893424] gpio gpiochip3: (gpio-96-127): created GPIO range 0->7 ==> 44e10800.pinmux PIN 82->89
[    0.893449] gpio gpiochip3: (gpio-96-127): created GPIO range 8->11 ==> 44e10800.pinmux PIN 52->55
[    0.893466] gpio gpiochip3: (gpio-96-127): created GPIO range 12->15 ==> 44e10800.pinmux PIN 94->97
[    0.893483] gpio gpiochip3: (gpio-96-127): created GPIO range 16->17 ==> 44e10800.pinmux PIN 71->72
[    0.893501] gpio gpiochip3: (gpio-96-127): created GPIO range 18->18 ==> 44e10800.pinmux PIN 135->135
[    0.893520] gpio gpiochip3: (gpio-96-127): created GPIO range 19->20 ==> 44e10800.pinmux PIN 108->109
[    0.893538] gpio gpiochip3: (gpio-96-127): created GPIO range 21->21 ==> 44e10800.pinmux PIN 73->73
[    0.893557] gpio gpiochip3: (gpio-96-127): created GPIO range 22->23 ==> 44e10800.pinmux PIN 8->9
[    0.893576] gpio gpiochip3: (gpio-96-127): created GPIO range 26->27 ==> 44e10800.pinmux PIN 10->11
[    0.893595] gpio gpiochip3: (gpio-96-127): created GPIO range 28->28 ==> 44e10800.pinmux PIN 74->74
[    0.893615] gpio gpiochip3: (gpio-96-127): created GPIO range 29->29 ==> 44e10800.pinmux PIN 81->81
[    0.893635] gpio gpiochip3: (gpio-96-127): created GPIO range 30->31 ==> 44e10800.pinmux PIN 28->29
[    0.899316] l3-aon-clkctrl:0000:0: failed to disable
[    0.899621] gpio gpiochip3: (gpio-96-127): added GPIO chardev (254:3)
[    0.899763] gpio gpiochip3: registered GPIOs 608 to 639 on gpio-96-127
[    0.901782] omap8250 44e09000.serial: using DT '/ocp/interconnect@44c00000/segment@200000/target-module@9000/serial@0' for 'rs485-term' GPIO lookup
[    0.901868] of_get_named_gpiod_flags: can't parse 'rs485-term-gpios' property of node '/ocp/interconnect@44c00000/segment@200000/target-module@9000/serial@0[0]'
[    0.901918] of_get_named_gpiod_flags: can't parse 'rs485-term-gpio' property of node '/ocp/interconnect@44c00000/segment@200000/target-module@9000/serial@0[0]'
[    0.901958] omap8250 44e09000.serial: using lookup tables for GPIO lookup
[    0.901969] omap8250 44e09000.serial: No GPIO consumer rs485-term found
[    0.901981] omap8250 44e09000.serial: using DT '/ocp/interconnect@44c00000/segment@200000/target-module@9000/serial@0' for 'rs485-rx-during-tx' GPIO lookup
[    0.902021] of_get_named_gpiod_flags: can't parse 'rs485-rx-during-tx-gpios' property of node '/ocp/interconnect@44c00000/segment@200000/target-module@9000/serial@0[0]'
[    0.902062] of_get_named_gpiod_flags: can't parse 'rs485-rx-during-tx-gpio' property of node '/ocp/interconnect@44c00000/segment@200000/target-module@9000/serial@0[0]'
[    0.902096] omap8250 44e09000.serial: using lookup tables for GPIO lookup
[    0.902106] omap8250 44e09000.serial: No GPIO consumer rs485-rx-during-tx found
[    0.902477] 44e09000.serial: ttyS0 at MMIO 0x44e09000 (irq = 34, base_baud = 3000000) is a 8250
[    0.902562] printk: legacy console [ttyS0] enabled
[    2.126778] i2c i2c-0: using DT '/ocp/interconnect@44c00000/segment@200000/target-module@b000/i2c@0' for 'scl' GPIO lookup
[    2.126866] of_get_named_gpiod_flags: can't parse 'scl-gpios' property of node '/ocp/interconnect@44c00000/segment@200000/target-module@b000/i2c@0[0]'
[    2.126915] of_get_named_gpiod_flags: can't parse 'scl-gpio' property of node '/ocp/interconnect@44c00000/segment@200000/target-module@b000/i2c@0[0]'
[    2.126957] i2c i2c-0: using lookup tables for GPIO lookup
[    2.126970] i2c i2c-0: No GPIO consumer scl found
[    2.126995] i2c i2c-0: using DT '/ocp/interconnect@44c00000/segment@200000/target-module@b000/i2c@0' for 'sda' GPIO lookup
[    2.127035] of_get_named_gpiod_flags: can't parse 'sda-gpios' property of node '/ocp/interconnect@44c00000/segment@200000/target-module@b000/i2c@0[0]'
[    2.127077] of_get_named_gpiod_flags: can't parse 'sda-gpio' property of node '/ocp/interconnect@44c00000/segment@200000/target-module@b000/i2c@0[0]'
[    2.127114] i2c i2c-0: using lookup tables for GPIO lookup
[    2.127125] i2c i2c-0: No GPIO consumer sda found
[    2.154965] tps65217-pmic: Failed to locate of_node [id: -1]
[    2.161056] tps65217-bl: Failed to locate of_node [id: -1]
[    2.172363] tps65217 0-0024: TPS65217 ID 0xe version 1.2
[    2.178507] platform 4830e000.lcdc: Fixed dependency cycle(s) with /ocp/interconnect@44c00000/segment@200000/target-module@b000/i2c@0/tda19988@70
[    2.191946] i2c 0-0070: Fixed dependency cycle(s) with /ocp/interconnect@48000000/segment@300000/target-module@e000/lcdc@0
[    2.203357] omap_i2c 44e0b000.i2c: bus 0 rev0.11 at 400 kHz
[    2.211409] sdhci-omap 48060000.mmc: using DT '/ocp/interconnect@48000000/segment@0/target-module@60000/mmc@0' for 'cd' GPIO lookup
[    2.211521] of_get_named_gpiod_flags: parsed 'cd-gpios' property of node '/ocp/interconnect@48000000/segment@0/target-module@60000/mmc@0[0]' - status (0)
[    2.211589] gpio gpiochip3: Persistence not supported for GPIO 6
[    2.211615] omap_gpio 44e07000.gpio: Could not set line 6 debounce to 200000 microseconds (-22)
[    2.220523] sdhci-omap 48060000.mmc: Got CD GPIO
[    2.225218] sdhci-omap 48060000.mmc: using DT '/ocp/interconnect@48000000/segment@0/target-module@60000/mmc@0' for 'wp' GPIO lookup
[    2.225270] of_get_named_gpiod_flags: can't parse 'wp-gpios' property of node '/ocp/interconnect@48000000/segment@0/target-module@60000/mmc@0[0]'
[    2.225315] of_get_named_gpiod_flags: can't parse 'wp-gpio' property of node '/ocp/interconnect@48000000/segment@0/target-module@60000/mmc@0[0]'
[    2.225356] sdhci-omap 48060000.mmc: using lookup tables for GPIO lookup
[    2.225370] sdhci-omap 48060000.mmc: No GPIO consumer wp found
[    2.225585] sdhci-omap 48060000.mmc: supply pbias not found, using dummy regulator
[    2.234829] sdhci-omap 481d8000.mmc: using DT '/ocp/interconnect@48000000/segment@100000/target-module@d8000/mmc@0' for 'wp' GPIO lookup
[    2.234911] of_get_named_gpiod_flags: can't parse 'wp-gpios' property of node '/ocp/interconnect@48000000/segment@100000/target-module@d8000/mmc@0[0]'
[    2.234962] of_get_named_gpiod_flags: can't parse 'wp-gpio' property of node '/ocp/interconnect@48000000/segment@100000/target-module@d8000/mmc@0[0]'
[    2.235003] sdhci-omap 481d8000.mmc: using lookup tables for GPIO lookup
[    2.235017] sdhci-omap 481d8000.mmc: No GPIO consumer wp found
[    2.236332] sdhci-omap 48060000.mmc: supply vqmmc not found, using dummy regulator
[    2.244827] sdhci-omap 481d8000.mmc: supply pbias not found, using dummy regulator
[    2.252824] sdhci-omap 481d8000.mmc: supply vqmmc not found, using dummy regulator
[    2.291035] mmc1: SDHCI controller on 481d8000.mmc [481d8000.mmc] using External DMA
[    2.300227] mmc0: SDHCI controller on 48060000.mmc [48060000.mmc] using External DMA
[    2.308986] cpsw-switch 4a100000.switch: starting ndev. mode: dual_mac
[    2.353440] mmc0: new high speed SDHC card at address 59b4
[    2.360550] mmcblk0: mmc0:59b4 USD   14.9 GiB
[    2.368234]  mmcblk0: p1 p2
[    2.375512] mmc1: new high speed MMC card at address 0001
[    2.382198] mmcblk1: mmc1:0001 MK2704 3.53 GiB
[    2.389827]  mmcblk1: p1
[    2.393510] mmcblk1boot0: mmc1:0001 MK2704 2.00 MiB
[    2.400826] mmcblk1boot1: mmc1:0001 MK2704 2.00 MiB
[    2.408097] mmcblk1rpmb: mmc1:0001 MK2704 512 KiB, chardev (250:0)
[    2.414874] SMSC LAN8710/LAN8720 4a101000.mdio:00: attached PHY driver (mii_bus:phy_addr=4a101000.mdio:00, irq=POLL)
[    5.524669] cpsw-switch 4a100000.switch eth0: Link is Up - 100Mbps/Full - flow control off
[    5.573957] IP-Config: Complete:
[    5.577236]      device=eth0, hwaddr=18:2c:65:25:41:ce, ipaddr=192.168.255.2, mask=255.255.255.0, gw=255.255.255.255
[    5.587861]      host=bbb1, domain=, nis-domain=(none)
[    5.593028]      bootserver=192.168.255.126, rootserver=192.168.255.126, rootpath=
[    5.593492] clk: Disabling unused clocks
[    5.605345] PM: genpd: Disabling unused power domains
[    5.610463] KTAP version 1
[    5.613184] 1..0
[    5.637708] VFS: Mounted root (nfs filesystem) on device 0:17.
[    5.644579] devtmpfs: mounted
[    5.649218] Freeing unused kernel image (initmem) memory: 1024K
[    5.656006] Run /sbin/init as init process
[    5.660134]   with arguments:
[    5.660146]     /sbin/init
[    5.660156]     nfsrootdebug
[    5.660165]   with environment:
[    5.660173]     HOME=/
[    5.660182]     TERM=linux
[    6.342340] systemd[1]: System time before build time, advancing clock.
[    7.813924] random: crng init done
[    7.885469] systemd[1]: systemd 232 running in system mode. (+PAM +AUDIT +SELINUX +IMA +APPARMOR +SMACK +SYSVINIT +UTMP +LIBCRYPTSETUP +GCRYPT +GNUTLS +ACL +XZ +LZ4 +SECCOMP +BLKID +ELFUTILS +KMOD +IDN)
[    7.904538] systemd[1]: Detected architecture arm.
[    7.946905] systemd[1]: Set hostname to <arm>.
[    9.027294] systemd[1]: Reached target Remote File Systems.
[    9.066114] systemd[1]: Listening on udev Control Socket.
[    9.104932] systemd[1]: Listening on Journal Audit Socket.
[    9.144492] systemd[1]: Listening on udev Kernel Socket.
[    9.185822] systemd[1]: Listening on Syslog Socket.
[    9.225492] systemd[1]: Created slice User and Session Slice.
[    9.265885] systemd[1]: Listening on /dev/initctl Compatibility Named Pipe.
[   11.546104] systemd-journald[87]: Received request to flush runtime journal from PID 1
[   14.278739] leds-gpio leds: using DT '/leds/led2' for '(default)' GPIO lookup
[   14.278845] of_get_named_gpiod_flags: parsed 'gpios' property of node '/leds/led2[0]' - status (0)
[   14.278905] gpio gpiochip0: Persistence not supported for GPIO 21
[   14.278921] gpio-533 (?): no flags found for GPIO (default)
[   14.378058] leds-gpio leds: using DT '/leds/led3' for '(default)' GPIO lookup
[   14.378263] of_get_named_gpiod_flags: parsed 'gpios' property of node '/leds/led3[0]' - status (0)
[   14.378325] gpio gpiochip0: Persistence not supported for GPIO 22
[   14.378341] gpio-534 (?): no flags found for GPIO (default)
[   14.404486] leds-gpio leds: using DT '/leds/led4' for '(default)' GPIO lookup
[   14.404593] of_get_named_gpiod_flags: parsed 'gpios' property of node '/leds/led4[0]' - status (0)
[   14.404647] gpio gpiochip0: Persistence not supported for GPIO 23
[   14.404663] gpio-535 (?): no flags found for GPIO (default)
[   14.453275] leds-gpio leds: using DT '/leds/led5' for '(default)' GPIO lookup
[   14.453373] of_get_named_gpiod_flags: parsed 'gpios' property of node '/leds/led5[0]' - status (0)
[   14.453425] gpio gpiochip0: Persistence not supported for GPIO 24
[   14.453442] gpio-536 (?): no flags found for GPIO (default)
[   14.600849] remoteproc remoteproc0: wkup_m3 is available
[   14.902437] wkup_m3_ipc 44e11324.wkup_m3_ipc: IPC Request for A8->M3 Channel failed! -517
[   14.982725] at24 2-0054: supply vcc not found, using dummy regulator
[   15.130595] at24 2-0055: supply vcc not found, using dummy regulator
[   15.250274] at24 2-0056: supply vcc not found, using dummy regulator
[   15.358465] at24 2-0057: supply vcc not found, using dummy regulator
[   15.380191] omap_wdt: OMAP Watchdog Timer Rev 0x01: initial timeout 60 sec
[   15.395055] wkup_m3_ipc 44e11324.wkup_m3_ipc: IPC Request for A8->M3 Channel failed! -517
[   15.508742] at24 0-0050: using DT '/ocp/interconnect@44c00000/segment@200000/target-module@b000/i2c@0/baseboard_eeprom@50' for 'wp' GPIO lookup
[   15.508860] of_get_named_gpiod_flags: can't parse 'wp-gpios' property of node '/ocp/interconnect@44c00000/segment@200000/target-module@b000/i2c@0/baseboard_eeprom@50[0]'
[   15.509034] of_get_named_gpiod_flags: can't parse 'wp-gpio' property of node '/ocp/interconnect@44c00000/segment@200000/target-module@b000/i2c@0/baseboard_eeprom@50[0]'
[   15.509089] at24 0-0050: using lookup tables for GPIO lookup
[   15.509104] at24 0-0050: No GPIO consumer wp found
[   15.509399] at24 0-0050: 32768 byte 24c256 EEPROM, writable, 1 bytes/write
[   15.611126] tps6521x_pwrbutton tps65217-pwrbutton: DMA mask not set
[   15.620845] wkup_m3_ipc 44e11324.wkup_m3_ipc: IPC Request for A8->M3 Channel failed! -517
[   15.727261] omap_rtc 44e3e000.rtc: registered as rtc0
[   15.732441] omap_rtc 44e3e000.rtc: setting system clock to 2000-01-01T00:00:00 UTC (946684800)
[   15.741330] omap_rtc 44e3e000.rtc: using DT '/ocp/interconnect@44c00000/segment@200000/target-module@3e000/rtc@0' for 'wp' GPIO lookup
[   15.741405] of_get_named_gpiod_flags: can't parse 'wp-gpios' property of node '/ocp/interconnect@44c00000/segment@200000/target-module@3e000/rtc@0[0]'
[   15.741459] of_get_named_gpiod_flags: can't parse 'wp-gpio' property of node '/ocp/interconnect@44c00000/segment@200000/target-module@3e000/rtc@0[0]'
[   15.741502] omap_rtc 44e3e000.rtc: using lookup tables for GPIO lookup
[   15.741516] omap_rtc 44e3e000.rtc: No GPIO consumer wp found
[   15.790514] input: tps65217_pwrbutton as /devices/platform/ocp/44c00000.interconnect/44c00000.interconnect:segment@200000/44e0b000.target-module/44e0b000.i2c/i2c-0/0-0024/tps65217-pwrbutton/input/input0
[   15.817009] wkup_m3_ipc 44e11324.wkup_m3_ipc: IPC Request for A8->M3 Channel failed! -517
[   15.913563] wkup_m3_ipc 44e11324.wkup_m3_ipc: IPC Request for A8->M3 Channel failed! -517
