Labgrid Console Logfile for main
Logfile started at 2024-10-02 08:23:32.235287
=== Log starts here ===
reading args
spl_load_image_fat_os: error reading image args, err - -1
reading u-boot.img
reading u-boot.img


U-Boot 2014.04-00014-g47880f5 (Apr 22 2014 - 13:23:54)

I2C:   ready
DRAM:  512 MiB
NAND:  0 MiB
MMC:   OMAP SD/MMC: 0, OMAP SD/MMC: 1
*** Warning - readenv() failed, using default environment

Net:   <ethaddr> not set. Validating first E-fuse MAC
cpsw, usb_ether
Hit any key to stop autoboot:  1  0 
gpio: pin 53 (gpio 53) value is 1
mmc0 is current device
gpio: pin 54 (gpio 54) value is 1
SD/MMC found on device 0
reading uEnv.txt
569 bytes read in 3 ms (184.6 KiB/s)
gpio: pin 55 (gpio 55) value is 1
Loaded environment from uEnv.txt
Importing environment from mmc ...
Checking if uenvcmd is set ...
gpio: pin 56 (gpio 56) value is 1
Running uenvcmd ...
cpsw Waiting for PHY auto negotiation to complete. done
link up on port 0, speed 100, full duplex
Using cpsw device
TFTP from server 192.168.255.126; our IP address is 192.168.255.1
Filename 'zImage'.
Load address: 0x81000000
Loading: *#################################################################
	 #################################################################
	 #################################################################
	 #################################################################
	 #################################################################
	 ##################################################
	 2.4 MiB/s
done
Bytes transferred = 5501176 (53f0f8 hex)
link up on port 0, speed 100, full duplex
Using cpsw device
TFTP from server 192.168.255.126; our IP address is 192.168.255.1
Filename 'am335x-boneblack.dtb'.
Load address: 0x82000000
Loading: *#######
	 2.2 MiB/s
done
Bytes transferred = 98336 (18020 hex)
Kernel image @ 0x81000000 [ 0x000000 - 0x53f0f8 ]
## Flattened Device Tree blob at 82000000
   Booting using the fdt blob at 0x82000000
   Using Device Tree in place at 82000000, end 8201b01f

Starting kernel ...

[    0.000000] Booting Linux on physical CPU 0x0
[    0.000000] Linux version 6.12.0-rc1-next-20241002 (user01@drvtest01) (arm-linux-gnueabihf-gcc (Linaro GCC 6.4-2017.11) 6.4.1 20171012, GNU ld (Linaro_Binutils-2017.11) 2.27.0.20161229) #108 SMP Wed Oct  2 08:22:44 EEST 2024
[    0.000000] CPU: ARMv7 Processor [413fc082] revision 2 (ARMv7), cr=10c5387d
[    0.000000] CPU: PIPT / VIPT nonaliasing data cache, VIPT aliasing instruction cache
[    0.000000] OF: fdt: Machine model: TI AM335x BeagleBone Black
[    0.000000] Memory policy: Data cache writeback
[    0.000000] cma: Reserved 16 MiB at 0x9e800000 on node -1
[    0.000000] Zone ranges:
[    0.000000]   Normal   [mem 0x0000000080000000-0x000000009fdfffff]
[    0.000000]   HighMem  empty
[    0.000000] Movable zone start for each node
[    0.000000] Early memory node ranges
[    0.000000]   node   0: [mem 0x0000000080000000-0x000000009fdfffff]
[    0.000000] Initmem setup node 0 [mem 0x0000000080000000-0x000000009fdfffff]
[    0.000000] CPU: All CPU(s) started in SVC mode.
[    0.000000] AM335X ES2.1 (sgx neon)
[    0.000000] percpu: Embedded 17 pages/cpu s40268 r8192 d21172 u69632
[    0.000000] Kernel command line: console=ttyO0,115200n8 root=/dev/nfs rw nfsroot=192.168.255.126:/home/user01/nfs,nfsvers=3 ip=192.168.255.1:192.168.255.126::255.255.255.0:bbb1:eth0 nfsrootdebug
[    0.000000] Unknown kernel command line parameters "nfsrootdebug", will be passed to user space.
[    0.000000] Dentry cache hash table entries: 65536 (order: 6, 262144 bytes, linear)
[    0.000000] Inode-cache hash table entries: 32768 (order: 5, 131072 bytes, linear)
[    0.000000] Built 1 zonelists, mobility grouping on.  Total pages: 130560
[    0.000000] mem auto-init: stack:off, heap alloc:off, heap free:off
[    0.000000] SLUB: HWalign=64, Order=0-3, MinObjects=0, CPUs=1, Nodes=1
[    0.000000] trace event string verifier disabled
[    0.000000] rcu: Hierarchical RCU implementation.
[    0.000000] rcu: 	RCU event tracing is enabled.
[    0.000000] rcu: 	RCU restricting CPUs from NR_CPUS=2 to nr_cpu_ids=1.
[    0.000000] rcu: RCU calculated value of scheduler-enlistment delay is 10 jiffies.
[    0.000000] rcu: Adjusting geometry for rcu_fanout_leaf=16, nr_cpu_ids=1
[    0.000000] NR_IRQS: 16, nr_irqs: 16, preallocated irqs: 16
[    0.000000] IRQ: Found an INTC at 0x(ptrval) (revision 5.0) with 128 interrupts
[    0.000000] rcu: srcu_init: Setting srcu_struct sizes based on contention.
[    0.000000] TI gptimer clocksource: always-on /ocp/interconnect@44c00000/segment@200000/target-module@31000
[    0.000003] sched_clock: 32 bits at 24MHz, resolution 41ns, wraps every 89478484971ns
[    0.000028] clocksource: dmtimer: mask: 0xffffffff max_cycles: 0xffffffff, max_idle_ns: 79635851949 ns
[    0.000502] TI gptimer clockevent: 24000000 Hz at /ocp/interconnect@48000000/segment@0/target-module@40000
[    0.002139] Console: colour dummy device 80x30
[    0.002206] WARNING: Your 'console=ttyO0' has been replaced by 'ttyS0'
[    0.002215] This ensures that you still see kernel messages. Please
[    0.002220] update your kernel commandline.
[    0.002263] Calibrating delay loop... 996.14 BogoMIPS (lpj=4980736)
[    0.090554] CPU: Testing write buffer coherency: ok
[    0.090671] CPU0: Spectre v2: using BPIALL workaround
[    0.090684] pid_max: default: 32768 minimum: 301
[    0.090810] LSM: initializing lsm=capability
[    0.090987] Mount-cache hash table entries: 1024 (order: 0, 4096 bytes, linear)
[    0.091007] Mountpoint-cache hash table entries: 1024 (order: 0, 4096 bytes, linear)
[    0.092654] CPU0: thread -1, cpu 0, socket -1, mpidr 0
[    0.160725] Setting up static identity map for 0x80100000 - 0x80100078
[    0.170707] rcu: Hierarchical SRCU implementation.
[    0.170721] rcu: 	Max phase no-delay instances is 1000.
[    0.190759] smp: Bringing up secondary CPUs ...
[    0.190817] smp: Brought up 1 node, 1 CPU
[    0.190832] SMP: Total of 1 processors activated (996.14 BogoMIPS).
[    0.190845] CPU: All CPU(s) started in SVC mode.
[    0.191034] Memory: 480860K/522240K available (11264K kernel code, 1215K rwdata, 2876K rodata, 1024K init, 299K bss, 23368K reserved, 16384K cma-reserved, 0K highmem)
[    0.191894] devtmpfs: initialized
[    0.208580] VFP support v0.3: implementor 41 architecture 3 part 30 variant c rev 3
[    0.208931] clocksource: jiffies: mask: 0xffffffff max_cycles: 0xffffffff, max_idle_ns: 19112604462750000 ns
[    0.208965] futex hash table entries: 256 (order: 2, 16384 bytes, linear)
[    0.210252] pinctrl core: initialized pinctrl subsystem
[    0.213283] NET: Registered PF_NETLINK/PF_ROUTE protocol family
[    0.216101] DMA: preallocated 256 KiB pool for atomic coherent allocations
[    0.217000] audit: initializing netlink subsys (disabled)
[    0.218439] thermal_sys: Registered thermal governor 'fair_share'
[    0.218452] thermal_sys: Registered thermal governor 'step_wise'
[    0.218462] thermal_sys: Registered thermal governor 'user_space'
[    0.218618] audit: type=2000 audit(0.210:1): state=initialized audit_enabled=0 res=1
[    0.218660] cpuidle: using governor menu
[    0.237526] No ATAGs?
[    0.237551] hw-breakpoint: debug architecture 0x4 unsupported.
[    0.240319] kprobes: kprobe jump-optimization is enabled. All kprobes are optimized if possible.
[    0.254145] iommu: Default domain type: Translated
[    0.254167] iommu: DMA domain TLB invalidation policy: strict mode
[    0.261845] SCSI subsystem initialized
[    0.262713] pps_core: LinuxPPS API ver. 1 registered
[    0.262724] pps_core: Software ver. 5.3.6 - Copyright 2005-2007 Rodolfo Giometti <giometti@linux.it>
[    0.262749] PTP clock support registered
[    0.270843] vgaarb: loaded
[    0.271245] clocksource: Switched to clocksource dmtimer
[    0.271907] VFS: Disk quotas dquot_6.6.0
[    0.271954] VFS: Dquot-cache hash table entries: 1024 (order 0, 4096 bytes)
[    0.296640] NET: Registered PF_INET protocol family
[    0.297003] IP idents hash table entries: 8192 (order: 4, 65536 bytes, linear)
[    0.298413] tcp_listen_portaddr_hash hash table entries: 512 (order: 0, 4096 bytes, linear)
[    0.298451] Table-perturb hash table entries: 65536 (order: 6, 262144 bytes, linear)
[    0.298469] TCP established hash table entries: 4096 (order: 2, 16384 bytes, linear)
[    0.298513] TCP bind hash table entries: 4096 (order: 4, 65536 bytes, linear)
[    0.298614] TCP: Hash tables configured (established 4096 bind 4096)
[    0.298734] UDP hash table entries: 256 (order: 1, 8192 bytes, linear)
[    0.298763] UDP-Lite hash table entries: 256 (order: 1, 8192 bytes, linear)
[    0.298943] NET: Registered PF_UNIX/PF_LOCAL protocol family
[    0.312394] RPC: Registered named UNIX socket transport module.
[    0.312416] RPC: Registered udp transport module.
[    0.312422] RPC: Registered tcp transport module.
[    0.312427] RPC: Registered tcp-with-tls transport module.
[    0.312433] RPC: Registered tcp NFSv4.1 backchannel transport module.
[    0.312458] PCI: CLS 0 bytes, default 64
[    0.313942] Initialise system trusted keyrings
[    0.314520] workingset: timestamp_bits=14 max_order=17 bucket_order=3
[    0.315944] NFS: Registering the id_resolver key type
[    0.316024] Key type id_resolver registered
[    0.316032] Key type id_legacy registered
[    0.316079] jffs2: version 2.2. (NAND) (SUMMARY)  Â© 2001-2006 Red Hat, Inc.
[    0.316487] Key type asymmetric registered
[    0.316502] Asymmetric key parser 'x509' registered
[    0.316571] io scheduler mq-deadline registered
[    0.316582] io scheduler kyber registered
[    0.316651] io scheduler bfq registered
[    0.318701] ledtrig-cpu: registered to indicate activity on CPUs
[    0.331467] Serial: 8250/16550 driver, 6 ports, IRQ sharing enabled
[    0.365697] brd: module loaded
[    0.392365] loop: module loaded
[    0.393308] mtdoops: mtd device (mtddev=name/number) must be supplied
[    0.396466] i2c_dev: i2c /dev entries driver
[    0.397468] cpuidle: enable-method property 'ti,am3352' found operations
[    0.397910] sdhci: Secure Digital Host Controller Interface driver
[    0.397921] sdhci: Copyright(c) Pierre Ossman
[    0.398096] sdhci-pltfm: SDHCI platform and OF driver helper
[    0.399136] Initializing XFRM netlink socket
[    0.399274] NET: Registered PF_INET6 protocol family
[    0.401388] Segment Routing with IPv6
[    0.401486] In-situ OAM (IOAM) with IPv6
[    0.401588] sit: IPv6, IPv4 and MPLS over IPv4 tunneling driver
[    0.402550] NET: Registered PF_PACKET protocol family
[    0.402588] NET: Registered PF_KEY protocol family
[    0.402723] Key type dns_resolver registered
[    0.403010] ThumbEE CPU extension supported.
[    0.403031] Registering SWP/SWPB emulation handler
[    0.403560] omap_voltage_late_init: Voltage driver support not added
[    0.403920] SmartReflex Class3 initialized
[    0.455009] Loading compiled-in X.509 certificates
[    0.520373] platform 44e10800.pinmux: Fixed dependency cycle(s) with /ocp/interconnect@44c00000/segment@200000/target-module@10000/scm@0/pinmux@800/clkout2-pins
[    0.520928] pinctrl-single 44e10800.pinmux: 142 pins, size 568
[    0.526320] ti-sysc 44e31000.target-module: probe with driver ti-sysc failed with error -16
[    0.540431] ti-sysc 48040000.target-module: probe with driver ti-sysc failed with error -16
[    0.603920] OMAP GPIO hardware version 0.1
[    0.617791] omap_i2c 4819c000.i2c: bus 2 rev0.11 at 100 kHz
[    0.658102] 48000000.interconnect:segment@200000:target-module@0:mpu@0:fck: device ID is greater than 24
[    0.662479] platform 4830e000.lcdc: Fixed dependency cycle(s) with /ocp/interconnect@44c00000/segment@200000/target-module@b000/i2c@0/tda19988@70
[    0.673228] sdhci-omap 481d8000.mmc: supply pbias not found, using dummy regulator
[    0.673748] sdhci-omap 481d8000.mmc: supply vqmmc not found, using dummy regulator
[    0.735316] davinci_mdio 4a101000.mdio: davinci mdio revision 1.6, bus freq 1000000
[    0.850697] davinci_mdio 4a101000.mdio: phy[0]: device 4a101000.mdio:00, driver SMSC LAN8710/LAN8720
[    0.851638] cpsw-switch 4a100000.switch: initialized cpsw ale version 1.4
[    0.851665] cpsw-switch 4a100000.switch: ALE Table size 1024, Policers 0
[    0.868926] cpsw-switch 4a100000.switch: cpts: overflow check period 500 (jiffies)
[    0.868954] cpsw-switch 4a100000.switch: CPTS: ref_clk_freq:250000000 calc_mult:2147483648 calc_shift:29 error:0 nsec/sec
[    0.869063] cpsw-switch 4a100000.switch: Detected MACID = 6c:ec:eb:68:de:78
[    0.870904] cpsw-switch 4a100000.switch: initialized (regs 0x4a100000, pool size 256) hw_ver:0019010C 1.12 (0)
[    0.882160] debugfs: Directory '49000000.dma' with parent 'dmaengine' already present!
[    0.882201] edma 49000000.dma: TI EDMA DMA engine driver
[    0.919146] target-module@4b000000:target-module@140000:pmu@0:fck: device ID is greater than 24
[    0.934096] hw perfevents: enabled with armv7_cortex_a8 PMU driver, 5 (8000000f) counters available
[    0.941745] l3-aon-clkctrl:0000:0: failed to disable
[    0.955038] 44e09000.serial: ttyS0 at MMIO 0x44e09000 (irq = 34, base_baud = 3000000) is a 8250
[    0.955127] printk: legacy console [ttyS0] enabled
 [    2.272268] tps65217-pmic: Failed to locate of_node [id: -1 ]
[    2.278343] tps65217-bl: Failed to locate of_node [id: - 1]
[    2.289856] tps65217 0-0024: TPS65217 ID 0xe version 1. 2
[    2.295989] platform 4830e000.lcdc: Fixed dependency cycle(s) wi
[    2.470466] mmc0: new high speed SDHC card at address 5048
[    2.477596] mmcblk0: mmc0:5048 SD16G 14.4 GiB
[    2.485757]  mmcblk0: p1 p2
[    2.489165] mmcblk0: p2 size 31221760 extends beyond EOD, truncated
[    2.502498] SMSC LAN8710/LAN8720 4a101000.mdio:00: attached PHY driver (mii_bus:phy_addr=4a101000.mdio:00, irq=POLL)
[    2.515228] mmc1: new high speed MMC card at address 0001
[    2.526265] mmcblk1: mmc1:0001 MMC04G 3.60 GiB
[    2.533720]  mmcblk1: p1 p2
[    2.537966] mmcblk1boot0: mmc1:0001 MMC04G 2.00 MiB
[    2.545366] mmcblk1boot1: mmc1:0001 MMC04G 2.00 MiB
[    2.552733] mmcblk1rpmb: mmc1:0001 MMC04G 128 KiB, chardev (250:0)
[    5.682033] cpsw-switch 4a100000.switch eth0: Link is Up - 100Mbps/Full - flow control off
[    5.721494] IP-Config: Complete:
[    5.724772]      device=eth0, hwaddr=6c:ec:eb:68:de:78, ipaddr=192.168.255.1, mask=255.255.255.0, gw=255.255.255.255
[    5.735443]      host=bbb1, domain=, nis-domain=(none)
[    5.740615]      bootserver=192.168.255.126, rootserver=192.168.255.126, rootpath=
[    5.741053] clk: Disabling unused clocks
[    5.752903] PM: genpd: Disabling unused power domains
[    5.758021] KTAP version 1
[    5.760743] 1..0
[    5.794876] VFS: Mounted root (nfs filesystem) on device 0:17.
[    5.801874] devtmpfs: mounted
[    5.806655] Freeing unused kernel image (initmem) memory: 1024K
[    5.813445] Run /sbin/init as init process
[    6.529067] systemd[1]: System time before build time, advancing clock.
[    7.991270] random: crng init done
[    8.033980] systemd[1]: systemd 232 running in system mode. (+PAM +AUDIT +SELINUX +IMA +APPARMOR +SMACK +SYSVINIT +UTMP +LIBCRYPTSETUP +GCRYPT +GNUTLS +ACL +XZ +LZ4 +SECCOMP +BLKID +ELFUTILS +KMOD +IDN)
[    8.053060] systemd[1]: Detected architecture arm.

Welcome to [1mDebian GNU/Linux 9 (stretch)[0m!

[    8.084555] systemd[1]: Set hostname to <arm>.
[    9.208159] systemd[1]: Listening on udev Control Socket.
[[0;32m  OK  [0m] Listening on udev Control Socket.
[    9.231967] systemd[1]: Listening on udev Kernel Socket.
[[0;32m  OK  [0m] Listening on udev Kernel Socket.
[    9.261635] systemd[1]: Reached target Swap.
[[0;32m  OK  [0m] Reached target Swap.
[    9.283402] systemd[1]: Listening on Journal Socket.
[[0;32m  OK  [0m] Listening on Journal Socket.
[    9.313253] systemd[1]: Listening on /dev/initctl Compatibility Named Pipe.
[[0;32m  OK  [0m] Listening on /dev/initctl Compatibility Named Pipe.
[    9.342866] systemd[1]: Created slice User and Session Slice.
[[0;32m  OK  [0m] Created slice User and Session Slice.
[    9.372053] systemd[1]: Listening on Syslog Socket.
[[0;32m  OK  [0m] Listening on Syslog Socket.
[[0;32m  OK  [0m] Set up automount Arbitrary Executabâ€¦rmats File System Automount Point.
[[0;32m  OK  [0m] Reached target Remote File Systems.
[[0;32m  OK  [0m] Started Forward Password Requests to Wall Directory Watch.
[[0;32m  OK  [0m] Created slice System Slice.
[[0;32m  OK  [0m] Created slice system-getty.slice.
         Starting Remount Root and Kernel File Systems...
         Starting Load Kernel Modules...
         Mounting Debug File System...
[[0;32m  OK  [0m] Created slice system-serial\x2dgetty.slice.
         Starting Create list of required stâ€¦ce nodes for the current kernel...
[[0;32m  OK  [0m] Listening on Journal Socket (/dev/log).
[[0;32m  OK  [0m] Started Dispatch Password Requests to Console Directory Watch.
[[0;32m  OK  [0m] Reached target Encrypted Volumes.
[[0;32m  OK  [0m] Reached target Paths.
         Mounting POSIX Message Queue File System...
[[0;32m  OK  [0m] Reached target Slices.
[[0;32m  OK  [0m] Listening on Journal Audit Socket.
         Starting Journal Service...
[[0;32m  OK  [0m] Started Remount Root and Kernel File Systems.
[[0;32m  OK  [0m] Started Load Kernel Modules.
[[0;32m  OK  [0m] Mounted Debug File System.
[[0;32m  OK  [0m] Started Create list of required staâ€¦vice nodes for the current kernel.
[[0;32m  OK  [0m] Mounted POSIX Message Queue File System.
         Starting Create Static Device Nodes in /dev...
         Starting Apply Kernel Variables...
         Mounting Configuration File System...
         Starting Load/Save Random Seed...
         Starting udev Coldplug all Devices...
[[0;32m  OK  [0m] Mounted Configuration File System.
[[0;32m  OK  [0m] Started Apply Kernel Variables.
[[0;32m  OK  [0m] Started Load/Save Random Seed.
[[0;32m  OK  [0m] Started Create Static Device Nodes in /dev.
         Starting udev Kernel Device Manager...
[[0;32m  OK  [0m] Reached target Local File Systems (Pre).
[[0;32m  OK  [0m] Reached target Local File Systems.
         Starting Raise network interfaces...
[[0;32m  OK  [0m] Started Journal Service.
         Starting Flush Journal to Persistent Storage...
[   11.628968] systemd-journald[85]: Received request to flush runtime journal from PID 1
[[0;32m  OK  [0m] Started Flush Journal to Persistent Storage.
         Starting Create Volatile Files and Directories...
[[0;32m  OK  [0m] Started udev Kernel Device Manager.
[[0;32m  OK  [0m] Started Create Volatile Files and Directories.
         Starting Network Time Synchronization...
         Starting Update UTMP about System Boot/Shutdown...
[[0;32m  OK  [0m] Started Update UTMP about System Boot/Shutdown.
[[0;32m  OK  [0m] Started udev Coldplug all Devices.
[   14.736400] remoteproc remoteproc0: wkup_m3 is available
[   14.888795] omap_rtc 44e3e000.rtc: registered as rtc0
[   14.894209] omap_rtc 44e3e000.rtc: setting system clock to 2000-01-01T00:00:00 UTC (946684800)
[[0;32m  OK  [0m] Started Network Time Synchronization.
[   15.141644] omap_wdt: OMAP Watchdog Timer Rev 0x01: initial timeout 60 sec
[   15.155757] at24 2-0054: supply vcc not found, using dummy regulator
[   15.322202] at24 2-0055: supply vcc not found, using dummy regulator
[   15.434477] at24 2-0056: supply vcc not found, using dummy regulator
[[0;32m  OK  [0m] Found device /dev/ttyS0.
[   15.506348] am335x-phy-driver 47401300.usb-phy: dummy supplies not allowed for exclusive requests (id=vbus)
[   15.569076] at24 2-0057: supply vcc not found, using dummy regulator
[   15.672609] at24 0-0050: 32768 byte 24c256 EEPROM, writable, 1 bytes/write
[   15.683145] am335x-phy-driver 47401b00.usb-phy: dummy supplies not allowed for exclusive requests (id=vbus)
[   15.924505] tps6521x_pwrbutton tps65217-pwrbutton: DMA mask not set
[[0;32m  OK  [0m] Reached target System Initialization.
[   15.990576] wkup_m3_ipc 44e11324.wkup_m3_ipc: IPC Request for A8->M3 Channel failed! -517
[   16.049127] input: tps65217_pwrbutton as /devices/platform/ocp/44c00000.interconnect/44c00000.interconnect:segment@200000/44e0b000.target-module/44e0b000.i2c/i2c-0/0-0024/tps65217-pwrbutton/input/input0
[   16.072164] wkup_m3_ipc 44e11324.wkup_m3_ipc: IPC Request for A8->M3 Channel failed! -517
[[0;32m  OK  [0m] Listening on D-Bus System Message Bus Socket.
[[0;32m  OK  [0m] Started Daily Cleanup of Temporary Directories.
[[0;32m  OK  [0m] Listening on Avahi mDNS/DNS-SD Stack Activation Socket.
[[0;32m  OK  [0m] Reached target Sockets.
[[0;32m  OK  [0m] Reached target Basic System.
[   16.588464] usbcore: registered new interface driver usbfs
[   16.594348] usbcore: registered new interface driver hub
[   16.599812] usbcore: registered new device driver usb
         Starting LSB: Load kernel modules needed to enable cpufreq scaling...
[[0;32m  OK  [0m] Started D-Bus System Message Bus.
[   16.986347] tda998x 0-0070: found TDA19988
[   17.078356] wkup_m3_ipc 44e11324.wkup_m3_ipc: IPC Request for A8->M3 Channel failed! -517
[   17.116985] musb-hdrc musb-hdrc.1: MUSB HDRC host driver
[   17.122650] musb-hdrc musb-hdrc.1: new USB bus registered, assigned bus number 1
[   17.186265] wkup_m3_ipc 44e11324.wkup_m3_ipc: IPC Request for A8->M3 Channel failed! -517
[   17.391387] usb usb1: New USB device found, idVendor=1d6b, idProduct=0002, bcdDevice= 6.12
[   17.400191] usb usb1: New USB device strings: Mfr=3, Product=2, SerialNumber=1
[   17.407574] usb usb1: Product: MUSB HDRC host driver
[   17.412641] usb usb1: Manufacturer: Linux 6.12.0-rc1-next-20241002 musb-hcd
[   17.419642] usb usb1: SerialNumber: musb-hdrc.1
[   17.455769] omap-mailbox 480c8000.mailbox: omap mailbox rev 0x400
[   17.587595] remoteproc remoteproc0: powering up wkup_m3
[   17.708129] remoteproc remoteproc0: Direct firmware load for am335x-pm-firmware.elf failed with error -2
[   17.717892] remoteproc remoteproc0: request_firmware failed: -2
[   17.723938] wkup_m3_ipc 44e11324.wkup_m3_ipc: rproc_boot failed
[   17.922153] hub 1-0:1.0: USB hub found
[   17.972574] hub 1-0:1.0: 1 port detected
[   19.352548] tilcdc 4830e000.lcdc: bound 0-0070 (ops tda998x_driver_exit [tda998x])
[   19.426057] omap_rng 48310000.rng: Random Number Generator ver. 20
[   19.461042] [drm] Initialized tilcdc 1.0.0 for 4830e000.lcdc on minor 0
[   19.544474] tilcdc 4830e000.lcdc: [drm] Cannot find any crtc or sizes
[   19.574528] tilcdc 4830e000.lcdc: [drm] Cannot find any crtc or sizes
         Starting Connection service...
         Starting Login Service...
         Starting Avahi mDNS/DNS-SD Stack...
         Starting Generic Board Startup...[   20.455329] PM: Cannot get wkup_m3_ipc handle

[   20.498026] omap-sham 53100000.sham: hw accel on OMAP rev 4.3
[   20.626314] omap-sham 53100000.sham: will run requests pump with realtime priority
[   20.635157] PM: Cannot get wkup_m3_ipc handle
[[0;32m  OK  [0m] Started Regular background program processing daemon.
         Starting Cape Manager Service...
[   20.834941] omap-aes 53500000.aes: OMAP AES hw accel rev: 3.2
         Starting Telephony service...
[   20.976080] omap-aes 53500000.aes: will run requests pump with realtime priority
[   20.987575] PM: Cannot get wkup_m3_ipc handle
         Starting DUN service...
         Starting System Logging Service...
         Starting LSB: Start busybox udhcpd at boot time...
[[0;32m  OK  [0m] Reached target System Time Synchronized.
[[0;32m  OK  [0m] Started Daily apt download activities.
[[0;32m  OK  [0m] Started Daily apt upgrade and clean activities.
[[0;32m  OK  [0m] Reached target Timers.
[[0;32m  OK  [0m] Started System Logging Service.
[   24.406807] Bluetooth: Core ver 2.22
[   24.410653] NET: Registered PF_BLUETOOTH protocol family
[   24.416188] Bluetooth: HCI device and connection manager initialized
[   24.422657] Bluetooth: HCI socket layer initialized
[   24.427573] Bluetooth: L2CAP socket layer initialized
[   24.432753] Bluetooth: SCO socket layer initialized
[[0;32m  OK  [0m] Started Cape Manager Service.
[   24.802365] PM: Cannot get wkup_m3_ipc handle
[   24.940326] PM: Cannot get wkup_m3_ipc handle
[[0;32m  OK  [0m] Started Raise network interfaces.
[[0;32m  OK  [0m] Started LSB: Start busybox udhcpd at boot time.
[[0;32m  OK  [0m] Started LSB: Load kernel modules needed to enable cpufreq scaling.
[   28.839588] configfs-gadget.g_multi gadget.0: HOST MAC 1c:ba:8c:a2:ed:6c
[   28.846605] configfs-gadget.g_multi gadget.0: MAC 1c:ba:8c:a2:ed:70
[   28.854301] configfs-gadget.g_multi gadget.0: HOST MAC 1c:ba:8c:a2:ed:6c
[   28.861065] configfs-gadget.g_multi gadget.0: MAC 1c:ba:8c:a2:ed:6d
[   28.869931] PM: Cannot get wkup_m3_ipc handle
[[0;32m  OK  [0m] Started DUN service.
[[0;32m  OK  [0m] Started Telephony service.
[[0;32m  OK  [0m] Started Avahi mDNS/DNS-SD Stack.
[[0;32m  OK  [0m] Started Connection service.
[[0;32m  OK  [0m] Started Login Service.
[[0;32m  OK  [0m] Reached target Sound Card.
         Starting LSB: set CPUFreq kernel parameters...
[[0;32m  OK  [0m] Reached target Network.
         Starting The Apache HTTP Server...
         Starting OpenBSD Secure Shell server...
         Starting Permit User Sessions...
[[0;32m  OK  [0m] Reached target Network is Online.
         Starting LSB: Advanced IEEE 802.11 management daemon...
[[0;32m  OK  [0m] Started LSB: Advanced IEEE 802.11 management daemon.
[[0;32m  OK  [0m] Started Permit User Sessions.
         Starting Hostname Service...
         Starting WPA supplicant...
[[0;32m  OK  [0m] Started Getty on tty1.
[[0;32m  OK  [0m] Started Serial Getty on ttyS0.
[[0;32m  OK  [0m] Reached target Login Prompts.
[[0;32m  OK  [0m] Started LSB: set CPUFreq kernel parameters.
[[0;32m  OK  [0m] Started WPA supplicant.
[[0;32m  OK  [0m] Started Hostname Service.
[[0;32m  OK  [0m] Started OpenBSD Secure Shell server.
         Stopping LSB: Start busybox udhcpd at boot time...
[[0;32m  OK  [0m] Stopped LSB: Start busybox udhcpd at boot time.
[[0;32m  OK  [0m] Started The Apache HTTP Server.
         Starting dnsmasq - A lightweight DHCP and caching DNS server...
[[0;32m  OK  [0m] Started dnsmasq - A lightweight DHCP and caching DNS server.
[[0;32m  OK  [0m] Reached target Host and Network Name Lookups.
[[0;32m  OK  [0m] Started Serial Getty on ttyGS0.
[[0;32m  OK  [0m] Started Generic Board Startup.
[[0;32m  OK  [0m] Reached target Multi-User System.
[[0;32m  OK  [0m] Reached target Graphical Interface.
         Starting Update UTMP about System Runlevel Changes...
[[0;32m  OK  [0m] Started Update UTMP about System Runlevel Changes.

Debian GNU/Linux 9 arm ttyS0

default username:password is [debian:temppwd]

arm login: root
Password: 
Last login: Sat Jan  1 00:00:28 UTC 2000 on ttyS0
root
Linux arm 6.12.0-rc1-next-20241002 #108 SMP Wed Oct  2 08:22:44 EEST 2024 armv7l

The programs included with the Debian GNU/Linux system are free software;
the exact distribution terms for each program are described in the
individual files in /usr/share/doc/*/copyright.

Debian GNU/Linux comes with ABSOLUTELY NO WARRANTY, to the extent
permitted by applicable law.
root@arm:~# root
dmesg -n 1
-bash: root: command not found
root@arm:~# dmesg -n 1
root@arm:~# echo 'LFHM''OQATZW'
LFHMOQATZW
root@arm:~# run() { echo -n "$MARKER"; sh -c "$@"; echo "$MARKER $?"; }
root@arm:~# echo 'XVYH''AWELMM'
XVYHAWELMM
root@arm:~# MARKER='KVYU''BUQXFL' run 'cat /proc/version'
KVYUBUQXFLLinux version 6.12.0-rc1-next-20241002 (user01@drvtest01) (arm-linux-gnueabihf-gcc (Linaro GCC 6.4-2017.11) 6.4.1 20171012, GNU ld (Linaro_Binutils-2017.11) 2.27.0.20161229) #108 SMP Wed Oct  2 08:22:44 EEST 2024
KVYUBUQXFL 0
root@arm:~# echo 'ZQWF''YBHKOW'
ZQWFYBHKOW
root@arm:~# MARKER='LOQV''BKOBGU' run false
LOQVBKOBGULOQVBKOBGU 1
root@arm:~# Labgrid Console Logfile for main
Logfile started at 2024-10-02 08:24:28.735845
=== Log starts here ===

root@arm:~# run() { echo -n "$MARKER"; sh -c "$@"; echo "$MARKER $?"; }
root@arm:~# echo 'SHOP''BWXZVJ'
SHOPBWXZVJ
root@arm:~# MARKER='QZCL''ALSVNJ' run dmesg
QZCLALSVNJ[    0.000000] Booting Linux on physical CPU 0x0
[    0.000000] Linux version 6.12.0-rc1-next-20241002 (user01@drvtest01) (arm-linux-gnueabihf-gcc (Linaro GCC 6.4-2017.11) 6.4.1 20171012, GNU ld (Linaro_Binutils-2017.11) 2.27.0.20161229) #108 SMP Wed Oct  2 08:22:44 EEST 2024
[    0.000000] CPU: ARMv7 Processor [413fc082] revision 2 (ARMv7), cr=10c5387d
[    0.000000] CPU: PIPT / VIPT nonaliasing data cache, VIPT aliasing instruction cache
[    0.000000] OF: fdt: Machine model: TI AM335x BeagleBone Black
[    0.000000] Memory policy: Data cache writeback
[    0.000000] cma: Reserved 16 MiB at 0x9e800000 on node -1
[    0.000000] Zone ranges:
[    0.000000]   Normal   [mem 0x0000000080000000-0x000000009fdfffff]
[    0.000000]   HighMem  empty
[    0.000000] Movable zone start for each node
[    0.000000] Early memory node ranges
[    0.000000]   node   0: [mem 0x0000000080000000-0x000000009fdfffff]
[    0.000000] Initmem setup node 0 [mem 0x0000000080000000-0x000000009fdfffff]
[    0.000000] CPU: All CPU(s) started in SVC mode.
[    0.000000] AM335X ES2.1 (sgx neon)
[    0.000000] percpu: Embedded 17 pages/cpu s40268 r8192 d21172 u69632
[    0.000000] pcpu-alloc: s40268 r8192 d21172 u69632 alloc=17*4096
[    0.000000] pcpu-alloc: [0] 0 
[    0.000000] Kernel command line: console=ttyO0,115200n8 root=/dev/nfs rw nfsroot=192.168.255.126:/home/user01/nfs,nfsvers=3 ip=192.168.255.1:192.168.255.126::255.255.255.0:bbb1:eth0 nfsrootdebug
[    0.000000] Unknown kernel command line parameters "nfsrootdebug", will be passed to user space.
[    0.000000] Dentry cache hash table entries: 65536 (order: 6, 262144 bytes, linear)
[    0.000000] Inode-cache hash table entries: 32768 (order: 5, 131072 bytes, linear)
[    0.000000] Built 1 zonelists, mobility grouping on.  Total pages: 130560
[    0.000000] mem auto-init: stack:off, heap alloc:off, heap free:off
[    0.000000] SLUB: HWalign=64, Order=0-3, MinObjects=0, CPUs=1, Nodes=1
[    0.000000] trace event string verifier disabled
[    0.000000] rcu: Hierarchical RCU implementation.
[    0.000000] rcu: 	RCU event tracing is enabled.
[    0.000000] rcu: 	RCU restricting CPUs from NR_CPUS=2 to nr_cpu_ids=1.
[    0.000000] rcu: RCU calculated value of scheduler-enlistment delay is 10 jiffies.
[    0.000000] rcu: Adjusting geometry for rcu_fanout_leaf=16, nr_cpu_ids=1
[    0.000000] NR_IRQS: 16, nr_irqs: 16, preallocated irqs: 16
[    0.000000] IRQ: Found an INTC at 0x(ptrval) (revision 5.0) with 128 interrupts
[    0.000000] rcu: srcu_init: Setting srcu_struct sizes based on contention.
[    0.000000] TI gptimer clocksource: always-on /ocp/interconnect@44c00000/segment@200000/target-module@31000
[    0.000003] sched_clock: 32 bits at 24MHz, resolution 41ns, wraps every 89478484971ns
[    0.000028] clocksource: dmtimer: mask: 0xffffffff max_cycles: 0xffffffff, max_idle_ns: 79635851949 ns
[    0.000502] TI gptimer clockevent: 24000000 Hz at /ocp/interconnect@48000000/segment@0/target-module@40000
[    0.002139] Console: colour dummy device 80x30
[    0.002206] WARNING: Your 'console=ttyO0' has been replaced by 'ttyS0'
[    0.002215] This ensures that you still see kernel messages. Please
[    0.002220] update your kernel commandline.
[    0.002263] Calibrating delay loop... 996.14 BogoMIPS (lpj=4980736)
[    0.090554] CPU: Testing write buffer coherency: ok
[    0.090671] CPU0: Spectre v2: using BPIALL workaround
[    0.090684] pid_max: default: 32768 minimum: 301
[    0.090810] LSM: initializing lsm=capability
[    0.090987] Mount-cache hash table entries: 1024 (order: 0, 4096 bytes, linear)
[    0.091007] Mountpoint-cache hash table entries: 1024 (order: 0, 4096 bytes, linear)
[    0.092654] CPU0: thread -1, cpu 0, socket -1, mpidr 0
[    0.160725] Setting up static identity map for 0x80100000 - 0x80100078
[    0.170707] rcu: Hierarchical SRCU implementation.
[    0.170721] rcu: 	Max phase no-delay instances is 1000.
[    0.190759] smp: Bringing up secondary CPUs ...
[    0.190817] smp: Brought up 1 node, 1 CPU
[    0.190832] SMP: Total of 1 processors activated (996.14 BogoMIPS).
[    0.190845] CPU: All CPU(s) started in SVC mode.
[    0.191034] Memory: 480860K/522240K available (11264K kernel code, 1215K rwdata, 2876K rodata, 1024K init, 299K bss, 23368K reserved, 16384K cma-reserved, 0K highmem)
[    0.191894] devtmpfs: initialized
[    0.208580] VFP support v0.3: implementor 41 architecture 3 part 30 variant c rev 3
[    0.208931] clocksource: jiffies: mask: 0xffffffff max_cycles: 0xffffffff, max_idle_ns: 19112604462750000 ns
[    0.208965] futex hash table entries: 256 (order: 2, 16384 bytes, linear)
[    0.210252] pinctrl core: initialized pinctrl subsystem
[    0.213283] NET: Registered PF_NETLINK/PF_ROUTE protocol family
[    0.216101] DMA: preallocated 256 KiB pool for atomic coherent allocations
[    0.217000] audit: initializing netlink subsys (disabled)
[    0.218439] thermal_sys: Registered thermal governor 'fair_share'
[    0.218452] thermal_sys: Registered thermal governor 'step_wise'
[    0.218462] thermal_sys: Registered thermal governor 'user_space'
[    0.218618] audit: type=2000 audit(0.210:1): state=initialized audit_enabled=0 res=1
[    0.218660] cpuidle: using governor menu
[    0.237526] No ATAGs?
[    0.237551] hw-breakpoint: debug architecture 0x4 unsupported.
[    0.240319] kprobes: kprobe jump-optimization is enabled. All kprobes are optimized if possible.
[    0.254145] iommu: Default domain type: Translated
[    0.254167] iommu: DMA domain TLB invalidation policy: strict mode
[    0.255834] reg-fixed-voltage fixedregulator0: using DT '/fixedregulator0' for '(default)' GPIO lookup
[    0.255888] of_get_named_gpiod_flags: can't parse 'gpios' property of node '/fixedregulator0[0]'
[    0.255918] of_get_named_gpiod_flags: can't parse 'gpio' property of node '/fixedregulator0[0]'
[    0.255937] reg-fixed-voltage fixedregulator0: using lookup tables for GPIO lookup
[    0.255948] reg-fixed-voltage fixedregulator0: No GPIO consumer (default) found
[    0.261845] SCSI subsystem initialized
[    0.262342] libata version 3.00 loaded.
[    0.262713] pps_core: LinuxPPS API ver. 1 registered
[    0.262724] pps_core: Software ver. 5.3.6 - Copyright 2005-2007 Rodolfo Giometti <giometti@linux.it>
[    0.262749] PTP clock support registered
[    0.270843] vgaarb: loaded
[    0.271245] clocksource: Switched to clocksource dmtimer
[    0.271907] VFS: Disk quotas dquot_6.6.0
[    0.271954] VFS: Dquot-cache hash table entries: 1024 (order 0, 4096 bytes)
[    0.296640] NET: Registered PF_INET protocol family
[    0.297003] IP idents hash table entries: 8192 (order: 4, 65536 bytes, linear)
[    0.298413] tcp_listen_portaddr_hash hash table entries: 512 (order: 0, 4096 bytes, linear)
[    0.298451] Table-perturb hash table entries: 65536 (order: 6, 262144 bytes, linear)
[    0.298469] TCP established hash table entries: 4096 (order: 2, 16384 bytes, linear)
[    0.298513] TCP bind hash table entries: 4096 (order: 4, 65536 bytes, linear)
[    0.298614] TCP: Hash tables configured (established 4096 bind 4096)
[    0.298734] UDP hash table entries: 256 (order: 1, 8192 bytes, linear)
[    0.298763] UDP-Lite hash table entries: 256 (order: 1, 8192 bytes, linear)
[    0.298943] NET: Registered PF_UNIX/PF_LOCAL protocol family
[    0.312394] RPC: Registered named UNIX socket transport module.
[    0.312416] RPC: Registered udp transport module.
[    0.312422] RPC: Registered tcp transport module.
[    0.312427] RPC: Registered tcp-with-tls transport module.
[    0.312433] RPC: Registered tcp NFSv4.1 backchannel transport module.
[    0.312458] PCI: CLS 0 bytes, default 64
[    0.313942] Initialise system trusted keyrings
[    0.314520] workingset: timestamp_bits=14 max_order=17 bucket_order=3
[    0.315944] NFS: Registering the id_resolver key type
[    0.316024] Key type id_resolver registered
[    0.316032] Key type id_legacy registered
[    0.316079] jffs2: version 2.2. (NAND) (SUMMARY)  Â© 2001-2006 Red Hat, Inc.
[    0.316487] Key type asymmetric registered
[    0.316502] Asymmetric key parser 'x509' registered
[    0.316571] io scheduler mq-deadline registered
[    0.316582] io scheduler kyber registered
[    0.316651] io scheduler bfq registered
[    0.318701] ledtrig-cpu: registered to indicate activity on CPUs
[    0.331467] Serial: 8250/16550 driver, 6 ports, IRQ sharing enabled
[    0.365697] brd: module loaded
[    0.392365] loop: module loaded
[    0.393308] mtdoops: mtd device (mtddev=name/number) must be supplied
[    0.395045] mdio_bus fixed-0: using lookup tables for GPIO lookup
[    0.395072] mdio_bus fixed-0: No GPIO consumer reset found
[    0.396466] i2c_dev: i2c /dev entries driver
[    0.397468] cpuidle: enable-method property 'ti,am3352' found operations
[    0.397910] sdhci: Secure Digital Host Controller Interface driver
[    0.397921] sdhci: Copyright(c) Pierre Ossman
[    0.398096] sdhci-pltfm: SDHCI platform and OF driver helper
[    0.399136] Initializing XFRM netlink socket
[    0.399274] NET: Registered PF_INET6 protocol family
[    0.401388] Segment Routing with IPv6
[    0.401486] In-situ OAM (IOAM) with IPv6
[    0.401588] sit: IPv6, IPv4 and MPLS over IPv4 tunneling driver
[    0.402550] NET: Registered PF_PACKET protocol family
[    0.402588] NET: Registered PF_KEY protocol family
[    0.402723] Key type dns_resolver registered
[    0.403010] ThumbEE CPU extension supported.
[    0.403031] Registering SWP/SWPB emulation handler
[    0.403560] omap_voltage_late_init: Voltage driver support not added
[    0.403920] SmartReflex Class3 initialized
[    0.455009] Loading compiled-in X.509 certificates
[    0.492569] gpiochip_find_base_unlocked: found new base at 512
[    0.520373] platform 44e10800.pinmux: Fixed dependency cycle(s) with /ocp/interconnect@44c00000/segment@200000/target-module@10000/scm@0/pinmux@800/clkout2-pins
[    0.520928] pinctrl-single 44e10800.pinmux: 142 pins, size 568
[    0.526320] ti-sysc 44e31000.target-module: probe with driver ti-sysc failed with error -16
[    0.540431] ti-sysc 48040000.target-module: probe with driver ti-sysc failed with error -16
[    0.551657] gpiochip_find_base_unlocked: found new base at 512
[    0.551760] gpio gpiochip0: (gpio-0-31): created GPIO range 0->7 ==> 44e10800.pinmux PIN 0->7
[    0.551780] gpio gpiochip0: (gpio-0-31): created GPIO range 8->11 ==> 44e10800.pinmux PIN 90->93
[    0.551795] gpio gpiochip0: (gpio-0-31): created GPIO range 12->27 ==> 44e10800.pinmux PIN 12->27
[    0.551811] gpio gpiochip0: (gpio-0-31): created GPIO range 28->31 ==> 44e10800.pinmux PIN 30->33
[    0.603660] gpio gpiochip0: (gpio-0-31): added GPIO chardev (254:0)
[    0.603835] gpio gpiochip0: registered GPIOs 512 to 543 on gpio-0-31
[    0.603920] OMAP GPIO hardware version 0.1
[    0.616750] i2c i2c-2: using DT '/ocp/interconnect@48000000/segment@100000/target-module@9c000/i2c@0' for 'scl' GPIO lookup
[    0.616824] of_get_named_gpiod_flags: can't parse 'scl-gpios' property of node '/ocp/interconnect@48000000/segment@100000/target-module@9c000/i2c@0[0]'
[    0.616869] of_get_named_gpiod_flags: can't parse 'scl-gpio' property of node '/ocp/interconnect@48000000/segment@100000/target-module@9c000/i2c@0[0]'
[    0.616907] i2c i2c-2: using lookup tables for GPIO lookup
[    0.616917] i2c i2c-2: No GPIO consumer scl found
[    0.616939] i2c i2c-2: using DT '/ocp/interconnect@48000000/segment@100000/target-module@9c000/i2c@0' for 'sda' GPIO lookup
[    0.616976] of_get_named_gpiod_flags: can't parse 'sda-gpios' property of node '/ocp/interconnect@48000000/segment@100000/target-module@9c000/i2c@0[0]'
[    0.617014] of_get_named_gpiod_flags: can't parse 'sda-gpio' property of node '/ocp/interconnect@48000000/segment@100000/target-module@9c000/i2c@0[0]'
[    0.617047] i2c i2c-2: using lookup tables for GPIO lookup
[    0.617055] i2c i2c-2: No GPIO consumer sda found
[    0.617791] omap_i2c 4819c000.i2c: bus 2 rev0.11 at 100 kHz
[    0.623406] gpiochip_find_base_unlocked: found new base at 544
[    0.623498] gpio gpiochip1: (gpio-32-63): created GPIO range 0->17 ==> 44e10800.pinmux PIN 34->51
[    0.623519] gpio gpiochip1: (gpio-32-63): created GPIO range 18->21 ==> 44e10800.pinmux PIN 77->80
[    0.623535] gpio gpiochip1: (gpio-32-63): created GPIO range 22->31 ==> 44e10800.pinmux PIN 56->65
[    0.639010] gpio gpiochip1: (gpio-32-63): added GPIO chardev (254:1)
[    0.639182] gpio gpiochip1: registered GPIOs 544 to 575 on gpio-32-63
[    0.641625] gpiochip_find_base_unlocked: found new base at 576
[    0.641727] gpio gpiochip2: (gpio-64-95): created GPIO range 0->4 ==> 44e10800.pinmux PIN 66->70
[    0.641746] gpio gpiochip2: (gpio-64-95): created GPIO range 5->6 ==> 44e10800.pinmux PIN 98->99
[    0.641761] gpio gpiochip2: (gpio-64-95): created GPIO range 7->8 ==> 44e10800.pinmux PIN 75->76
[    0.641776] gpio gpiochip2: (gpio-64-95): created GPIO range 13->13 ==> 44e10800.pinmux PIN 141->141
[    0.641792] gpio gpiochip2: (gpio-64-95): created GPIO range 14->21 ==> 44e10800.pinmux PIN 100->107
[    0.652501] gpio gpiochip2: (gpio-64-95): added GPIO chardev (254:2)
[    0.652641] gpio gpiochip2: registered GPIOs 576 to 607 on gpio-64-95
[    0.658102] 48000000.interconnect:segment@200000:target-module@0:mpu@0:fck: device ID is greater than 24
[    0.662479] platform 4830e000.lcdc: Fixed dependency cycle(s) with /ocp/interconnect@44c00000/segment@200000/target-module@b000/i2c@0/tda19988@70
[    0.671787] mdio_bus 4a101000.mdio: using DT '/ocp/interconnect@4a000000/segment@0/target-module@100000/switch@0/mdio@1000' for 'reset' GPIO lookup
[    0.671862] of_get_named_gpiod_flags: can't parse 'reset-gpios' property of node '/ocp/interconnect@4a000000/segment@0/target-module@100000/switch@0/mdio@1000[0]'
[    0.671912] of_get_named_gpiod_flags: can't parse 'reset-gpio' property of node '/ocp/interconnect@4a000000/segment@0/target-module@100000/switch@0/mdio@1000[0]'
[    0.671961] mdio_bus 4a101000.mdio: using lookup tables for GPIO lookup
[    0.671971] mdio_bus 4a101000.mdio: No GPIO consumer reset found
[    0.672881] sdhci-omap 481d8000.mmc: using DT '/ocp/interconnect@48000000/segment@100000/target-module@d8000/mmc@0' for 'wp' GPIO lookup
[    0.672944] of_get_named_gpiod_flags: can't parse 'wp-gpios' property of node '/ocp/interconnect@48000000/segment@100000/target-module@d8000/mmc@0[0]'
[    0.672988] of_get_named_gpiod_flags: can't parse 'wp-gpio' property of node '/ocp/interconnect@48000000/segment@100000/target-module@d8000/mmc@0[0]'
[    0.673023] sdhci-omap 481d8000.mmc: using lookup tables for GPIO lookup
[    0.673033] sdhci-omap 481d8000.mmc: No GPIO consumer wp found
[    0.673228] sdhci-omap 481d8000.mmc: supply pbias not found, using dummy regulator
[    0.673748] sdhci-omap 481d8000.mmc: supply vqmmc not found, using dummy regulator
[    0.735316] davinci_mdio 4a101000.mdio: davinci mdio revision 1.6, bus freq 1000000
[    0.752747] mdio_bus 4a101000.mdio:00: using DT '/ocp/interconnect@4a000000/segment@0/target-module@100000/switch@0/mdio@1000/ethernet-phy@0' for 'reset' GPIO lookup
[    0.752850] of_get_named_gpiod_flags: parsed 'reset-gpios' property of node '/ocp/interconnect@4a000000/segment@0/target-module@100000/switch@0/mdio@1000/ethernet-phy@0[0]' - status (0)
[    0.753018] gpio gpiochip0: Persistence not supported for GPIO 8
[    0.850697] davinci_mdio 4a101000.mdio: phy[0]: device 4a101000.mdio:00, driver SMSC LAN8710/LAN8720
[    0.851638] cpsw-switch 4a100000.switch: initialized cpsw ale version 1.4
[    0.851665] cpsw-switch 4a100000.switch: ALE Table size 1024, Policers 0
[    0.868926] cpsw-switch 4a100000.switch: cpts: overflow check period 500 (jiffies)
[    0.868954] cpsw-switch 4a100000.switch: CPTS: ref_clk_freq:250000000 calc_mult:2147483648 calc_shift:29 error:0 nsec/sec
[    0.869063] cpsw-switch 4a100000.switch: Detected MACID = 6c:ec:eb:68:de:78
[    0.870904] cpsw-switch 4a100000.switch: initialized (regs 0x4a100000, pool size 256) hw_ver:0019010C 1.12 (0)
[    0.882160] debugfs: Directory '49000000.dma' with parent 'dmaengine' already present!
[    0.882201] edma 49000000.dma: TI EDMA DMA engine driver
[    0.919146] target-module@4b000000:target-module@140000:pmu@0:fck: device ID is greater than 24
[    0.934096] hw perfevents: enabled with armv7_cortex_a8 PMU driver, 5 (8000000f) counters available
[    0.934986] gpio-clk clk_mcasp0: using DT '/clk_mcasp0' for 'enable' GPIO lookup
[    0.935052] of_get_named_gpiod_flags: parsed 'enable-gpios' property of node '/clk_mcasp0[0]' - status (0)
[    0.935097] gpio gpiochip0: Persistence not supported for GPIO 27
[    0.935884] gpiochip_find_base_unlocked: found new base at 608
[    0.936017] gpio gpiochip3: (gpio-96-127): created GPIO range 0->7 ==> 44e10800.pinmux PIN 82->89
[    0.936038] gpio gpiochip3: (gpio-96-127): created GPIO range 8->11 ==> 44e10800.pinmux PIN 52->55
[    0.936053] gpio gpiochip3: (gpio-96-127): created GPIO range 12->15 ==> 44e10800.pinmux PIN 94->97
[    0.936068] gpio gpiochip3: (gpio-96-127): created GPIO range 16->17 ==> 44e10800.pinmux PIN 71->72
[    0.936084] gpio gpiochip3: (gpio-96-127): created GPIO range 18->18 ==> 44e10800.pinmux PIN 135->135
[    0.936101] gpio gpiochip3: (gpio-96-127): created GPIO range 19->20 ==> 44e10800.pinmux PIN 108->109
[    0.936117] gpio gpiochip3: (gpio-96-127): created GPIO range 21->21 ==> 44e10800.pinmux PIN 73->73
[    0.936134] gpio gpiochip3: (gpio-96-127): created GPIO range 22->23 ==> 44e10800.pinmux PIN 8->9
[    0.936151] gpio gpiochip3: (gpio-96-127): created GPIO range 26->27 ==> 44e10800.pinmux PIN 10->11
[    0.936168] gpio gpiochip3: (gpio-96-127): created GPIO range 28->28 ==> 44e10800.pinmux PIN 74->74
[    0.936186] gpio gpiochip3: (gpio-96-127): created GPIO range 29->29 ==> 44e10800.pinmux PIN 81->81
[    0.936205] gpio gpiochip3: (gpio-96-127): created GPIO range 30->31 ==> 44e10800.pinmux PIN 28->29
[    0.941745] l3-aon-clkctrl:0000:0: failed to disable
[    0.942305] gpio gpiochip3: (gpio-96-127): added GPIO chardev (254:3)
[    0.942451] gpio gpiochip3: registered GPIOs 608 to 639 on gpio-96-127
[    0.954338] omap8250 44e09000.serial: using DT '/ocp/interconnect@44c00000/segment@200000/target-module@9000/serial@0' for 'rs485-term' GPIO lookup
[    0.954414] of_get_named_gpiod_flags: can't parse 'rs485-term-gpios' property of node '/ocp/interconnect@44c00000/segment@200000/target-module@9000/serial@0[0]'
[    0.954459] of_get_named_gpiod_flags: can't parse 'rs485-term-gpio' property of node '/ocp/interconnect@44c00000/segment@200000/target-module@9000/serial@0[0]'
[    0.954497] omap8250 44e09000.serial: using lookup tables for GPIO lookup
[    0.954507] omap8250 44e09000.serial: No GPIO consumer rs485-term found
[    0.954518] omap8250 44e09000.serial: using DT '/ocp/interconnect@44c00000/segment@200000/target-module@9000/serial@0' for 'rs485-rx-during-tx' GPIO lookup
[    0.954556] of_get_named_gpiod_flags: can't parse 'rs485-rx-during-tx-gpios' property of node '/ocp/interconnect@44c00000/segment@200000/target-module@9000/serial@0[0]'
[    0.954595] of_get_named_gpiod_flags: can't parse 'rs485-rx-during-tx-gpio' property of node '/ocp/interconnect@44c00000/segment@200000/target-module@9000/serial@0[0]'
[    0.954629] omap8250 44e09000.serial: using lookup tables for GPIO lookup
[    0.954638] omap8250 44e09000.serial: No GPIO consumer rs485-rx-during-tx found
[    0.955038] 44e09000.serial: ttyS0 at MMIO 0x44e09000 (irq = 34, base_baud = 3000000) is a 8250
[    0.955127] printk: legacy console [ttyS0] enabled
[    2.255609] i2c i2c-0: using DT '/ocp/interconnect@44c00000/segment@200000/target-module@b000/i2c@0' for 'scl' GPIO lookup
[    2.255698] of_get_named_gpiod_flags: can't parse 'scl-gpios' property of node '/ocp/interconnect@44c00000/segment@200000/target-module@b000/i2c@0[0]'
[    2.255748] of_get_named_gpiod_flags: can't parse 'scl-gpio' property of node '/ocp/interconnect@44c00000/segment@200000/target-module@b000/i2c@0[0]'
[    2.255791] i2c i2c-0: using lookup tables for GPIO lookup
[    2.255804] i2c i2c-0: No GPIO consumer scl found
[    2.255830] i2c i2c-0: using DT '/ocp/interconnect@44c00000/segment@200000/target-module@b000/i2c@0' for 'sda' GPIO lookup
[    2.255872] of_get_named_gpiod_flags: can't parse 'sda-gpios' property of node '/ocp/interconnect@44c00000/segment@200000/target-module@b000/i2c@0[0]'
[    2.255915] of_get_named_gpiod_flags: can't parse 'sda-gpio' property of node '/ocp/interconnect@44c00000/segment@200000/target-module@b000/i2c@0[0]'
[    2.255953] i2c i2c-0: using lookup tables for GPIO lookup
[    2.255964] i2c i2c-0: No GPIO consumer sda found
[    2.272268] tps65217-pmic: Failed to locate of_node [id: -1]
[    2.278343] tps65217-bl: Failed to locate of_node [id: -1]
[    2.289856] tps65217 0-0024: TPS65217 ID 0xe version 1.2
[    2.295989] platform 4830e000.lcdc: Fixed dependency cycle(s) with /ocp/interconnect@44c00000/segment@200000/target-module@b000/i2c@0/tda19988@70
[    2.309416] i2c 0-0070: Fixed dependency cycle(s) with /ocp/interconnect@48000000/segment@300000/target-module@e000/lcdc@0
[    2.320842] omap_i2c 44e0b000.i2c: bus 0 rev0.11 at 400 kHz
[    2.328508] sdhci-omap 48060000.mmc: using DT '/ocp/interconnect@48000000/segment@0/target-module@60000/mmc@0' for 'cd' GPIO lookup
[    2.328615] of_get_named_gpiod_flags: parsed 'cd-gpios' property of node '/ocp/interconnect@48000000/segment@0/target-module@60000/mmc@0[0]' - status (0)
[    2.328685] gpio gpiochip3: Persistence not supported for GPIO 6
[    2.328711] omap_gpio 44e07000.gpio: Could not set line 6 debounce to 200000 microseconds (-22)
[    2.337598] sdhci-omap 48060000.mmc: Got CD GPIO
[    2.342286] sdhci-omap 48060000.mmc: using DT '/ocp/interconnect@48000000/segment@0/target-module@60000/mmc@0' for 'wp' GPIO lookup
[    2.342339] of_get_named_gpiod_flags: can't parse 'wp-gpios' property of node '/ocp/interconnect@48000000/segment@0/target-module@60000/mmc@0[0]'
[    2.342386] of_get_named_gpiod_flags: can't parse 'wp-gpio' property of node '/ocp/interconnect@48000000/segment@0/target-module@60000/mmc@0[0]'
[    2.342428] sdhci-omap 48060000.mmc: using lookup tables for GPIO lookup
[    2.342442] sdhci-omap 48060000.mmc: No GPIO consumer wp found
[    2.342656] sdhci-omap 48060000.mmc: supply pbias not found, using dummy regulator
[    2.351439] sdhci-omap 481d8000.mmc: using DT '/ocp/interconnect@48000000/segment@100000/target-module@d8000/mmc@0' for 'wp' GPIO lookup
[    2.351516] of_get_named_gpiod_flags: can't parse 'wp-gpios' property of node '/ocp/interconnect@48000000/segment@100000/target-module@d8000/mmc@0[0]'
[    2.351566] of_get_named_gpiod_flags: can't parse 'wp-gpio' property of node '/ocp/interconnect@48000000/segment@100000/target-module@d8000/mmc@0[0]'
[    2.351607] sdhci-omap 481d8000.mmc: using lookup tables for GPIO lookup
[    2.351621] sdhci-omap 481d8000.mmc: No GPIO consumer wp found
[    2.353027] sdhci-omap 48060000.mmc: supply vqmmc not found, using dummy regulator
[    2.362065] sdhci-omap 481d8000.mmc: supply pbias not found, using dummy regulator
[    2.370067] sdhci-omap 481d8000.mmc: supply vqmmc not found, using dummy regulator
[    2.408946] mmc1: SDHCI controller on 481d8000.mmc [481d8000.mmc] using External DMA
[    2.418162] mmc0: SDHCI controller on 48060000.mmc [48060000.mmc] using External DMA
[    2.427013] cpsw-switch 4a100000.switch: starting ndev. mode: dual_mac
[    2.470466] mmc0: new high speed SDHC card at address 5048
[    2.477596] mmcblk0: mmc0:5048 SD16G 14.4 GiB
[    2.485757]  mmcblk0: p1 p2
[    2.489165] mmcblk0: p2 size 31221760 extends beyond EOD, truncated
[    2.502498] SMSC LAN8710/LAN8720 4a101000.mdio:00: attached PHY driver (mii_bus:phy_addr=4a101000.mdio:00, irq=POLL)
[    2.515228] mmc1: new high speed MMC card at address 0001
[    2.526265] mmcblk1: mmc1:0001 MMC04G 3.60 GiB
[    2.533720]  mmcblk1: p1 p2
[    2.537966] mmcblk1boot0: mmc1:0001 MMC04G 2.00 MiB
[    2.545366] mmcblk1boot1: mmc1:0001 MMC04G 2.00 MiB
[    2.552733] mmcblk1rpmb: mmc1:0001 MMC04G 128 KiB, chardev (250:0)
[    5.682033] cpsw-switch 4a100000.switch eth0: Link is Up - 100Mbps/Full - flow control off
[    5.721494] IP-Config: Complete:
[    5.724772]      device=eth0, hwaddr=6c:ec:eb:68:de:78, ipaddr=192.168.255.1, mask=255.255.255.0, gw=255.255.255.255
[    5.735443]      host=bbb1, domain=, nis-domain=(none)
[    5.740615]      bootserver=192.168.255.126, rootserver=192.168.255.126, rootpath=
[    5.741053] clk: Disabling unused clocks
[    5.752903] PM: genpd: Disabling unused power domains
[    5.758021] KTAP version 1
[    5.760743] 1..0
[    5.794876] VFS: Mounted root (nfs filesystem) on device 0:17.
[    5.801874] devtmpfs: mounted
[    5.806655] Freeing unused kernel image (initmem) memory: 1024K
[    5.813445] Run /sbin/init as init process
[    5.817578]   with arguments:
[    5.817591]     /sbin/init
[    5.817602]     nfsrootdebug
[    5.817611]   with environment:
[    5.817620]     HOME=/
[    5.817629]     TERM=linux
[    6.529067] systemd[1]: System time before build time, advancing clock.
[    7.991270] random: crng init done
[    8.033980] systemd[1]: systemd 232 running in system mode. (+PAM +AUDIT +SELINUX +IMA +APPARMOR +SMACK +SYSVINIT +UTMP +LIBCRYPTSETUP +GCRYPT +GNUTLS +ACL +XZ +LZ4 +SECCOMP +BLKID +ELFUTILS +KMOD +IDN)
[    8.053060] systemd[1]: Detected architecture arm.
[    8.084555] systemd[1]: Set hostname to <arm>.
[    9.208159] systemd[1]: Listening on udev Control Socket.
[    9.231967] systemd[1]: Listening on udev Kernel Socket.
[    9.261635] systemd[1]: Reached target Swap.
[    9.283402] systemd[1]: Listening on Journal Socket.
[    9.313253] systemd[1]: Listening on /dev/initctl Compatibility Named Pipe.
[    9.342866] systemd[1]: Created slice User and Session Slice.
[    9.372053] systemd[1]: Listening on Syslog Socket.
[   11.628968] systemd-journald[85]: Received request to flush runtime journal from PID 1
[   14.271485] leds-gpio leds: using DT '/leds/led2' for '(default)' GPIO lookup
[   14.271600] of_get_named_gpiod_flags: parsed 'gpios' property of node '/leds/led2[0]' - status (0)
[   14.271663] gpio gpiochip0: Persistence not supported for GPIO 21
[   14.271680] gpio-533 (?): no flags found for GPIO (default)
[   14.330536] leds-gpio leds: using DT '/leds/led3' for '(default)' GPIO lookup
[   14.330639] of_get_named_gpiod_flags: parsed 'gpios' property of node '/leds/led3[0]' - status (0)
[   14.330696] gpio gpiochip0: Persistence not supported for GPIO 22
[   14.330711] gpio-534 (?): no flags found for GPIO (default)
[   14.365046] leds-gpio leds: using DT '/leds/led4' for '(default)' GPIO lookup
[   14.365155] of_get_named_gpiod_flags: parsed 'gpios' property of node '/leds/led4[0]' - status (0)
[   14.365212] gpio gpiochip0: Persistence not supported for GPIO 23
[   14.365227] gpio-535 (?): no flags found for GPIO (default)
[   14.391779] leds-gpio leds: using DT '/leds/led5' for '(default)' GPIO lookup
[   14.391876] of_get_named_gpiod_flags: parsed 'gpios' property of node '/leds/led5[0]' - status (0)
[   14.391930] gpio gpiochip0: Persistence not supported for GPIO 24
[   14.391946] gpio-536 (?): no flags found for GPIO (default)
[   14.736400] remoteproc remoteproc0: wkup_m3 is available
[   14.888795] omap_rtc 44e3e000.rtc: registered as rtc0
[   14.894209] omap_rtc 44e3e000.rtc: setting system clock to 2000-01-01T00:00:00 UTC (946684800)
[   14.902991] omap_rtc 44e3e000.rtc: using DT '/ocp/interconnect@44c00000/segment@200000/target-module@3e000/rtc@0' for 'wp' GPIO lookup
[   14.903072] of_get_named_gpiod_flags: can't parse 'wp-gpios' property of node '/ocp/interconnect@44c00000/segment@200000/target-module@3e000/rtc@0[0]'
[   14.903129] of_get_named_gpiod_flags: can't parse 'wp-gpio' property of node '/ocp/interconnect@44c00000/segment@200000/target-module@3e000/rtc@0[0]'
[   14.903171] omap_rtc 44e3e000.rtc: using lookup tables for GPIO lookup
[   14.903187] omap_rtc 44e3e000.rtc: No GPIO consumer wp found
[   15.141644] omap_wdt: OMAP Watchdog Timer Rev 0x01: initial timeout 60 sec
[   15.155757] at24 2-0054: supply vcc not found, using dummy regulator
[   15.322202] at24 2-0055: supply vcc not found, using dummy regulator
[   15.434477] at24 2-0056: supply vcc not found, using dummy regulator
[   15.505879] am335x-phy-driver 47401300.usb-phy: using DT '/ocp/target-module@47400000/usb-phy@1300' for 'reset' GPIO lookup
[   15.505974] of_get_named_gpiod_flags: can't parse 'reset-gpios' property of node '/ocp/target-module@47400000/usb-phy@1300[0]'
[   15.506021] of_get_named_gpiod_flags: can't parse 'reset-gpio' property of node '/ocp/target-module@47400000/usb-phy@1300[0]'
[   15.506059] am335x-phy-driver 47401300.usb-phy: using lookup tables for GPIO lookup
[   15.506074] am335x-phy-driver 47401300.usb-phy: No GPIO consumer reset found
[   15.506090] am335x-phy-driver 47401300.usb-phy: using DT '/ocp/target-module@47400000/usb-phy@1300' for 'vbus-detect' GPIO lookup
[   15.506124] of_get_named_gpiod_flags: can't parse 'vbus-detect-gpios' property of node '/ocp/target-module@47400000/usb-phy@1300[0]'
[   15.506158] of_get_named_gpiod_flags: can't parse 'vbus-detect-gpio' property of node '/ocp/target-module@47400000/usb-phy@1300[0]'
[   15.506187] am335x-phy-driver 47401300.usb-phy: using lookup tables for GPIO lookup
[   15.506200] am335x-phy-driver 47401300.usb-phy: No GPIO consumer vbus-detect found
[   15.506348] am335x-phy-driver 47401300.usb-phy: dummy supplies not allowed for exclusive requests (id=vbus)
[   15.569076] at24 2-0057: supply vcc not found, using dummy regulator
[   15.672021] at24 0-0050: using DT '/ocp/interconnect@44c00000/segment@200000/target-module@b000/i2c@0/baseboard_eeprom@50' for 'wp' GPIO lookup
[   15.672137] of_get_named_gpiod_flags: can't parse 'wp-gpios' property of node '/ocp/interconnect@44c00000/segment@200000/target-module@b000/i2c@0/baseboard_eeprom@50[0]'
[   15.672201] of_get_named_gpiod_flags: can't parse 'wp-gpio' property of node '/ocp/interconnect@44c00000/segment@200000/target-module@b000/i2c@0/baseboard_eeprom@50[0]'
[   15.672250] at24 0-0050: using lookup tables for GPIO lookup
[   15.672265] at24 0-0050: No GPIO consumer wp found
[   15.672609] at24 0-0050: 32768 byte 24c256 EEPROM, writable, 1 bytes/write
[   15.682675] am335x-phy-driver 47401b00.usb-phy: using DT '/ocp/target-module@47400000/usb-phy@1b00' for 'reset' GPIO lookup
[   15.682769] of_get_named_gpiod_flags: can't parse 'reset-gpios' property of node '/ocp/target-module@47400000/usb-phy@1b00[0]'
[   15.682816] of_get_named_gpiod_flags: can't parse 'reset-gpio' property of node '/ocp/target-module@47400000/usb-phy@1b00[0]'
[   15.682855] am335x-phy-driver 47401b00.usb-phy: using lookup tables for GPIO lookup
[   15.682870] am335x-phy-driver 47401b00.usb-phy: No GPIO consumer reset found
[   15.682886] am335x-phy-driver 47401b00.usb-phy: using DT '/ocp/target-module@47400000/usb-phy@1b00' for 'vbus-detect' GPIO lookup
[   15.682919] of_get_named_gpiod_flags: can't parse 'vbus-detect-gpios' property of node '/ocp/target-module@47400000/usb-phy@1b00[0]'
[   15.682954] of_get_named_gpiod_flags: can't parse 'vbus-detect-gpio' property of node '/ocp/target-module@47400000/usb-phy@1b00[0]'
[   15.682982] am335x-phy-driver 47401b00.usb-phy: using lookup tables for GPIO lookup
[   15.682995] am335x-phy-driver 47401b00.usb-phy: No GPIO consumer vbus-detect found
[   15.683145] am335x-phy-driver 47401b00.usb-phy: dummy supplies not allowed for exclusive requests (id=vbus)
[   15.924505] tps6521x_pwrbutton tps65217-pwrbutton: DMA mask not set
[   15.990576] wkup_m3_ipc 44e11324.wkup_m3_ipc: IPC Request for A8->M3 Channel failed! -517
[   16.049127] input: tps65217_pwrbutton as /devices/platform/ocp/44c00000.interconnect/44c00000.interconnect:segment@200000/44e0b000.target-module/44e0b000.i2c/i2c-0/0-0024/tps65217-pwrbutton/input/input0
[   16.072164] wkup_m3_ipc 44e11324.wkup_m3_ipc: IPC Request for A8->M3 Channel failed! -517
[   16.588464] usbcore: registered new interface driver usbfs
[   16.594348] usbcore: registered new interface driver hub
[   16.599812] usbcore: registered new device driver usb
[   16.986347] tda998x 0-0070: found TDA19988
[   17.078356] wkup_m3_ipc 44e11324.wkup_m3_ipc: IPC Request for A8->M3 Channel failed! -517
[   17.116985] musb-hdrc musb-hdrc.1: MUSB HDRC host driver
[   17.122650] musb-hdrc musb-hdrc.1: new USB bus registered, assigned bus number 1
[   17.186265] wkup_m3_ipc 44e11324.wkup_m3_ipc: IPC Request for A8->M3 Channel failed! -517
[   17.391387] usb usb1: New USB device found, idVendor=1d6b, idProduct=0002, bcdDevice= 6.12
[   17.400191] usb usb1: New USB device strings: Mfr=3, Product=2, SerialNumber=1
[   17.407574] usb usb1: Product: MUSB HDRC host driver
[   17.412641] usb usb1: Manufacturer: Linux 6.12.0-rc1-next-20241002 musb-hcd
[   17.419642] usb usb1: SerialNumber: musb-hdrc.1
[   17.455769] omap-mailbox 480c8000.mailbox: omap mailbox rev 0x400
[   17.587595] remoteproc remoteproc0: powering up wkup_m3
[   17.708129] remoteproc remoteproc0: Direct firmware load for am335x-pm-firmware.elf failed with error -2
[   17.717892] remoteproc remoteproc0: request_firmware failed: -2
[   17.723938] wkup_m3_ipc 44e11324.wkup_m3_ipc: rproc_boot failed
[   17.922153] hub 1-0:1.0: USB hub found
[   17.972574] hub 1-0:1.0: 1 port detected
[   19.352548] tilcdc 4830e000.lcdc: bound 0-0070 (ops tda998x_driver_exit [tda998x])
[   19.426057] omap_rng 48310000.rng: Random Number Generator ver. 20
[   19.461042] [drm] Initialized tilcdc 1.0.0 for 4830e000.lcdc on minor 0
[   19.544474] tilcdc 4830e000.lcdc: [drm] Cannot find any crtc or sizes
[   19.574528] tilcdc 4830e000.lcdc: [drm] Cannot find any crtc or sizes
[   20.455329] PM: Cannot get wkup_m3_ipc handle
[   20.498026] omap-sham 53100000.sham: hw accel on OMAP rev 4.3
[   20.626314] omap-sham 53100000.sham: will run requests pump with realtime priority
[   20.635157] PM: Cannot get wkup_m3_ipc handle
[   20.834941] omap-aes 53500000.aes: OMAP AES hw accel rev: 3.2
[   20.976080] omap-aes 53500000.aes: will run requests pump with realtime priority
[   20.987575] PM: Cannot get wkup_m3_ipc handle
[   24.406807] Bluetooth: Core ver 2.22
[   24.410653] NET: Registered PF_BLUETOOTH protocol family
[   24.416188] Bluetooth: HCI device and connection manager initialized
[   24.422657] Bluetooth: HCI socket layer initialized
[   24.427573] Bluetooth: L2CAP socket layer initialized
[   24.432753] Bluetooth: SCO socket layer initialized
[   24.802365] PM: Cannot get wkup_m3_ipc handle
[   24.808341] asoc-simple-card sound: using DT '/sound' for 'simple-audio-card,hp-det' GPIO lookup
[   24.808416] of_get_named_gpiod_flags: can't parse 'simple-audio-card,hp-det-gpios' property of node '/sound[0]'
[   24.808454] of_get_named_gpiod_flags: can't parse 'simple-audio-card,hp-det-gpio' property of node '/sound[0]'
[   24.808480] asoc-simple-card sound: using lookup tables for GPIO lookup
[   24.808494] asoc-simple-card sound: No GPIO consumer simple-audio-card,hp-det found
[   24.808509] asoc-simple-card sound: using DT '/sound' for 'simple-audio-card,mic-det' GPIO lookup
[   24.808535] of_get_named_gpiod_flags: can't parse 'simple-audio-card,mic-det-gpios' property of node '/sound[0]'
[   24.808562] of_get_named_gpiod_flags: can't parse 'simple-audio-card,mic-det-gpio' property of node '/sound[0]'
[   24.808583] asoc-simple-card sound: using lookup tables for GPIO lookup
[   24.808595] asoc-simple-card sound: No GPIO consumer simple-audio-card,mic-det found
[   24.940326] PM: Cannot get wkup_m3_ipc handle
[   28.577758] userial_init: registered 8 ttyGS* devices
[   28.775645] rndis_register: configNr = 0
[   28.838342] udc musb-hdrc.0: binding gadget driver [g_multi]
[   28.838435] configfs-gadget.g_multi gadget.0: adding 'rndis'/ce2afd06 to config 'c'/39fe906b
[   28.839588] configfs-gadget.g_multi gadget.0: HOST MAC 1c:ba:8c:a2:ed:6c
[   28.846605] configfs-gadget.g_multi gadget.0: MAC 1c:ba:8c:a2:ed:70
[   28.853270] rndis_set_param_medium: 0 0
[   28.853300] configfs-gadget.g_multi gadget.0: RNDIS: IN/ep1in OUT/ep1out NOTIFY/ep2in
[   28.853319] configfs-gadget.g_multi gadget.0: adding 'cdc_ethernet'/a0a3d46b to config 'c'/39fe906b
[   28.854301] configfs-gadget.g_multi gadget.0: HOST MAC 1c:ba:8c:a2:ed:6c
[   28.861065] configfs-gadget.g_multi gadget.0: MAC 1c:ba:8c:a2:ed:6d
[   28.867502] configfs-gadget.g_multi gadget.0: CDC Ethernet: IN/ep3in OUT/ep2out NOTIFY/ep4in
[   28.867524] configfs-gadget.g_multi gadget.0: adding 'acm'/8e86af5c to config 'c'/39fe906b
[   28.867572] configfs-gadget.g_multi gadget.0: acm ttyGS0: IN/ep5in OUT/ep3out NOTIFY/ep6in
[   28.869931] PM: Cannot get wkup_m3_ipc handle
[   31.230120] configfs-gadget.g_multi gadget.0: eth_open
[   35.056529] gs_open: ttyGS0 (c5a1f543,d75c6adc)
[   35.056691] gs_close: ttyGS0 (c5a1f543,d75c6adc) ...
[   35.056718] gs_close: ttyGS0 (c5a1f543,d75c6adc) done!
[   35.075143] gs_open: ttyGS0 (34c0c08b,d75c6adc)
[   35.075262] gs_close: ttyGS0 (34c0c08b,d75c6adc) ...
[   35.075285] gs_close: ttyGS0 (34c0c08b,d75c6adc) done!
[   35.258297] gs_open: ttyGS0 (40f3722f,850b776e)
[   35.258550] gs_close: ttyGS0 (40f3722f,850b776e) ...
[   35.258578] gs_close: ttyGS0 (40f3722f,850b776e) done!
[   35.261432] gs_open: ttyGS0 (40f3722f,b244e815)
QZCLALSVNJ 0
root@arm:~# echo 'ZJVX''VJXZAY'
ZJVXVJXZAY
root@arm:~# MARKER='CGFG''VZMUXK' run 'modprobe test_linear_ranges'
CGFGVZMUXKCGFGVZMUXK 0
root@arm:~# echo 'XXTN''ZLSLCX'
XXTNZLSLCX
root@arm:~# MARKER='WACX''XJPWSJ' run dmesg
WACXXJPWSJ[    0.000000] Booting Linux on physical CPU 0x0
[    0.000000] Linux version 6.12.0-rc1-next-20241002 (user01@drvtest01) (arm-linux-gnueabihf-gcc (Linaro GCC 6.4-2017.11) 6.4.1 20171012, GNU ld (Linaro_Binutils-2017.11) 2.27.0.20161229) #108 SMP Wed Oct  2 08:22:44 EEST 2024
[    0.000000] CPU: ARMv7 Processor [413fc082] revision 2 (ARMv7), cr=10c5387d
[    0.000000] CPU: PIPT / VIPT nonaliasing data cache, VIPT aliasing instruction cache
[    0.000000] OF: fdt: Machine model: TI AM335x BeagleBone Black
[    0.000000] Memory policy: Data cache writeback
[    0.000000] cma: Reserved 16 MiB at 0x9e800000 on node -1
[    0.000000] Zone ranges:
[    0.000000]   Normal   [mem 0x0000000080000000-0x000000009fdfffff]
[    0.000000]   HighMem  empty
[    0.000000] Movable zone start for each node
[    0.000000] Early memory node ranges
[    0.000000]   node   0: [mem 0x0000000080000000-0x000000009fdfffff]
[    0.000000] Initmem setup node 0 [mem 0x0000000080000000-0x000000009fdfffff]
[    0.000000] CPU: All CPU(s) started in SVC mode.
[    0.000000] AM335X ES2.1 (sgx neon)
[    0.000000] percpu: Embedded 17 pages/cpu s40268 r8192 d21172 u69632
[    0.000000] pcpu-alloc: s40268 r8192 d21172 u69632 alloc=17*4096
[    0.000000] pcpu-alloc: [0] 0 
[    0.000000] Kernel command line: console=ttyO0,115200n8 root=/dev/nfs rw nfsroot=192.168.255.126:/home/user01/nfs,nfsvers=3 ip=192.168.255.1:192.168.255.126::255.255.255.0:bbb1:eth0 nfsrootdebug
[    0.000000] Unknown kernel command line parameters "nfsrootdebug", will be passed to user space.
[    0.000000] Dentry cache hash table entries: 65536 (order: 6, 262144 bytes, linear)
[    0.000000] Inode-cache hash table entries: 32768 (order: 5, 131072 bytes, linear)
[    0.000000] Built 1 zonelists, mobility grouping on.  Total pages: 130560
[    0.000000] mem auto-init: stack:off, heap alloc:off, heap free:off
[    0.000000] SLUB: HWalign=64, Order=0-3, MinObjects=0, CPUs=1, Nodes=1
[    0.000000] trace event string verifier disabled
[    0.000000] rcu: Hierarchical RCU implementation.
[    0.000000] rcu: 	RCU event tracing is enabled.
[    0.000000] rcu: 	RCU restricting CPUs from NR_CPUS=2 to nr_cpu_ids=1.
[    0.000000] rcu: RCU calculated value of scheduler-enlistment delay is 10 jiffies.
[    0.000000] rcu: Adjusting geometry for rcu_fanout_leaf=16, nr_cpu_ids=1
[    0.000000] NR_IRQS: 16, nr_irqs: 16, preallocated irqs: 16
[    0.000000] IRQ: Found an INTC at 0x(ptrval) (revision 5.0) with 128 interrupts
[    0.000000] rcu: srcu_init: Setting srcu_struct sizes based on contention.
[    0.000000] TI gptimer clocksource: always-on /ocp/interconnect@44c00000/segment@200000/target-module@31000
[    0.000003] sched_clock: 32 bits at 24MHz, resolution 41ns, wraps every 89478484971ns
[    0.000028] clocksource: dmtimer: mask: 0xffffffff max_cycles: 0xffffffff, max_idle_ns: 79635851949 ns
[    0.000502] TI gptimer clockevent: 24000000 Hz at /ocp/interconnect@48000000/segment@0/target-module@40000
[    0.002139] Console: colour dummy device 80x30
[    0.002206] WARNING: Your 'console=ttyO0' has been replaced by 'ttyS0'
[    0.002215] This ensures that you still see kernel messages. Please
[    0.002220] update your kernel commandline.
[    0.002263] Calibrating delay loop... 996.14 BogoMIPS (lpj=4980736)
[    0.090554] CPU: Testing write buffer coherency: ok
[    0.090671] CPU0: Spectre v2: using BPIALL workaround
[    0.090684] pid_max: default: 32768 minimum: 301
[    0.090810] LSM: initializing lsm=capability
[    0.090987] Mount-cache hash table entries: 1024 (order: 0, 4096 bytes, linear)
[    0.091007] Mountpoint-cache hash table entries: 1024 (order: 0, 4096 bytes, linear)
[    0.092654] CPU0: thread -1, cpu 0, socket -1, mpidr 0
[    0.160725] Setting up static identity map for 0x80100000 - 0x80100078
[    0.170707] rcu: Hierarchical SRCU implementation.
[    0.170721] rcu: 	Max phase no-delay instances is 1000.
[    0.190759] smp: Bringing up secondary CPUs ...
[    0.190817] smp: Brought up 1 node, 1 CPU
[    0.190832] SMP: Total of 1 processors activated (996.14 BogoMIPS).
[    0.190845] CPU: All CPU(s) started in SVC mode.
[    0.191034] Memory: 480860K/522240K available (11264K kernel code, 1215K rwdata, 2876K rodata, 1024K init, 299K bss, 23368K reserved, 16384K cma-reserved, 0K highmem)
[    0.191894] devtmpfs: initialized
[    0.208580] VFP support v0.3: implementor 41 architecture 3 part 30 variant c rev 3
[    0.208931] clocksource: jiffies: mask: 0xffffffff max_cycles: 0xffffffff, max_idle_ns: 19112604462750000 ns
[    0.208965] futex hash table entries: 256 (order: 2, 16384 bytes, linear)
[    0.210252] pinctrl core: initialized pinctrl subsystem
[    0.213283] NET: Registered PF_NETLINK/PF_ROUTE protocol family
[    0.216101] DMA: preallocated 256 KiB pool for atomic coherent allocations
[    0.217000] audit: initializing netlink subsys (disabled)
[    0.218439] thermal_sys: Registered thermal governor 'fair_share'
[    0.218452] thermal_sys: Registered thermal governor 'step_wise'
[    0.218462] thermal_sys: Registered thermal governor 'user_space'
[    0.218618] audit: type=2000 audit(0.210:1): state=initialized audit_enabled=0 res=1
[    0.218660] cpuidle: using governor menu
[    0.237526] No ATAGs?
[    0.237551] hw-breakpoint: debug architecture 0x4 unsupported.
[    0.240319] kprobes: kprobe jump-optimization is enabled. All kprobes are optimized if possible.
[    0.254145] iommu: Default domain type: Translated
[    0.254167] iommu: DMA domain TLB invalidation policy: strict mode
[    0.255834] reg-fixed-voltage fixedregulator0: using DT '/fixedregulator0' for '(default)' GPIO lookup
[    0.255888] of_get_named_gpiod_flags: can't parse 'gpios' property of node '/fixedregulator0[0]'
[    0.255918] of_get_named_gpiod_flags: can't parse 'gpio' property of node '/fixedregulator0[0]'
[    0.255937] reg-fixed-voltage fixedregulator0: using lookup tables for GPIO lookup
[    0.255948] reg-fixed-voltage fixedregulator0: No GPIO consumer (default) found
[    0.261845] SCSI subsystem initialized
[    0.262342] libata version 3.00 loaded.
[    0.262713] pps_core: LinuxPPS API ver. 1 registered
[    0.262724] pps_core: Software ver. 5.3.6 - Copyright 2005-2007 Rodolfo Giometti <giometti@linux.it>
[    0.262749] PTP clock support registered
[    0.270843] vgaarb: loaded
[    0.271245] clocksource: Switched to clocksource dmtimer
[    0.271907] VFS: Disk quotas dquot_6.6.0
[    0.271954] VFS: Dquot-cache hash table entries: 1024 (order 0, 4096 bytes)
[    0.296640] NET: Registered PF_INET protocol family
[    0.297003] IP idents hash table entries: 8192 (order: 4, 65536 bytes, linear)
[    0.298413] tcp_listen_portaddr_hash hash table entries: 512 (order: 0, 4096 bytes, linear)
[    0.298451] Table-perturb hash table entries: 65536 (order: 6, 262144 bytes, linear)
[    0.298469] TCP established hash table entries: 4096 (order: 2, 16384 bytes, linear)
[    0.298513] TCP bind hash table entries: 4096 (order: 4, 65536 bytes, linear)
[    0.298614] TCP: Hash tables configured (established 4096 bind 4096)
[    0.298734] UDP hash table entries: 256 (order: 1, 8192 bytes, linear)
[    0.298763] UDP-Lite hash table entries: 256 (order: 1, 8192 bytes, linear)
[    0.298943] NET: Registered PF_UNIX/PF_LOCAL protocol family
[    0.312394] RPC: Registered named UNIX socket transport module.
[    0.312416] RPC: Registered udp transport module.
[    0.312422] RPC: Registered tcp transport module.
[    0.312427] RPC: Registered tcp-with-tls transport module.
[    0.312433] RPC: Registered tcp NFSv4.1 backchannel transport module.
[    0.312458] PCI: CLS 0 bytes, default 64
[    0.313942] Initialise system trusted keyrings
[    0.314520] workingset: timestamp_bits=14 max_order=17 bucket_order=3
[    0.315944] NFS: Registering the id_resolver key type
[    0.316024] Key type id_resolver registered
[    0.316032] Key type id_legacy registered
[    0.316079] jffs2: version 2.2. (NAND) (SUMMARY)  Â© 2001-2006 Red Hat, Inc.
[    0.316487] Key type asymmetric registered
[    0.316502] Asymmetric key parser 'x509' registered
[    0.316571] io scheduler mq-deadline registered
[    0.316582] io scheduler kyber registered
[    0.316651] io scheduler bfq registered
[    0.318701] ledtrig-cpu: registered to indicate activity on CPUs
[    0.331467] Serial: 8250/16550 driver, 6 ports, IRQ sharing enabled
[    0.365697] brd: module loaded
[    0.392365] loop: module loaded
[    0.393308] mtdoops: mtd device (mtddev=name/number) must be supplied
[    0.395045] mdio_bus fixed-0: using lookup tables for GPIO lookup
[    0.395072] mdio_bus fixed-0: No GPIO consumer reset found
[    0.396466] i2c_dev: i2c /dev entries driver
[    0.397468] cpuidle: enable-method property 'ti,am3352' found operations
[    0.397910] sdhci: Secure Digital Host Controller Interface driver
[    0.397921] sdhci: Copyright(c) Pierre Ossman
[    0.398096] sdhci-pltfm: SDHCI platform and OF driver helper
[    0.399136] Initializing XFRM netlink socket
[    0.399274] NET: Registered PF_INET6 protocol family
[    0.401388] Segment Routing with IPv6
[    0.401486] In-situ OAM (IOAM) with IPv6
[    0.401588] sit: IPv6, IPv4 and MPLS over IPv4 tunneling driver
[    0.402550] NET: Registered PF_PACKET protocol family
[    0.402588] NET: Registered PF_KEY protocol family
[    0.402723] Key type dns_resolver registered
[    0.403010] ThumbEE CPU extension supported.
[    0.403031] Registering SWP/SWPB emulation handler
[    0.403560] omap_voltage_late_init: Voltage driver support not added
[    0.403920] SmartReflex Class3 initialized
[    0.455009] Loading compiled-in X.509 certificates
[    0.492569] gpiochip_find_base_unlocked: found new base at 512
[    0.520373] platform 44e10800.pinmux: Fixed dependency cycle(s) with /ocp/interconnect@44c00000/segment@200000/target-module@10000/scm@0/pinmux@800/clkout2-pins
[    0.520928] pinctrl-single 44e10800.pinmux: 142 pins, size 568
[    0.526320] ti-sysc 44e31000.target-module: probe with driver ti-sysc failed with error -16
[    0.540431] ti-sysc 48040000.target-module: probe with driver ti-sysc failed with error -16
[    0.551657] gpiochip_find_base_unlocked: found new base at 512
[    0.551760] gpio gpiochip0: (gpio-0-31): created GPIO range 0->7 ==> 44e10800.pinmux PIN 0->7
[    0.551780] gpio gpiochip0: (gpio-0-31): created GPIO range 8->11 ==> 44e10800.pinmux PIN 90->93
[    0.551795] gpio gpiochip0: (gpio-0-31): created GPIO range 12->27 ==> 44e10800.pinmux PIN 12->27
[    0.551811] gpio gpiochip0: (gpio-0-31): created GPIO range 28->31 ==> 44e10800.pinmux PIN 30->33
[    0.603660] gpio gpiochip0: (gpio-0-31): added GPIO chardev (254:0)
[    0.603835] gpio gpiochip0: registered GPIOs 512 to 543 on gpio-0-31
[    0.603920] OMAP GPIO hardware version 0.1
[    0.616750] i2c i2c-2: using DT '/ocp/interconnect@48000000/segment@100000/target-module@9c000/i2c@0' for 'scl' GPIO lookup
[    0.616824] of_get_named_gpiod_flags: can't parse 'scl-gpios' property of node '/ocp/interconnect@48000000/segment@100000/target-module@9c000/i2c@0[0]'
[    0.616869] of_get_named_gpiod_flags: can't parse 'scl-gpio' property of node '/ocp/interconnect@48000000/segment@100000/target-module@9c000/i2c@0[0]'
[    0.616907] i2c i2c-2: using lookup tables for GPIO lookup
[    0.616917] i2c i2c-2: No GPIO consumer scl found
[    0.616939] i2c i2c-2: using DT '/ocp/interconnect@48000000/segment@100000/target-module@9c000/i2c@0' for 'sda' GPIO lookup
[    0.616976] of_get_named_gpiod_flags: can't parse 'sda-gpios' property of node '/ocp/interconnect@48000000/segment@100000/target-module@9c000/i2c@0[0]'
[    0.617014] of_get_named_gpiod_flags: can't parse 'sda-gpio' property of node '/ocp/interconnect@48000000/segment@100000/target-module@9c000/i2c@0[0]'
[    0.617047] i2c i2c-2: using lookup tables for GPIO lookup
[    0.617055] i2c i2c-2: No GPIO consumer sda found
[    0.617791] omap_i2c 4819c000.i2c: bus 2 rev0.11 at 100 kHz
[    0.623406] gpiochip_find_base_unlocked: found new base at 544
[    0.623498] gpio gpiochip1: (gpio-32-63): created GPIO range 0->17 ==> 44e10800.pinmux PIN 34->51
[    0.623519] gpio gpiochip1: (gpio-32-63): created GPIO range 18->21 ==> 44e10800.pinmux PIN 77->80
[    0.623535] gpio gpiochip1: (gpio-32-63): created GPIO range 22->31 ==> 44e10800.pinmux PIN 56->65
[    0.639010] gpio gpiochip1: (gpio-32-63): added GPIO chardev (254:1)
[    0.639182] gpio gpiochip1: registered GPIOs 544 to 575 on gpio-32-63
[    0.641625] gpiochip_find_base_unlocked: found new base at 576
[    0.641727] gpio gpiochip2: (gpio-64-95): created GPIO range 0->4 ==> 44e10800.pinmux PIN 66->70
[    0.641746] gpio gpiochip2: (gpio-64-95): created GPIO range 5->6 ==> 44e10800.pinmux PIN 98->99
[    0.641761] gpio gpiochip2: (gpio-64-95): created GPIO range 7->8 ==> 44e10800.pinmux PIN 75->76
[    0.641776] gpio gpiochip2: (gpio-64-95): created GPIO range 13->13 ==> 44e10800.pinmux PIN 141->141
[    0.641792] gpio gpiochip2: (gpio-64-95): created GPIO range 14->21 ==> 44e10800.pinmux PIN 100->107
[    0.652501] gpio gpiochip2: (gpio-64-95): added GPIO chardev (254:2)
[    0.652641] gpio gpiochip2: registered GPIOs 576 to 607 on gpio-64-95
[    0.658102] 48000000.interconnect:segment@200000:target-module@0:mpu@0:fck: device ID is greater than 24
[    0.662479] platform 4830e000.lcdc: Fixed dependency cycle(s) with /ocp/interconnect@44c00000/segment@200000/target-module@b000/i2c@0/tda19988@70
[    0.671787] mdio_bus 4a101000.mdio: using DT '/ocp/interconnect@4a000000/segment@0/target-module@100000/switch@0/mdio@1000' for 'reset' GPIO lookup
[    0.671862] of_get_named_gpiod_flags: can't parse 'reset-gpios' property of node '/ocp/interconnect@4a000000/segment@0/target-module@100000/switch@0/mdio@1000[0]'
[    0.671912] of_get_named_gpiod_flags: can't parse 'reset-gpio' property of node '/ocp/interconnect@4a000000/segment@0/target-module@100000/switch@0/mdio@1000[0]'
[    0.671961] mdio_bus 4a101000.mdio: using lookup tables for GPIO lookup
[    0.671971] mdio_bus 4a101000.mdio: No GPIO consumer reset found
[    0.672881] sdhci-omap 481d8000.mmc: using DT '/ocp/interconnect@48000000/segment@100000/target-module@d8000/mmc@0' for 'wp' GPIO lookup
[    0.672944] of_get_named_gpiod_flags: can't parse 'wp-gpios' property of node '/ocp/interconnect@48000000/segment@100000/target-module@d8000/mmc@0[0]'
[    0.672988] of_get_named_gpiod_flags: can't parse 'wp-gpio' property of node '/ocp/interconnect@48000000/segment@100000/target-module@d8000/mmc@0[0]'
[    0.673023] sdhci-omap 481d8000.mmc: using lookup tables for GPIO lookup
[    0.673033] sdhci-omap 481d8000.mmc: No GPIO consumer wp found
[    0.673228] sdhci-omap 481d8000.mmc: supply pbias not found, using dummy regulator
[    0.673748] sdhci-omap 481d8000.mmc: supply vqmmc not found, using dummy regulator
[    0.735316] davinci_mdio 4a101000.mdio: davinci mdio revision 1.6, bus freq 1000000
[    0.752747] mdio_bus 4a101000.mdio:00: using DT '/ocp/interconnect@4a000000/segment@0/target-module@100000/switch@0/mdio@1000/ethernet-phy@0' for 'reset' GPIO lookup
[    0.752850] of_get_named_gpiod_flags: parsed 'reset-gpios' property of node '/ocp/interconnect@4a000000/segment@0/target-module@100000/switch@0/mdio@1000/ethernet-phy@0[0]' - status (0)
[    0.753018] gpio gpiochip0: Persistence not supported for GPIO 8
[    0.850697] davinci_mdio 4a101000.mdio: phy[0]: device 4a101000.mdio:00, driver SMSC LAN8710/LAN8720
[    0.851638] cpsw-switch 4a100000.switch: initialized cpsw ale version 1.4
[    0.851665] cpsw-switch 4a100000.switch: ALE Table size 1024, Policers 0
[    0.868926] cpsw-switch 4a100000.switch: cpts: overflow check period 500 (jiffies)
[    0.868954] cpsw-switch 4a100000.switch: CPTS: ref_clk_freq:250000000 calc_mult:2147483648 calc_shift:29 error:0 nsec/sec
[    0.869063] cpsw-switch 4a100000.switch: Detected MACID = 6c:ec:eb:68:de:78
[    0.870904] cpsw-switch 4a100000.switch: initialized (regs 0x4a100000, pool size 256) hw_ver:0019010C 1.12 (0)
[    0.882160] debugfs: Directory '49000000.dma' with parent 'dmaengine' already present!
[    0.882201] edma 49000000.dma: TI EDMA DMA engine driver
[    0.919146] target-module@4b000000:target-module@140000:pmu@0:fck: device ID is greater than 24
[    0.934096] hw perfevents: enabled with armv7_cortex_a8 PMU driver, 5 (8000000f) counters available
[    0.934986] gpio-clk clk_mcasp0: using DT '/clk_mcasp0' for 'enable' GPIO lookup
[    0.935052] of_get_named_gpiod_flags: parsed 'enable-gpios' property of node '/clk_mcasp0[0]' - status (0)
[    0.935097] gpio gpiochip0: Persistence not supported for GPIO 27
[    0.935884] gpiochip_find_base_unlocked: found new base at 608
[    0.936017] gpio gpiochip3: (gpio-96-127): created GPIO range 0->7 ==> 44e10800.pinmux PIN 82->89
[    0.936038] gpio gpiochip3: (gpio-96-127): created GPIO range 8->11 ==> 44e10800.pinmux PIN 52->55
[    0.936053] gpio gpiochip3: (gpio-96-127): created GPIO range 12->15 ==> 44e10800.pinmux PIN 94->97
[    0.936068] gpio gpiochip3: (gpio-96-127): created GPIO range 16->17 ==> 44e10800.pinmux PIN 71->72
[    0.936084] gpio gpiochip3: (gpio-96-127): created GPIO range 18->18 ==> 44e10800.pinmux PIN 135->135
[    0.936101] gpio gpiochip3: (gpio-96-127): created GPIO range 19->20 ==> 44e10800.pinmux PIN 108->109
[    0.936117] gpio gpiochip3: (gpio-96-127): created GPIO range 21->21 ==> 44e10800.pinmux PIN 73->73
[    0.936134] gpio gpiochip3: (gpio-96-127): created GPIO range 22->23 ==> 44e10800.pinmux PIN 8->9
[    0.936151] gpio gpiochip3: (gpio-96-127): created GPIO range 26->27 ==> 44e10800.pinmux PIN 10->11
[    0.936168] gpio gpiochip3: (gpio-96-127): created GPIO range 28->28 ==> 44e10800.pinmux PIN 74->74
[    0.936186] gpio gpiochip3: (gpio-96-127): created GPIO range 29->29 ==> 44e10800.pinmux PIN 81->81
[    0.936205] gpio gpiochip3: (gpio-96-127): created GPIO range 30->31 ==> 44e10800.pinmux PIN 28->29
[    0.941745] l3-aon-clkctrl:0000:0: failed to disable
[    0.942305] gpio gpiochip3: (gpio-96-127): added GPIO chardev (254:3)
[    0.942451] gpio gpiochip3: registered GPIOs 608 to 639 on gpio-96-127
[    0.954338] omap8250 44e09000.serial: using DT '/ocp/interconnect@44c00000/segment@200000/target-module@9000/serial@0' for 'rs485-term' GPIO lookup
[    0.954414] of_get_named_gpiod_flags: can't parse 'rs485-term-gpios' property of node '/ocp/interconnect@44c00000/segment@200000/target-module@9000/serial@0[0]'
[    0.954459] of_get_named_gpiod_flags: can't parse 'rs485-term-gpio' property of node '/ocp/interconnect@44c00000/segment@200000/target-module@9000/serial@0[0]'
[    0.954497] omap8250 44e09000.serial: using lookup tables for GPIO lookup
[    0.954507] omap8250 44e09000.serial: No GPIO consumer rs485-term found
[    0.954518] omap8250 44e09000.serial: using DT '/ocp/interconnect@44c00000/segment@200000/target-module@9000/serial@0' for 'rs485-rx-during-tx' GPIO lookup
[    0.954556] of_get_named_gpiod_flags: can't parse 'rs485-rx-during-tx-gpios' property of node '/ocp/interconnect@44c00000/segment@200000/target-module@9000/serial@0[0]'
[    0.954595] of_get_named_gpiod_flags: can't parse 'rs485-rx-during-tx-gpio' property of node '/ocp/interconnect@44c00000/segment@200000/target-module@9000/serial@0[0]'
[    0.954629] omap8250 44e09000.serial: using lookup tables for GPIO lookup
[    0.954638] omap8250 44e09000.serial: No GPIO consumer rs485-rx-during-tx found
[    0.955038] 44e09000.serial: ttyS0 at MMIO 0x44e09000 (irq = 34, base_baud = 3000000) is a 8250
[    0.955127] printk: legacy console [ttyS0] enabled
[    2.255609] i2c i2c-0: using DT '/ocp/interconnect@44c00000/segment@200000/target-module@b000/i2c@0' for 'scl' GPIO lookup
[    2.255698] of_get_named_gpiod_flags: can't parse 'scl-gpios' property of node '/ocp/interconnect@44c00000/segment@200000/target-module@b000/i2c@0[0]'
[    2.255748] of_get_named_gpiod_flags: can't parse 'scl-gpio' property of node '/ocp/interconnect@44c00000/segment@200000/target-module@b000/i2c@0[0]'
[    2.255791] i2c i2c-0: using lookup tables for GPIO lookup
[    2.255804] i2c i2c-0: No GPIO consumer scl found
[    2.255830] i2c i2c-0: using DT '/ocp/interconnect@44c00000/segment@200000/target-module@b000/i2c@0' for 'sda' GPIO lookup
[    2.255872] of_get_named_gpiod_flags: can't parse 'sda-gpios' property of node '/ocp/interconnect@44c00000/segment@200000/target-module@b000/i2c@0[0]'
[    2.255915] of_get_named_gpiod_flags: can't parse 'sda-gpio' property of node '/ocp/interconnect@44c00000/segment@200000/target-module@b000/i2c@0[0]'
[    2.255953] i2c i2c-0: using lookup tables for GPIO lookup
[    2.255964] i2c i2c-0: No GPIO consumer sda found
[    2.272268] tps65217-pmic: Failed to locate of_node [id: -1]
[    2.278343] tps65217-bl: Failed to locate of_node [id: -1]
[    2.289856] tps65217 0-0024: TPS65217 ID 0xe version 1.2
[    2.295989] platform 4830e000.lcdc: Fixed dependency cycle(s) with /ocp/interconnect@44c00000/segment@200000/target-module@b000/i2c@0/tda19988@70
[    2.309416] i2c 0-0070: Fixed dependency cycle(s) with /ocp/interconnect@48000000/segment@300000/target-module@e000/lcdc@0
[    2.320842] omap_i2c 44e0b000.i2c: bus 0 rev0.11 at 400 kHz
[    2.328508] sdhci-omap 48060000.mmc: using DT '/ocp/interconnect@48000000/segment@0/target-module@60000/mmc@0' for 'cd' GPIO lookup
[    2.328615] of_get_named_gpiod_flags: parsed 'cd-gpios' property of node '/ocp/interconnect@48000000/segment@0/target-module@60000/mmc@0[0]' - status (0)
[    2.328685] gpio gpiochip3: Persistence not supported for GPIO 6
[    2.328711] omap_gpio 44e07000.gpio: Could not set line 6 debounce to 200000 microseconds (-22)
[    2.337598] sdhci-omap 48060000.mmc: Got CD GPIO
[    2.342286] sdhci-omap 48060000.mmc: using DT '/ocp/interconnect@48000000/segment@0/target-module@60000/mmc@0' for 'wp' GPIO lookup
[    2.342339] of_get_named_gpiod_flags: can't parse 'wp-gpios' property of node '/ocp/interconnect@48000000/segment@0/target-module@60000/mmc@0[0]'
[    2.342386] of_get_named_gpiod_flags: can't parse 'wp-gpio' property of node '/ocp/interconnect@48000000/segment@0/target-module@60000/mmc@0[0]'
[    2.342428] sdhci-omap 48060000.mmc: using lookup tables for GPIO lookup
[    2.342442] sdhci-omap 48060000.mmc: No GPIO consumer wp found
[    2.342656] sdhci-omap 48060000.mmc: supply pbias not found, using dummy regulator
[    2.351439] sdhci-omap 481d8000.mmc: using DT '/ocp/interconnect@48000000/segment@100000/target-module@d8000/mmc@0' for 'wp' GPIO lookup
[    2.351516] of_get_named_gpiod_flags: can't parse 'wp-gpios' property of node '/ocp/interconnect@48000000/segment@100000/target-module@d8000/mmc@0[0]'
[    2.351566] of_get_named_gpiod_flags: can't parse 'wp-gpio' property of node '/ocp/interconnect@48000000/segment@100000/target-module@d8000/mmc@0[0]'
[    2.351607] sdhci-omap 481d8000.mmc: using lookup tables for GPIO lookup
[    2.351621] sdhci-omap 481d8000.mmc: No GPIO consumer wp found
[    2.353027] sdhci-omap 48060000.mmc: supply vqmmc not found, using dummy regulator
[    2.362065] sdhci-omap 481d8000.mmc: supply pbias not found, using dummy regulator
[    2.370067] sdhci-omap 481d8000.mmc: supply vqmmc not found, using dummy regulator
[    2.408946] mmc1: SDHCI controller on 481d8000.mmc [481d8000.mmc] using External DMA
[    2.418162] mmc0: SDHCI controller on 48060000.mmc [48060000.mmc] using External DMA
[    2.427013] cpsw-switch 4a100000.switch: starting ndev. mode: dual_mac
[    2.470466] mmc0: new high speed SDHC card at address 5048
[    2.477596] mmcblk0: mmc0:5048 SD16G 14.4 GiB
[    2.485757]  mmcblk0: p1 p2
[    2.489165] mmcblk0: p2 size 31221760 extends beyond EOD, truncated
[    2.502498] SMSC LAN8710/LAN8720 4a101000.mdio:00: attached PHY driver (mii_bus:phy_addr=4a101000.mdio:00, irq=POLL)
[    2.515228] mmc1: new high speed MMC card at address 0001
[    2.526265] mmcblk1: mmc1:0001 MMC04G 3.60 GiB
[    2.533720]  mmcblk1: p1 p2
[    2.537966] mmcblk1boot0: mmc1:0001 MMC04G 2.00 MiB
[    2.545366] mmcblk1boot1: mmc1:0001 MMC04G 2.00 MiB
[    2.552733] mmcblk1rpmb: mmc1:0001 MMC04G 128 KiB, chardev (250:0)
[    5.682033] cpsw-switch 4a100000.switch eth0: Link is Up - 100Mbps/Full - flow control off
[    5.721494] IP-Config: Complete:
[    5.724772]      device=eth0, hwaddr=6c:ec:eb:68:de:78, ipaddr=192.168.255.1, mask=255.255.255.0, gw=255.255.255.255
[    5.735443]      host=bbb1, domain=, nis-domain=(none)
[    5.740615]      bootserver=192.168.255.126, rootserver=192.168.255.126, rootpath=
[    5.741053] clk: Disabling unused clocks
[    5.752903] PM: genpd: Disabling unused power domains
[    5.758021] KTAP version 1
[    5.760743] 1..0
[    5.794876] VFS: Mounted root (nfs filesystem) on device 0:17.
[    5.801874] devtmpfs: mounted
[    5.806655] Freeing unused kernel image (initmem) memory: 1024K
[    5.813445] Run /sbin/init as init process
[    5.817578]   with arguments:
[    5.817591]     /sbin/init
[    5.817602]     nfsrootdebug
[    5.817611]   with environment:
[    5.817620]     HOME=/
[    5.817629]     TERM=linux
[    6.529067] systemd[1]: System time before build time, advancing clock.
[    7.991270] random: crng init done
[    8.033980] systemd[1]: systemd 232 running in system mode. (+PAM +AUDIT +SELINUX +IMA +APPARMOR +SMACK +SYSVINIT +UTMP +LIBCRYPTSETUP +GCRYPT +GNUTLS +ACL +XZ +LZ4 +SECCOMP +BLKID +ELFUTILS +KMOD +IDN)
[    8.053060] systemd[1]: Detected architecture arm.
[    8.084555] systemd[1]: Set hostname to <arm>.
[    9.208159] systemd[1]: Listening on udev Control Socket.
[    9.231967] systemd[1]: Listening on udev Kernel Socket.
[    9.261635] systemd[1]: Reached target Swap.
[    9.283402] systemd[1]: Listening on Journal Socket.
[    9.313253] systemd[1]: Listening on /dev/initctl Compatibility Named Pipe.
[    9.342866] systemd[1]: Created slice User and Session Slice.
[    9.372053] systemd[1]: Listening on Syslog Socket.
[   11.628968] systemd-journald[85]: Received request to flush runtime journal from PID 1
[   14.271485] leds-gpio leds: using DT '/leds/led2' for '(default)' GPIO lookup
[   14.271600] of_get_named_gpiod_flags: parsed 'gpios' property of node '/leds/led2[0]' - status (0)
[   14.271663] gpio gpiochip0: Persistence not supported for GPIO 21
[   14.271680] gpio-533 (?): no flags found for GPIO (default)
[   14.330536] leds-gpio leds: using DT '/leds/led3' for '(default)' GPIO lookup
[   14.330639] of_get_named_gpiod_flags: parsed 'gpios' property of node '/leds/led3[0]' - status (0)
[   14.330696] gpio gpiochip0: Persistence not supported for GPIO 22
[   14.330711] gpio-534 (?): no flags found for GPIO (default)
[   14.365046] leds-gpio leds: using DT '/leds/led4' for '(default)' GPIO lookup
[   14.365155] of_get_named_gpiod_flags: parsed 'gpios' property of node '/leds/led4[0]' - status (0)
[   14.365212] gpio gpiochip0: Persistence not supported for GPIO 23
[   14.365227] gpio-535 (?): no flags found for GPIO (default)
[   14.391779] leds-gpio leds: using DT '/leds/led5' for '(default)' GPIO lookup
[   14.391876] of_get_named_gpiod_flags: parsed 'gpios' property of node '/leds/led5[0]' - status (0)
[   14.391930] gpio gpiochip0: Persistence not supported for GPIO 24
[   14.391946] gpio-536 (?): no flags found for GPIO (default)
[   14.736400] remoteproc remoteproc0: wkup_m3 is available
[   14.888795] omap_rtc 44e3e000.rtc: registered as rtc0
[   14.894209] omap_rtc 44e3e000.rtc: setting system clock to 2000-01-01T00:00:00 UTC (946684800)
[   14.902991] omap_rtc 44e3e000.rtc: using DT '/ocp/interconnect@44c00000/segment@200000/target-module@3e000/rtc@0' for 'wp' GPIO lookup
[   14.903072] of_get_named_gpiod_flags: can't parse 'wp-gpios' property of node '/ocp/interconnect@44c00000/segment@200000/target-module@3e000/rtc@0[0]'
[   14.903129] of_get_named_gpiod_flags: can't parse 'wp-gpio' property of node '/ocp/interconnect@44c00000/segment@200000/target-module@3e000/rtc@0[0]'
[   14.903171] omap_rtc 44e3e000.rtc: using lookup tables for GPIO lookup
[   14.903187] omap_rtc 44e3e000.rtc: No GPIO consumer wp found
[   15.141644] omap_wdt: OMAP Watchdog Timer Rev 0x01: initial timeout 60 sec
[   15.155757] at24 2-0054: supply vcc not found, using dummy regulator
[   15.322202] at24 2-0055: supply vcc not found, using dummy regulator
[   15.434477] at24 2-0056: supply vcc not found, using dummy regulator
[   15.505879] am335x-phy-driver 47401300.usb-phy: using DT '/ocp/target-module@47400000/usb-phy@1300' for 'reset' GPIO lookup
[   15.505974] of_get_named_gpiod_flags: can't parse 'reset-gpios' property of node '/ocp/target-module@47400000/usb-phy@1300[0]'
[   15.506021] of_get_named_gpiod_flags: can't parse 'reset-gpio' property of node '/ocp/target-module@47400000/usb-phy@1300[0]'
[   15.506059] am335x-phy-driver 47401300.usb-phy: using lookup tables for GPIO lookup
[   15.506074] am335x-phy-driver 47401300.usb-phy: No GPIO consumer reset found
[   15.506090] am335x-phy-driver 47401300.usb-phy: using DT '/ocp/target-module@47400000/usb-phy@1300' for 'vbus-detect' GPIO lookup
[   15.506124] of_get_named_gpiod_flags: can't parse 'vbus-detect-gpios' property of node '/ocp/target-module@47400000/usb-phy@1300[0]'
[   15.506158] of_get_named_gpiod_flags: can't parse 'vbus-detect-gpio' property of node '/ocp/target-module@47400000/usb-phy@1300[0]'
[   15.506187] am335x-phy-driver 47401300.usb-phy: using lookup tables for GPIO lookup
[   15.506200] am335x-phy-driver 47401300.usb-phy: No GPIO consumer vbus-detect found
[   15.506348] am335x-phy-driver 47401300.usb-phy: dummy supplies not allowed for exclusive requests (id=vbus)
[   15.569076] at24 2-0057: supply vcc not found, using dummy regulator
[   15.672021] at24 0-0050: using DT '/ocp/interconnect@44c00000/segment@200000/target-module@b000/i2c@0/baseboard_eeprom@50' for 'wp' GPIO lookup
[   15.672137] of_get_named_gpiod_flags: can't parse 'wp-gpios' property of node '/ocp/interconnect@44c00000/segment@200000/target-module@b000/i2c@0/baseboard_eeprom@50[0]'
[   15.672201] of_get_named_gpiod_flags: can't parse 'wp-gpio' property of node '/ocp/interconnect@44c00000/segment@200000/target-module@b000/i2c@0/baseboard_eeprom@50[0]'
[   15.672250] at24 0-0050: using lookup tables for GPIO lookup
[   15.672265] at24 0-0050: No GPIO consumer wp found
[   15.672609] at24 0-0050: 32768 byte 24c256 EEPROM, writable, 1 bytes/write
[   15.682675] am335x-phy-driver 47401b00.usb-phy: using DT '/ocp/target-module@47400000/usb-phy@1b00' for 'reset' GPIO lookup
[   15.682769] of_get_named_gpiod_flags: can't parse 'reset-gpios' property of node '/ocp/target-module@47400000/usb-phy@1b00[0]'
[   15.682816] of_get_named_gpiod_flags: can't parse 'reset-gpio' property of node '/ocp/target-module@47400000/usb-phy@1b00[0]'
[   15.682855] am335x-phy-driver 47401b00.usb-phy: using lookup tables for GPIO lookup
[   15.682870] am335x-phy-driver 47401b00.usb-phy: No GPIO consumer reset found
[   15.682886] am335x-phy-driver 47401b00.usb-phy: using DT '/ocp/target-module@47400000/usb-phy@1b00' for 'vbus-detect' GPIO lookup
[   15.682919] of_get_named_gpiod_flags: can't parse 'vbus-detect-gpios' property of node '/ocp/target-module@47400000/usb-phy@1b00[0]'
[   15.682954] of_get_named_gpiod_flags: can't parse 'vbus-detect-gpio' property of node '/ocp/target-module@47400000/usb-phy@1b00[0]'
[   15.682982] am335x-phy-driver 47401b00.usb-phy: using lookup tables for GPIO lookup
[   15.682995] am335x-phy-driver 47401b00.usb-phy: No GPIO consumer vbus-detect found
[   15.683145] am335x-phy-driver 47401b00.usb-phy: dummy supplies not allowed for exclusive requests (id=vbus)
[   15.924505] tps6521x_pwrbutton tps65217-pwrbutton: DMA mask not set
[   15.990576] wkup_m3_ipc 44e11324.wkup_m3_ipc: IPC Request for A8->M3 Channel failed! -517
[   16.049127] input: tps65217_pwrbutton as /devices/platform/ocp/44c00000.interconnect/44c00000.interconnect:segment@200000/44e0b000.target-module/44e0b000.i2c/i2c-0/0-0024/tps65217-pwrbutton/input/input0
[   16.072164] wkup_m3_ipc 44e11324.wkup_m3_ipc: IPC Request for A8->M3 Channel failed! -517
[   16.588464] usbcore: registered new interface driver usbfs
[   16.594348] usbcore: registered new interface driver hub
[   16.599812] usbcore: registered new device driver usb
[   16.986347] tda998x 0-0070: found TDA19988
[   17.078356] wkup_m3_ipc 44e11324.wkup_m3_ipc: IPC Request for A8->M3 Channel failed! -517
[   17.116985] musb-hdrc musb-hdrc.1: MUSB HDRC host driver
[   17.122650] musb-hdrc musb-hdrc.1: new USB bus registered, assigned bus number 1
[   17.186265] wkup_m3_ipc 44e11324.wkup_m3_ipc: IPC Request for A8->M3 Channel failed! -517
[   17.391387] usb usb1: New USB device found, idVendor=1d6b, idProduct=0002, bcdDevice= 6.12
[   17.400191] usb usb1: New USB device strings: Mfr=3, Product=2, SerialNumber=1
[   17.407574] usb usb1: Product: MUSB HDRC host driver
