Labgrid Console Logfile for main
Logfile started at 2024-09-25 12:41:49.565652
=== Log starts here ===


U-Boot 2014.04-00014-g47880f5 (Apr 22 2014 - 13:23:54)

I2C:   ready
DRAM:  512 MiB
NAND:  0 MiB
MMC:   OMAP SD/MMC: 0, OMAP SD/MMC: 1
*** Warning - readenv() failed, using default environment

Net:   <ethaddr> not set. Validating first E-fuse MAC
cpsw, usb_ether
Hit any key to stop autoboot:  1  0 
gpio: pin 53 (gpio 53) value is 1
mmc0 is current device
gpio: pin 54 (gpio 54) value is 1
SD/MMC found on device 0
reading uEnv.txt
569 bytes read in 4 ms (138.7 KiB/s)
gpio: pin 55 (gpio 55) value is 1
Loaded environment from uEnv.txt
Importing environment from mmc ...
Checking if uenvcmd is set ...
gpio: pin 56 (gpio 56) value is 1
Running uenvcmd ...
cpsw Waiting for PHY auto negotiation to complete. done
link up on port 0, speed 100, full duplex
Using cpsw device
TFTP from server 192.168.255.126; our IP address is 192.168.255.1
Filename 'zImage'.
Load address: 0x81000000
Loading: *#################################################################
	 #################################################################
	 #################################################################
	 #################################################################
	 #################################################################
	 ###############################################
	 2.4 MiB/s
done
Bytes transferred = 5448464 (532310 hex)
link up on port 0, speed 100, full duplex
Using cpsw device
TFTP from server 192.168.255.126; our IP address is 192.168.255.1
Filename 'am335x-boneblack.dtb'.
Load address: 0x82000000
Loading: *#######
	 2.2 MiB/s
done
Bytes transferred = 97996 (17ecc hex)
Kernel image @ 0x81000000 [ 0x000000 - 0x532310 ]
## Flattened Device Tree blob at 82000000
   Booting using the fdt blob at 0x82000000
   Using Device Tree in place at 82000000, end 8201aecb

Starting kernel ...

[    0.000000] Booting Linux on physical CPU 0x0
[    0.000000] Linux version 6.11.0-g73ea23d406f1 (user01@drvtest01) (arm-linux-gnueabihf-gcc (Linaro GCC 6.4-2017.11) 6.4.1 20171012, GNU ld (Linaro_Binutils-2017.11) 2.27.0.20161229) #17 SMP Wed Sep 25 12:36:14 EEST 2024
[    0.000000] CPU: ARMv7 Processor [413fc082] revision 2 (ARMv7), cr=10c5387d
[    0.000000] CPU: PIPT / VIPT nonaliasing data cache, VIPT aliasing instruction cache
[    0.000000] OF: fdt: Machine model: TI AM335x BeagleBone Black
[    0.000000] Memory policy: Data cache writeback
[    0.000000] cma: Reserved 16 MiB at 0x9e800000 on node -1
[    0.000000] Zone ranges:
[    0.000000]   Normal   [mem 0x0000000080000000-0x000000009fdfffff]
[    0.000000]   HighMem  empty
[    0.000000] Movable zone start for each node
[    0.000000] Early memory node ranges
[    0.000000]   node   0: [mem 0x0000000080000000-0x000000009fdfffff]
[    0.000000] Initmem setup node 0 [mem 0x0000000080000000-0x000000009fdfffff]
[    0.000000] CPU: All CPU(s) started in SVC mode.
[    0.000000] AM335X ES2.1 (sgx neon)
[    0.000000] percpu: Embedded 17 pages/cpu s39628 r8192 d21812 u69632
[    0.000000] Kernel command line: console=ttyO0,115200n8 root=/dev/nfs rw nfsroot=192.168.255.126:/home/user01/nfs,nfsvers=3 ip=192.168.255.1:192.168.255.126::255.255.255.0:bbb1:eth0 nfsrootdebug
[    0.000000] Unknown kernel command line parameters "nfsrootdebug", will be passed to user space.
[    0.000000] Dentry cache hash table entries: 65536 (order: 6, 262144 bytes, linear)
[    0.000000] Inode-cache hash table entries: 32768 (order: 5, 131072 bytes, linear)
[    0.000000] Built 1 zonelists, mobility grouping on.  Total pages: 130560
[    0.000000] mem auto-init: stack:off, heap alloc:off, heap free:off
[    0.000000] SLUB: HWalign=64, Order=0-3, MinObjects=0, CPUs=1, Nodes=1
[    0.000000] trace event string verifier disabled
[    0.000000] rcu: Hierarchical RCU implementation.
[    0.000000] rcu: 	RCU event tracing is enabled.
[    0.000000] rcu: 	RCU restricting CPUs from NR_CPUS=2 to nr_cpu_ids=1.
[    0.000000] rcu: RCU calculated value of scheduler-enlistment delay is 10 jiffies.
[    0.000000] rcu: Adjusting geometry for rcu_fanout_leaf=16, nr_cpu_ids=1
[    0.000000] NR_IRQS: 16, nr_irqs: 16, preallocated irqs: 16
[    0.000000] IRQ: Found an INTC at 0x(ptrval) (revision 5.0) with 128 interrupts
[    0.000000] rcu: srcu_init: Setting srcu_struct sizes based on contention.
[    0.000000] TI gptimer clocksource: always-on /ocp/interconnect@44c00000/segment@200000/target-module@31000
[    0.000002] sched_clock: 32 bits at 24MHz, resolution 41ns, wraps every 89478484971ns
[    0.000029] clocksource: dmtimer: mask: 0xffffffff max_cycles: 0xffffffff, max_idle_ns: 79635851949 ns
[    0.000505] TI gptimer clockevent: 24000000 Hz at /ocp/interconnect@48000000/segment@0/target-module@40000
[    0.002136] Console: colour dummy device 80x30
[    0.002207] WARNING: Your 'console=ttyO0' has been replaced by 'ttyS0'
[    0.002217] This ensures that you still see kernel messages. Please
[    0.002223] update your kernel commandline.
[    0.002266] Calibrating delay loop... 996.14 BogoMIPS (lpj=4980736)
[    0.090559] CPU: Testing write buffer coherency: ok
[    0.090666] CPU0: Spectre v2: using BPIALL workaround
[    0.090680] pid_max: default: 32768 minimum: 301
[    0.090807] LSM: initializing lsm=capability
[    0.090975] Mount-cache hash table entries: 1024 (order: 0, 4096 bytes, linear)
[    0.090997] Mountpoint-cache hash table entries: 1024 (order: 0, 4096 bytes, linear)
[    0.092531] CPU0: thread -1, cpu 0, socket -1, mpidr 0
[    0.094254] Setting up static identity map for 0x80100000 - 0x80100078
[    0.094558] rcu: Hierarchical SRCU implementation.
[    0.094571] rcu: 	Max phase no-delay instances is 1000.
[    0.096240] smp: Bringing up secondary CPUs ...
[    0.096300] smp: Brought up 1 node, 1 CPU
[    0.096316] SMP: Total of 1 processors activated (996.14 BogoMIPS).
[    0.096330] CPU: All CPU(s) started in SVC mode.
[    0.096523] Memory: 480876K/522240K available (11264K kernel code, 1197K rwdata, 2856K rodata, 1024K init, 297K bss, 23344K reserved, 16384K cma-reserved, 0K highmem)
[    0.097313] devtmpfs: initialized
[    0.113713] VFP support v0.3: implementor 41 architecture 3 part 30 variant c rev 3
[    0.114073] clocksource: jiffies: mask: 0xffffffff max_cycles: 0xffffffff, max_idle_ns: 19112604462750000 ns
[    0.114113] futex hash table entries: 256 (order: 2, 16384 bytes, linear)
[    0.115406] pinctrl core: initialized pinctrl subsystem
[    0.118123] NET: Registered PF_NETLINK/PF_ROUTE protocol family
[    0.121119] DMA: preallocated 256 KiB pool for atomic coherent allocations
[    0.122086] audit: initializing netlink subsys (disabled)
[    0.123470] thermal_sys: Registered thermal governor 'fair_share'
[    0.123490] thermal_sys: Registered thermal governor 'step_wise'
[    0.123501] thermal_sys: Registered thermal governor 'user_space'
[    0.123614] audit: type=2000 audit(0.120:1): state=initialized audit_enabled=0 res=1
[    0.123686] cpuidle: using governor menu
[    0.142815] No ATAGs?
[    0.142849] hw-breakpoint: debug architecture 0x4 unsupported.
[    0.145733] kprobes: kprobe jump-optimization is enabled. All kprobes are optimized if possible.
[    0.164038] iommu: Default domain type: Translated
[    0.164065] iommu: DMA domain TLB invalidation policy: strict mode
[    0.171408] SCSI subsystem initialized
[    0.181423] pps_core: LinuxPPS API ver. 1 registered
[    0.181438] pps_core: Software ver. 5.3.6 - Copyright 2005-2007 Rodolfo Giometti <giometti@linux.it>
[    0.181465] PTP clock support registered
[    0.183364] vgaarb: loaded
[    0.183755] clocksource: Switched to clocksource dmtimer
[    0.184350] VFS: Disk quotas dquot_6.6.0
[    0.184398] VFS: Dquot-cache hash table entries: 1024 (order 0, 4096 bytes)
[    0.209809] NET: Registered PF_INET protocol family
[    0.210169] IP idents hash table entries: 8192 (order: 4, 65536 bytes, linear)
[    0.211559] tcp_listen_portaddr_hash hash table entries: 512 (order: 0, 4096 bytes, linear)
[    0.211598] Table-perturb hash table entries: 65536 (order: 6, 262144 bytes, linear)
[    0.211617] TCP established hash table entries: 4096 (order: 2, 16384 bytes, linear)
[    0.211662] TCP bind hash table entries: 4096 (order: 4, 65536 bytes, linear)
[    0.211764] TCP: Hash tables configured (established 4096 bind 4096)
[    0.211886] UDP hash table entries: 256 (order: 1, 8192 bytes, linear)
[    0.211916] UDP-Lite hash table entries: 256 (order: 1, 8192 bytes, linear)
[    0.212094] NET: Registered PF_UNIX/PF_LOCAL protocol family
[    0.224696] RPC: Registered named UNIX socket transport module.
[    0.224725] RPC: Registered udp transport module.
[    0.224733] RPC: Registered tcp transport module.
[    0.224740] RPC: Registered tcp-with-tls transport module.
[    0.224746] RPC: Registered tcp NFSv4.1 backchannel transport module.
[    0.224773] PCI: CLS 0 bytes, default 64
[    0.226217] Initialise system trusted keyrings
[    0.227325] workingset: timestamp_bits=14 max_order=17 bucket_order=3
[    0.228580] NFS: Registering the id_resolver key type
[    0.228664] Key type id_resolver registered
[    0.228673] Key type id_legacy registered
[    0.228724] jffs2: version 2.2. (NAND) (SUMMARY)  Â© 2001-2006 Red Hat, Inc.
[    0.229179] Key type asymmetric registered
[    0.229200] Asymmetric key parser 'x509' registered
[    0.229270] io scheduler mq-deadline registered
[    0.229284] io scheduler kyber registered
[    0.229356] io scheduler bfq registered
[    0.244261] Serial: 8250/16550 driver, 6 ports, IRQ sharing enabled
[    0.307193] brd: module loaded
[    0.318357] loop: module loaded
[    0.319294] mtdoops: mtd device (mtddev=name/number) must be supplied
[    0.336630] i2c_dev: i2c /dev entries driver
[    0.337607] cpuidle: enable-method property 'ti,am3352' found operations
[    0.338057] sdhci: Secure Digital Host Controller Interface driver
[    0.338069] sdhci: Copyright(c) Pierre Ossman
[    0.338241] sdhci-pltfm: SDHCI platform and OF driver helper
[    0.338553] ledtrig-cpu: registered to indicate activity on CPUs
[    0.339493] Initializing XFRM netlink socket
[    0.339618] NET: Registered PF_INET6 protocol family
[    0.341457] Segment Routing with IPv6
[    0.341553] In-situ OAM (IOAM) with IPv6
[    0.341652] sit: IPv6, IPv4 and MPLS over IPv4 tunneling driver
[    0.342595] NET: Registered PF_PACKET protocol family
[    0.342640] NET: Registered PF_KEY protocol family
[    0.342773] Key type dns_resolver registered
[    0.343046] ThumbEE CPU extension supported.
[    0.343071] Registering SWP/SWPB emulation handler
[    0.343595] omap_voltage_late_init: Voltage driver support not added
[    0.344141] SmartReflex Class3 initialized
[    0.364673] Loading compiled-in X.509 certificates
[    0.431662] platform 44e10800.pinmux: Fixed dependency cycle(s) with /ocp/interconnect@44c00000/segment@200000/target-module@10000/scm@0/pinmux@800/clkout2-pins
[    0.432225] pinctrl-single 44e10800.pinmux: 142 pins, size 568
[    0.437587] ti-sysc 44e31000.target-module: probe with driver ti-sysc failed with error -16
[    0.473516] ti-sysc 48040000.target-module: probe with driver ti-sysc failed with error -16
[    0.524382] OMAP GPIO hardware version 0.1
[    0.551746] omap_i2c 4819c000.i2c: bus 2 rev0.11 at 100 kHz
[    0.583970] 48000000.interconnect:segment@200000:target-module@0:mpu@0:fck: device ID is greater than 24
[    0.588169] platform 4830e000.lcdc: Fixed dependency cycle(s) with /ocp/interconnect@44c00000/segment@200000/target-module@b000/i2c@0/tda19988@70
[    0.599427] sdhci-omap 481d8000.mmc: supply pbias not found, using dummy regulator
[    0.599890] sdhci-omap 481d8000.mmc: supply vqmmc not found, using dummy regulator
[    0.675870] davinci_mdio 4a101000.mdio: davinci mdio revision 1.6, bus freq 1000000
[    0.793131] davinci_mdio 4a101000.mdio: phy[0]: device 4a101000.mdio:00, driver SMSC LAN8710/LAN8720
[    0.793900] cpsw-switch 4a100000.switch: initialized cpsw ale version 1.4
[    0.793926] cpsw-switch 4a100000.switch: ALE Table size 1024
[    0.794202] cpsw-switch 4a100000.switch: cpts: overflow check period 500 (jiffies)
[    0.794229] cpsw-switch 4a100000.switch: CPTS: ref_clk_freq:250000000 calc_mult:2147483648 calc_shift:29 error:0 nsec/sec
[    0.794338] cpsw-switch 4a100000.switch: Detected MACID = 6c:ec:eb:68:de:78
[    0.796162] cpsw-switch 4a100000.switch: initialized (regs 0x4a100000, pool size 256) hw_ver:0019010C 1.12 (0)
[    0.807023] debugfs: Directory '49000000.dma' with parent 'dmaengine' already present!
[    0.807072] edma 49000000.dma: TI EDMA DMA engine driver
[    0.845747] target-module@4b000000:target-module@140000:pmu@0:fck: device ID is greater than 24
[    0.872484] hw perfevents: enabled with armv7_cortex_a8 PMU driver, 5 counters available
[    0.880632] l3-aon-clkctrl:0000:0: failed to disable
[    0.904691] 44e09000.serial: ttyS0 at MMIO 0x44e09000 (irq = 34, base_baud = 3000000) is a 8250
[    0.904779] printk: legacy console [ttyS0] enabled
[    2.154851] tps65217-pmic: Failed to locate of_node [id: -1]
[    2.160940] tps65217-bl: Failed to locate of_node [id: -1]
[    2.172240] tps65217 0-0024: TPS65217 ID 0xe version 1.2
[    2.178378] platform 4830e000.lcdc: Fixed dependency cycle(s) with /ocp/interconnect@44c00000/segment@200000/target-module@b000/i2c@0/tda19988@70
[    2.191857] i2c 0-0070: Fixed dependency cycle(s) with /ocp/interconnect@48000000/segment@300000/target-module@e000/lcdc@0
[    2.203263] omap_i2c 44e0b000.i2c: bus 0 rev0.11 at 400 kHz
[    2.211430] omap_gpio 44e07000.gpio: Could not set line 6 debounce to 200000 microseconds (-22)
[    2.220341] sdhci-omap 48060000.mmc: Got CD GPIO
[    2.225403] sdhci-omap 48060000.mmc: supply pbias not found, using dummy regulator
[    2.235926] sdhci-omap 48060000.mmc: supply vqmmc not found, using dummy regulator
[    2.244852] sdhci-omap 481d8000.mmc: supply pbias not found, using dummy regulator
[    2.252848] sdhci-omap 481d8000.mmc: supply vqmmc not found, using dummy regulator
 [    2.291221] mmc1: SDHCI controller on 481d8000.mmc [481d800 0.mmc] using External DMA
[    2.300425] mmc0: SDHCI controll er on 48060000.mmc [48060000.mmc] using External DMA
[    2.3 09192] cpsw-switch 4a100000.switch: starting ndev. mode: dual_ mac
[  
[    5.604515] cpsw-switch 4a100000.switch eth0: Link is Up - 100Mbps/Full - flow control off
[    5.663776] IP-Config: Complete:
[    5.667054]      device=eth0, hwaddr=6c:ec:eb:68:de:78, ipaddr=192.168.255.1, mask=255.255.255.0, gw=255.255.255.255
[    5.677682]      host=bbb1, domain=, nis-domain=(none)
[    5.682849]      bootserver=192.168.255.126, rootserver=192.168.255.126, rootpath=
[    5.683283] clk: Disabling unused clocks
[    5.695110] PM: genpd: Disabling unused power domains
[    5.700226] KTAP version 1
[    5.702946] 1..0
[    5.727455] VFS: Mounted root (nfs filesystem) on device 0:17.
[    5.734335] devtmpfs: mounted
[    5.739007] Freeing unused kernel image (initmem) memory: 1024K
[    5.745757] Run /sbin/init as init process
[    6.437143] systemd[1]: System time before build time, advancing clock.
[    7.893775] random: crng init done
[    7.965038] systemd[1]: systemd 232 running in system mode. (+PAM +AUDIT +SELINUX +IMA +APPARMOR +SMACK +SYSVINIT +UTMP +LIBCRYPTSETUP +GCRYPT +GNUTLS +ACL +XZ +LZ4 +SECCOMP +BLKID +ELFUTILS +KMOD +IDN)
[    7.984165] systemd[1]: Detected architecture arm.

Welcome to [1mDebian GNU/Linux 9 (stretch)[0m!

[    8.026802] systemd[1]: Set hostname to <arm>.
[    9.119891] systemd[1]: Created slice User and Session Slice.
[[0;32m  OK  [0m] Created slice User and Session Slice.
[    9.154853] systemd[1]: Started Dispatch Password Requests to Console Directory Watch.
[[0;32m  OK  [0m] Started Dispatch Password Requests to Console Directory Watch.
[    9.195741] systemd[1]: Listening on udev Control Socket.
[[0;32m  OK  [0m] Listening on udev Control Socket.
[    9.234849] systemd[1]: Listening on Journal Audit Socket.
[[0;32m  OK  [0m] Listening on Journal Audit Socket.
[    9.275744] systemd[1]: Listening on /dev/initctl Compatibility Named Pipe.
[[0;32m  OK  [0m] Listening on /dev/initctl Compatibility Named Pipe.
[    9.314165] systemd[1]: Reached target Remote File Systems.
[[0;32m  OK  [0m] Reached target Remote File Systems.
[    9.355608] systemd[1]: Listening on Syslog Socket.
[[0;32m  OK  [0m] Listening on Syslog Socket.
[[0;32m  OK  [0m] Listening on udev Kernel Socket.
[[0;32m  OK  [0m] Started Forward Password Requests to Wall Directory Watch.
[[0;32m  OK  [0m] Reached target Encrypted Volumes.
[[0;32m  OK  [0m] Created slice System Slice.
         Mounting Debug File System...
[[0;32m  OK  [0m] Created slice system-getty.slice.
[[0;32m  OK  [0m] Created slice system-serial\x2dgetty.slice.
         Mounting POSIX Message Queue File System...
[[0;32m  OK  [0m] Set up automount Arbitrary Executabâ€¦rmats File System Automount Point.
[[0;32m  OK  [0m] Reached target Slices.
[[0;32m  OK  [0m] Listening on Journal Socket.
         Starting Remount Root and Kernel File Systems...
         Starting Create list of required stâ€¦ce nodes for the current kernel...
         Starting Load Kernel Modules...
[[0;32m  OK  [0m] Reached target Paths.
[[0;32m  OK  [0m] Reached target Swap.
[[0;32m  OK  [0m] Listening on Journal Socket (/dev/log).
         Starting Journal Service...
[[0;32m  OK  [0m] Mounted POSIX Message Queue File System.
[[0;32m  OK  [0m] Mounted Debug File System.
[[0;32m  OK  [0m] Started Remount Root and Kernel File Systems.
[[0;32m  OK  [0m] Started Create list of required staâ€¦vice nodes for the current kernel.
[[0;32m  OK  [0m] Started Load Kernel Modules.
         Starting Apply Kernel Variables...
         Mounting Configuration File System...
         Starting Create Static Device Nodes in /dev...
         Starting Load/Save Random Seed...
         Starting udev Coldplug all Devices...
[[0;32m  OK  [0m] Mounted Configuration File System.
[[0;32m  OK  [0m] Started Apply Kernel Variables.
[[0;32m  OK  [0m] Started Load/Save Random Seed.
[[0;32m  OK  [0m] Started Create Static Device Nodes in /dev.
[[0;32m  OK  [0m] Reached target Local File Systems (Pre).
[[0;32m  OK  [0m] Reached target Local File Systems.
         Starting Raise network interfaces...
         Starting udev Kernel Device Manager...
[[0;32m  OK  [0m] Started Journal Service.
         Starting Flush Journal to Persistent Storage...
[   11.648178] systemd-journald[93]: Received request to flush runtime journal from PID 1
[[0;32m  OK  [0m] Started Flush Journal to Persistent Storage.
         Starting Create Volatile Files and Directories...
[[0;32m  OK  [0m] Started udev Kernel Device Manager.
[[0;32m  OK  [0m] Started Create Volatile Files and Directories.
         Starting Update UTMP about System Boot/Shutdown...
         Starting Network Time Synchronization...
[[0;32m  OK  [0m] Started Update UTMP about System Boot/Shutdown.
[[0;32m  OK  [0m] Started udev Coldplug all Devices.
[   14.664922] remoteproc remoteproc0: wkup_m3 is available
[   15.100124] omap_rtc 44e3e000.rtc: registered as rtc0
[   15.105747] omap_rtc 44e3e000.rtc: setting system clock to 2000-01-01T00:00:00 UTC (946684800)
[   15.165176] am335x-phy-driver 47401300.usb-phy: dummy supplies not allowed for exclusive requests (id=vbus)
[   15.214520] omap_wdt: OMAP Watchdog Timer Rev 0x01: initial timeout 60 sec
[[0;32m  OK  [0m] Started Network Time Synchronization.
[   15.409341] am335x-phy-driver 47401b00.usb-phy: dummy supplies not allowed for exclusive requests (id=vbus)
[   15.445226] usbcore: registered new interface driver usbfs
[   15.450858] usbcore: registered new interface driver hub
[   15.456478] usbcore: registered new device driver usb
[[0;32m  OK  [0m] Found device /dev/ttyS0.
[   15.616937] at24 2-0054: supply vcc not found, using dummy regulator
[   15.625987] tps6521x_pwrbutton tps65217-pwrbutton: DMA mask not set
[[0;32m  OK  [0m] Reached target System Time Synchronized.
[[0;32m  OK  [0m] Reached target System Initialization.
[   15.728839] input: tps65217_pwrbutton as /devices/platform/ocp/44c00000.interconnect/44c00000.interconnect:segment@200000/44e0b000.target-module/44e0b000.i2c/i2c-0/0-0024/tps65217-pwrbutton/input/input0
[[0;32m  OK  [0m] Started Daily apt download activities.
[   15.800236] at24 2-0055: supply vcc not found, using dummy regulator
[[0;32m  OK  [0m] Listening on D-Bus System Message Bus Socket.
[   15.898779] at24 2-0056: supply vcc not found, using dummy regulator
[[0;32m  OK  [0m] Started Daily Cleanup of Temporary Directories.
[   15.998920] at24 2-0057: supply vcc not found, using dummy regulator
[[0;32m  OK  [0m] Started Daily apt upgrade and clean activities.
[[0;32m  OK  [0m] Reached target Timers.
[   16.111925] at24 0-0050: 32768 byte 24c256 EEPROM, writable, 1 bytes/write
[[0;32m  OK  [0m] Listening on Avahi mDNS/DNS-SD Stack Activation Socket.
[[0;32m  OK  [0m] Reached target Sockets.
[[0;32m  OK  [0m] Reached target Basic System.
         Starting DUN service...
[   16.460787] wkup_m3_ipc 44e11324.wkup_m3_ipc: IPC Request for A8->M3 Channel failed! -517
[   16.482002] wkup_m3_ipc 44e11324.wkup_m3_ipc: IPC Request for A8->M3 Channel failed! -517
         Starting Telephony service...
[   16.612316] musb-hdrc musb-hdrc.1: MUSB HDRC host driver
[   16.617885] musb-hdrc musb-hdrc.1: new USB bus registered, assigned bus number 1
[   16.648944] wkup_m3_ipc 44e11324.wkup_m3_ipc: IPC Request for A8->M3 Channel failed! -517
         Starting System Logging Service...
[   16.814771] usb usb1: New USB device found, idVendor=1d6b, idProduct=0002, bcdDevice= 6.11
[   16.823131] usb usb1: New USB device strings: Mfr=3, Product=2, SerialNumber=1
[   16.830539] usb usb1: Product: MUSB HDRC host driver
[   16.835581] usb usb1: Manufacturer: Linux 6.11.0-g73ea23d406f1 musb-hcd
[   16.842232] usb usb1: SerialNumber: musb-hdrc.1
         Starting Login Service...
         Starting Avahi mDNS/DNS-SD Stack...[   17.009062] hub 1-0:1.0: USB hub found

[   17.144761] hub 1-0:1.0: 1 port detected
         Starting Generic Board Startup...
[   17.184853] wkup_m3_ipc 44e11324.wkup_m3_ipc: IPC Request for A8->M3 Channel failed! -517
[[0;32m  OK  [0m] Started D-Bus System Message Bus.
[   17.503683] wkup_m3_ipc 44e11324.wkup_m3_ipc: IPC Request for A8->M3 Channel failed! -517
[   17.747174] tda998x 0-0070: found TDA19988
[   17.793131] omap-mailbox 480c8000.mailbox: omap mailbox rev 0x400
[   17.918673] remoteproc remoteproc0: powering up wkup_m3
[   18.048091] remoteproc remoteproc0: Direct firmware load for am335x-pm-firmware.elf failed with error -2
[   18.057881] remoteproc remoteproc0: request_firmware failed: -2
[   18.063933] wkup_m3_ipc 44e11324.wkup_m3_ipc: rproc_boot failed
[   20.222115] tilcdc 4830e000.lcdc: bound 0-0070 (ops tda998x_driver_exit [tda998x])
[   20.335945] [drm] Initialized tilcdc 1.0.0 for 4830e000.lcdc on minor 0
[   20.409954] tilcdc 4830e000.lcdc: [drm] Cannot find any crtc or sizes
[   20.437801] omap_rng 48310000.rng: Random Number Generator ver. 20
[   20.469778] tilcdc 4830e000.lcdc: [drm] Cannot find any crtc or sizes
[[0;32m  OK  [0m] Started DUN service.
[[0;32m  OK  [0m] Started Avahi mDNS/DNS-SD Stack.
[[0;32m  OK  [0m] Started Telephony service.
         Starting Connection service...
[   21.261237] PM: Cannot get wkup_m3_ipc handle
[   21.348374] omap-sham 53100000.sham: hw accel on OMAP rev 4.3
[[0;32m  OK  [0m] Started Regular background program processing daemon.
         Starting LSB: Start busybox udhcpd at boot time...[   21.530973] omap-sham 53100000.sham: will run requests pump with realtime priority

[   21.542443] PM: Cannot get wkup_m3_ipc handle
[   21.590249] omap-aes 53500000.aes: OMAP AES hw accel rev: 3.2
         Starting Cape Manager Service...
[   21.744798] omap-aes 53500000.aes: will run requests pump with realtime priority
[   21.755093] PM: Cannot get wkup_m3_ipc handle
         Starting LSB: Load kernel modules needed to enable cpufreq scaling...
[[0;32m  OK  [0m] Started System Logging Service.
[   22.971474] Bluetooth: Core ver 2.22
[   22.975628] NET: Registered PF_BLUETOOTH protocol family
[   22.980985] Bluetooth: HCI device and connection manager initialized
[   22.987568] Bluetooth: HCI socket layer initialized
[   22.992487] Bluetooth: L2CAP socket layer initialized
[   22.997675] Bluetooth: SCO socket layer initialized
[[0;32m  OK  [0m] Started Cape Manager Service.
[   25.718150] PM: Cannot get wkup_m3_ipc handle
[   25.850653] PM: Cannot get wkup_m3_ipc handle
[[0;32m  OK  [0m] Started Raise network interfaces.
[[0;32m  OK  [0m] Started LSB: Start busybox udhcpd at boot time.
[[0;32m  OK  [0m] Started LSB: Load kernel modules needed to enable cpufreq scaling.
[   28.413360] configfs-gadget.g_multi gadget.0: HOST MAC 1c:ba:8c:a2:ed:6c
[   28.420373] configfs-gadget.g_multi gadget.0: MAC 1c:ba:8c:a2:ed:70
[   28.427824] configfs-gadget.g_multi gadget.0: HOST MAC 1c:ba:8c:a2:ed:6c
[   28.434682] configfs-gadget.g_multi gadget.0: MAC 1c:ba:8c:a2:ed:6d
[   28.447212] PM: Cannot get wkup_m3_ipc handle
[[0;32m  OK  [0m] Started Connection service.
[[0;32m  OK  [0m] Started Login Service.
[[0;32m  OK  [0m] Reached target Sound Card.
         Starting LSB: set CPUFreq kernel parameters...
[[0;32m  OK  [0m] Reached target Network.
         Starting OpenBSD Secure Shell server...
         Starting Permit User Sessions...
         Starting The Apache HTTP Server...
[[0;32m  OK  [0m] Reached target Network is Online.
         Starting LSB: Advanced IEEE 802.11 management daemon...
[[0;32m  OK  [0m] Started Permit User Sessions.
[[0;32m  OK  [0m] Started LSB: Advanced IEEE 802.11 management daemon.
         Starting Hostname Service...
         Starting WPA supplicant...
[[0;32m  OK  [0m] Started Getty on tty1.
[[0;32m  OK  [0m] Started Serial Getty on ttyS0.
[[0;32m  OK  [0m] Reached target Login Prompts.
[[0;32m  OK  [0m] Started LSB: set CPUFreq kernel parameters.
[[0;32m  OK  [0m] Started WPA supplicant.
[[0;32m  OK  [0m] Started Hostname Service.
[[0;32m  OK  [0m] Started OpenBSD Secure Shell server.
         Stopping LSB: Start busybox udhcpd at boot time...
[[0;32m  OK  [0m] Stopped LSB: Start busybox udhcpd at boot time.
[[0;32m  OK  [0m] Started The Apache HTTP Server.
         Starting dnsmasq - A lightweight DHCP and caching DNS server...
[[0;32m  OK  [0m] Started dnsmasq - A lightweight DHCP and caching DNS server.
[[0;32m  OK  [0m] Reached target Host and Network Name Lookups.
[[0;32m  OK  [0m] Started Serial Getty on ttyGS0.
[[0;32m  OK  [0m] Started Generic Board Startup.
[[0;32m  OK  [0m] Reached target Multi-User System.
[[0;32m  OK  [0m] Reached target Graphical Interface.
         Starting Update UTMP about System Runlevel Changes...
[[0;32m  OK  [0m] Started Update UTMP about System Runlevel Changes.

Debian GNU/Linux 9 arm ttyS0

default username:password is [debian:temppwd]

arm login: root
Password: 
Last login: Sat Dec  9 19:10:26 UTC 2017 on ttyS0
root
Linux arm 6.11.0-g73ea23d406f1 #17 SMP Wed Sep 25 12:36:14 EEST 2024 armv7l

The programs included with the Debian GNU/Linux system are free software;
the exact distribution terms for each program are described in the
individual files in /usr/share/doc/*/copyright.

Debian GNU/Linux comes with ABSOLUTELY NO WARRANTY, to the extent
permitted by applicable law.
root@arm:~# root
-bash: root: command not found
root@arm:~# dmesg -n 1
root@arm:~# echo 'KTLA''FUBSHS'
KTLAFUBSHS
root@arm:~# run() { echo -n "$MARKER"; sh -c "$@"; echo "$MARKER $?"; }
root@arm:~# echo 'FXVX''SJVEBK'
FXVXSJVEBK
root@arm:~# MARKER='PGVN''KNFKGE' run 'cat /proc/version'
PGVNKNFKGELinux version 6.11.0-g73ea23d406f1 (user01@drvtest01) (arm-linux-gnueabihf-gcc (Linaro GCC 6.4-2017.11) 6.4.1 20171012, GNU ld (Linaro_Binutils-2017.11) 2.27.0.20161229) #17 SMP Wed Sep 25 12:36:14 EEST 2024
PGVNKNFKGE 0
root@arm:~# echo 'FMMQ''PXVLYQ'
FMMQPXVLYQ
root@arm:~# MARKER='NPKQ''ZPMNKV' run false
NPKQZPMNKVNPKQZPMNKV 1
root@arm:~# Labgrid Console Logfile for main
Logfile started at 2024-09-25 12:42:51.111374
=== Log starts here ===

root@arm:~# run() { echo -n "$MARKER"; sh -c "$@"; echo "$MARKER $?"; }
root@arm:~# echo 'TQXE''BYZXXV'
TQXEBYZXXV
root@arm:~# MARKER='HWQL''LAMJXB' run 'insmod /mva_overlay.ko'
HWQLLAMJXBHWQLLAMJXB 0
root@arm:~# echo 'NOHX''MOCWJY'
NOHXMOCWJY
root@arm:~# MARKER='NLGV''TAZOWG' run lsmod
NLGVTAZOWGModule                  Size  Used by
mva_overlay            65536  0
usb_f_acm              12288  2
u_serial               16384  3 usb_f_acm
usb_f_ecm              16384  2
usb_f_rndis            24576  2
u_ether                16384  2 usb_f_ecm,usb_f_rndis
libcomposite           57344  15 usb_f_ecm,usb_f_acm,u_ether,usb_f_rndis
iptable_nat            12288  0
nf_nat                 36864  1 iptable_nat
nf_conntrack          110592  1 nf_nat
nf_defrag_ipv6         16384  1 nf_conntrack
nf_defrag_ipv4         12288  1 nf_conntrack
iptable_mangle         12288  0
snd_soc_hdmi_codec     16384  1
evdev                  20480  0
iptable_filter         12288  0
bluetooth             610304  2
ecdh_generic           12288  1 bluetooth
snd_soc_simple_card    16384  0
ecc                    36864  1 ecdh_generic
snd_soc_simple_card_utils    20480  1 snd_soc_simple_card
omap_aes_driver        24576  0
omap_crypto            12288  1 omap_aes_driver
omap_sham              28672  0
libaes                 12288  2 omap_aes_driver,bluetooth
pm33xx                 12288  0
crypto_engine          12288  2 omap_aes_driver,omap_sham
ti_emif_sram           12288  1 pm33xx
omap_rng               12288  0
rng_core               16384  1 omap_rng
tilcdc                 32768  0
drm_dma_helper         16384  1 tilcdc
snd_soc_davinci_mcasp    32768  2
snd_soc_ti_udma        12288  1 snd_soc_davinci_mcasp
snd_soc_ti_edma        12288  1 snd_soc_davinci_mcasp
snd_soc_ti_sdma        12288  1 snd_soc_davinci_mcasp
snd_soc_core          192512  7 snd_soc_davinci_mcasp,snd_soc_hdmi_codec,snd_soc_simple_card_utils,snd_soc_ti_sdma,snd_soc_ti_edma,snd_soc_ti_udma,snd_soc_simple_card
snd_pcm_dmaengine      12288  1 snd_soc_core
snd_pcm               110592  5 snd_soc_davinci_mcasp,snd_pcm_dmaengine,snd_soc_hdmi_codec,snd_soc_simple_card_utils,snd_soc_core
snd_timer              28672  1 snd_pcm
snd                    69632  4 snd_soc_hdmi_codec,snd_timer,snd_soc_core,snd_pcm
omap_mailbox           12288  1
soundcore              12288  1 snd
tda998x                20480  0
drm_kms_helper        122880  3 drm_dma_helper,tda998x,tilcdc
drm                   417792  5 drm_dma_helper,tda998x,tilcdc,drm_kms_helper
musb_dsps              16384  0
wkup_m3_ipc            12288  1 pm33xx
musb_hdrc             131072  1 musb_dsps
drm_panel_orientation_quirks    12288  1 drm
udc_core               45056  7 usb_f_ecm,usb_f_acm,u_serial,musb_hdrc,u_ether,usb_f_rndis,libcomposite
tps65218_pwrbutton     12288  0
at24                   16384  0
usbcore               225280  1 musb_hdrc
phy_am335x             12288  2
omap_wdt               12288  0
rtc_omap               16384  2 pm33xx
phy_am335x_control     12288  1 phy_am335x
watchdog               24576  1 omap_wdt
phy_generic            12288  1 phy_am335x
usb_common             12288  6 phy_am335x,udc_core,musb_hdrc,libcomposite,musb_dsps,usbcore
cppi41                 16384  60
wkup_m3_rproc          12288  1
leds_gpio              12288  0
cpufreq_dt             12288  0
led_class              12288  1 leds_gpio
ip_tables              20480  3 iptable_mangle,iptable_filter,iptable_nat
x_tables               24576  4 iptable_mangle,ip_tables,iptable_filter,iptable_nat
autofs4                40960  2
NLGVTAZOWG 0
root@arm:~# Labgrid Console Logfile for main
Logfile started at 2024-09-25 12:42:54.939841
=== Log starts here ===

root@arm:~# run() { echo -n "$MARKER"; sh -c "$@"; echo "$MARKER $?"; }
root@arm:~# echo 'BACM''SUJLLC'
BACMSUJLLC
root@arm:~# MARKER='QLWA''WOVEFA' run 'dd if=/bd71847_test.dtbo of=/sys/kernel/mvva_overlay/overlay_add bs=1M'
QLWAWOVEFA0+1 records in
0+1 records out
4240 bytes (4.2 kB, 4.1 KiB) copied, 0.109736 s, 38.6 kB/s
QLWAWOVEFA 0
root@arm:~# echo 'PPBT''BAGJMZ'
PPBTBAGJMZ
root@arm:~# MARKER='ZBVX''SHLAFW' run lsmod
ZBVXSHLAFWModule                  Size  Used by
bd718x7_regulator      24576  1
clk_bd718x7            12288  0
rohm_regulator         12288  1 bd718x7_regulator
gpio_keys              16384  0
rohm_bd718x7           12288  0
mva_overlay            65536  0
usb_f_acm              12288  2
u_serial               16384  3 usb_f_acm
usb_f_ecm              16384  2
usb_f_rndis            24576  2
u_ether                16384  2 usb_f_ecm,usb_f_rndis
libcomposite           57344  15 usb_f_ecm,usb_f_acm,u_ether,usb_f_rndis
iptable_nat            12288  0
nf_nat                 36864  1 iptable_nat
nf_conntrack          110592  1 nf_nat
nf_defrag_ipv6         16384  1 nf_conntrack
nf_defrag_ipv4         12288  1 nf_conntrack
iptable_mangle         12288  0
snd_soc_hdmi_codec     16384  1
evdev                  20480  1
iptable_filter         12288  0
bluetooth             610304  2
ecdh_generic           12288  1 bluetooth
snd_soc_simple_card    16384  0
ecc                    36864  1 ecdh_generic
snd_soc_simple_card_utils    20480  1 snd_soc_simple_card
omap_aes_driver        24576  0
omap_crypto            12288  1 omap_aes_driver
omap_sham              28672  0
libaes                 12288  2 omap_aes_driver,bluetooth
pm33xx                 12288  0
crypto_engine          12288  2 omap_aes_driver,omap_sham
ti_emif_sram           12288  1 pm33xx
omap_rng               12288  0
rng_core               16384  1 omap_rng
tilcdc                 32768  0
drm_dma_helper         16384  1 tilcdc
snd_soc_davinci_mcasp    32768  2
snd_soc_ti_udma        12288  1 snd_soc_davinci_mcasp
snd_soc_ti_edma        12288  1 snd_soc_davinci_mcasp
snd_soc_ti_sdma        12288  1 snd_soc_davinci_mcasp
snd_soc_core          192512  7 snd_soc_davinci_mcasp,snd_soc_hdmi_codec,snd_soc_simple_card_utils,snd_soc_ti_sdma,snd_soc_ti_edma,snd_soc_ti_udma,snd_soc_simple_card
snd_pcm_dmaengine      12288  1 snd_soc_core
snd_pcm               110592  5 snd_soc_davinci_mcasp,snd_pcm_dmaengine,snd_soc_hdmi_codec,snd_soc_simple_card_utils,snd_soc_core
snd_timer              28672  1 snd_pcm
snd                    69632  4 snd_soc_hdmi_codec,snd_timer,snd_soc_core,snd_pcm
omap_mailbox           12288  1
soundcore              12288  1 snd
tda998x                20480  0
drm_kms_helper        122880  3 drm_dma_helper,tda998x,tilcdc
drm                   417792  5 drm_dma_helper,tda998x,tilcdc,drm_kms_helper
musb_dsps              16384  0
wkup_m3_ipc            12288  1 pm33xx
musb_hdrc             131072  1 musb_dsps
drm_panel_orientation_quirks    12288  1 drm
udc_core               45056  7 usb_f_ecm,usb_f_acm,u_serial,musb_hdrc,u_ether,usb_f_rndis,libcomposite
tps65218_pwrbutton     12288  0
at24                   16384  0
usbcore               225280  1 musb_hdrc
phy_am335x             12288  2
omap_wdt               12288  0
rtc_omap               16384  2 pm33xx
phy_am335x_control     12288  1 phy_am335x
watchdog               24576  1 omap_wdt
phy_generic            12288  1 phy_am335x
usb_common             12288  6 phy_am335x,udc_core,musb_hdrc,libcomposite,musb_dsps,usbcore
cppi41                 16384  60
wkup_m3_rproc          12288  1
leds_gpio              12288  0
cpufreq_dt             12288  0
led_class              12288  1 leds_gpio
ip_tables              20480  3 iptable_mangle,iptable_filter,iptable_nat
x_tables               24576  4 iptable_mangle,ip_tables,iptable_filter,iptable_nat
autofs4                40960  2
ZBVXSHLAFW 0
root@arm:~# Labgrid Console Logfile for main
Logfile started at 2024-09-25 12:43:00.774842
=== Log starts here ===

root@arm:~# run() { echo -n "$MARKER"; sh -c "$@"; echo "$MARKER $?"; }
root@arm:~# echo 'ACFW''PTOPQF'
ACFWPTOPQF
root@arm:~# MARKER='AQHJ''ZECEHW' run 'insmod /bd71847-test.ko'
AQHJZECEHWAQHJZECEHW 0
root@arm:~# echo 'GSYL''XZQHWS'
GSYLXZQHWS
root@arm:~# MARKER='EGUV''KXTOYZ' run 'insmod /bd71847-test2.ko'
EGUVKXTOYZEGUVKXTOYZ 0
root@arm:~# echo 'ZSTL''KZVBLJ'
ZSTLKZVBLJ
root@arm:~# MARKER='NNNH''CFPYCH' run lsmod
NNNHCFPYCHModule                  Size  Used by
bd71847_test2          12288  0
bd71847_test           24576  0
bd718x7_regulator      24576  13
clk_bd718x7            12288  0
rohm_regulator         12288  1 bd718x7_regulator
gpio_keys              16384  0
rohm_bd718x7           12288  0
mva_overlay            65536  0
usb_f_acm              12288  2
u_serial               16384  3 usb_f_acm
usb_f_ecm              16384  2
usb_f_rndis            24576  2
u_ether                16384  2 usb_f_ecm,usb_f_rndis
libcomposite           57344  15 usb_f_ecm,usb_f_acm,u_ether,usb_f_rndis
iptable_nat            12288  0
nf_nat                 36864  1 iptable_nat
nf_conntrack          110592  1 nf_nat
nf_defrag_ipv6         16384  1 nf_conntrack
nf_defrag_ipv4         12288  1 nf_conntrack
iptable_mangle         12288  0
snd_soc_hdmi_codec     16384  1
evdev                  20480  1
iptable_filter         12288  0
bluetooth             610304  2
ecdh_generic           12288  1 bluetooth
snd_soc_simple_card    16384  0
ecc                    36864  1 ecdh_generic
snd_soc_simple_card_utils    20480  1 snd_soc_simple_card
omap_aes_driver        24576  0
omap_crypto            12288  1 omap_aes_driver
omap_sham              28672  0
libaes                 12288  2 omap_aes_driver,bluetooth
pm33xx                 12288  0
crypto_engine          12288  2 omap_aes_driver,omap_sham
ti_emif_sram           12288  1 pm33xx
omap_rng               12288  0
rng_core               16384  1 omap_rng
tilcdc                 32768  0
drm_dma_helper         16384  1 tilcdc
snd_soc_davinci_mcasp    32768  2
snd_soc_ti_udma        12288  1 snd_soc_davinci_mcasp
snd_soc_ti_edma        12288  1 snd_soc_davinci_mcasp
snd_soc_ti_sdma        12288  1 snd_soc_davinci_mcasp
snd_soc_core          192512  7 snd_soc_davinci_mcasp,snd_soc_hdmi_codec,snd_soc_simple_card_utils,snd_soc_ti_sdma,snd_soc_ti_edma,snd_soc_ti_udma,snd_soc_simple_card
snd_pcm_dmaengine      12288  1 snd_soc_core
snd_pcm               110592  5 snd_soc_davinci_mcasp,snd_pcm_dmaengine,snd_soc_hdmi_codec,snd_soc_simple_card_utils,snd_soc_core
snd_timer              28672  1 snd_pcm
snd                    69632  4 snd_soc_hdmi_codec,snd_timer,snd_soc_core,snd_pcm
omap_mailbox           12288  1
soundcore              12288  1 snd
tda998x                20480  0
drm_kms_helper        122880  3 drm_dma_helper,tda998x,tilcdc
drm                   417792  5 drm_dma_helper,tda998x,tilcdc,drm_kms_helper
musb_dsps              16384  0
wkup_m3_ipc            12288  1 pm33xx
musb_hdrc             131072  1 musb_dsps
drm_panel_orientation_quirks    12288  1 drm
udc_core               45056  7 usb_f_ecm,usb_f_acm,u_serial,musb_hdrc,u_ether,usb_f_rndis,libcomposite
tps65218_pwrbutton     12288  0
at24                   16384  0
usbcore               225280  1 musb_hdrc
phy_am335x             12288  2
omap_wdt               12288  0
rtc_omap               16384  2 pm33xx
phy_am335x_control     12288  1 phy_am335x
watchdog               24576  1 omap_wdt
phy_generic            12288  1 phy_am335x
usb_common             12288  6 phy_am335x,udc_core,musb_hdrc,libcomposite,musb_dsps,usbcore
cppi41                 16384  60
wkup_m3_rproc          12288  1
leds_gpio              12288  0
cpufreq_dt             12288  0
led_class              12288  1 leds_gpio
ip_tables              20480  3 iptable_mangle,iptable_filter,iptable_nat
x_tables               24576  4 iptable_mangle,ip_tables,iptable_filter,iptable_nat
autofs4                40960  2
NNNHCFPYCH 0
root@arm:~# Labgrid Console Logfile for main
Logfile started at 2024-09-25 12:43:04.672357
=== Log starts here ===

root@arm:~# run() { echo -n "$MARKER"; sh -c "$@"; echo "$MARKER $?"; }
root@arm:~# echo 'GESV''NLBUVU'
GESVNLBUVU
root@arm:~# MARKER='VKMU''GSYBKN' run '/./init_regulator_test.sh bd71847'
VKMUGSYBKNboard bd71847 given
/./init_regulator_test.sh: line 38: buck10_en: command not found
/./init_regulator_test.sh: line 39: buck10_set: command not found
VKMUGSYBKN 0
root@arm:~# Labgrid Console Logfile for main
Logfile started at 2024-09-25 12:43:14.808430
=== Log starts here ===

root@arm:~# run() { echo -n "$MARKER"; sh -c "$@"; echo "$MARKER $?"; }
root@arm:~# echo 'AZUB''HJKKVW'
AZUBHJKKVW
root@arm:~# MARKER='ZFXB''ZMUASO' run dmesg
ZFXBZMUASO[    0.000000] Booting Linux on physical CPU 0x0
[    0.000000] Linux version 6.11.0-g73ea23d406f1 (user01@drvtest01) (arm-linux-gnueabihf-gcc (Linaro GCC 6.4-2017.11) 6.4.1 20171012, GNU ld (Linaro_Binutils-2017.11) 2.27.0.20161229) #17 SMP Wed Sep 25 12:36:14 EEST 2024
[    0.000000] CPU: ARMv7 Processor [413fc082] revision 2 (ARMv7), cr=10c5387d
[    0.000000] CPU: PIPT / VIPT nonaliasing data cache, VIPT aliasing instruction cache
[    0.000000] OF: fdt: Machine model: TI AM335x BeagleBone Black
[    0.000000] Memory policy: Data cache writeback
[    0.000000] cma: Reserved 16 MiB at 0x9e800000 on node -1
[    0.000000] Zone ranges:
[    0.000000]   Normal   [mem 0x0000000080000000-0x000000009fdfffff]
[    0.000000]   HighMem  empty
[    0.000000] Movable zone start for each node
[    0.000000] Early memory node ranges
[    0.000000]   node   0: [mem 0x0000000080000000-0x000000009fdfffff]
[    0.000000] Initmem setup node 0 [mem 0x0000000080000000-0x000000009fdfffff]
[    0.000000] CPU: All CPU(s) started in SVC mode.
[    0.000000] AM335X ES2.1 (sgx neon)
[    0.000000] percpu: Embedded 17 pages/cpu s39628 r8192 d21812 u69632
[    0.000000] pcpu-alloc: s39628 r8192 d21812 u69632 alloc=17*4096
[    0.000000] pcpu-alloc: [0] 0 
[    0.000000] Kernel command line: console=ttyO0,115200n8 root=/dev/nfs rw nfsroot=192.168.255.126:/home/user01/nfs,nfsvers=3 ip=192.168.255.1:192.168.255.126::255.255.255.0:bbb1:eth0 nfsrootdebug
[    0.000000] Unknown kernel command line parameters "nfsrootdebug", will be passed to user space.
[    0.000000] Dentry cache hash table entries: 65536 (order: 6, 262144 bytes, linear)
[    0.000000] Inode-cache hash table entries: 32768 (order: 5, 131072 bytes, linear)
[    0.000000] Built 1 zonelists, mobility grouping on.  Total pages: 130560
[    0.000000] mem auto-init: stack:off, heap alloc:off, heap free:off
[    0.000000] SLUB: HWalign=64, Order=0-3, MinObjects=0, CPUs=1, Nodes=1
[    0.000000] trace event string verifier disabled
[    0.000000] rcu: Hierarchical RCU implementation.
[    0.000000] rcu: 	RCU event tracing is enabled.
[    0.000000] rcu: 	RCU restricting CPUs from NR_CPUS=2 to nr_cpu_ids=1.
[    0.000000] rcu: RCU calculated value of scheduler-enlistment delay is 10 jiffies.
[    0.000000] rcu: Adjusting geometry for rcu_fanout_leaf=16, nr_cpu_ids=1
[    0.000000] NR_IRQS: 16, nr_irqs: 16, preallocated irqs: 16
[    0.000000] IRQ: Found an INTC at 0x(ptrval) (revision 5.0) with 128 interrupts
[    0.000000] rcu: srcu_init: Setting srcu_struct sizes based on contention.
[    0.000000] TI gptimer clocksource: always-on /ocp/interconnect@44c00000/segment@200000/target-module@31000
[    0.000002] sched_clock: 32 bits at 24MHz, resolution 41ns, wraps every 89478484971ns
[    0.000029] clocksource: dmtimer: mask: 0xffffffff max_cycles: 0xffffffff, max_idle_ns: 79635851949 ns
[    0.000505] TI gptimer clockevent: 24000000 Hz at /ocp/interconnect@48000000/segment@0/target-module@40000
[    0.002136] Console: colour dummy device 80x30
[    0.002207] WARNING: Your 'console=ttyO0' has been replaced by 'ttyS0'
[    0.002217] This ensures that you still see kernel messages. Please
[    0.002223] update your kernel commandline.
[    0.002266] Calibrating delay loop... 996.14 BogoMIPS (lpj=4980736)
[    0.090559] CPU: Testing write buffer coherency: ok
[    0.090666] CPU0: Spectre v2: using BPIALL workaround
[    0.090680] pid_max: default: 32768 minimum: 301
[    0.090807] LSM: initializing lsm=capability
[    0.090975] Mount-cache hash table entries: 1024 (order: 0, 4096 bytes, linear)
[    0.090997] Mountpoint-cache hash table entries: 1024 (order: 0, 4096 bytes, linear)
[    0.092531] CPU0: thread -1, cpu 0, socket -1, mpidr 0
[    0.094254] Setting up static identity map for 0x80100000 - 0x80100078
[    0.094558] rcu: Hierarchical SRCU implementation.
[    0.094571] rcu: 	Max phase no-delay instances is 1000.
[    0.096240] smp: Bringing up secondary CPUs ...
[    0.096300] smp: Brought up 1 node, 1 CPU
[    0.096316] SMP: Total of 1 processors activated (996.14 BogoMIPS).
[    0.096330] CPU: All CPU(s) started in SVC mode.
[    0.096523] Memory: 480876K/522240K available (11264K kernel code, 1197K rwdata, 2856K rodata, 1024K init, 297K bss, 23344K reserved, 16384K cma-reserved, 0K highmem)
[    0.097313] devtmpfs: initialized
[    0.113713] VFP support v0.3: implementor 41 architecture 3 part 30 variant c rev 3
[    0.114073] clocksource: jiffies: mask: 0xffffffff max_cycles: 0xffffffff, max_idle_ns: 19112604462750000 ns
[    0.114113] futex hash table entries: 256 (order: 2, 16384 bytes, linear)
[    0.115406] pinctrl core: initialized pinctrl subsystem
[    0.118123] NET: Registered PF_NETLINK/PF_ROUTE protocol family
[    0.121119] DMA: preallocated 256 KiB pool for atomic coherent allocations
[    0.122086] audit: initializing netlink subsys (disabled)
[    0.123470] thermal_sys: Registered thermal governor 'fair_share'
[    0.123490] thermal_sys: Registered thermal governor 'step_wise'
[    0.123501] thermal_sys: Registered thermal governor 'user_space'
[    0.123614] audit: type=2000 audit(0.120:1): state=initialized audit_enabled=0 res=1
[    0.123686] cpuidle: using governor menu
[    0.142815] No ATAGs?
[    0.142849] hw-breakpoint: debug architecture 0x4 unsupported.
[    0.145733] kprobes: kprobe jump-optimization is enabled. All kprobes are optimized if possible.
[    0.164038] iommu: Default domain type: Translated
[    0.164065] iommu: DMA domain TLB invalidation policy: strict mode
[    0.165644] reg-fixed-voltage fixedregulator0: using DT '/fixedregulator0' for '(default)' GPIO lookup
[    0.165702] of_get_named_gpiod_flags: can't parse 'gpios' property of node '/fixedregulator0[0]'
[    0.165732] of_get_named_gpiod_flags: can't parse 'gpio' property of node '/fixedregulator0[0]'
[    0.165753] reg-fixed-voltage fixedregulator0: using lookup tables for GPIO lookup
[    0.165766] reg-fixed-voltage fixedregulator0: No GPIO consumer (default) found
[    0.171408] SCSI subsystem initialized
[    0.181045] libata version 3.00 loaded.
[    0.181423] pps_core: LinuxPPS API ver. 1 registered
[    0.181438] pps_core: Software ver. 5.3.6 - Copyright 2005-2007 Rodolfo Giometti <giometti@linux.it>
[    0.181465] PTP clock support registered
[    0.183364] vgaarb: loaded
[    0.183755] clocksource: Switched to clocksource dmtimer
[    0.184350] VFS: Disk quotas dquot_6.6.0
[    0.184398] VFS: Dquot-cache hash table entries: 1024 (order 0, 4096 bytes)
[    0.209809] NET: Registered PF_INET protocol family
[    0.210169] IP idents hash table entries: 8192 (order: 4, 65536 bytes, linear)
[    0.211559] tcp_listen_portaddr_hash hash table entries: 512 (order: 0, 4096 bytes, linear)
[    0.211598] Table-perturb hash table entries: 65536 (order: 6, 262144 bytes, linear)
[    0.211617] TCP established hash table entries: 4096 (order: 2, 16384 bytes, linear)
[    0.211662] TCP bind hash table entries: 4096 (order: 4, 65536 bytes, linear)
[    0.211764] TCP: Hash tables configured (established 4096 bind 4096)
[    0.211886] UDP hash table entries: 256 (order: 1, 8192 bytes, linear)
[    0.211916] UDP-Lite hash table entries: 256 (order: 1, 8192 bytes, linear)
[    0.212094] NET: Registered PF_UNIX/PF_LOCAL protocol family
[    0.224696] RPC: Registered named UNIX socket transport module.
[    0.224725] RPC: Registered udp transport module.
[    0.224733] RPC: Registered tcp transport module.
[    0.224740] RPC: Registered tcp-with-tls transport module.
[    0.224746] RPC: Registered tcp NFSv4.1 backchannel transport module.
[    0.224773] PCI: CLS 0 bytes, default 64
[    0.226217] Initialise system trusted keyrings
[    0.227325] workingset: timestamp_bits=14 max_order=17 bucket_order=3
[    0.228580] NFS: Registering the id_resolver key type
[    0.228664] Key type id_resolver registered
[    0.228673] Key type id_legacy registered
[    0.228724] jffs2: version 2.2. (NAND) (SUMMARY)  Â© 2001-2006 Red Hat, Inc.
[    0.229179] Key type asymmetric registered
[    0.229200] Asymmetric key parser 'x509' registered
[    0.229270] io scheduler mq-deadline registered
[    0.229284] io scheduler kyber registered
[    0.229356] io scheduler bfq registered
[    0.244261] Serial: 8250/16550 driver, 6 ports, IRQ sharing enabled
[    0.307193] brd: module loaded
[    0.318357] loop: module loaded
[    0.319294] mtdoops: mtd device (mtddev=name/number) must be supplied
[    0.335195] mdio_bus fixed-0: using lookup tables for GPIO lookup
[    0.335229] mdio_bus fixed-0: No GPIO consumer reset found
[    0.336630] i2c_dev: i2c /dev entries driver
[    0.337607] cpuidle: enable-method property 'ti,am3352' found operations
[    0.338057] sdhci: Secure Digital Host Controller Interface driver
[    0.338069] sdhci: Copyright(c) Pierre Ossman
[    0.338241] sdhci-pltfm: SDHCI platform and OF driver helper
[    0.338553] ledtrig-cpu: registered to indicate activity on CPUs
[    0.339493] Initializing XFRM netlink socket
[    0.339618] NET: Registered PF_INET6 protocol family
[    0.341457] Segment Routing with IPv6
[    0.341553] In-situ OAM (IOAM) with IPv6
[    0.341652] sit: IPv6, IPv4 and MPLS over IPv4 tunneling driver
[    0.342595] NET: Registered PF_PACKET protocol family
[    0.342640] NET: Registered PF_KEY protocol family
[    0.342773] Key type dns_resolver registered
[    0.343046] ThumbEE CPU extension supported.
[    0.343071] Registering SWP/SWPB emulation handler
[    0.343595] omap_voltage_late_init: Voltage driver support not added
[    0.344141] SmartReflex Class3 initialized
[    0.364673] Loading compiled-in X.509 certificates
[    0.423248] gpiochip_find_base_unlocked: found new base at 512
[    0.431662] platform 44e10800.pinmux: Fixed dependency cycle(s) with /ocp/interconnect@44c00000/segment@200000/target-module@10000/scm@0/pinmux@800/clkout2-pins
[    0.432225] pinctrl-single 44e10800.pinmux: 142 pins, size 568
[    0.437587] ti-sysc 44e31000.target-module: probe with driver ti-sysc failed with error -16
[    0.473516] ti-sysc 48040000.target-module: probe with driver ti-sysc failed with error -16
[    0.484677] gpiochip_find_base_unlocked: found new base at 512
[    0.484794] gpio gpiochip0: (gpio-0-31): created GPIO range 0->7 ==> 44e10800.pinmux PIN 0->7
[    0.484816] gpio gpiochip0: (gpio-0-31): created GPIO range 8->11 ==> 44e10800.pinmux PIN 90->93
[    0.484833] gpio gpiochip0: (gpio-0-31): created GPIO range 12->27 ==> 44e10800.pinmux PIN 12->27
[    0.484850] gpio gpiochip0: (gpio-0-31): created GPIO range 28->31 ==> 44e10800.pinmux PIN 30->33
[    0.524106] gpio gpiochip0: (gpio-0-31): added GPIO chardev (254:0)
[    0.524296] gpio gpiochip0: registered GPIOs 512 to 543 on gpio-0-31
[    0.524382] OMAP GPIO hardware version 0.1
[    0.550687] i2c i2c-2: using DT '/ocp/interconnect@48000000/segment@100000/target-module@9c000/i2c@0' for 'scl' GPIO lookup
[    0.550790] of_get_named_gpiod_flags: can't parse 'scl-gpios' property of node '/ocp/interconnect@48000000/segment@100000/target-module@9c000/i2c@0[0]'
[    0.550838] of_get_named_gpiod_flags: can't parse 'scl-gpio' property of node '/ocp/interconnect@48000000/segment@100000/target-module@9c000/i2c@0[0]'
[    0.550877] i2c i2c-2: using lookup tables for GPIO lookup
[    0.550889] i2c i2c-2: No GPIO consumer scl found
[    0.550913] i2c i2c-2: using DT '/ocp/interconnect@48000000/segment@100000/target-module@9c000/i2c@0' for 'sda' GPIO lookup
[    0.550952] of_get_named_gpiod_flags: can't parse 'sda-gpios' property of node '/ocp/interconnect@48000000/segment@100000/target-module@9c000/i2c@0[0]'
[    0.550992] of_get_named_gpiod_flags: can't parse 'sda-gpio' property of node '/ocp/interconnect@48000000/segment@100000/target-module@9c000/i2c@0[0]'
[    0.551026] i2c i2c-2: using lookup tables for GPIO lookup
[    0.551035] i2c i2c-2: No GPIO consumer sda found
[    0.551746] omap_i2c 4819c000.i2c: bus 2 rev0.11 at 100 kHz
[    0.557326] gpiochip_find_base_unlocked: found new base at 544
[    0.557438] gpio gpiochip1: (gpio-32-63): created GPIO range 0->17 ==> 44e10800.pinmux PIN 34->51
[    0.557460] gpio gpiochip1: (gpio-32-63): created GPIO range 18->21 ==> 44e10800.pinmux PIN 77->80
[    0.557477] gpio gpiochip1: (gpio-32-63): created GPIO range 22->31 ==> 44e10800.pinmux PIN 56->65
[    0.575033] gpio gpiochip1: (gpio-32-63): added GPIO chardev (254:1)
[    0.575206] gpio gpiochip1: registered GPIOs 544 to 575 on gpio-32-63
[    0.577462] gpiochip_find_base_unlocked: found new base at 576
[    0.577567] gpio gpiochip2: (gpio-64-95): created GPIO range 0->4 ==> 44e10800.pinmux PIN 66->70
[    0.577589] gpio gpiochip2: (gpio-64-95): created GPIO range 5->6 ==> 44e10800.pinmux PIN 98->99
[    0.577606] gpio gpiochip2: (gpio-64-95): created GPIO range 7->8 ==> 44e10800.pinmux PIN 75->76
[    0.577624] gpio gpiochip2: (gpio-64-95): created GPIO range 13->13 ==> 44e10800.pinmux PIN 141->141
[    0.577641] gpio gpiochip2: (gpio-64-95): created GPIO range 14->21 ==> 44e10800.pinmux PIN 100->107
[    0.578245] gpio gpiochip2: (gpio-64-95): added GPIO chardev (254:2)
[    0.578398] gpio gpiochip2: registered GPIOs 576 to 607 on gpio-64-95
[    0.583970] 48000000.interconnect:segment@200000:target-module@0:mpu@0:fck: device ID is greater than 24
[    0.588169] platform 4830e000.lcdc: Fixed dependency cycle(s) with /ocp/interconnect@44c00000/segment@200000/target-module@b000/i2c@0/tda19988@70
[    0.597555] mdio_bus 4a101000.mdio: using DT '/ocp/interconnect@4a000000/segment@0/target-module@100000/switch@0/mdio@1000' for 'reset' GPIO lookup
[    0.597635] of_get_named_gpiod_flags: can't parse 'reset-gpios' property of node '/ocp/interconnect@4a000000/segment@0/target-module@100000/switch@0/mdio@1000[0]'
[    0.597687] of_get_named_gpiod_flags: can't parse 'reset-gpio' property of node '/ocp/interconnect@4a000000/segment@0/target-module@100000/switch@0/mdio@1000[0]'
[    0.597737] mdio_bus 4a101000.mdio: using lookup tables for GPIO lookup
[    0.597749] mdio_bus 4a101000.mdio: No GPIO consumer reset found
[    0.599063] sdhci-omap 481d8000.mmc: using DT '/ocp/interconnect@48000000/segment@100000/target-module@d8000/mmc@0' for 'wp' GPIO lookup
[    0.599134] of_get_named_gpiod_flags: can't parse 'wp-gpios' property of node '/ocp/interconnect@48000000/segment@100000/target-module@d8000/mmc@0[0]'
[    0.599180] of_get_named_gpiod_flags: can't parse 'wp-gpio' property of node '/ocp/interconnect@48000000/segment@100000/target-module@d8000/mmc@0[0]'
[    0.599218] sdhci-omap 481d8000.mmc: using lookup tables for GPIO lookup
[    0.599231] sdhci-omap 481d8000.mmc: No GPIO consumer wp found
[    0.599427] sdhci-omap 481d8000.mmc: supply pbias not found, using dummy regulator
[    0.599890] sdhci-omap 481d8000.mmc: supply vqmmc not found, using dummy regulator
[    0.675870] davinci_mdio 4a101000.mdio: davinci mdio revision 1.6, bus freq 1000000
[    0.700246] mdio_bus 4a101000.mdio:00: using DT '/ocp/interconnect@4a000000/segment@0/target-module@100000/switch@0/mdio@1000/ethernet-phy@0' for 'reset' GPIO lookup
[    0.700355] of_get_named_gpiod_flags: parsed 'reset-gpios' property of node '/ocp/interconnect@4a000000/segment@0/target-module@100000/switch@0/mdio@1000/ethernet-phy@0[0]' - status (0)
[    0.700526] gpio gpiochip0: Persistence not supported for GPIO 8
[    0.793131] davinci_mdio 4a101000.mdio: phy[0]: device 4a101000.mdio:00, driver SMSC LAN8710/LAN8720
[    0.793900] cpsw-switch 4a100000.switch: initialized cpsw ale version 1.4
[    0.793926] cpsw-switch 4a100000.switch: ALE Table size 1024
[    0.794202] cpsw-switch 4a100000.switch: cpts: overflow check period 500 (jiffies)
[    0.794229] cpsw-switch 4a100000.switch: CPTS: ref_clk_freq:250000000 calc_mult:2147483648 calc_shift:29 error:0 nsec/sec
[    0.794338] cpsw-switch 4a100000.switch: Detected MACID = 6c:ec:eb:68:de:78
[    0.796162] cpsw-switch 4a100000.switch: initialized (regs 0x4a100000, pool size 256) hw_ver:0019010C 1.12 (0)
[    0.807023] debugfs: Directory '49000000.dma' with parent 'dmaengine' already present!
[    0.807072] edma 49000000.dma: TI EDMA DMA engine driver
[    0.845747] target-module@4b000000:target-module@140000:pmu@0:fck: device ID is greater than 24
[    0.872484] hw perfevents: enabled with armv7_cortex_a8 PMU driver, 5 counters available
[    0.873382] gpio-clk clk_mcasp0: using DT '/clk_mcasp0' for 'enable' GPIO lookup
[    0.873451] of_get_named_gpiod_flags: parsed 'enable-gpios' property of node '/clk_mcasp0[0]' - status (0)
[    0.873496] gpio gpiochip0: Persistence not supported for GPIO 27
[    0.874535] gpiochip_find_base_unlocked: found new base at 608
[    0.874661] gpio gpiochip3: (gpio-96-127): created GPIO range 0->7 ==> 44e10800.pinmux PIN 82->89
[    0.874684] gpio gpiochip3: (gpio-96-127): created GPIO range 8->11 ==> 44e10800.pinmux PIN 52->55
[    0.874702] gpio gpiochip3: (gpio-96-127): created GPIO range 12->15 ==> 44e10800.pinmux PIN 94->97
[    0.874719] gpio gpiochip3: (gpio-96-127): created GPIO range 16->17 ==> 44e10800.pinmux PIN 71->72
[    0.874736] gpio gpiochip3: (gpio-96-127): created GPIO range 18->18 ==> 44e10800.pinmux PIN 135->135
[    0.874754] gpio gpiochip3: (gpio-96-127): created GPIO range 19->20 ==> 44e10800.pinmux PIN 108->109
[    0.874772] gpio gpiochip3: (gpio-96-127): created GPIO range 21->21 ==> 44e10800.pinmux PIN 73->73
[    0.874792] gpio gpiochip3: (gpio-96-127): created GPIO range 22->23 ==> 44e10800.pinmux PIN 8->9
[    0.874812] gpio gpiochip3: (gpio-96-127): created GPIO range 26->27 ==> 44e10800.pinmux PIN 10->11
[    0.874831] gpio gpiochip3: (gpio-96-127): created GPIO range 28->28 ==> 44e10800.pinmux PIN 74->74
[    0.874851] gpio gpiochip3: (gpio-96-127): created GPIO range 29->29 ==> 44e10800.pinmux PIN 81->81
[    0.874871] gpio gpiochip3: (gpio-96-127): created GPIO range 30->31 ==> 44e10800.pinmux PIN 28->29
[    0.880632] l3-aon-clkctrl:0000:0: failed to disable
[    0.890405] gpio gpiochip3: (gpio-96-127): added GPIO chardev (254:3)
[    0.890575] gpio gpiochip3: registered GPIOs 608 to 639 on gpio-96-127
[    0.903980] omap8250 44e09000.serial: using DT '/ocp/interconnect@44c00000/segment@200000/target-module@9000/serial@0' for 'rs485-term' GPIO lookup
[    0.904062] of_get_named_gpiod_flags: can't parse 'rs485-term-gpios' property of node '/ocp/interconnect@44c00000/segment@200000/target-module@9000/serial@0[0]'
[    0.904109] of_get_named_gpiod_flags: can't parse 'rs485-term-gpio' property of node '/ocp/interconnect@44c00000/segment@200000/target-module@9000/serial@0[0]'
[    0.904149] omap8250 44e09000.serial: using lookup tables for GPIO lookup
[    0.904161] omap8250 44e09000.serial: No GPIO consumer rs485-term found
[    0.904172] omap8250 44e09000.serial: using DT '/ocp/interconnect@44c00000/segment@200000/target-module@9000/serial@0' for 'rs485-rx-during-tx' GPIO lookup
[    0.904210] of_get_named_gpiod_flags: can't parse 'rs485-rx-during-tx-gpios' property of node '/ocp/interconnect@44c00000/segment@200000/target-module@9000/serial@0[0]'
[    0.904250] of_get_named_gpiod_flags: can't parse 'rs485-rx-during-tx-gpio' property of node '/ocp/interconnect@44c00000/segment@200000/target-module@9000/serial@0[0]'
[    0.904285] omap8250 44e09000.serial: using lookup tables for GPIO lookup
[    0.904295] omap8250 44e09000.serial: No GPIO consumer rs485-rx-during-tx found
[    0.904691] 44e09000.serial: ttyS0 at MMIO 0x44e09000 (irq = 34, base_baud = 3000000) is a 8250
[    0.904779] printk: legacy console [ttyS0] enabled
[    2.127327] i2c i2c-0: using DT '/ocp/interconnect@44c00000/segment@200000/target-module@b000/i2c@0' for 'scl' GPIO lookup
[    2.127416] of_get_named_gpiod_flags: can't parse 'scl-gpios' property of node '/ocp/interconnect@44c00000/segment@200000/target-module@b000/i2c@0[0]'
[    2.127466] of_get_named_gpiod_flags: can't parse 'scl-gpio' property of node '/ocp/interconnect@44c00000/segment@200000/target-module@b000/i2c@0[0]'
[    2.127507] i2c i2c-0: using lookup tables for GPIO lookup
[    2.127521] i2c i2c-0: No GPIO consumer scl found
[    2.127547] i2c i2c-0: using DT '/ocp/interconnect@44c00000/segment@200000/target-module@b000/i2c@0' for 'sda' GPIO lookup
[    2.127588] of_get_named_gpiod_flags: can't parse 'sda-gpios' property of node '/ocp/interconnect@44c00000/segment@200000/target-module@b000/i2c@0[0]'
[    2.127629] of_get_named_gpiod_flags: can't parse 'sda-gpio' property of node '/ocp/interconnect@44c00000/segment@200000/target-module@b000/i2c@0[0]'
[    2.127666] i2c i2c-0: using lookup tables for GPIO lookup
[    2.127677] i2c i2c-0: No GPIO consumer sda found
[    2.154851] tps65217-pmic: Failed to locate of_node [id: -1]
[    2.160940] tps65217-bl: Failed to locate of_node [id: -1]
[    2.172240] tps65217 0-0024: TPS65217 ID 0xe version 1.2
[    2.178378] platform 4830e000.lcdc: Fixed dependency cycle(s) with /ocp/interconnect@44c00000/segment@200000/target-module@b000/i2c@0/tda19988@70
[    2.191857] i2c 0-0070: Fixed dependency cycle(s) with /ocp/interconnect@48000000/segment@300000/target-module@e000/lcdc@0
[    2.203263] omap_i2c 44e0b000.i2c: bus 0 rev0.11 at 400 kHz
[    2.211226] sdhci-omap 48060000.mmc: using DT '/ocp/interconnect@48000000/segment@0/target-module@60000/mmc@0' for 'cd' GPIO lookup
[    2.211336] of_get_named_gpiod_flags: parsed 'cd-gpios' property of node '/ocp/interconnect@48000000/segment@0/target-module@60000/mmc@0[0]' - status (0)
[    2.211405] gpio gpiochip3: Persistence not supported for GPIO 6
[    2.211430] omap_gpio 44e07000.gpio: Could not set line 6 debounce to 200000 microseconds (-22)
[    2.220341] sdhci-omap 48060000.mmc: Got CD GPIO
[    2.225037] sdhci-omap 48060000.mmc: using DT '/ocp/interconnect@48000000/segment@0/target-module@60000/mmc@0' for 'wp' GPIO lookup
[    2.225089] of_get_named_gpiod_flags: can't parse 'wp-gpios' property of node '/ocp/interconnect@48000000/segment@0/target-module@60000/mmc@0[0]'
[    2.225134] of_get_named_gpiod_flags: can't parse 'wp-gpio' property of node '/ocp/interconnect@48000000/segment@0/target-module@60000/mmc@0[0]'
[    2.225174] sdhci-omap 48060000.mmc: using lookup tables for GPIO lookup
[    2.225188] sdhci-omap 48060000.mmc: No GPIO consumer wp found
[    2.225403] sdhci-omap 48060000.mmc: supply pbias not found, using dummy regulator
[    2.234606] sdhci-omap 481d8000.mmc: using DT '/ocp/interconnect@48000000/segment@100000/target-module@d8000/mmc@0' for 'wp' GPIO lookup
[    2.234689] of_get_named_gpiod_flags: can't parse 'wp-gpios' property of node '/ocp/interconnect@48000000/segment@100000/target-module@d8000/mmc@0[0]'
[    2.234738] of_get_named_gpiod_flags: can't parse 'wp-gpio' property of node '/ocp/interconnect@48000000/segment@100000/target-module@d8000/mmc@0[0]'
[    2.234778] sdhci-omap 481d8000.mmc: using lookup tables for GPIO lookup
[    2.234792] sdhci-omap 481d8000.mmc: No GPIO consumer wp found
[    2.235926] sdhci-omap 48060000.mmc: supply vqmmc not found, using dummy regulator
[    2.244852] sdhci-omap 481d8000.mmc: supply pbias not found, using dummy regulator
[    2.252848] sdhci-omap 481d8000.mmc: supply vqmmc not found, using dummy regulator
[    2.291221] mmc1: SDHCI controller on 481d8000.mmc [481d8000.mmc] using External DMA
[    2.300425] mmc0: SDHCI controller on 48060000.mmc [48060000.mmc] using External DMA
[    2.309192] cpsw-switch 4a100000.switch: starting ndev. mode: dual_mac
[    2.352943] mmc0: new high speed SDHC card at address 5048
[    2.359975] mmcblk0: mmc0:5048 SD16G 14.4 GiB
[    2.367973]  mmcblk0: p1 p2
[    2.371337] mmcblk0: p2 size 31221760 extends beyond EOD, truncated
[    2.385796] mmc1: new high speed MMC card at address 0001
[    2.392534] mmcblk1: mmc1:0001 MMC04G 3.60 GiB
[    2.400136]  mmcblk1: p1 p2
[    2.403903] SMSC LAN8710/LAN8720 4a101000.mdio:00: attached PHY driver (mii_bus:phy_addr=4a101000.mdio:00, irq=POLL)
[    2.416006] mmcblk1boot0: mmc1:0001 MMC04G 2.00 MiB
[    2.427965] mmcblk1boot1: mmc1:0001 MMC04G 2.00 MiB
[    2.435765] mmcblk1rpmb: mmc1:0001 MMC04G 128 KiB, chardev (250:0)
[    5.604515] cpsw-switch 4a100000.switch eth0: Link is Up - 100Mbps/Full - flow control off
[    5.663776] IP-Config: Complete:
[    5.667054]      device=eth0, hwaddr=6c:ec:eb:68:de:78, ipaddr=192.168.255.1, mask=255.255.255.0, gw=255.255.255.255
[    5.677682]      host=bbb1, domain=, nis-domain=(none)
[    5.682849]      bootserver=192.168.255.126, rootserver=192.168.255.126, rootpath=
[    5.683283] clk: Disabling unused clocks
[    5.695110] PM: genpd: Disabling unused power domains
[    5.700226] KTAP version 1
[    5.702946] 1..0
[    5.727455] VFS: Mounted root (nfs filesystem) on device 0:17.
[    5.734335] devtmpfs: mounted
[    5.739007] Freeing unused kernel image (initmem) memory: 1024K
[    5.745757] Run /sbin/init as init process
[    5.749888]   with arguments:
[    5.749900]     /sbin/init
[    5.749909]     nfsrootdebug
[    5.749918]   with environment:
[    5.749927]     HOME=/
[    5.749935]     TERM=linux
[    6.437143] systemd[1]: System time before build time, advancing clock.
[    7.893775] random: crng init done
[    7.965038] systemd[1]: systemd 232 running in system mode. (+PAM +AUDIT +SELINUX +IMA +APPARMOR +SMACK +SYSVINIT +UTMP +LIBCRYPTSETUP +GCRYPT +GNUTLS +ACL +XZ +LZ4 +SECCOMP +BLKID +ELFUTILS +KMOD +IDN)
[    7.984165] systemd[1]: Detected architecture arm.
[    8.026802] systemd[1]: Set hostname to <arm>.
[    9.119891] systemd[1]: Created slice User and Session Slice.
[    9.154853] systemd[1]: Started Dispatch Password Requests to Console Directory Watch.
[    9.195741] systemd[1]: Listening on udev Control Socket.
[    9.234849] systemd[1]: Listening on Journal Audit Socket.
[    9.275744] systemd[1]: Listening on /dev/initctl Compatibility Named Pipe.
[    9.314165] systemd[1]: Reached target Remote File Systems.
[    9.355608] systemd[1]: Listening on Syslog Socket.
[   11.648178] systemd-journald[93]: Received request to flush runtime journal from PID 1
[   14.297497] leds-gpio leds: using DT '/leds/led2' for '(default)' GPIO lookup
[   14.297602] of_get_named_gpiod_flags: parsed 'gpios' property of node '/leds/led2[0]' - status (0)
[   14.297657] gpio gpiochip0: Persistence not supported for GPIO 21
[   14.297673] gpio-533 (?): no flags found for GPIO (default)
[   14.344691] leds-gpio leds: using DT '/leds/led3' for '(default)' GPIO lookup
[   14.344802] of_get_named_gpiod_flags: parsed 'gpios' property of node '/leds/led3[0]' - status (0)
[   14.344859] gpio gpiochip0: Persistence not supported for GPIO 22
[   14.344874] gpio-534 (?): no flags found for GPIO (default)
[   14.400955] leds-gpio leds: using DT '/leds/led4' for '(default)' GPIO lookup
[   14.401058] of_get_named_gpiod_flags: parsed 'gpios' property of node '/leds/led4[0]' - status (0)
[   14.401110] gpio gpiochip0: Persistence not supported for GPIO 23
[   14.401125] gpio-535 (?): no flags found for GPIO (default)
[   14.426509] leds-gpio leds: using DT '/leds/led5' for '(default)' GPIO lookup
[   14.426614] of_get_named_gpiod_flags: parsed 'gpios' property of node '/leds/led5[0]' - status (0)
[   14.426668] gpio gpiochip0: Persistence not supported for GPIO 24
[   14.426683] gpio-536 (?): no flags found for GPIO (default)
[   14.664922] remoteproc remoteproc0: wkup_m3 is available
[   15.100124] omap_rtc 44e3e000.rtc: registered as rtc0
[   15.105747] omap_rtc 44e3e000.rtc: setting system clock to 2000-01-01T00:00:00 UTC (946684800)
[   15.114689] omap_rtc 44e3e000.rtc: using DT '/ocp/interconnect@44c00000/segment@200000/target-module@3e000/rtc@0' for 'wp' GPIO lookup
[   15.114767] of_get_named_gpiod_flags: can't parse 'wp-gpios' property of node '/ocp/interconnect@44c00000/segment@200000/target-module@3e000/rtc@0[0]'
[   15.114819] of_get_named_gpiod_flags: can't parse 'wp-gpio' property of node '/ocp/interconnect@44c00000/segment@200000/target-module@3e000/rtc@0[0]'
[   15.114861] omap_rtc 44e3e000.rtc: using lookup tables for GPIO lookup
[   15.114876] omap_rtc 44e3e000.rtc: No GPIO consumer wp found
[   15.164712] am335x-phy-driver 47401300.usb-phy: using DT '/ocp/target-module@47400000/usb-phy@1300' for 'reset' GPIO lookup
[   15.164806] of_get_named_gpiod_flags: can't parse 'reset-gpios' property of node '/ocp/target-module@47400000/usb-phy@1300[0]'
[   15.164855] of_get_named_gpiod_flags: can't parse 'reset-gpio' property of node '/ocp/target-module@47400000/usb-phy@1300[0]'
[   15.164894] am335x-phy-driver 47401300.usb-phy: using lookup tables for GPIO lookup
[   15.164910] am335x-phy-driver 47401300.usb-phy: No GPIO consumer reset found
[   15.164924] am335x-phy-driver 47401300.usb-phy: using DT '/ocp/target-module@47400000/usb-phy@1300' for 'vbus-detect' GPIO lookup
[   15.164955] of_get_named_gpiod_flags: can't parse 'vbus-detect-gpios' property of node '/ocp/target-module@47400000/usb-phy@1300[0]'
[   15.164989] of_get_named_gpiod_flags: can't parse 'vbus-detect-gpio' property of node '/ocp/target-module@47400000/usb-phy@1300[0]'
[   15.165016] am335x-phy-driver 47401300.usb-phy: using lookup tables for GPIO lookup
[   15.165028] am335x-phy-driver 47401300.usb-phy: No GPIO consumer vbus-detect found
[   15.165176] am335x-phy-driver 47401300.usb-phy: dummy supplies not allowed for exclusive requests (id=vbus)
[   15.214520] omap_wdt: OMAP Watchdog Timer Rev 0x01: initial timeout 60 sec
[   15.408865] am335x-phy-driver 47401b00.usb-phy: using DT '/ocp/target-module@47400000/usb-phy@1b00' for 'reset' GPIO lookup
[   15.408963] of_get_named_gpiod_flags: can't parse 'reset-gpios' property of node '/ocp/target-module@47400000/usb-phy@1b00[0]'
[   15.409011] of_get_named_gpiod_flags: can't parse 'reset-gpio' property of node '/ocp/target-module@47400000/usb-phy@1b00[0]'
[   15.409051] am335x-phy-driver 47401b00.usb-phy: using lookup tables for GPIO lookup
[   15.409067] am335x-phy-driver 47401b00.usb-phy: No GPIO consumer reset found
[   15.409083] am335x-phy-driver 47401b00.usb-phy: using DT '/ocp/target-module@47400000/usb-phy@1b00' for 'vbus-detect' GPIO lookup
[   15.409116] of_get_named_gpiod_flags: can't parse 'vbus-detect-gpios' property of node '/ocp/target-module@47400000/usb-phy@1b00[0]'
[   15.409152] of_get_named_gpiod_flags: can't parse 'vbus-detect-gpio' property of node '/ocp/target-module@47400000/usb-phy@1b00[0]'
[   15.409180] am335x-phy-driver 47401b00.usb-phy: using lookup tables for GPIO lookup
[   15.409192] am335x-phy-driver 47401b00.usb-phy: No GPIO consumer vbus-detect found
[   15.409341] am335x-phy-driver 47401b00.usb-phy: dummy supplies not allowed for exclusive requests (id=vbus)
[   15.445226] usbcore: registered new interface driver usbfs
[   15.450858] usbcore: registered new interface driver hub
[   15.456478] usbcore: registered new device driver usb
[   15.616937] at24 2-0054: supply vcc not found, using dummy regulator
[   15.625987] tps6521x_pwrbutton tps65217-pwrbutton: DMA mask not set
[   15.728839] input: tps65217_pwrbutton as /devices/platform/ocp/44c00000.interconnect/44c00000.interconnect:segment@200000/44e0b000.target-module/44e0b000.i2c/i2c-0/0-0024/tps65217-pwrbutton/input/input0
[   15.800236] at24 2-0055: supply vcc not found, using dummy regulator
[   15.898779] at24 2-0056: supply vcc not found, using dummy regulator
[   15.998920] at24 2-0057: supply vcc not found, using dummy regulator
[   16.111259] at24 0-0050: using DT '/ocp/interconnect@44c00000/segment@200000/target-module@b000/i2c@0/baseboard_eeprom@50' for 'wp' GPIO lookup
[   16.111377] of_get_named_gpiod_flags: can't parse 'wp-gpios' property of node '/ocp/interconnect@44c00000/segment@200000/target-module@b000/i2c@0/baseboard_eeprom@50[0]'
[   16.111564] of_get_named_gpiod_flags: can't parse 'wp-gpio' property of node '/ocp/interconnect@44c00000/segment@200000/target-module@b000/i2c@0/baseboard_eeprom@50[0]'
[   16.111622] at24 0-0050: using lookup tables for GPIO lookup
[   16.111638] at24 0-0050: No GPIO consumer wp found
[   16.111925] at24 0-0050: 32768 byte 24c256 EEPROM, writable, 1 bytes/write
[   16.460787] wkup_m3_ipc 44e11324.wkup_m3_ipc: IPC Request for A8->M3 Channel failed! -517
[   16.482002] wkup_m3_ipc 44e11324.wkup_m3_ipc: IPC Request for A8->M3 Channel failed! -517
[   16.612316] musb-hdrc musb-hdrc.1: MUSB HDRC host driver
[   16.617885] musb-hdrc musb-hdrc.1: new USB bus registered, assigned bus number 1
[   16.648944] wkup_m3_ipc 44e11324.wkup_m3_ipc: IPC Request for A8->M3 Channel failed! -517
[   16.814771] usb usb1: New USB device found, idVendor=1d6b, idProduct=0002, bcdDevice= 6.11
[   16.823131] usb usb1: New USB device strings: Mfr=3, Product=2, SerialNumber=1
[   16.830539] usb usb1: Product: MUSB HDRC host driver
[   16.835581] usb usb1: Manufacturer: Linux 6.11.0-g73ea23d406f1 musb-hcd
[   16.842232] usb usb1: SerialNumber: musb-hdrc.1
[   17.009062] hub 1-0:1.0: USB hub found
[   17.144761] hub 1-0:1.0: 1 port detected
[   17.184853] wkup_m3_ipc 44e11324.wkup_m3_ipc: IPC Request for A8->M3 Channel failed! -517
[   17.503683] wkup_m3_ipc 44e11324.wkup_m3_ipc: IPC Request for A8->M3 Channel failed! -517
[   17.747174] tda998x 0-0070: found TDA19988
[   17.793131] omap-mailbox 480c8000.mailbox: omap mailbox rev 0x400
[   17.918673] remoteproc remoteproc0: powering up wkup_m3
[   18.048091] remoteproc remoteproc0: Direct firmware load for am335x-pm-firmware.elf failed with error -2
[   18.057881] remoteproc remoteproc0: request_firmware failed: -2
[   18.063933] wkup_m3_ipc 44e11324.wkup_m3_ipc: rproc_boot failed
[   20.222115] tilcdc 4830e000.lcdc: bound 0-0070 (ops tda998x_driver_exit [tda998x])
[   20.335945] [drm] Initialized tilcdc 1.0.0 for 4830e000.lcdc on minor 0
[   20.409954] tilcdc 4830e000.lcdc: [drm] Cannot find any crtc or sizes
[   20.437801] omap_rng 48310000.rng: Random Number Generator ver. 20
[   20.469778] tilcdc 4830e000.lcdc: [drm] Cannot find any crtc or sizes
[   21.261237] PM: Cannot get wkup_m3_ipc handle
[   21.348374] omap-sham 53100000.sham: hw accel on OMAP rev 4.3
[   21.530973] omap-sham 53100000.sham: will run requests pump with realtime priority
[   21.542443] PM: Cannot get wkup_m3_ipc handle
[   21.590249] omap-aes 53500000.aes: OMAP AES hw accel rev: 3.2
[   21.744798] omap-aes 53500000.aes: will run requests pump with realtime priority
[   21.755093] PM: Cannot get wkup_m3_ipc handle
[   22.971474] Bluetooth: Core ver 2.22
[   22.975628] NET: Registered PF_BLUETOOTH protocol family
[   22.980985] Bluetooth: HCI device and connection manager initialized
[   22.987568] Bluetooth: HCI socket layer initialized
[   22.992487] Bluetooth: L2CAP socket layer initialized
[   22.997675] Bluetooth: SCO socket layer initialized
[   25.718150] PM: Cannot get wkup_m3_ipc handle
[   25.724175] asoc-simple-card sound: using DT '/sound' for 'simple-audio-card,hp-det' GPIO lookup
[   25.724247] of_get_named_gpiod_flags: can't parse 'simple-audio-card,hp-det-gpios' property of node '/sound[0]'
[   25.724284] of_get_named_gpiod_flags: can't parse 'simple-audio-card,hp-det-gpio' property of node '/sound[0]'
[   25.724310] asoc-simple-card sound: using lookup tables for GPIO lookup
[   25.724325] asoc-simple-card sound: No GPIO consumer simple-audio-card,hp-det found
[   25.724339] asoc-simple-card sound: using DT '/sound' for 'simple-audio-card,mic-det' GPIO lookup
[   25.724362] of_get_named_gpiod_flags: can't parse 'simple-audio-card,mic-det-gpios' property of node '/sound[0]'
[   25.724389] of_get_named_gpiod_flags: can't parse 'simple-audio-card,mic-det-gpio' property of node '/sound[0]'
[   25.724408] asoc-simple-card sound: using lookup tables for GPIO lookup
[   25.724420] asoc-simple-card sound: No GPIO consumer simple-audio-card,mic-det found
[   25.850653] PM: Cannot get wkup_m3_ipc handle
[   28.076263] userial_init: registered 8 ttyGS* devices
[   28.325195] rndis_register: configNr = 0
[   28.412114] udc musb-hdrc.0: binding gadget driver [g_multi]
[   28.412217] configfs-gadget.g_multi gadget.0: adding 'rndis'/48e77465 to config 'c'/b24b97b2
[   28.413360] configfs-gadget.g_multi gadget.0: HOST MAC 1c:ba:8c:a2:ed:6c
[   28.420373] configfs-gadget.g_multi gadget.0: MAC 1c:ba:8c:a2:ed:70
[   28.426795] rndis_set_param_medium: 0 0
[   28.426817] configfs-gadget.g_multi gadget.0: RNDIS: IN/ep1in OUT/ep1out NOTIFY/ep2in
[   28.426835] configfs-gadget.g_multi gadget.0: adding 'cdc_ethernet'/ee08b975 to config 'c'/b24b97b2
[   28.427824] configfs-gadget.g_multi gadget.0: HOST MAC 1c:ba:8c:a2:ed:6c
[   28.434682] configfs-gadget.g_multi gadget.0: MAC 1c:ba:8c:a2:ed:6d
[   28.441029] configfs-gadget.g_multi gadget.0: CDC Ethernet: IN/ep3in OUT/ep2out NOTIFY/ep4in
[   28.441048] configfs-gadget.g_multi gadget.0: adding 'acm'/59585657 to config 'c'/b24b97b2
[   28.441083] configfs-gadget.g_multi gadget.0: acm ttyGS0: IN/ep5in OUT/ep3out NOTIFY/ep6in
[   28.447212] PM: Cannot get wkup_m3_ipc handle
[   29.841102] configfs-gadget.g_multi gadget.0: eth_open
[   30.871420] configfs-gadget.g_multi gadget.0: stop stats: rx/tx 0/0, errs 0/0
[   34.869672] gs_open: ttyGS0 (736a515e,3f227a3b)
[   34.869804] gs_close: ttyGS0 (736a515e,3f227a3b) ...
[   34.869825] gs_close: ttyGS0 (736a515e,3f227a3b) done!
[   34.883208] gs_open: ttyGS0 (41eaf1ec,210255d5)
[   34.883360] gs_close: ttyGS0 (41eaf1ec,210255d5) ...
[   34.883384] gs_close: ttyGS0 (41eaf1ec,210255d5) done!
[   35.033701] gs_open: ttyGS0 (41eaf1ec,7c7f1f91)
[   35.037737] gs_close: ttyGS0 (41eaf1ec,7c7f1f91) ...
[   35.037809] gs_close: ttyGS0 (41eaf1ec,7c7f1f91) done!
[   35.038796] gs_open: ttyGS0 (41eaf1ec,210255d5)
[   53.871767] mva_overlay: loading out-of-tree module taints kernel.
[   53.872487] mva_overlay_init: Hello Peeps
[   53.872529] create_sysfs_for_overlays: sysfs created
[   57.688990] overlay_modify_store: got overlay data (pos=0, size=4096
[   57.689051] overlay_modify_store: pos 0
[   57.689075] overlay_modify_store: Copying data to buf[0-4095]
[   57.689099] overlay_modify_store: got overlay data (pos=4096, size=144
[   57.689114] overlay_modify_store: Writing 4240 byte overlay
[   57.690307] OF: overlay: WARNING: memory leak will occur if overlay removed, property: /ocp/interconnect@48000000/segment@0/target-module@2a000/i2c@0/pinctrl-0
[   57.690372] OF: overlay: WARNING: memory leak will occur if overlay removed, property: /ocp/interconnect@48000000/segment@0/target-module@2a000/i2c@0/clock-frequency
[   57.690409] OF: overlay: WARNING: memory leak will occur if overlay removed, property: /ocp/interconnect@48000000/segment@0/target-module@2a000/i2c@0/status
[   57.690737] OF: overlay: WARNING: memory leak will occur if overlay removed, property: /__symbols__/i2c1_pins
[   57.690777] OF: overlay: WARNING: memory leak will occur if overlay removed, property: /__symbols__/osc
[   57.690831] OF: overlay: WARNING: memory leak will occur if overlay removed, property: /__symbols__/pmic
[   57.690884] OF: overlay: WARNING: memory leak will occur if overlay removed, property: /__symbols__/buck1
[   57.690936] OF: overlay: WARNING: memory leak will occur if overlay removed, property: /__symbols__/buck2
[   57.690989] OF: overlay: WARNING: memory leak will occur if overlay removed, property: /__symbols__/buck3
[   57.691040] OF: overlay: WARNING: memory leak will occur if overlay removed, property: /__symbols__/BUCK4
[   57.691092] OF: overlay: WARNING: memory leak will occur if overlay removed, property: /__symbols__/buck5
[   57.691143] OF: overlay: WARNING: memory leak will occur if overlay removed, property: /__symbols__/buck6
[   57.691205] OF: overlay: WARNING: memory leak will occur if overlay removed, property: /__symbols__/ldo1
[   57.691260] OF: overlay: WARNING: memory leak will occur if overlay removed, property: /__symbols__/ldo2
[   57.691314] OF: overlay: WARNING: memory leak will occur if overlay removed, property: /__symbols__/ldo3
[   57.691366] OF: overlay: WARNING: memory leak will occur if overlay removed, property: /__symbols__/ldo4
[   57.691418] OF: overlay: WARNING: memory leak will occur if overlay removed, property: /__symbols__/ldo5
[   57.691470] OF: overlay: WARNING: memory leak will occur if overlay removed, property: /__symbols__/ldo6
[   57.691502] OF: overlay: WARNING: memory leak will occur if overlay removed, property: /__symbols__/irqtest
[   57.727113] PM: Cannot get wkup_m3_ipc handle
[   57.769860] i2c i2c-1: using DT '/ocp/interconnect@48000000/segment@0/target-module@2a000/i2c@0' for 'scl' GPIO lookup
[   57.769973] of_get_named_gpiod_flags: can't parse 'scl-gpios' property of node '/ocp/interconnect@48000000/segment@0/target-module@2a000/i2c@0[0]'
[   57.770025] of_get_named_gpiod_flags: can't parse 'scl-gpio' property of node '/ocp/interconnect@48000000/segment@0/target-module@2a000/i2c@0[0]'
[   57.770067] i2c i2c-1: using lookup tables for GPIO lookup
[   57.770081] i2c i2c-1: No GPIO consumer scl found
[   57.770107] i2c i2c-1: using DT '/ocp/interconnect@48000000/segment@0/target-module@2a000/i2c@0' for 'sda' GPIO lookup
[   57.770148] of_get_named_gpiod_flags: can't parse 'sda-gpios' property of node '/ocp/interconnect@48000000/segment@0/target-module@2a000/i2c@0[0]'
[   57.770190] of_get_named_gpiod_flags: can't parse 'sda-gpio' property of node '/ocp/interconnect@48000000/segment@0/target-module@2a000/i2c@0[0]'
[   57.770227] i2c i2c-1: using lookup tables for GPIO lookup
[   57.770239] i2c i2c-1: No GPIO consumer sda found
[   57.770962] omap_i2c 4802a000.i2c: bus 1 rev0.11 at 100 kHz
[   57.773201] PM: Cannot get wkup_m3_ipc handle
[   57.899686] PM: Cannot get wkup_m3_ipc handle
[   57.996449] input: bd718xx-pwrkey as /devices/platform/ocp/48000000.interconnect/48000000.interconnect:segment@0/4802a000.target-module/4802a000.i2c/i2c-1/1-004b/gpio-keys.2.auto/input/input1
[   58.002015] PM: Cannot get wkup_m3_ipc handle
[   58.143608] ldo6: IC does not support requested over voltage limits
[   58.151381] PM: Cannot get wkup_m3_ipc handle
[   63.527016] mva_test_init: Hello Peeps
[   63.692924] mva_test_probe: Hello Peeps
[   63.693081] YAY clk_get(&pdev->dev, "bd71847-32k-out"); did work
[   63.694169] PM: Cannot get wkup_m3_ipc handle
ZFXBZMUASO 0
root@arm:~# echo 'TWWO''GVQLKU'
TWWOGVQLKU
root@arm:~# MARKER='YSFX''QPKAZY' run 'modprobe test_linear_ranges'
YSFXQPKAZYYSFXQPKAZY 0
root@arm:~# echo 'TYWL''SYZOUY'
TYWLSYZOUY
root@arm:~# MARKER='MBEY''GOSOCG' run dmesg
MBEYGOSOCG[    0.000000] Booting Linux on physical CPU 0x0
[    0.000000] Linux version 6.11.0-g73ea23d406f1 (user01@drvtest01) (arm-linux-gnueabihf-gcc (Linaro GCC 6.4-2017.11) 6.4.1 20171012, GNU ld (Linaro_Binutils-2017.11) 2.27.0.20161229) #17 SMP Wed Sep 25 12:36:14 EEST 2024
[    0.000000] CPU: ARMv7 Processor [413fc082] revision 2 (ARMv7), cr=10c5387d
[    0.000000] CPU: PIPT / VIPT nonaliasing data cache, VIPT aliasing instruction cache
[    0.000000] OF: fdt: Machine model: TI AM335x BeagleBone Black
[    0.000000] Memory policy: Data cache writeback
[    0.000000] cma: Reserved 16 MiB at 0x9e800000 on node -1
[    0.000000] Zone ranges:
[    0.000000]   Normal   [mem 0x0000000080000000-0x000000009fdfffff]
[    0.000000]   HighMem  empty
[    0.000000] Movable zone start for each node
[    0.000000] Early memory node ranges
[    0.000000]   node   0: [mem 0x0000000080000000-0x000000009fdfffff]
[    0.000000] Initmem setup node 0 [mem 0x0000000080000000-0x000000009fdfffff]
[    0.000000] CPU: All CPU(s) started in SVC mode.
[    0.000000] AM335X ES2.1 (sgx neon)
[    0.000000] percpu: Embedded 17 pages/cpu s39628 r8192 d21812 u69632
[    0.000000] pcpu-alloc: s39628 r8192 d21812 u69632 alloc=17*4096
[    0.000000] pcpu-alloc: [0] 0 
[    0.000000] Kernel command line: console=ttyO0,115200n8 root=/dev/nfs rw nfsroot=192.168.255.126:/home/user01/nfs,nfsvers=3 ip=192.168.255.1:192.168.255.126::255.255.255.0:bbb1:eth0 nfsrootdebug
[    0.000000] Unknown kernel command line parameters "nfsrootdebug", will be passed to user space.
[    0.000000] Dentry cache hash table entries: 65536 (order: 6, 262144 bytes, linear)
[    0.000000] Inode-cache hash table entries: 32768 (order: 5, 131072 bytes, linear)
[    0.000000] Built 1 zonelists, mobility grouping on.  Total pages: 130560
[    0.000000] mem auto-init: stack:off, heap alloc:off, heap free:off
[    0.000000] SLUB: HWalign=64, Order=0-3, MinObjects=0, CPUs=1, Nodes=1
[    0.000000] trace event string verifier disabled
[    0.000000] rcu: Hierarchical RCU implementation.
[    0.000000] rcu: 	RCU event tracing is enabled.
[    0.000000] rcu: 	RCU restricting CPUs from NR_CPUS=2 to nr_cpu_ids=1.
[    0.000000] rcu: RCU calculated value of scheduler-enlistment delay is 10 jiffies.
[    0.000000] rcu: Adjusting geometry for rcu_fanout_leaf=16, nr_cpu_ids=1
[    0.000000] NR_IRQS: 16, nr_irqs: 16, preallocated irqs: 16
[    0.000000] IRQ: Found an INTC at 0x(ptrval) (revision 5.0) with 128 interrupts
[    0.000000] rcu: srcu_init: Setting srcu_struct sizes based on contention.
[    0.000000] TI gptimer clocksource: always-on /ocp/interconnect@44c00000/segment@200000/target-module@31000
[    0.000002] sched_clock: 32 bits at 24MHz, resolution 41ns, wraps every 89478484971ns
[    0.000029] clocksource: dmtimer: mask: 0xffffffff max_cycles: 0xffffffff, max_idle_ns: 79635851949 ns
[    0.000505] TI gptimer clockevent: 24000000 Hz at /ocp/interconnect@48000000/segment@0/target-module@40000
[    0.002136] Console: colour dummy device 80x30
[    0.002207] WARNING: Your 'console=ttyO0' has been replaced by 'ttyS0'
[    0.002217] This ensures that you still see kernel messages. Please
[    0.002223] update your kernel commandline.
[    0.002266] Calibrating delay loop... 996.14 BogoMIPS (lpj=4980736)
[    0.090559] CPU: Testing write buffer coherency: ok
[    0.090666] CPU0: Spectre v2: using BPIALL workaround
[    0.090680] pid_max: default: 32768 minimum: 301
[    0.090807] LSM: initializing lsm=capability
[    0.090975] Mount-cache hash table entries: 1024 (order: 0, 4096 bytes, linear)
[    0.090997] Mountpoint-cache hash table entries: 1024 (order: 0, 4096 bytes, linear)
[    0.092531] CPU0: thread -1, cpu 0, socket -1, mpidr 0
[    0.094254] Setting up static identity map for 0x80100000 - 0x80100078
[    0.094558] rcu: Hierarchical SRCU implementation.
[    0.094571] rcu: 	Max phase no-delay instances is 1000.
[    0.096240] smp: Bringing up secondary CPUs ...
[    0.096300] smp: Brought up 1 node, 1 CPU
[    0.096316] SMP: Total of 1 processors activated (996.14 BogoMIPS).
[    0.096330] CPU: All CPU(s) started in SVC mode.
[    0.096523] Memory: 480876K/522240K available (11264K kernel code, 1197K rwdata, 2856K rodata, 1024K init, 297K bss, 23344K reserved, 16384K cma-reserved, 0K highmem)
[    0.097313] devtmpfs: initialized
[    0.113713] VFP support v0.3: implementor 41 architecture 3 part 30 variant c rev 3
[    0.114073] clocksource: jiffies: mask: 0xffffffff max_cycles: 0xffffffff, max_idle_ns: 19112604462750000 ns
[    0.114113] futex hash table entries: 256 (order: 2, 16384 bytes, linear)
[    0.115406] pinctrl core: initialized pinctrl subsystem
[    0.118123] NET: Registered PF_NETLINK/PF_ROUTE protocol family
[    0.121119] DMA: preallocated 256 KiB pool for atomic coherent allocations
[    0.122086] audit: initializing netlink subsys (disabled)
[    0.123470] thermal_sys: Registered thermal governor 'fair_share'
[    0.123490] thermal_sys: Registered thermal governor 'step_wise'
[    0.123501] thermal_sys: Registered thermal governor 'user_space'
[    0.123614] audit: type=2000 audit(0.120:1): state=initialized audit_enabled=0 res=1
[    0.123686] cpuidle: using governor menu
[    0.142815] No ATAGs?
[    0.142849] hw-breakpoint: debug architecture 0x4 unsupported.
[    0.145733] kprobes: kprobe jump-optimization is enabled. All kprobes are optimized if possible.
[    0.164038] iommu: Default domain type: Translated
[    0.164065] iommu: DMA domain TLB invalidation policy: strict mode
[    0.165644] reg-fixed-voltage fixedregulator0: using DT '/fixedregulator0' for '(default)' GPIO lookup
[    0.165702] of_get_named_gpiod_flags: can't parse 'gpios' property of node '/fixedregulator0[0]'
[    0.165732] of_get_named_gpiod_flags: can't parse 'gpio' property of node '/fixedregulator0[0]'
[    0.165753] reg-fixed-voltage fixedregulator0: using lookup tables for GPIO lookup
[    0.165766] reg-fixed-voltage fixedregulator0: No GPIO consumer (default) found
[    0.171408] SCSI subsystem initialized
[    0.181045] libata version 3.00 loaded.
[    0.181423] pps_core: LinuxPPS API ver. 1 registered
[    0.181438] pps_core: Software ver. 5.3.6 - Copyright 2005-2007 Rodolfo Giometti <giometti@linux.it>
[    0.181465] PTP clock support registered
[    0.183364] vgaarb: loaded
[    0.183755] clocksource: Switched to clocksource dmtimer
[    0.184350] VFS: Disk quotas dquot_6.6.0
[    0.184398] VFS: Dquot-cache hash table entries: 1024 (order 0, 4096 bytes)
[    0.209809] NET: Registered PF_INET protocol family
[    0.210169] IP idents hash table entries: 8192 (order: 4, 65536 bytes, linear)
[    0.211559] tcp_listen_portaddr_hash hash table entries: 512 (order: 0, 4096 bytes, linear)
[    0.211598] Table-perturb hash table entries: 65536 (order: 6, 262144 bytes, linear)
[    0.211617] TCP established hash table entries: 4096 (order: 2, 16384 bytes, linear)
[    0.211662] TCP bind hash table entries: 4096 (order: 4, 65536 bytes, linear)
[    0.211764] TCP: Hash tables configured (established 4096 bind 4096)
[    0.211886] UDP hash table entries: 256 (order: 1, 8192 bytes, linear)
[    0.211916] UDP-Lite hash table entries: 256 (order: 1, 8192 bytes, linear)
[    0.212094] NET: Registered PF_UNIX/PF_LOCAL protocol family
[    0.224696] RPC: Registered named UNIX socket transport module.
[    0.224725] RPC: Registered udp transport module.
[    0.224733] RPC: Registered tcp transport module.
[    0.224740] RPC: Registered tcp-with-tls transport module.
[    0.224746] RPC: Registered tcp NFSv4.1 backchannel transport module.
[    0.224773] PCI: CLS 0 bytes, default 64
[    0.226217] Initialise system trusted keyrings
[    0.227325] workingset: timestamp_bits=14 max_order=17 bucket_order=3
[    0.228580] NFS: Registering the id_resolver key type
[    0.228664] Key type id_resolver registered
[    0.228673] Key type id_legacy registered
[    0.228724] jffs2: version 2.2. (NAND) (SUMMARY)  Â© 2001-2006 Red Hat, Inc.
[    0.229179] Key type asymmetric registered
[    0.229200] Asymmetric key parser 'x509' registered
[    0.229270] io scheduler mq-deadline registered
[    0.229284] io scheduler kyber registered
[    0.229356] io scheduler bfq registered
[    0.244261] Serial: 8250/16550 driver, 6 ports, IRQ sharing enabled
[    0.307193] brd: module loaded
[    0.318357] loop: module loaded
[    0.319294] mtdoops: mtd device (mtddev=name/number) must be supplied
[    0.335195] mdio_bus fixed-0: using lookup tables for GPIO lookup
[    0.335229] mdio_bus fixed-0: No GPIO consumer reset found
[    0.336630] i2c_dev: i2c /dev entries driver
[    0.337607] cpuidle: enable-method property 'ti,am3352' found operations
[    0.338057] sdhci: Secure Digital Host Controller Interface driver
[    0.338069] sdhci: Copyright(c) Pierre Ossman
[    0.338241] sdhci-pltfm: SDHCI platform and OF driver helper
[    0.338553] ledtrig-cpu: registered to indicate activity on CPUs
[    0.339493] Initializing XFRM netlink socket
[    0.339618] NET: Registered PF_INET6 protocol family
[    0.341457] Segment Routing with IPv6
[    0.341553] In-situ OAM (IOAM) with IPv6
[    0.341652] sit: IPv6, IPv4 and MPLS over IPv4 tunneling driver
[    0.342595] NET: Registered PF_PACKET protocol family
[    0.342640] NET: Registered PF_KEY protocol family
[    0.342773] Key type dns_resolver registered
[    0.343046] ThumbEE CPU extension supported.
[    0.343071] Registering SWP/SWPB emulation handler
[    0.343595] omap_voltage_late_init: Voltage driver support not added
[    0.344141] SmartReflex Class3 initialized
[    0.364673] Loading compiled-in X.509 certificates
[    0.423248] gpiochip_find_base_unlocked: found new base at 512
[    0.431662] platform 44e10800.pinmux: Fixed dependency cycle(s) with /ocp/interconnect@44c00000/segment@200000/target-module@10000/scm@0/pinmux@800/clkout2-pins
[    0.432225] pinctrl-single 44e10800.pinmux: 142 pins, size 568
[    0.437587] ti-sysc 44e31000.target-module: probe with driver ti-sysc failed with error -16
[    0.473516] ti-sysc 48040000.target-module: probe with driver ti-sysc failed with error -16
[    0.484677] gpiochip_find_base_unlocked: found new base at 512
[    0.484794] gpio gpiochip0: (gpio-0-31): created GPIO range 0->7 ==> 44e10800.pinmux PIN 0->7
[    0.484816] gpio gpiochip0: (gpio-0-31): created GPIO range 8->11 ==> 44e10800.pinmux PIN 90->93
[    0.484833] gpio gpiochip0: (gpio-0-31): created GPIO range 12->27 ==> 44e10800.pinmux PIN 12->27
[    0.484850] gpio gpiochip0: (gpio-0-31): created GPIO range 28->31 ==> 44e10800.pinmux PIN 30->33
[    0.524106] gpio gpiochip0: (gpio-0-31): added GPIO chardev (254:0)
[    0.524296] gpio gpiochip0: registered GPIOs 512 to 543 on gpio-0-31
[    0.524382] OMAP GPIO hardware version 0.1
[    0.550687] i2c i2c-2: using DT '/ocp/interconnect@48000000/segment@100000/target-module@9c000/i2c@0' for 'scl' GPIO lookup
[    0.550790] of_get_named_gpiod_flags: can't parse 'scl-gpios' property of node '/ocp/interconnect@48000000/segment@100000/target-module@9c000/i2c@0[0]'
[    0.550838] of_get_named_gpiod_flags: can't parse 'scl-gpio' property of node '/ocp/interconnect@48000000/segment@100000/target-module@9c000/i2c@0[0]'
[    0.550877] i2c i2c-2: using lookup tables for GPIO lookup
[    0.550889] i2c i2c-2: No GPIO consumer scl found
[    0.550913] i2c i2c-2: using DT '/ocp/interconnect@48000000/segment@100000/target-module@9c000/i2c@0' for 'sda' GPIO lookup
[    0.550952] of_get_named_gpiod_flags: can't parse 'sda-gpios' property of node '/ocp/interconnect@48000000/segment@100000/target-module@9c000/i2c@0[0]'
[    0.550992] of_get_named_gpiod_flags: can't parse 'sda-gpio' property of node '/ocp/interconnect@48000000/segment@100000/target-module@9c000/i2c@0[0]'
[    0.551026] i2c i2c-2: using lookup tables for GPIO lookup
[    0.551035] i2c i2c-2: No GPIO consumer sda found
[    0.551746] omap_i2c 4819c000.i2c: bus 2 rev0.11 at 100 kHz
[    0.557326] gpiochip_find_base_unlocked: found new base at 544
[    0.557438] gpio gpiochip1: (gpio-32-63): created GPIO range 0->17 ==> 44e10800.pinmux PIN 34->51
[    0.557460] gpio gpiochip1: (gpio-32-63): created GPIO range 18->21 ==> 44e10800.pinmux PIN 77->80
[    0.557477] gpio gpiochip1: (gpio-32-63): created GPIO range 22->31 ==> 44e10800.pinmux PIN 56->65
[    0.575033] gpio gpiochip1: (gpio-32-63): added GPIO chardev (254:1)
[    0.575206] gpio gpiochip1: registered GPIOs 544 to 575 on gpio-32-63
[    0.577462] gpiochip_find_base_unlocked: found new base at 576
[    0.577567] gpio gpiochip2: (gpio-64-95): created GPIO range 0->4 ==> 44e10800.pinmux PIN 66->70
[    0.577589] gpio gpiochip2: (gpio-64-95): created GPIO range 5->6 ==> 44e10800.pinmux PIN 98->99
[    0.577606] gpio gpiochip2: (gpio-64-95): created GPIO range 7->8 ==> 44e10800.pinmux PIN 75->76
[    0.577624] gpio gpiochip2: (gpio-64-95): created GPIO range 13->13 ==> 44e10800.pinmux PIN 141->141
[    0.577641] gpio gpiochip2: (gpio-64-95): created GPIO range 14->21 ==> 44e10800.pinmux PIN 100->107
[    0.578245] gpio gpiochip2: (gpio-64-95): added GPIO chardev (254:2)
[    0.578398] gpio gpiochip2: registered GPIOs 576 to 607 on gpio-64-95
[    0.583970] 48000000.interconnect:segment@200000:target-module@0:mpu@0:fck: device ID is greater than 24
[    0.588169] platform 4830e000.lcdc: Fixed dependency cycle(s) with /ocp/interconnect@44c00000/segment@200000/target-module@b000/i2c@0/tda19988@70
[    0.597555] mdio_bus 4a101000.mdio: using DT '/ocp/interconnect@4a000000/segment@0/target-module@100000/switch@0/mdio@1000' for 'reset' GPIO lookup
[    0.597635] of_get_named_gpiod_flags: can't parse 'reset-gpios' property of node '/ocp/interconnect@4a000000/segment@0/target-module@100000/switch@0/mdio@1000[0]'
[    0.597687] of_get_named_gpiod_flags: can't parse 'reset-gpio' property of node '/ocp/interconnect@4a000000/segment@0/target-module@100000/switch@0/mdio@1000[0]'
[    0.597737] mdio_bus 4a101000.mdio: using lookup tables for GPIO lookup
[    0.597749] mdio_bus 4a101000.mdio: No GPIO consumer reset found
[    0.599063] sdhci-omap 481d8000.mmc: using DT '/ocp/interconnect@48000000/segment@100000/target-module@d8000/mmc@0' for 'wp' GPIO lookup
[    0.599134] of_get_named_gpiod_flags: can't parse 'wp-gpios' property of node '/ocp/interconnect@48000000/segment@100000/target-module@d8000/mmc@0[0]'
[    0.599180] of_get_named_gpiod_flags: can't parse 'wp-gpio' property of node '/ocp/interconnect@48000000/segment@100000/target-module@d8000/mmc@0[0]'
[    0.599218] sdhci-omap 481d8000.mmc: using lookup tables for GPIO lookup
[    0.599231] sdhci-omap 481d8000.mmc: No GPIO consumer wp found
[    0.599427] sdhci-omap 481d8000.mmc: supply pbias not found, using dummy regulator
[    0.599890] sdhci-omap 481d8000.mmc: supply vqmmc not found, using dummy regulator
[    0.675870] davinci_mdio 4a101000.mdio: davinci mdio revision 1.6, bus freq 1000000
[    0.700246] mdio_bus 4a101000.mdio:00: using DT '/ocp/interconnect@4a000000/segment@0/target-module@100000/switch@0/mdio@1000/ethernet-phy@0' for 'reset' GPIO lookup
[    0.700355] of_get_named_gpiod_flags: parsed 'reset-gpios' property of node '/ocp/interconnect@4a000000/segment@0/target-module@100000/switch@0/mdio@1000/ethernet-phy@0[0]' - status (0)
[    0.700526] gpio gpiochip0: Persistence not supported for GPIO 8
