Labgrid Console Logfile for main
Logfile started at 2024-09-25 13:00:05.009284
=== Log starts here ===

U-Boot SPL 2019.04-00002-g31a8ae0206 (May 13 2020 - 09:26:17 -0500)
Trying to boot from MMC2
Loading Environment from EXT4... 
** Unable to use mmc 0:1 for loading the env **


U-Boot 2019.04-00002-g31a8ae0206 (May 13 2020 - 09:26:17 -0500), Build: jenkins-github_Bootloader-Builder-139

CPU  : AM335X-GP rev 2.1
I2C:   ready
DRAM:  512 MiB
No match for driver 'omap_hsmmc'
No match for driver 'omap_hsmmc'
Some drivers were not found
Reset Source: Power-on reset has occurred.
RTC 32KCLK Source: External.
MMC:   OMAP SD/MMC: 0, OMAP SD/MMC: 1
Loading Environment from EXT4... 
** Unable to use mmc 0:1 for loading the env **
Board: BeagleBone Black
<ethaddr> not set. Validating first E-fuse MAC
BeagleBone Black:
BeagleBone: cape eeprom: i2c_probe: 0x54:
BeagleBone: cape eeprom: i2c_probe: 0x55:
BeagleBone: cape eeprom: i2c_probe: 0x56:
BeagleBone: cape eeprom: i2c_probe: 0x57:
Net:   eth0: MII MODE
cpsw, usb_ether
Press SPACE to abort autoboot in 0 seconds
board_name=[A335BNLT] ...
board_rev=[00C0] ...
switch to partitions #0, OK
mmc0 is current device
SD/MMC found on device 0
switch to partitions #0, OK
mmc0 is current device
Scanning mmc 0:1...
gpio: pin 56 (gpio 56) value is 0
gpio: pin 55 (gpio 55) value is 0
gpio: pin 54 (gpio 54) value is 0
gpio: pin 53 (gpio 53) value is 1
switch to partitions #0, OK
mmc0 is current device
gpio: pin 54 (gpio 54) value is 1
Checking for: /uEnv.txt ...
569 bytes read in 2 ms (277.3 KiB/s)
gpio: pin 55 (gpio 55) value is 1
Loaded environment from /uEnv.txt
Importing environment from mmc ...
Checking if uenvcmd is set ...
gpio: pin 56 (gpio 56) value is 1
Running uenvcmd ...
cpsw Waiting for PHY auto negotiation to complete.. done
link up on port 0, speed 100, full duplex
Using cpsw device
TFTP from server 192.168.255.126; our IP address is 192.168.255.4
Filename 'zImage'.
Load address: 0x81000000
Loading: *#################################################################
	 #################################################################
	 #################################################################
	 #################################################################
	 #################################################################
	 ###############################################
	 3 MiB/s
done
Bytes transferred = 5448464 (532310 hex)
link up on port 0, speed 100, full duplex
Using cpsw device
TFTP from server 192.168.255.126; our IP address is 192.168.255.4
Filename 'am335x-boneblack.dtb'.
Load address: 0x82000000
Loading: *#######
	 2.7 MiB/s
done
Bytes transferred = 97996 (17ecc hex)
## Flattened Device Tree blob at 82000000
   Booting using the fdt blob at 0x82000000
   Loading Device Tree to 8ffe5000, end 8ffffecb ... OK

Starting kernel ...

[    0.000000] Booting Linux on physical CPU 0x0
[    0.000000] Linux version 6.11.0-g73ea23d406f1 (user01@drvtest01) (arm-linux-gnueabihf-gcc (Linaro GCC 6.4-2017.11) 6.4.1 20171012, GNU ld (Linaro_Binutils-2017.11) 2.27.0.20161229) #17 SMP Wed Sep 25 12:36:14 EEST 2024
[    0.000000] CPU: ARMv7 Processor [413fc082] revision 2 (ARMv7), cr=10c5387d
[    0.000000] CPU: PIPT / VIPT nonaliasing data cache, VIPT aliasing instruction cache
[    0.000000] OF: fdt: Machine model: TI AM335x BeagleBone Black
[    0.000000] Memory policy: Data cache writeback
[    0.000000] cma: Reserved 16 MiB at 0x9e800000 on node -1
[    0.000000] Zone ranges:
[    0.000000]   Normal   [mem 0x0000000080000000-0x000000009fdfffff]
[    0.000000]   HighMem  empty
[    0.000000] Movable zone start for each node
[    0.000000] Early memory node ranges
[    0.000000]   node   0: [mem 0x0000000080000000-0x000000009fdfffff]
[    0.000000] Initmem setup node 0 [mem 0x0000000080000000-0x000000009fdfffff]
[    0.000000] CPU: All CPU(s) started in SVC mode.
[    0.000000] AM335X ES2.1 (sgx neon)
[    0.000000] percpu: Embedded 17 pages/cpu s39628 r8192 d21812 u69632
[    0.000000] Kernel command line: console=ttyO0,115200n8 root=/dev/nfs rw nfsroot=192.168.255.126:/home/user01/nfs,nfsvers=3 ip=192.168.255.4:192.168.255.126::255.255.255.0:bbb1:eth0 nfsrootdebug
[    0.000000] Unknown kernel command line parameters "nfsrootdebug", will be passed to user space.
[    0.000000] Dentry cache hash table entries: 65536 (order: 6, 262144 bytes, linear)
[    0.000000] Inode-cache hash table entries: 32768 (order: 5, 131072 bytes, linear)
[    0.000000] Built 1 zonelists, mobility grouping on.  Total pages: 130560
[    0.000000] mem auto-init: stack:off, heap alloc:off, heap free:off
[    0.000000] SLUB: HWalign=64, Order=0-3, MinObjects=0, CPUs=1, Nodes=1
[    0.000000] trace event string verifier disabled
[    0.000000] rcu: Hierarchical RCU implementation.
[    0.000000] rcu: 	RCU event tracing is enabled.
[    0.000000] rcu: 	RCU restricting CPUs from NR_CPUS=2 to nr_cpu_ids=1.
[    0.000000] rcu: RCU calculated value of scheduler-enlistment delay is 10 jiffies.
[    0.000000] rcu: Adjusting geometry for rcu_fanout_leaf=16, nr_cpu_ids=1
[    0.000000] NR_IRQS: 16, nr_irqs: 16, preallocated irqs: 16
[    0.000000] IRQ: Found an INTC at 0x(ptrval) (revision 5.0) with 128 interrupts
[    0.000000] rcu: srcu_init: Setting srcu_struct sizes based on contention.
[    0.000000] TI gptimer clocksource: always-on /ocp/interconnect@44c00000/segment@200000/target-module@31000
[    0.000002] sched_clock: 32 bits at 24MHz, resolution 41ns, wraps every 89478484971ns
[    0.000030] clocksource: dmtimer: mask: 0xffffffff max_cycles: 0xffffffff, max_idle_ns: 79635851949 ns
[    0.000506] TI gptimer clockevent: 24000000 Hz at /ocp/interconnect@48000000/segment@0/target-module@40000
[    0.002135] Console: colour dummy device 80x30
[    0.002203] WARNING: Your 'console=ttyO0' has been replaced by 'ttyS0'
[    0.002212] This ensures that you still see kernel messages. Please
[    0.002218] update your kernel commandline.
[    0.002262] Calibrating delay loop... 996.14 BogoMIPS (lpj=4980736)
[    0.090560] CPU: Testing write buffer coherency: ok
[    0.090663] CPU0: Spectre v2: using BPIALL workaround
[    0.090675] pid_max: default: 32768 minimum: 301
[    0.090798] LSM: initializing lsm=capability
[    0.090969] Mount-cache hash table entries: 1024 (order: 0, 4096 bytes, linear)
[    0.090993] Mountpoint-cache hash table entries: 1024 (order: 0, 4096 bytes, linear)
[    0.092532] CPU0: thread -1, cpu 0, socket -1, mpidr 0
[    0.094243] Setting up static identity map for 0x80100000 - 0x80100078
[    0.094552] rcu: Hierarchical SRCU implementation.
[    0.094565] rcu: 	Max phase no-delay instances is 1000.
[    0.096242] smp: Bringing up secondary CPUs ...
[    0.096305] smp: Brought up 1 node, 1 CPU
[    0.096321] SMP: Total of 1 processors activated (996.14 BogoMIPS).
[    0.096335] CPU: All CPU(s) started in SVC mode.
[    0.096530] Memory: 480876K/522240K available (11264K kernel code, 1197K rwdata, 2856K rodata, 1024K init, 297K bss, 23344K reserved, 16384K cma-reserved, 0K highmem)
[    0.097334] devtmpfs: initialized
[    0.113711] VFP support v0.3: implementor 41 architecture 3 part 30 variant c rev 3
[    0.114066] clocksource: jiffies: mask: 0xffffffff max_cycles: 0xffffffff, max_idle_ns: 19112604462750000 ns
[    0.114105] futex hash table entries: 256 (order: 2, 16384 bytes, linear)
[    0.115403] pinctrl core: initialized pinctrl subsystem
[    0.118124] NET: Registered PF_NETLINK/PF_ROUTE protocol family
[    0.121126] DMA: preallocated 256 KiB pool for atomic coherent allocations
[    0.122098] audit: initializing netlink subsys (disabled)
[    0.123473] thermal_sys: Registered thermal governor 'fair_share'
[    0.123495] thermal_sys: Registered thermal governor 'step_wise'
[    0.123507] thermal_sys: Registered thermal governor 'user_space'
[    0.123626] audit: type=2000 audit(0.120:1): state=initialized audit_enabled=0 res=1
[    0.123698] cpuidle: using governor menu
[    0.142838] No ATAGs?
[    0.142871] hw-breakpoint: debug architecture 0x4 unsupported.
[    0.145755] kprobes: kprobe jump-optimization is enabled. All kprobes are optimized if possible.
[    0.164048] iommu: Default domain type: Translated
[    0.164077] iommu: DMA domain TLB invalidation policy: strict mode
[    0.171408] SCSI subsystem initialized
[    0.181399] pps_core: LinuxPPS API ver. 1 registered
[    0.181413] pps_core: Software ver. 5.3.6 - Copyright 2005-2007 Rodolfo Giometti <giometti@linux.it>
[    0.181440] PTP clock support registered
[    0.183395] vgaarb: loaded
[    0.183785] clocksource: Switched to clocksource dmtimer
[    0.184383] VFS: Disk quotas dquot_6.6.0
[    0.184429] VFS: Dquot-cache hash table entries: 1024 (order 0, 4096 bytes)
[    0.210570] NET: Registered PF_INET protocol family
[    0.210933] IP idents hash table entries: 8192 (order: 4, 65536 bytes, linear)
[    0.212330] tcp_listen_portaddr_hash hash table entries: 512 (order: 0, 4096 bytes, linear)
[    0.212369] Table-perturb hash table entries: 65536 (order: 6, 262144 bytes, linear)
[    0.212387] TCP established hash table entries: 4096 (order: 2, 16384 bytes, linear)
[    0.212432] TCP bind hash table entries: 4096 (order: 4, 65536 bytes, linear)
[    0.212534] TCP: Hash tables configured (established 4096 bind 4096)
[    0.212657] UDP hash table entries: 256 (order: 1, 8192 bytes, linear)
[    0.212686] UDP-Lite hash table entries: 256 (order: 1, 8192 bytes, linear)
[    0.212863] NET: Registered PF_UNIX/PF_LOCAL protocol family
[    0.214209] RPC: Registered named UNIX socket transport module.
[    0.214237] RPC: Registered udp transport module.
[    0.214245] RPC: Registered tcp transport module.
[    0.214251] RPC: Registered tcp-with-tls transport module.
[    0.214258] RPC: Registered tcp NFSv4.1 backchannel transport module.
[    0.214285] PCI: CLS 0 bytes, default 64
[    0.215728] Initialise system trusted keyrings
[    0.224491] workingset: timestamp_bits=14 max_order=17 bucket_order=3
[    0.225819] NFS: Registering the id_resolver key type
[    0.225927] Key type id_resolver registered
[    0.225938] Key type id_legacy registered
[    0.225988] jffs2: version 2.2. (NAND) (SUMMARY)  Â© 2001-2006 Red Hat, Inc.
[    0.226387] Key type asymmetric registered
[    0.226406] Asymmetric key parser 'x509' registered
[    0.226477] io scheduler mq-deadline registered
[    0.226490] io scheduler kyber registered
[    0.226564] io scheduler bfq registered
[    0.243989] Serial: 8250/16550 driver, 6 ports, IRQ sharing enabled
[    0.307378] brd: module loaded
[    0.318552] loop: module loaded
[    0.319488] mtdoops: mtd device (mtddev=name/number) must be supplied
[    0.336850] i2c_dev: i2c /dev entries driver
[    0.337828] cpuidle: enable-method property 'ti,am3352' found operations
[    0.338278] sdhci: Secure Digital Host Controller Interface driver
[    0.338289] sdhci: Copyright(c) Pierre Ossman
[    0.338463] sdhci-pltfm: SDHCI platform and OF driver helper
[    0.338820] ledtrig-cpu: registered to indicate activity on CPUs
[    0.339766] Initializing XFRM netlink socket
[    0.339891] NET: Registered PF_INET6 protocol family
[    0.341710] Segment Routing with IPv6
[    0.341805] In-situ OAM (IOAM) with IPv6
[    0.341901] sit: IPv6, IPv4 and MPLS over IPv4 tunneling driver
[    0.342842] NET: Registered PF_PACKET protocol family
[    0.342881] NET: Registered PF_KEY protocol family
[    0.342999] Key type dns_resolver registered
[    0.343261] ThumbEE CPU extension supported.
[    0.343286] Registering SWP/SWPB emulation handler
[    0.343963] omap_voltage_late_init: Voltage driver support not added
[    0.344326] SmartReflex Class3 initialized
[    0.387387] Loading compiled-in X.509 certificates
[    0.453660] platform 44e10800.pinmux: Fixed dependency cycle(s) with /ocp/interconnect@44c00000/segment@200000/target-module@10000/scm@0/pinmux@800/clkout2-pins
[    0.454495] pinctrl-single 44e10800.pinmux: 142 pins, size 568
[    0.459558] ti-sysc 44e31000.target-module: probe with driver ti-sysc failed with error -16
[    0.500747] ti-sysc 48040000.target-module: probe with driver ti-sysc failed with error -16
[    0.538050] OMAP GPIO hardware version 0.1
[    0.567918] omap_i2c 4819c000.i2c: bus 2 rev0.11 at 100 kHz
[    0.595031] 48000000.interconnect:segment@200000:target-module@0:mpu@0:fck: device ID is greater than 24
[    0.599180] platform 4830e000.lcdc: Fixed dependency cycle(s) with /ocp/interconnect@44c00000/segment@200000/target-module@b000/i2c@0/tda19988@70
[    0.610076] sdhci-omap 481d8000.mmc: supply pbias not found, using dummy regulator
[    0.610548] sdhci-omap 481d8000.mmc: supply vqmmc not found, using dummy regulator
[    0.687282] davinci_mdio 4a101000.mdio: davinci mdio revision 1.6, bus freq 1000000
[    0.792517] davinci_mdio 4a101000.mdio: phy[0]: device 4a101000.mdio:00, driver SMSC LAN8710/LAN8720
[    0.793164] cpsw-switch 4a100000.switch: initialized cpsw ale version 1.4
[    0.793191] cpsw-switch 4a100000.switch: ALE Table size 1024
[    0.793348] cpsw-switch 4a100000.switch: cpts: overflow check period 500 (jiffies)
[    0.793369] cpsw-switch 4a100000.switch: CPTS: ref_clk_freq:250000000 calc_mult:2147483648 calc_shift:29 error:0 nsec/sec
[    0.793482] cpsw-switch 4a100000.switch: Detected MACID = 18:2c:65:25:1d:6e
[    0.795429] cpsw-switch 4a100000.switch: initialized (regs 0x4a100000, pool size 256) hw_ver:0019010C 1.12 (0)
[    0.806336] debugfs: Directory '49000000.dma' with parent 'dmaengine' already present!
[    0.806384] edma 49000000.dma: TI EDMA DMA engine driver
[    0.845542] target-module@4b000000:target-module@140000:pmu@0:fck: device ID is greater than 24
[    0.859154] hw perfevents: enabled with armv7_cortex_a8 PMU driver, 5 counters available
[    0.866771] l3-aon-clkctrl:0000:0: failed to disable
[    0.882035] 44e09000.serial: ttyS0 at MMIO 0x44e09000 (irq = 34, base_baud = 3000000) is a 8250
[    0.882122] printk: legacy console [ttyS0] enabled
[    2.096872] tps65217-pmic: Failed to locate of_node [id: -1]
[    2.102924] tps65217-bl: Failed to locate of_node [id: -1]
[    2.152925] tps65217 0-0024: TPS65217 ID 0xe version 1.2
[    2.159047] platform 4830e000.lcdc: Fixed dependency cycle(s) with /ocp/interconnect@44c00000/segment@200000/target-module@b000/i2c@0/tda19988@70
[    2.172507] i2c 0-0070: Fixed dependency cycle(s) with /ocp/interconnect@48000000/segment@300000/target-module@e000/lcdc@0
[    2.183967] omap_i2c 44e0b000.i2c: bus 0 rev0.11 at 400 kHz
[    2.202899] omap_gpio 44e07000.gpio: Could not set line 6 debounce to 200000 microseconds (-22)
[    2.211863] sdhci-omap 48060000.mmc: Got CD GPIO
[    2.216964] sdhci-omap 48060000.mmc: supply pbias not found, using dummy regulator
[    2.230759] sdhci-omap 48060000.mmc: supply vqmmc not found, using dummy regulator
[    2.239386] sdhci-omap 481d8000.mmc: supply pbias not found, using dummy regulator
[    2.247679] sdhci-omap 481d8000.mmc: supply vqmmc not found, using dummy regulator
[    2.284321] mmc1: SDHCI controller on 481d8000.mmc [481d8000.mmc] using External DMA
[    2.292686] mmc0: SDHCI controller on 48060000.mmc [48060000.mmc] using External DMA
[    2.301586] cpsw-switch 4a100000.switch: starting ndev. mode: dual_mac
[    2.353574] mmc1: new high speed MMC card at address 0001
[    2.360412] mmcblk1: mmc1:0001 MK2704 3.53 GiB
[    2.367962]  mmcblk1: p1
[    2.371722] mmcblk1boot0: mmc1:0001 MK2704 2.00 MiB
[    2.379138] mmcblk1boot1: mmc1:0001 MK2704 2.00 MiB
[    2.386434] mmcblk1rpmb: mmc1:0001 MK2704 512 KiB, chardev (250:0)
[    2.393176] SMSC LAN8710/LAN8720 4a101000.mdio:00: attached PHY driver (mii_bus:phy_addr=4a101000.mdio:00, irq=POLL)
[    5.524542] cpsw-switch 4a100000.switch eth0: Link is Up - 100Mbps/Full - flow control off
[    5.583803] IP-Config: Complete:
[    5.587081]      device=eth0, hwaddr=18:2c:65:25:1d:6e, ipaddr=192.168.255.4, mask=255.255.255.0, gw=255.255.255.255
[    5.597729]      host=bbb1, domain=, nis-domain=(none)
[    5.602897]      bootserver=192.168.255.126, rootserver=192.168.255.126, rootpath=
[    5.603314] clk: Disabling unused clocks
[    5.615147] PM: genpd: Disabling unused power domains
[    5.620269] KTAP version 1
[    5.622992] 1..0
[    5.647283] VFS: Mounted root (nfs filesystem) on device 0:17.
[    5.654402] devtmpfs: mounted
[    5.659061] Freeing unused kernel image (initmem) memory: 1024K
[    5.665763] Run /sbin/init as init process
[    6.351616] systemd[1]: System time before build time, advancing clock.
[    7.843804] random: crng init done
[    7.915091] systemd[1]: systemd 232 running in system mode. (+PAM +AUDIT +SELINUX +IMA +APPARMOR +SMACK +SYSVINIT +UTMP +LIBCRYPTSETUP +GCRYPT +GNUTLS +ACL +XZ +LZ4 +SECCOMP +BLKID +ELFUTILS +KMOD +IDN)
[    7.934132] systemd[1]: Detected architecture arm.

Welcome to [1mDebian GNU/Linux 9 (stretch)[0m!

[    7.976839] systemd[1]: Set hostname to <arm>.
[    9.061415] systemd[1]: Listening on udev Kernel Socket.
[[0;32m  OK  [0m] Listening on udev Kernel Socket.
[    9.094898] systemd[1]: Started Dispatch Password Requests to Console Directory Watch.
[[0;32m  OK  [0m] Started Dispatch Password Requests to Console Directory Watch.
[    9.135644] systemd[1]: Listening on Syslog Socket.
[[0;32m  OK  [0m] Listening on Syslog Socket.
[    9.174629] systemd[1]: Started Forward Password Requests to Wall Directory Watch.
[[0;32m  OK  [0m] Started Forward Password Requests to Wall Directory Watch.
[    9.214079] systemd[1]: Reached target Encrypted Volumes.
[[0;32m  OK  [0m] Reached target Encrypted Volumes.
[    9.255285] systemd[1]: Created slice System Slice.
[[0;32m  OK  [0m] Created slice System Slice.
[    9.327799] systemd[1]: Mounting Debug File System...
         Mounting Debug File System...
[[0;32m  OK  [0m] Created slice system-getty.slice.
[[0;32m  OK  [0m] Listening on /dev/initctl Compatibility Named Pipe.
[[0;32m  OK  [0m] Listening on udev Control Socket.
         Mounting POSIX Message Queue File System...
[[0;32m  OK  [0m] Reached target Remote File Systems.
[[0;32m  OK  [0m] Set up automount Arbitrary Executabâ€¦rmats File System Automount Point.
[[0;32m  OK  [0m] Reached target Swap.
[[0;32m  OK  [0m] Listening on Journal Socket.
         Starting Remount Root and Kernel File Systems...
         Starting Load Kernel Modules...
[[0;32m  OK  [0m] Created slice User and Session Slice.
[[0;32m  OK  [0m] Listening on Journal Audit Socket.
[[0;32m  OK  [0m] Created slice system-serial\x2dgetty.slice.
[[0;32m  OK  [0m] Reached target Slices.
[[0;32m  OK  [0m] Listening on Journal Socket (/dev/log).
         Starting Journal Service...
[[0;32m  OK  [0m] Reached target Paths.
         Starting Create list of required stâ€¦ce nodes for the current kernel...
[[0;32m  OK  [0m] Mounted POSIX Message Queue File System.
[[0;32m  OK  [0m] Mounted Debug File System.
[[0;32m  OK  [0m] Started Remount Root and Kernel File Systems.
[[0;32m  OK  [0m] Started Load Kernel Modules.
[[0;32m  OK  [0m] Started Create list of required staâ€¦vice nodes for the current kernel.
         Starting Create Static Device Nodes in /dev...
         Mounting Configuration File System...
         Starting Apply Kernel Variables...
         Starting udev Coldplug all Devices...
         Starting Load/Save Random Seed...
[[0;32m  OK  [0m] Mounted Configuration File System.
[[0;32m  OK  [0m] Started Apply Kernel Variables.
[[0;32m  OK  [0m] Started Load/Save Random Seed.
[[0;32m  OK  [0m] Started Create Static Device Nodes in /dev.
         Starting udev Kernel Device Manager...
[[0;32m  OK  [0m] Reached target Local File Systems (Pre).
[[0;32m  OK  [0m] Reached target Local File Systems.
         Starting Raise network interfaces...
[[0;32m  OK  [0m] Started Journal Service.
         Starting Flush Journal to Persistent Storage...
[   11.424275] systemd-journald[86]: Received request to flush runtime journal from PID 1
[[0;32m  OK  [0m] Started Flush Journal to Persistent Storage.
         Starting Create Volatile Files and Directories...
[[0;32m  OK  [0m] Started udev Kernel Device Manager.
[[0;32m  OK  [0m] Started Create Volatile Files and Directories.
         Starting Network Time Synchronization...
         Starting Update UTMP about System Boot/Shutdown...
[[0;32m  OK  [0m] Started Update UTMP about System Boot/Shutdown.
[[0;32m  OK  [0m] Started udev Coldplug all Devices.
[[0;32m  OK  [0m] Started Network Time Synchronization.
[[0;32m  OK  [0m] Reached target System Time Synchronized.
[[0;32m  OK  [0m] Reached target System Initialization.
[[0;32m  OK  [0m] Listening on Avahi mDNS/DNS-SD Stack Activation Socket.
[[0;32m  OK  [0m] Started Daily apt download activities.
[[0;32m  OK  [0m] Started Daily apt upgrade and clean activities.
[[0;32m  OK  [0m] Listening on D-Bus System Message Bus Socket.
[[0;32m  OK  [0m] Reached target Sockets.
[[0;32m  OK  [0m] Started Daily Cleanup of Temporary Directories.
[[0;32m  OK  [0m] Reached target Timers.
[[0;32m  OK  [0m] Reached target Basic System.
         Starting System Logging Service...
[   14.780795] remoteproc remoteproc0: wkup_m3 is available
[[0;32m  OK  [0m] Started D-Bus System Message Bus.
[   14.953674] omap_wdt: OMAP Watchdog Timer Rev 0x01: initial timeout 60 sec
[   14.994812] omap_rtc 44e3e000.rtc: registered as rtc0
[   14.999986] omap_rtc 44e3e000.rtc: setting system clock to 2000-01-01T00:00:00 UTC (946684800)
[   15.216371] at24 2-0054: supply vcc not found, using dummy regulator
[   15.417111] at24 2-0055: supply vcc not found, using dummy regulator
[   15.516550] at24 2-0056: supply vcc not found, using dummy regulator
[   15.623360] at24 2-0057: supply vcc not found, using dummy regulator
[   15.725484] at24 0-0050: 32768 byte 24c256 EEPROM, writable, 1 bytes/write
[   15.757420] tps6521x_pwrbutton tps65217-pwrbutton: DMA mask not set
[   15.797053] wkup_m3_ipc 44e11324.wkup_m3_ipc: IPC Request for A8->M3 Channel failed! -517
[   15.874765] input: tps65217_pwrbutton as /devices/platform/ocp/44c00000.interconnect/44c00000.interconnect:segment@200000/44e0b000.target-module/44e0b000.i2c/i2c-0/0-0024/tps65217-pwrbutton/input/input0
[   15.894276] wkup_m3_ipc 44e11324.wkup_m3_ipc: IPC Request for A8->M3 Channel failed! -517
[   16.089740] am335x-phy-driver 47401300.usb-phy: dummy supplies not allowed for exclusive requests (id=vbus)
[   16.237055] am335x-phy-driver 47401b00.usb-phy: dummy supplies not allowed for exclusive requests (id=vbus)
[   16.255530] wkup_m3_ipc 44e11324.wkup_m3_ipc: IPC Request for A8->M3 Channel failed! -517
[   16.449341] usbcore: registered new interface driver usbfs
[   16.455184] usbcore: registered new interface driver hub
[   16.460632] usbcore: registered new device driver usb
[   16.479956] wkup_m3_ipc 44e11324.wkup_m3_ipc: IPC Request for A8->M3 Channel failed! -517
[   16.854543] wkup_m3_ipc 44e11324.wkup_m3_ipc: IPC Request for A8->M3 Channel failed! -517
[   16.967854] musb-hdrc musb-hdrc.1: MUSB HDRC host driver
[   16.973269] musb-hdrc musb-hdrc.1: new USB bus registered, assigned bus number 1
[   16.981760] wkup_m3_ipc 44e11324.wkup_m3_ipc: IPC Request for A8->M3 Channel failed! -517
[   17.065911] tda998x 0-0070: found TDA19988
[   17.130372] usb usb1: New USB device found, idVendor=1d6b, idProduct=0002, bcdDevice= 6.11
[   17.139125] usb usb1: New USB device strings: Mfr=3, Product=2, SerialNumber=1
[   17.146553] usb usb1: Product: MUSB HDRC host driver
[   17.151548] usb usb1: Manufacturer: Linux 6.11.0-g73ea23d406f1 musb-hcd
[   17.158236] usb usb1: SerialNumber: musb-hdrc.1
[   17.191393] wkup_m3_ipc 44e11324.wkup_m3_ipc: IPC Request for A8->M3 Channel failed! -517
[   17.294745] hub 1-0:1.0: USB hub found
[   17.347464] hub 1-0:1.0: 1 port detected
[   17.397948] wkup_m3_ipc 44e11324.wkup_m3_ipc: IPC Request for A8->M3 Channel failed! -517
[   17.438864] omap-mailbox 480c8000.mailbox: omap mailbox rev 0x400
[   17.545585] remoteproc remoteproc0: powering up wkup_m3
[   17.694890] remoteproc remoteproc0: Direct firmware load for am335x-pm-firmware.elf failed with error -2
[   17.705944] remoteproc remoteproc0: request_firmware failed: -2
[   17.712022] wkup_m3_ipc 44e11324.wkup_m3_ipc: rproc_boot failed
[   18.638155] tilcdc 4830e000.lcdc: bound 0-0070 (ops tda998x_driver_exit [tda998x])
[   18.721091] [drm] Initialized tilcdc 1.0.0 for 4830e000.lcdc on minor 0
         Starting Connection service...
[   18.834712] omap_rng 48310000.rng: Random Number Generator ver. 20
[   18.842798] tilcdc 4830e000.lcdc: [drm] Cannot find any crtc or sizes
[   18.851228] tilcdc 4830e000.lcdc: [drm] Cannot find any crtc or sizes
         Starting Login Service...
         Starting Generic Board Startup...
[[0;32m  OK  [0m] Started Regular background program processing daemon.
         Starting Avahi mDNS/DNS-SD Stack...
         Starting LSB: Load kernel modules needed to enable cpufreq scaling...
         Starting DUN service...
         Starting LSB: Start busybox udhcpd at boot time...
         Starting Telephony service...
         Starting Cape Manager Service...
[[0;32m  OK  [0m] Started System Logging Service.
[[0;32m  OK  [0m] Found device /dev/ttyS0.
[   20.958696] PM: Cannot get wkup_m3_ipc handle
[   21.177733] omap-sham 53100000.sham: hw accel on OMAP rev 4.3
[   21.324146] omap-sham 53100000.sham: will run requests pump with realtime priority
[   21.335244] PM: Cannot get wkup_m3_ipc handle
[   21.488004] omap-aes 53500000.aes: OMAP AES hw accel rev: 3.2
[   21.601432] omap-aes 53500000.aes: will run requests pump with realtime priority
[   21.618724] PM: Cannot get wkup_m3_ipc handle
[[0;32m  OK  [0m] Started Cape Manager Service.
[   23.180751] Bluetooth: Core ver 2.22
[   23.184763] NET: Registered PF_BLUETOOTH protocol family
[   23.190116] Bluetooth: HCI device and connection manager initialized
[   23.196636] Bluetooth: HCI socket layer initialized
[   23.201552] Bluetooth: L2CAP socket layer initialized
[   23.206726] Bluetooth: SCO socket layer initialized
[   25.257433] PM: Cannot get wkup_m3_ipc handle
[   25.439143] PM: Cannot get wkup_m3_ipc handle
[[0;32m  OK  [0m] Started LSB: Start busybox udhcpd at boot time.
[[0;32m  OK  [0m] Started Raise network interfaces.
[[0;32m  OK  [0m] Started LSB: Load kernel modules needed to enable cpufreq scaling.
[[0;32m  OK  [0m] Started DUN service.
[[0;32m  OK  [0m] Started Telephony service.
[[0;32m  OK  [0m] Started Connection service.
[[0;32m  OK  [0m] Started Avahi mDNS/DNS-SD Stack.
[[0;32m  OK  [0m] Started Login Service.
[[0;32m  OK  [0m] Reached target Sound Card.
         Starting LSB: set CPUFreq kernel parameters...
[[0;32m  OK  [0m] Reached target Network.
         Starting Permit User Sessions...
         Starting OpenBSD Secure Shell server...
         Starting The Apache HTTP Server...
[[0;32m  OK  [0m] Reached target Network is Online.
[   28.616270] configfs-gadget.g_multi gadget.0: HOST MAC 1c:ba:8c:a2:ed:6c
[   28.623043] configfs-gadget.g_multi gadget.0: MAC 1c:ba:8c:a2:ed:70
[   28.630474] configfs-gadget.g_multi gadget.0: HOST MAC 1c:ba:8c:a2:ed:6c
[   28.637331] configfs-gadget.g_multi gadget.0: MAC 1c:ba:8c:a2:ed:6d
[   28.653059] PM: Cannot get wkup_m3_ipc handle
         Starting LSB: Advanced IEEE 802.11 management daemon...
[[0;32m  OK  [0m] Started Permit User Sessions.
[[0;32m  OK  [0m] Started LSB: Advanced IEEE 802.11 management daemon.
[[0;32m  OK  [0m] Started Serial Getty on ttyS0.
[[0;32m  OK  [0m] Started Getty on tty1.
[[0;32m  OK  [0m] Reached target Login Prompts.
[[0;32m  OK  [0m] Started LSB: set CPUFreq kernel parameters.
         Starting Hostname Service...
         Starting WPA supplicant...
[[0;32m  OK  [0m] Started OpenBSD Secure Shell server.
[[0;32m  OK  [0m] Started WPA supplicant.
[[0;32m  OK  [0m] Started Hostname Service.
         Stopping LSB: Start busybox udhcpd at boot time...
[[0;32m  OK  [0m] Started The Apache HTTP Server.
[[0;32m  OK  [0m] Stopped LSB: Start busybox udhcpd at boot time.
         Starting dnsmasq - A lightweight DHCP and caching DNS server...
[[0;32m  OK  [0m] Started dnsmasq - A lightweight DHCP and caching DNS server.
[[0;32m  OK  [0m] Reached target Host and Network Name Lookups.
[[0;32m  OK  [0m] Started Serial Getty on ttyGS0.
[[0;32m  OK  [0m] Started Generic Board Startup.
[[0;32m  OK  [0m] Reached target Multi-User System.
[[0;32m  OK  [0m] Reached target Graphical Interface.
         Starting Update UTMP about System Runlevel Changes...
[[0;32m  OK  [0m] Started Update UTMP about System Runlevel Changes.

Debian GNU/Linux 9 arm ttyS0

default username:password is [debian:temppwd]

arm login: root
Password: 
Last login: Sat Jan  1 00:00:26 UTC 2000 on ttyS0
root
Linux arm 6.11.0-g73ea23d406f1 #17 SMP Wed Sep 25 12:36:14 EEST 2024 armv7l

The programs included with the Debian GNU/Linux system are free software;
the exact distribution terms for each program are described in the
individual files in /usr/share/doc/*/copyright.

Debian GNU/Linux comes with ABSOLUTELY NO WARRANTY, to the extent
permitted by applicable law.
root@arm:~# root
-bash: root: command not found
root@arm:~# dmesg -n 1
root@arm:~# echo 'HFKS''OVLMQN'
HFKSOVLMQN
root@arm:~# run() { echo -n "$MARKER"; sh -c "$@"; echo "$MARKER $?"; }
root@arm:~# echo 'GTXL''QJFQNJ'
GTXLQJFQNJ
root@arm:~# MARKER='ZHML''KLEEKU' run 'cat /proc/version'
ZHMLKLEEKULinux version 6.11.0-g73ea23d406f1 (user01@drvtest01) (arm-linux-gnueabihf-gcc (Linaro GCC 6.4-2017.11) 6.4.1 20171012, GNU ld (Linaro_Binutils-2017.11) 2.27.0.20161229) #17 SMP Wed Sep 25 12:36:14 EEST 2024
ZHMLKLEEKU 0
root@arm:~# echo 'HCLY''AEHMZF'
HCLYAEHMZF
root@arm:~# MARKER='TAMJ''TKWYSC' run false
TAMJTKWYSCTAMJTKWYSC 1
root@arm:~# Labgrid Console Logfile for main
Logfile started at 2024-09-25 13:01:10.152143
=== Log starts here ===

root@arm:~# run() { echo -n "$MARKER"; sh -c "$@"; echo "$MARKER $?"; }
root@arm:~# echo 'WSBA''MOATYX'
WSBAMOATYX
root@arm:~# MARKER='LTKO''METSZB' run 'insmod /mva_overlay.ko'
LTKOMETSZBLTKOMETSZB 0
root@arm:~# echo 'BJYY''HTTSNL'
BJYYHTTSNL
root@arm:~# MARKER='QVXE''HVLZGZ' run lsmod
QVXEHVLZGZModule                  Size  Used by
mva_overlay            65536  0
usb_f_acm              12288  2
u_serial               16384  3 usb_f_acm
usb_f_ecm              16384  2
usb_f_rndis            24576  2
u_ether                16384  2 usb_f_ecm,usb_f_rndis
libcomposite           57344  15 usb_f_ecm,usb_f_acm,u_ether,usb_f_rndis
iptable_nat            12288  0
nf_nat                 36864  1 iptable_nat
snd_soc_hdmi_codec     16384  1
nf_conntrack          110592  1 nf_nat
evdev                  20480  0
nf_defrag_ipv6         16384  1 nf_conntrack
nf_defrag_ipv4         12288  1 nf_conntrack
iptable_mangle         12288  0
iptable_filter         12288  0
bluetooth             610304  2
ecdh_generic           12288  1 bluetooth
ecc                    36864  1 ecdh_generic
omap_aes_driver        24576  0
snd_soc_simple_card    16384  0
omap_crypto            12288  1 omap_aes_driver
snd_soc_simple_card_utils    20480  1 snd_soc_simple_card
omap_sham              28672  0
libaes                 12288  2 omap_aes_driver,bluetooth
crypto_engine          12288  2 omap_aes_driver,omap_sham
pm33xx                 12288  0
ti_emif_sram           12288  1 pm33xx
omap_rng               12288  0
rng_core               16384  1 omap_rng
tilcdc                 32768  0
drm_dma_helper         16384  1 tilcdc
snd_soc_davinci_mcasp    32768  2
snd_soc_ti_udma        12288  1 snd_soc_davinci_mcasp
snd_soc_ti_edma        12288  1 snd_soc_davinci_mcasp
snd_soc_ti_sdma        12288  1 snd_soc_davinci_mcasp
snd_soc_core          192512  7 snd_soc_davinci_mcasp,snd_soc_hdmi_codec,snd_soc_simple_card_utils,snd_soc_ti_sdma,snd_soc_ti_edma,snd_soc_ti_udma,snd_soc_simple_card
snd_pcm_dmaengine      12288  1 snd_soc_core
snd_pcm               110592  5 snd_soc_davinci_mcasp,snd_pcm_dmaengine,snd_soc_hdmi_codec,snd_soc_simple_card_utils,snd_soc_core
omap_mailbox           12288  1
snd_timer              28672  1 snd_pcm
snd                    69632  4 snd_soc_hdmi_codec,snd_timer,snd_soc_core,snd_pcm
soundcore              12288  1 snd
musb_dsps              16384  0
tda998x                20480  0
musb_hdrc             131072  1 musb_dsps
udc_core               45056  7 usb_f_ecm,usb_f_acm,u_serial,musb_hdrc,u_ether,usb_f_rndis,libcomposite
drm_kms_helper        122880  3 drm_dma_helper,tda998x,tilcdc
usbcore               225280  1 musb_hdrc
drm                   417792  5 drm_dma_helper,tda998x,tilcdc,drm_kms_helper
phy_am335x             12288  2
phy_generic            12288  1 phy_am335x
usb_common             12288  6 phy_am335x,udc_core,musb_hdrc,libcomposite,musb_dsps,usbcore
wkup_m3_ipc            12288  1 pm33xx
tps65218_pwrbutton     12288  0
drm_panel_orientation_quirks    12288  1 drm
at24                   16384  0
phy_am335x_control     12288  1 phy_am335x
cppi41                 16384  60
rtc_omap               16384  2 pm33xx
omap_wdt               12288  0
wkup_m3_rproc          12288  1
watchdog               24576  1 omap_wdt
leds_gpio              12288  0
led_class              12288  1 leds_gpio
cpufreq_dt             12288  0
ip_tables              20480  3 iptable_mangle,iptable_filter,iptable_nat
x_tables               24576  4 iptable_mangle,ip_tables,iptable_filter,iptable_nat
autofs4                40960  2
QVXEHVLZGZ 0
root@arm:~# Labgrid Console Logfile for main
Logfile started at 2024-09-25 13:01:14.100064
=== Log starts here ===

root@arm:~# run() { echo -n "$MARKER"; sh -c "$@"; echo "$MARKER $?"; }
root@arm:~# echo 'EHNQ''GQQTZP'
EHNQGQQTZP
root@arm:~# MARKER='JOAK''ZWYSAZ' run 'dd if=/bd96801_test.dtbo of=/sys/kernel/mvva_overlay/overlay_add bs=1M'
JOAKZWYSAZ0+1 records in
0+1 records out
2210 bytes (2.2 kB, 2.2 KiB) copied, 0.0826879 s, 26.7 kB/s
JOAKZWYSAZ 0
root@arm:~# echo 'TFML''OBFFKK'
TFMLOBFFKK
root@arm:~# MARKER='ZVFE''TOPOSL' run lsmod
ZVFETOPOSLModule                  Size  Used by
bd96801_wdt            12288  0
bd96801_regulator      16384  0
rohm_bd96801           16384  0
mva_overlay            65536  0
usb_f_acm              12288  2
u_serial               16384  3 usb_f_acm
usb_f_ecm              16384  2
usb_f_rndis            24576  2
u_ether                16384  2 usb_f_ecm,usb_f_rndis
libcomposite           57344  15 usb_f_ecm,usb_f_acm,u_ether,usb_f_rndis
iptable_nat            12288  0
nf_nat                 36864  1 iptable_nat
snd_soc_hdmi_codec     16384  1
nf_conntrack          110592  1 nf_nat
evdev                  20480  0
nf_defrag_ipv6         16384  1 nf_conntrack
nf_defrag_ipv4         12288  1 nf_conntrack
iptable_mangle         12288  0
iptable_filter         12288  0
bluetooth             610304  2
ecdh_generic           12288  1 bluetooth
ecc                    36864  1 ecdh_generic
omap_aes_driver        24576  0
snd_soc_simple_card    16384  0
omap_crypto            12288  1 omap_aes_driver
snd_soc_simple_card_utils    20480  1 snd_soc_simple_card
omap_sham              28672  0
libaes                 12288  2 omap_aes_driver,bluetooth
crypto_engine          12288  2 omap_aes_driver,omap_sham
pm33xx                 12288  0
ti_emif_sram           12288  1 pm33xx
omap_rng               12288  0
rng_core               16384  1 omap_rng
tilcdc                 32768  0
drm_dma_helper         16384  1 tilcdc
snd_soc_davinci_mcasp    32768  2
snd_soc_ti_udma        12288  1 snd_soc_davinci_mcasp
snd_soc_ti_edma        12288  1 snd_soc_davinci_mcasp
snd_soc_ti_sdma        12288  1 snd_soc_davinci_mcasp
snd_soc_core          192512  7 snd_soc_davinci_mcasp,snd_soc_hdmi_codec,snd_soc_simple_card_utils,snd_soc_ti_sdma,snd_soc_ti_edma,snd_soc_ti_udma,snd_soc_simple_card
snd_pcm_dmaengine      12288  1 snd_soc_core
snd_pcm               110592  5 snd_soc_davinci_mcasp,snd_pcm_dmaengine,snd_soc_hdmi_codec,snd_soc_simple_card_utils,snd_soc_core
omap_mailbox           12288  1
snd_timer              28672  1 snd_pcm
snd                    69632  4 snd_soc_hdmi_codec,snd_timer,snd_soc_core,snd_pcm
soundcore              12288  1 snd
musb_dsps              16384  0
tda998x                20480  0
musb_hdrc             131072  1 musb_dsps
udc_core               45056  7 usb_f_ecm,usb_f_acm,u_serial,musb_hdrc,u_ether,usb_f_rndis,libcomposite
drm_kms_helper        122880  3 drm_dma_helper,tda998x,tilcdc
usbcore               225280  1 musb_hdrc
drm                   417792  5 drm_dma_helper,tda998x,tilcdc,drm_kms_helper
phy_am335x             12288  2
phy_generic            12288  1 phy_am335x
usb_common             12288  6 phy_am335x,udc_core,musb_hdrc,libcomposite,musb_dsps,usbcore
wkup_m3_ipc            12288  1 pm33xx
tps65218_pwrbutton     12288  0
drm_panel_orientation_quirks    12288  1 drm
at24                   16384  0
phy_am335x_control     12288  1 phy_am335x
cppi41                 16384  60
rtc_omap               16384  2 pm33xx
omap_wdt               12288  0
wkup_m3_rproc          12288  1
watchdog               24576  2 omap_wdt,bd96801_wdt
leds_gpio              12288  0
led_class              12288  1 leds_gpio
cpufreq_dt             12288  0
ip_tables              20480  3 iptable_mangle,iptable_filter,iptable_nat
x_tables               24576  4 iptable_mangle,ip_tables,iptable_filter,iptable_nat
autofs4                40960  2
ZVFETOPOSL 0
root@arm:~# Labgrid Console Logfile for main
Logfile started at 2024-09-25 13:01:20.011027
=== Log starts here ===

root@arm:~# run() { echo -n "$MARKER"; sh -c "$@"; echo "$MARKER $?"; }
root@arm:~# echo 'NOJC''FHBTGP'
NOJCFHBTGP
root@arm:~# MARKER='LEQJ''VBXMGZ' run 'insmod /bd96801-test.ko'
LEQJVBXMGZLEQJVBXMGZ 0
root@arm:~# echo 'MNAV''TPKACW'
MNAVTPKACW
root@arm:~# MARKER='QXJK''KKAUXU' run lsmod
QXJKKKAUXUModule                  Size  Used by
bd96801_test           16384  0
bd96801_wdt            12288  0
bd96801_regulator      16384  7
rohm_bd96801           16384  0
mva_overlay            65536  0
usb_f_acm              12288  2
u_serial               16384  3 usb_f_acm
usb_f_ecm              16384  2
usb_f_rndis            24576  2
u_ether                16384  2 usb_f_ecm,usb_f_rndis
libcomposite           57344  15 usb_f_ecm,usb_f_acm,u_ether,usb_f_rndis
iptable_nat            12288  0
nf_nat                 36864  1 iptable_nat
snd_soc_hdmi_codec     16384  1
nf_conntrack          110592  1 nf_nat
evdev                  20480  0
nf_defrag_ipv6         16384  1 nf_conntrack
nf_defrag_ipv4         12288  1 nf_conntrack
iptable_mangle         12288  0
iptable_filter         12288  0
bluetooth             610304  2
ecdh_generic           12288  1 bluetooth
ecc                    36864  1 ecdh_generic
omap_aes_driver        24576  0
snd_soc_simple_card    16384  0
omap_crypto            12288  1 omap_aes_driver
snd_soc_simple_card_utils    20480  1 snd_soc_simple_card
omap_sham              28672  0
libaes                 12288  2 omap_aes_driver,bluetooth
crypto_engine          12288  2 omap_aes_driver,omap_sham
pm33xx                 12288  0
ti_emif_sram           12288  1 pm33xx
omap_rng               12288  0
rng_core               16384  1 omap_rng
tilcdc                 32768  0
drm_dma_helper         16384  1 tilcdc
snd_soc_davinci_mcasp    32768  2
snd_soc_ti_udma        12288  1 snd_soc_davinci_mcasp
snd_soc_ti_edma        12288  1 snd_soc_davinci_mcasp
snd_soc_ti_sdma        12288  1 snd_soc_davinci_mcasp
snd_soc_core          192512  7 snd_soc_davinci_mcasp,snd_soc_hdmi_codec,snd_soc_simple_card_utils,snd_soc_ti_sdma,snd_soc_ti_edma,snd_soc_ti_udma,snd_soc_simple_card
snd_pcm_dmaengine      12288  1 snd_soc_core
snd_pcm               110592  5 snd_soc_davinci_mcasp,snd_pcm_dmaengine,snd_soc_hdmi_codec,snd_soc_simple_card_utils,snd_soc_core
omap_mailbox           12288  1
snd_timer              28672  1 snd_pcm
snd                    69632  4 snd_soc_hdmi_codec,snd_timer,snd_soc_core,snd_pcm
soundcore              12288  1 snd
musb_dsps              16384  0
tda998x                20480  0
musb_hdrc             131072  1 musb_dsps
udc_core               45056  7 usb_f_ecm,usb_f_acm,u_serial,musb_hdrc,u_ether,usb_f_rndis,libcomposite
drm_kms_helper        122880  3 drm_dma_helper,tda998x,tilcdc
usbcore               225280  1 musb_hdrc
drm                   417792  5 drm_dma_helper,tda998x,tilcdc,drm_kms_helper
phy_am335x             12288  2
phy_generic            12288  1 phy_am335x
usb_common             12288  6 phy_am335x,udc_core,musb_hdrc,libcomposite,musb_dsps,usbcore
wkup_m3_ipc            12288  1 pm33xx
tps65218_pwrbutton     12288  0
drm_panel_orientation_quirks    12288  1 drm
at24                   16384  0
phy_am335x_control     12288  1 phy_am335x
cppi41                 16384  60
rtc_omap               16384  2 pm33xx
omap_wdt               12288  0
wkup_m3_rproc          12288  1
watchdog               24576  2 omap_wdt,bd96801_wdt
leds_gpio              12288  0
led_class              12288  1 leds_gpio
cpufreq_dt             12288  0
ip_tables              20480  3 iptable_mangle,iptable_filter,iptable_nat
x_tables               24576  4 iptable_mangle,ip_tables,iptable_filter,iptable_nat
autofs4                40960  2
QXJKKKAUXU 0
root@arm:~# Labgrid Console Logfile for main
Logfile started at 2024-09-25 13:01:23.743343
=== Log starts here ===

root@arm:~# run() { echo -n "$MARKER"; sh -c "$@"; echo "$MARKER $?"; }
root@arm:~# echo 'USMW''VFLLSM'
USMWVFLLSM
root@arm:~# MARKER='MAZZ''ALSJWB' run '/./init_regulator_test.sh bd96801'
MAZZALSJWBboard bd96801 given
/./init_regulator_test.sh: line 38: buck10_en: command not found
/./init_regulator_test.sh: line 39: buck10_set: command not found
MAZZALSJWB 0
root@arm:~# Labgrid Console Logfile for main
Logfile started at 2024-09-25 13:01:33.203488
=== Log starts here ===

root@arm:~# run() { echo -n "$MARKER"; sh -c "$@"; echo "$MARKER $?"; }
root@arm:~# echo 'BACK''NUTSHY'
BACKNUTSHY
root@arm:~# MARKER='CAXM''YZVOMN' run dmesg
CAXMYZVOMN[    0.000000] Booting Linux on physical CPU 0x0
[    0.000000] Linux version 6.11.0-g73ea23d406f1 (user01@drvtest01) (arm-linux-gnueabihf-gcc (Linaro GCC 6.4-2017.11) 6.4.1 20171012, GNU ld (Linaro_Binutils-2017.11) 2.27.0.20161229) #17 SMP Wed Sep 25 12:36:14 EEST 2024
[    0.000000] CPU: ARMv7 Processor [413fc082] revision 2 (ARMv7), cr=10c5387d
[    0.000000] CPU: PIPT / VIPT nonaliasing data cache, VIPT aliasing instruction cache
[    0.000000] OF: fdt: Machine model: TI AM335x BeagleBone Black
[    0.000000] Memory policy: Data cache writeback
[    0.000000] cma: Reserved 16 MiB at 0x9e800000 on node -1
[    0.000000] Zone ranges:
[    0.000000]   Normal   [mem 0x0000000080000000-0x000000009fdfffff]
[    0.000000]   HighMem  empty
[    0.000000] Movable zone start for each node
[    0.000000] Early memory node ranges
[    0.000000]   node   0: [mem 0x0000000080000000-0x000000009fdfffff]
[    0.000000] Initmem setup node 0 [mem 0x0000000080000000-0x000000009fdfffff]
[    0.000000] CPU: All CPU(s) started in SVC mode.
[    0.000000] AM335X ES2.1 (sgx neon)
[    0.000000] percpu: Embedded 17 pages/cpu s39628 r8192 d21812 u69632
[    0.000000] pcpu-alloc: s39628 r8192 d21812 u69632 alloc=17*4096
[    0.000000] pcpu-alloc: [0] 0 
[    0.000000] Kernel command line: console=ttyO0,115200n8 root=/dev/nfs rw nfsroot=192.168.255.126:/home/user01/nfs,nfsvers=3 ip=192.168.255.4:192.168.255.126::255.255.255.0:bbb1:eth0 nfsrootdebug
[    0.000000] Unknown kernel command line parameters "nfsrootdebug", will be passed to user space.
[    0.000000] Dentry cache hash table entries: 65536 (order: 6, 262144 bytes, linear)
[    0.000000] Inode-cache hash table entries: 32768 (order: 5, 131072 bytes, linear)
[    0.000000] Built 1 zonelists, mobility grouping on.  Total pages: 130560
[    0.000000] mem auto-init: stack:off, heap alloc:off, heap free:off
[    0.000000] SLUB: HWalign=64, Order=0-3, MinObjects=0, CPUs=1, Nodes=1
[    0.000000] trace event string verifier disabled
[    0.000000] rcu: Hierarchical RCU implementation.
[    0.000000] rcu: 	RCU event tracing is enabled.
[    0.000000] rcu: 	RCU restricting CPUs from NR_CPUS=2 to nr_cpu_ids=1.
[    0.000000] rcu: RCU calculated value of scheduler-enlistment delay is 10 jiffies.
[    0.000000] rcu: Adjusting geometry for rcu_fanout_leaf=16, nr_cpu_ids=1
[    0.000000] NR_IRQS: 16, nr_irqs: 16, preallocated irqs: 16
[    0.000000] IRQ: Found an INTC at 0x(ptrval) (revision 5.0) with 128 interrupts
[    0.000000] rcu: srcu_init: Setting srcu_struct sizes based on contention.
[    0.000000] TI gptimer clocksource: always-on /ocp/interconnect@44c00000/segment@200000/target-module@31000
[    0.000002] sched_clock: 32 bits at 24MHz, resolution 41ns, wraps every 89478484971ns
[    0.000030] clocksource: dmtimer: mask: 0xffffffff max_cycles: 0xffffffff, max_idle_ns: 79635851949 ns
[    0.000506] TI gptimer clockevent: 24000000 Hz at /ocp/interconnect@48000000/segment@0/target-module@40000
[    0.002135] Console: colour dummy device 80x30
[    0.002203] WARNING: Your 'console=ttyO0' has been replaced by 'ttyS0'
[    0.002212] This ensures that you still see kernel messages. Please
[    0.002218] update your kernel commandline.
[    0.002262] Calibrating delay loop... 996.14 BogoMIPS (lpj=4980736)
[    0.090560] CPU: Testing write buffer coherency: ok
[    0.090663] CPU0: Spectre v2: using BPIALL workaround
[    0.090675] pid_max: default: 32768 minimum: 301
[    0.090798] LSM: initializing lsm=capability
[    0.090969] Mount-cache hash table entries: 1024 (order: 0, 4096 bytes, linear)
[    0.090993] Mountpoint-cache hash table entries: 1024 (order: 0, 4096 bytes, linear)
[    0.092532] CPU0: thread -1, cpu 0, socket -1, mpidr 0
[    0.094243] Setting up static identity map for 0x80100000 - 0x80100078
[    0.094552] rcu: Hierarchical SRCU implementation.
[    0.094565] rcu: 	Max phase no-delay instances is 1000.
[    0.096242] smp: Bringing up secondary CPUs ...
[    0.096305] smp: Brought up 1 node, 1 CPU
[    0.096321] SMP: Total of 1 processors activated (996.14 BogoMIPS).
[    0.096335] CPU: All CPU(s) started in SVC mode.
[    0.096530] Memory: 480876K/522240K available (11264K kernel code, 1197K rwdata, 2856K rodata, 1024K init, 297K bss, 23344K reserved, 16384K cma-reserved, 0K highmem)
[    0.097334] devtmpfs: initialized
[    0.113711] VFP support v0.3: implementor 41 architecture 3 part 30 variant c rev 3
[    0.114066] clocksource: jiffies: mask: 0xffffffff max_cycles: 0xffffffff, max_idle_ns: 19112604462750000 ns
[    0.114105] futex hash table entries: 256 (order: 2, 16384 bytes, linear)
[    0.115403] pinctrl core: initialized pinctrl subsystem
[    0.118124] NET: Registered PF_NETLINK/PF_ROUTE protocol family
[    0.121126] DMA: preallocated 256 KiB pool for atomic coherent allocations
[    0.122098] audit: initializing netlink subsys (disabled)
[    0.123473] thermal_sys: Registered thermal governor 'fair_share'
[    0.123495] thermal_sys: Registered thermal governor 'step_wise'
[    0.123507] thermal_sys: Registered thermal governor 'user_space'
[    0.123626] audit: type=2000 audit(0.120:1): state=initialized audit_enabled=0 res=1
[    0.123698] cpuidle: using governor menu
[    0.142838] No ATAGs?
[    0.142871] hw-breakpoint: debug architecture 0x4 unsupported.
[    0.145755] kprobes: kprobe jump-optimization is enabled. All kprobes are optimized if possible.
[    0.164048] iommu: Default domain type: Translated
[    0.164077] iommu: DMA domain TLB invalidation policy: strict mode
[    0.165660] reg-fixed-voltage fixedregulator0: using DT '/fixedregulator0' for '(default)' GPIO lookup
[    0.165717] of_get_named_gpiod_flags: can't parse 'gpios' property of node '/fixedregulator0[0]'
[    0.165747] of_get_named_gpiod_flags: can't parse 'gpio' property of node '/fixedregulator0[0]'
[    0.165767] reg-fixed-voltage fixedregulator0: using lookup tables for GPIO lookup
[    0.165780] reg-fixed-voltage fixedregulator0: No GPIO consumer (default) found
[    0.171408] SCSI subsystem initialized
[    0.181022] libata version 3.00 loaded.
[    0.181399] pps_core: LinuxPPS API ver. 1 registered
[    0.181413] pps_core: Software ver. 5.3.6 - Copyright 2005-2007 Rodolfo Giometti <giometti@linux.it>
[    0.181440] PTP clock support registered
[    0.183395] vgaarb: loaded
[    0.183785] clocksource: Switched to clocksource dmtimer
[    0.184383] VFS: Disk quotas dquot_6.6.0
[    0.184429] VFS: Dquot-cache hash table entries: 1024 (order 0, 4096 bytes)
[    0.210570] NET: Registered PF_INET protocol family
[    0.210933] IP idents hash table entries: 8192 (order: 4, 65536 bytes, linear)
[    0.212330] tcp_listen_portaddr_hash hash table entries: 512 (order: 0, 4096 bytes, linear)
[    0.212369] Table-perturb hash table entries: 65536 (order: 6, 262144 bytes, linear)
[    0.212387] TCP established hash table entries: 4096 (order: 2, 16384 bytes, linear)
[    0.212432] TCP bind hash table entries: 4096 (order: 4, 65536 bytes, linear)
[    0.212534] TCP: Hash tables configured (established 4096 bind 4096)
[    0.212657] UDP hash table entries: 256 (order: 1, 8192 bytes, linear)
[    0.212686] UDP-Lite hash table entries: 256 (order: 1, 8192 bytes, linear)
[    0.212863] NET: Registered PF_UNIX/PF_LOCAL protocol family
[    0.214209] RPC: Registered named UNIX socket transport module.
[    0.214237] RPC: Registered udp transport module.
[    0.214245] RPC: Registered tcp transport module.
[    0.214251] RPC: Registered tcp-with-tls transport module.
[    0.214258] RPC: Registered tcp NFSv4.1 backchannel transport module.
[    0.214285] PCI: CLS 0 bytes, default 64
[    0.215728] Initialise system trusted keyrings
[    0.224491] workingset: timestamp_bits=14 max_order=17 bucket_order=3
[    0.225819] NFS: Registering the id_resolver key type
[    0.225927] Key type id_resolver registered
[    0.225938] Key type id_legacy registered
[    0.225988] jffs2: version 2.2. (NAND) (SUMMARY)  Â© 2001-2006 Red Hat, Inc.
[    0.226387] Key type asymmetric registered
[    0.226406] Asymmetric key parser 'x509' registered
[    0.226477] io scheduler mq-deadline registered
[    0.226490] io scheduler kyber registered
[    0.226564] io scheduler bfq registered
[    0.243989] Serial: 8250/16550 driver, 6 ports, IRQ sharing enabled
[    0.307378] brd: module loaded
[    0.318552] loop: module loaded
[    0.319488] mtdoops: mtd device (mtddev=name/number) must be supplied
[    0.335426] mdio_bus fixed-0: using lookup tables for GPIO lookup
[    0.335459] mdio_bus fixed-0: No GPIO consumer reset found
[    0.336850] i2c_dev: i2c /dev entries driver
[    0.337828] cpuidle: enable-method property 'ti,am3352' found operations
[    0.338278] sdhci: Secure Digital Host Controller Interface driver
[    0.338289] sdhci: Copyright(c) Pierre Ossman
[    0.338463] sdhci-pltfm: SDHCI platform and OF driver helper
[    0.338820] ledtrig-cpu: registered to indicate activity on CPUs
[    0.339766] Initializing XFRM netlink socket
[    0.339891] NET: Registered PF_INET6 protocol family
[    0.341710] Segment Routing with IPv6
[    0.341805] In-situ OAM (IOAM) with IPv6
[    0.341901] sit: IPv6, IPv4 and MPLS over IPv4 tunneling driver
[    0.342842] NET: Registered PF_PACKET protocol family
[    0.342881] NET: Registered PF_KEY protocol family
[    0.342999] Key type dns_resolver registered
[    0.343261] ThumbEE CPU extension supported.
[    0.343286] Registering SWP/SWPB emulation handler
[    0.343963] omap_voltage_late_init: Voltage driver support not added
[    0.344326] SmartReflex Class3 initialized
[    0.387387] Loading compiled-in X.509 certificates
[    0.424378] gpiochip_find_base_unlocked: found new base at 512
[    0.453660] platform 44e10800.pinmux: Fixed dependency cycle(s) with /ocp/interconnect@44c00000/segment@200000/target-module@10000/scm@0/pinmux@800/clkout2-pins
[    0.454495] pinctrl-single 44e10800.pinmux: 142 pins, size 568
[    0.459558] ti-sysc 44e31000.target-module: probe with driver ti-sysc failed with error -16
[    0.500747] ti-sysc 48040000.target-module: probe with driver ti-sysc failed with error -16
[    0.511764] gpiochip_find_base_unlocked: found new base at 512
[    0.511875] gpio gpiochip0: (gpio-0-31): created GPIO range 0->7 ==> 44e10800.pinmux PIN 0->7
[    0.511897] gpio gpiochip0: (gpio-0-31): created GPIO range 8->11 ==> 44e10800.pinmux PIN 90->93
[    0.511915] gpio gpiochip0: (gpio-0-31): created GPIO range 12->27 ==> 44e10800.pinmux PIN 12->27
[    0.511932] gpio gpiochip0: (gpio-0-31): created GPIO range 28->31 ==> 44e10800.pinmux PIN 30->33
[    0.537779] gpio gpiochip0: (gpio-0-31): added GPIO chardev (254:0)
[    0.537962] gpio gpiochip0: registered GPIOs 512 to 543 on gpio-0-31
[    0.538050] OMAP GPIO hardware version 0.1
[    0.566872] i2c i2c-2: using DT '/ocp/interconnect@48000000/segment@100000/target-module@9c000/i2c@0' for 'scl' GPIO lookup
[    0.566975] of_get_named_gpiod_flags: can't parse 'scl-gpios' property of node '/ocp/interconnect@48000000/segment@100000/target-module@9c000/i2c@0[0]'
[    0.567022] of_get_named_gpiod_flags: can't parse 'scl-gpio' property of node '/ocp/interconnect@48000000/segment@100000/target-module@9c000/i2c@0[0]'
[    0.567063] i2c i2c-2: using lookup tables for GPIO lookup
[    0.567075] i2c i2c-2: No GPIO consumer scl found
[    0.567098] i2c i2c-2: using DT '/ocp/interconnect@48000000/segment@100000/target-module@9c000/i2c@0' for 'sda' GPIO lookup
[    0.567137] of_get_named_gpiod_flags: can't parse 'sda-gpios' property of node '/ocp/interconnect@48000000/segment@100000/target-module@9c000/i2c@0[0]'
[    0.567176] of_get_named_gpiod_flags: can't parse 'sda-gpio' property of node '/ocp/interconnect@48000000/segment@100000/target-module@9c000/i2c@0[0]'
[    0.567210] i2c i2c-2: using lookup tables for GPIO lookup
[    0.567220] i2c i2c-2: No GPIO consumer sda found
[    0.567918] omap_i2c 4819c000.i2c: bus 2 rev0.11 at 100 kHz
[    0.573196] gpiochip_find_base_unlocked: found new base at 544
[    0.573310] gpio gpiochip1: (gpio-32-63): created GPIO range 0->17 ==> 44e10800.pinmux PIN 34->51
[    0.573333] gpio gpiochip1: (gpio-32-63): created GPIO range 18->21 ==> 44e10800.pinmux PIN 77->80
[    0.573350] gpio gpiochip1: (gpio-32-63): created GPIO range 22->31 ==> 44e10800.pinmux PIN 56->65
[    0.574384] gpio gpiochip1: (gpio-32-63): added GPIO chardev (254:1)
[    0.574544] gpio gpiochip1: registered GPIOs 544 to 575 on gpio-32-63
[    0.576711] gpiochip_find_base_unlocked: found new base at 576
[    0.576831] gpio gpiochip2: (gpio-64-95): created GPIO range 0->4 ==> 44e10800.pinmux PIN 66->70
[    0.576854] gpio gpiochip2: (gpio-64-95): created GPIO range 5->6 ==> 44e10800.pinmux PIN 98->99
[    0.576871] gpio gpiochip2: (gpio-64-95): created GPIO range 7->8 ==> 44e10800.pinmux PIN 75->76
[    0.576888] gpio gpiochip2: (gpio-64-95): created GPIO range 13->13 ==> 44e10800.pinmux PIN 141->141
[    0.576906] gpio gpiochip2: (gpio-64-95): created GPIO range 14->21 ==> 44e10800.pinmux PIN 100->107
[    0.589177] gpio gpiochip2: (gpio-64-95): added GPIO chardev (254:2)
[    0.589346] gpio gpiochip2: registered GPIOs 576 to 607 on gpio-64-95
[    0.595031] 48000000.interconnect:segment@200000:target-module@0:mpu@0:fck: device ID is greater than 24
[    0.599180] platform 4830e000.lcdc: Fixed dependency cycle(s) with /ocp/interconnect@44c00000/segment@200000/target-module@b000/i2c@0/tda19988@70
[    0.608497] mdio_bus 4a101000.mdio: using DT '/ocp/interconnect@4a000000/segment@0/target-module@100000/switch@0/mdio@1000' for 'reset' GPIO lookup
[    0.608577] of_get_named_gpiod_flags: can't parse 'reset-gpios' property of node '/ocp/interconnect@4a000000/segment@0/target-module@100000/switch@0/mdio@1000[0]'
[    0.608629] of_get_named_gpiod_flags: can't parse 'reset-gpio' property of node '/ocp/interconnect@4a000000/segment@0/target-module@100000/switch@0/mdio@1000[0]'
[    0.608679] mdio_bus 4a101000.mdio: using lookup tables for GPIO lookup
[    0.608690] mdio_bus 4a101000.mdio: No GPIO consumer reset found
[    0.609716] sdhci-omap 481d8000.mmc: using DT '/ocp/interconnect@48000000/segment@100000/target-module@d8000/mmc@0' for 'wp' GPIO lookup
[    0.609785] of_get_named_gpiod_flags: can't parse 'wp-gpios' property of node '/ocp/interconnect@48000000/segment@100000/target-module@d8000/mmc@0[0]'
[    0.609830] of_get_named_gpiod_flags: can't parse 'wp-gpio' property of node '/ocp/interconnect@48000000/segment@100000/target-module@d8000/mmc@0[0]'
[    0.609867] sdhci-omap 481d8000.mmc: using lookup tables for GPIO lookup
[    0.609879] sdhci-omap 481d8000.mmc: No GPIO consumer wp found
[    0.610076] sdhci-omap 481d8000.mmc: supply pbias not found, using dummy regulator
[    0.610548] sdhci-omap 481d8000.mmc: supply vqmmc not found, using dummy regulator
[    0.687282] davinci_mdio 4a101000.mdio: davinci mdio revision 1.6, bus freq 1000000
[    0.707892] mdio_bus 4a101000.mdio:00: using DT '/ocp/interconnect@4a000000/segment@0/target-module@100000/switch@0/mdio@1000/ethernet-phy@0' for 'reset' GPIO lookup
[    0.708001] of_get_named_gpiod_flags: parsed 'reset-gpios' property of node '/ocp/interconnect@4a000000/segment@0/target-module@100000/switch@0/mdio@1000/ethernet-phy@0[0]' - status (0)
[    0.708174] gpio gpiochip0: Persistence not supported for GPIO 8
[    0.792517] davinci_mdio 4a101000.mdio: phy[0]: device 4a101000.mdio:00, driver SMSC LAN8710/LAN8720
[    0.793164] cpsw-switch 4a100000.switch: initialized cpsw ale version 1.4
[    0.793191] cpsw-switch 4a100000.switch: ALE Table size 1024
[    0.793348] cpsw-switch 4a100000.switch: cpts: overflow check period 500 (jiffies)
[    0.793369] cpsw-switch 4a100000.switch: CPTS: ref_clk_freq:250000000 calc_mult:2147483648 calc_shift:29 error:0 nsec/sec
[    0.793482] cpsw-switch 4a100000.switch: Detected MACID = 18:2c:65:25:1d:6e
[    0.795429] cpsw-switch 4a100000.switch: initialized (regs 0x4a100000, pool size 256) hw_ver:0019010C 1.12 (0)
[    0.806336] debugfs: Directory '49000000.dma' with parent 'dmaengine' already present!
[    0.806384] edma 49000000.dma: TI EDMA DMA engine driver
[    0.845542] target-module@4b000000:target-module@140000:pmu@0:fck: device ID is greater than 24
[    0.859154] hw perfevents: enabled with armv7_cortex_a8 PMU driver, 5 counters available
[    0.860019] gpio-clk clk_mcasp0: using DT '/clk_mcasp0' for 'enable' GPIO lookup
[    0.860091] of_get_named_gpiod_flags: parsed 'enable-gpios' property of node '/clk_mcasp0[0]' - status (0)
[    0.860136] gpio gpiochip0: Persistence not supported for GPIO 27
[    0.860931] gpiochip_find_base_unlocked: found new base at 608
[    0.861054] gpio gpiochip3: (gpio-96-127): created GPIO range 0->7 ==> 44e10800.pinmux PIN 82->89
[    0.861078] gpio gpiochip3: (gpio-96-127): created GPIO range 8->11 ==> 44e10800.pinmux PIN 52->55
[    0.861096] gpio gpiochip3: (gpio-96-127): created GPIO range 12->15 ==> 44e10800.pinmux PIN 94->97
[    0.861113] gpio gpiochip3: (gpio-96-127): created GPIO range 16->17 ==> 44e10800.pinmux PIN 71->72
[    0.861130] gpio gpiochip3: (gpio-96-127): created GPIO range 18->18 ==> 44e10800.pinmux PIN 135->135
[    0.861148] gpio gpiochip3: (gpio-96-127): created GPIO range 19->20 ==> 44e10800.pinmux PIN 108->109
[    0.861166] gpio gpiochip3: (gpio-96-127): created GPIO range 21->21 ==> 44e10800.pinmux PIN 73->73
[    0.861185] gpio gpiochip3: (gpio-96-127): created GPIO range 22->23 ==> 44e10800.pinmux PIN 8->9
[    0.861203] gpio gpiochip3: (gpio-96-127): created GPIO range 26->27 ==> 44e10800.pinmux PIN 10->11
[    0.861222] gpio gpiochip3: (gpio-96-127): created GPIO range 28->28 ==> 44e10800.pinmux PIN 74->74
[    0.861242] gpio gpiochip3: (gpio-96-127): created GPIO range 29->29 ==> 44e10800.pinmux PIN 81->81
[    0.861262] gpio gpiochip3: (gpio-96-127): created GPIO range 30->31 ==> 44e10800.pinmux PIN 28->29
[    0.866771] l3-aon-clkctrl:0000:0: failed to disable
[    0.879175] gpio gpiochip3: (gpio-96-127): added GPIO chardev (254:3)
[    0.879352] gpio gpiochip3: registered GPIOs 608 to 639 on gpio-96-127
[    0.881345] omap8250 44e09000.serial: using DT '/ocp/interconnect@44c00000/segment@200000/target-module@9000/serial@0' for 'rs485-term' GPIO lookup
[    0.881420] of_get_named_gpiod_flags: can't parse 'rs485-term-gpios' property of node '/ocp/interconnect@44c00000/segment@200000/target-module@9000/serial@0[0]'
[    0.881467] of_get_named_gpiod_flags: can't parse 'rs485-term-gpio' property of node '/ocp/interconnect@44c00000/segment@200000/target-module@9000/serial@0[0]'
[    0.881506] omap8250 44e09000.serial: using lookup tables for GPIO lookup
[    0.881517] omap8250 44e09000.serial: No GPIO consumer rs485-term found
[    0.881529] omap8250 44e09000.serial: using DT '/ocp/interconnect@44c00000/segment@200000/target-module@9000/serial@0' for 'rs485-rx-during-tx' GPIO lookup
[    0.881567] of_get_named_gpiod_flags: can't parse 'rs485-rx-during-tx-gpios' property of node '/ocp/interconnect@44c00000/segment@200000/target-module@9000/serial@0[0]'
[    0.881607] of_get_named_gpiod_flags: can't parse 'rs485-rx-during-tx-gpio' property of node '/ocp/interconnect@44c00000/segment@200000/target-module@9000/serial@0[0]'
[    0.881642] omap8250 44e09000.serial: using lookup tables for GPIO lookup
[    0.881651] omap8250 44e09000.serial: No GPIO consumer rs485-rx-during-tx found
[    0.882035] 44e09000.serial: ttyS0 at MMIO 0x44e09000 (irq = 34, base_baud = 3000000) is a 8250
[    0.882122] printk: legacy console [ttyS0] enabled
[    2.065691] i2c i2c-0: using DT '/ocp/interconnect@44c00000/segment@200000/target-module@b000/i2c@0' for 'scl' GPIO lookup
[    2.065779] of_get_named_gpiod_flags: can't parse 'scl-gpios' property of node '/ocp/interconnect@44c00000/segment@200000/target-module@b000/i2c@0[0]'
[    2.065828] of_get_named_gpiod_flags: can't parse 'scl-gpio' property of node '/ocp/interconnect@44c00000/segment@200000/target-module@b000/i2c@0[0]'
[    2.065870] i2c i2c-0: using lookup tables for GPIO lookup
[    2.065884] i2c i2c-0: No GPIO consumer scl found
[    2.065910] i2c i2c-0: using DT '/ocp/interconnect@44c00000/segment@200000/target-module@b000/i2c@0' for 'sda' GPIO lookup
[    2.065951] of_get_named_gpiod_flags: can't parse 'sda-gpios' property of node '/ocp/interconnect@44c00000/segment@200000/target-module@b000/i2c@0[0]'
[    2.065993] of_get_named_gpiod_flags: can't parse 'sda-gpio' property of node '/ocp/interconnect@44c00000/segment@200000/target-module@b000/i2c@0[0]'
[    2.066030] i2c i2c-0: using lookup tables for GPIO lookup
[    2.066041] i2c i2c-0: No GPIO consumer sda found
[    2.096872] tps65217-pmic: Failed to locate of_node [id: -1]
[    2.102924] tps65217-bl: Failed to locate of_node [id: -1]
[    2.152925] tps65217 0-0024: TPS65217 ID 0xe version 1.2
[    2.159047] platform 4830e000.lcdc: Fixed dependency cycle(s) with /ocp/interconnect@44c00000/segment@200000/target-module@b000/i2c@0/tda19988@70
[    2.172507] i2c 0-0070: Fixed dependency cycle(s) with /ocp/interconnect@48000000/segment@300000/target-module@e000/lcdc@0
[    2.183967] omap_i2c 44e0b000.i2c: bus 0 rev0.11 at 400 kHz
[    2.202692] sdhci-omap 48060000.mmc: using DT '/ocp/interconnect@48000000/segment@0/target-module@60000/mmc@0' for 'cd' GPIO lookup
[    2.202806] of_get_named_gpiod_flags: parsed 'cd-gpios' property of node '/ocp/interconnect@48000000/segment@0/target-module@60000/mmc@0[0]' - status (0)
[    2.202875] gpio gpiochip3: Persistence not supported for GPIO 6
[    2.202899] omap_gpio 44e07000.gpio: Could not set line 6 debounce to 200000 microseconds (-22)
[    2.211863] sdhci-omap 48060000.mmc: Got CD GPIO
[    2.216587] sdhci-omap 48060000.mmc: using DT '/ocp/interconnect@48000000/segment@0/target-module@60000/mmc@0' for 'wp' GPIO lookup
[    2.216642] of_get_named_gpiod_flags: can't parse 'wp-gpios' property of node '/ocp/interconnect@48000000/segment@0/target-module@60000/mmc@0[0]'
[    2.216688] of_get_named_gpiod_flags: can't parse 'wp-gpio' property of node '/ocp/interconnect@48000000/segment@0/target-module@60000/mmc@0[0]'
[    2.216729] sdhci-omap 48060000.mmc: using lookup tables for GPIO lookup
[    2.216744] sdhci-omap 48060000.mmc: No GPIO consumer wp found
[    2.216964] sdhci-omap 48060000.mmc: supply pbias not found, using dummy regulator
[    2.227307] sdhci-omap 481d8000.mmc: using DT '/ocp/interconnect@48000000/segment@100000/target-module@d8000/mmc@0' for 'wp' GPIO lookup
[    2.227389] of_get_named_gpiod_flags: can't parse 'wp-gpios' property of node '/ocp/interconnect@48000000/segment@100000/target-module@d8000/mmc@0[0]'
[    2.227438] of_get_named_gpiod_flags: can't parse 'wp-gpio' property of node '/ocp/interconnect@48000000/segment@100000/target-module@d8000/mmc@0[0]'
[    2.227479] sdhci-omap 481d8000.mmc: using lookup tables for GPIO lookup
[    2.227493] sdhci-omap 481d8000.mmc: No GPIO consumer wp found
[    2.230759] sdhci-omap 48060000.mmc: supply vqmmc not found, using dummy regulator
[    2.239386] sdhci-omap 481d8000.mmc: supply pbias not found, using dummy regulator
[    2.247679] sdhci-omap 481d8000.mmc: supply vqmmc not found, using dummy regulator
[    2.284321] mmc1: SDHCI controller on 481d8000.mmc [481d8000.mmc] using External DMA
[    2.292686] mmc0: SDHCI controller on 48060000.mmc [48060000.mmc] using External DMA
[    2.301586] cpsw-switch 4a100000.switch: starting ndev. mode: dual_mac
[    2.353574] mmc1: new high speed MMC card at address 0001
[    2.360412] mmcblk1: mmc1:0001 MK2704 3.53 GiB
[    2.367962]  mmcblk1: p1
[    2.371722] mmcblk1boot0: mmc1:0001 MK2704 2.00 MiB
[    2.379138] mmcblk1boot1: mmc1:0001 MK2704 2.00 MiB
[    2.386434] mmcblk1rpmb: mmc1:0001 MK2704 512 KiB, chardev (250:0)
[    2.393176] SMSC LAN8710/LAN8720 4a101000.mdio:00: attached PHY driver (mii_bus:phy_addr=4a101000.mdio:00, irq=POLL)
[    5.524542] cpsw-switch 4a100000.switch eth0: Link is Up - 100Mbps/Full - flow control off
[    5.583803] IP-Config: Complete:
[    5.587081]      device=eth0, hwaddr=18:2c:65:25:1d:6e, ipaddr=192.168.255.4, mask=255.255.255.0, gw=255.255.255.255
[    5.597729]      host=bbb1, domain=, nis-domain=(none)
[    5.602897]      bootserver=192.168.255.126, rootserver=192.168.255.126, rootpath=
[    5.603314] clk: Disabling unused clocks
[    5.615147] PM: genpd: Disabling unused power domains
[    5.620269] KTAP version 1
[    5.622992] 1..0
[    5.647283] VFS: Mounted root (nfs filesystem) on device 0:17.
[    5.654402] devtmpfs: mounted
[    5.659061] Freeing unused kernel image (initmem) memory: 1024K
[    5.665763] Run /sbin/init as init process
[    5.669894]   with arguments:
[    5.669907]     /sbin/init
[    5.669916]     nfsrootdebug
[    5.669925]   with environment:
[    5.669934]     HOME=/
[    5.669943]     TERM=linux
[    6.351616] systemd[1]: System time before build time, advancing clock.
[    7.843804] random: crng init done
[    7.915091] systemd[1]: systemd 232 running in system mode. (+PAM +AUDIT +SELINUX +IMA +APPARMOR +SMACK +SYSVINIT +UTMP +LIBCRYPTSETUP +GCRYPT +GNUTLS +ACL +XZ +LZ4 +SECCOMP +BLKID +ELFUTILS +KMOD +IDN)
[    7.934132] systemd[1]: Detected architecture arm.
[    7.976839] systemd[1]: Set hostname to <arm>.
[    9.061415] systemd[1]: Listening on udev Kernel Socket.
[    9.094898] systemd[1]: Started Dispatch Password Requests to Console Directory Watch.
[    9.135644] systemd[1]: Listening on Syslog Socket.
[    9.174629] systemd[1]: Started Forward Password Requests to Wall Directory Watch.
[    9.214079] systemd[1]: Reached target Encrypted Volumes.
[    9.255285] systemd[1]: Created slice System Slice.
[    9.327799] systemd[1]: Mounting Debug File System...
[   11.424275] systemd-journald[86]: Received request to flush runtime journal from PID 1
[   14.163193] leds-gpio leds: using DT '/leds/led2' for '(default)' GPIO lookup
[   14.163296] of_get_named_gpiod_flags: parsed 'gpios' property of node '/leds/led2[0]' - status (0)
[   14.163358] gpio gpiochip0: Persistence not supported for GPIO 21
[   14.163375] gpio-533 (?): no flags found for GPIO (default)
[   14.236621] leds-gpio leds: using DT '/leds/led3' for '(default)' GPIO lookup
[   14.236729] of_get_named_gpiod_flags: parsed 'gpios' property of node '/leds/led3[0]' - status (0)
[   14.236788] gpio gpiochip0: Persistence not supported for GPIO 22
[   14.236803] gpio-534 (?): no flags found for GPIO (default)
[   14.266766] leds-gpio leds: using DT '/leds/led4' for '(default)' GPIO lookup
[   14.267037] of_get_named_gpiod_flags: parsed 'gpios' property of node '/leds/led4[0]' - status (0)
[   14.267103] gpio gpiochip0: Persistence not supported for GPIO 23
[   14.267119] gpio-535 (?): no flags found for GPIO (default)
[   14.292478] leds-gpio leds: using DT '/leds/led5' for '(default)' GPIO lookup
[   14.292576] of_get_named_gpiod_flags: parsed 'gpios' property of node '/leds/led5[0]' - status (0)
[   14.292627] gpio gpiochip0: Persistence not supported for GPIO 24
[   14.292642] gpio-536 (?): no flags found for GPIO (default)
[   14.780795] remoteproc remoteproc0: wkup_m3 is available
[   14.953674] omap_wdt: OMAP Watchdog Timer Rev 0x01: initial timeout 60 sec
[   14.994812] omap_rtc 44e3e000.rtc: registered as rtc0
[   14.999986] omap_rtc 44e3e000.rtc: setting system clock to 2000-01-01T00:00:00 UTC (946684800)
[   15.008781] omap_rtc 44e3e000.rtc: using DT '/ocp/interconnect@44c00000/segment@200000/target-module@3e000/rtc@0' for 'wp' GPIO lookup
[   15.008856] of_get_named_gpiod_flags: can't parse 'wp-gpios' property of node '/ocp/interconnect@44c00000/segment@200000/target-module@3e000/rtc@0[0]'
[   15.008909] of_get_named_gpiod_flags: can't parse 'wp-gpio' property of node '/ocp/interconnect@44c00000/segment@200000/target-module@3e000/rtc@0[0]'
[   15.008951] omap_rtc 44e3e000.rtc: using lookup tables for GPIO lookup
[   15.008966] omap_rtc 44e3e000.rtc: No GPIO consumer wp found
[   15.216371] at24 2-0054: supply vcc not found, using dummy regulator
[   15.417111] at24 2-0055: supply vcc not found, using dummy regulator
[   15.516550] at24 2-0056: supply vcc not found, using dummy regulator
[   15.623360] at24 2-0057: supply vcc not found, using dummy regulator
[   15.724661] at24 0-0050: using DT '/ocp/interconnect@44c00000/segment@200000/target-module@b000/i2c@0/baseboard_eeprom@50' for 'wp' GPIO lookup
[   15.724856] of_get_named_gpiod_flags: can't parse 'wp-gpios' property of node '/ocp/interconnect@44c00000/segment@200000/target-module@b000/i2c@0/baseboard_eeprom@50[0]'
[   15.724925] of_get_named_gpiod_flags: can't parse 'wp-gpio' property of node '/ocp/interconnect@44c00000/segment@200000/target-module@b000/i2c@0/baseboard_eeprom@50[0]'
[   15.725012] at24 0-0050: using lookup tables for GPIO lookup
[   15.725028] at24 0-0050: No GPIO consumer wp found
[   15.725484] at24 0-0050: 32768 byte 24c256 EEPROM, writable, 1 bytes/write
[   15.757420] tps6521x_pwrbutton tps65217-pwrbutton: DMA mask not set
[   15.797053] wkup_m3_ipc 44e11324.wkup_m3_ipc: IPC Request for A8->M3 Channel failed! -517
[   15.874765] input: tps65217_pwrbutton as /devices/platform/ocp/44c00000.interconnect/44c00000.interconnect:segment@200000/44e0b000.target-module/44e0b000.i2c/i2c-0/0-0024/tps65217-pwrbutton/input/input0
[   15.894276] wkup_m3_ipc 44e11324.wkup_m3_ipc: IPC Request for A8->M3 Channel failed! -517
[   16.088907] am335x-phy-driver 47401300.usb-phy: using DT '/ocp/target-module@47400000/usb-phy@1300' for 'reset' GPIO lookup
[   16.089095] of_get_named_gpiod_flags: can't parse 'reset-gpios' property of node '/ocp/target-module@47400000/usb-phy@1300[0]'
[   16.089147] of_get_named_gpiod_flags: can't parse 'reset-gpio' property of node '/ocp/target-module@47400000/usb-phy@1300[0]'
[   16.089229] am335x-phy-driver 47401300.usb-phy: using lookup tables for GPIO lookup
[   16.089247] am335x-phy-driver 47401300.usb-phy: No GPIO consumer reset found
[   16.089263] am335x-phy-driver 47401300.usb-phy: using DT '/ocp/target-module@47400000/usb-phy@1300' for 'vbus-detect' GPIO lookup
[   16.089364] of_get_named_gpiod_flags: can't parse 'vbus-detect-gpios' property of node '/ocp/target-module@47400000/usb-phy@1300[0]'
[   16.089451] of_get_named_gpiod_flags: can't parse 'vbus-detect-gpio' property of node '/ocp/target-module@47400000/usb-phy@1300[0]'
[   16.089483] am335x-phy-driver 47401300.usb-phy: using lookup tables for GPIO lookup
[   16.089496] am335x-phy-driver 47401300.usb-phy: No GPIO consumer vbus-detect found
[   16.089740] am335x-phy-driver 47401300.usb-phy: dummy supplies not allowed for exclusive requests (id=vbus)
[   16.236599] am335x-phy-driver 47401b00.usb-phy: using DT '/ocp/target-module@47400000/usb-phy@1b00' for 'reset' GPIO lookup
[   16.236688] of_get_named_gpiod_flags: can't parse 'reset-gpios' property of node '/ocp/target-module@47400000/usb-phy@1b00[0]'
[   16.236733] of_get_named_gpiod_flags: can't parse 'reset-gpio' property of node '/ocp/target-module@47400000/usb-phy@1b00[0]'
[   16.236773] am335x-phy-driver 47401b00.usb-phy: using lookup tables for GPIO lookup
[   16.236788] am335x-phy-driver 47401b00.usb-phy: No GPIO consumer reset found
[   16.236803] am335x-phy-driver 47401b00.usb-phy: using DT '/ocp/target-module@47400000/usb-phy@1b00' for 'vbus-detect' GPIO lookup
[   16.236836] of_get_named_gpiod_flags: can't parse 'vbus-detect-gpios' property of node '/ocp/target-module@47400000/usb-phy@1b00[0]'
[   16.236868] of_get_named_gpiod_flags: can't parse 'vbus-detect-gpio' property of node '/ocp/target-module@47400000/usb-phy@1b00[0]'
[   16.236895] am335x-phy-driver 47401b00.usb-phy: using lookup tables for GPIO lookup
[   16.236908] am335x-phy-driver 47401b00.usb-phy: No GPIO consumer vbus-detect found
[   16.237055] am335x-phy-driver 47401b00.usb-phy: dummy supplies not allowed for exclusive requests (id=vbus)
[   16.255530] wkup_m3_ipc 44e11324.wkup_m3_ipc: IPC Request for A8->M3 Channel failed! -517
[   16.449341] usbcore: registered new interface driver usbfs
[   16.455184] usbcore: registered new interface driver hub
[   16.460632] usbcore: registered new device driver usb
[   16.479956] wkup_m3_ipc 44e11324.wkup_m3_ipc: IPC Request for A8->M3 Channel failed! -517
[   16.854543] wkup_m3_ipc 44e11324.wkup_m3_ipc: IPC Request for A8->M3 Channel failed! -517
[   16.967854] musb-hdrc musb-hdrc.1: MUSB HDRC host driver
[   16.973269] musb-hdrc musb-hdrc.1: new USB bus registered, assigned bus number 1
[   16.981760] wkup_m3_ipc 44e11324.wkup_m3_ipc: IPC Request for A8->M3 Channel failed! -517
[   17.065911] tda998x 0-0070: found TDA19988
[   17.130372] usb usb1: New USB device found, idVendor=1d6b, idProduct=0002, bcdDevice= 6.11
[   17.139125] usb usb1: New USB device strings: Mfr=3, Product=2, SerialNumber=1
[   17.146553] usb usb1: Product: MUSB HDRC host driver
[   17.151548] usb usb1: Manufacturer: Linux 6.11.0-g73ea23d406f1 musb-hcd
[   17.158236] usb usb1: SerialNumber: musb-hdrc.1
[   17.191393] wkup_m3_ipc 44e11324.wkup_m3_ipc: IPC Request for A8->M3 Channel failed! -517
[   17.294745] hub 1-0:1.0: USB hub found
[   17.347464] hub 1-0:1.0: 1 port detected
[   17.397948] wkup_m3_ipc 44e11324.wkup_m3_ipc: IPC Request for A8->M3 Channel failed! -517
[   17.438864] omap-mailbox 480c8000.mailbox: omap mailbox rev 0x400
[   17.545585] remoteproc remoteproc0: powering up wkup_m3
[   17.694890] remoteproc remoteproc0: Direct firmware load for am335x-pm-firmware.elf failed with error -2
[   17.705944] remoteproc remoteproc0: request_firmware failed: -2
[   17.712022] wkup_m3_ipc 44e11324.wkup_m3_ipc: rproc_boot failed
[   18.638155] tilcdc 4830e000.lcdc: bound 0-0070 (ops tda998x_driver_exit [tda998x])
[   18.721091] [drm] Initialized tilcdc 1.0.0 for 4830e000.lcdc on minor 0
[   18.834712] omap_rng 48310000.rng: Random Number Generator ver. 20
[   18.842798] tilcdc 4830e000.lcdc: [drm] Cannot find any crtc or sizes
[   18.851228] tilcdc 4830e000.lcdc: [drm] Cannot find any crtc or sizes
[   20.958696] PM: Cannot get wkup_m3_ipc handle
[   21.177733] omap-sham 53100000.sham: hw accel on OMAP rev 4.3
[   21.324146] omap-sham 53100000.sham: will run requests pump with realtime priority
[   21.335244] PM: Cannot get wkup_m3_ipc handle
[   21.488004] omap-aes 53500000.aes: OMAP AES hw accel rev: 3.2
[   21.601432] omap-aes 53500000.aes: will run requests pump with realtime priority
[   21.618724] PM: Cannot get wkup_m3_ipc handle
[   23.180751] Bluetooth: Core ver 2.22
[   23.184763] NET: Registered PF_BLUETOOTH protocol family
[   23.190116] Bluetooth: HCI device and connection manager initialized
[   23.196636] Bluetooth: HCI socket layer initialized
[   23.201552] Bluetooth: L2CAP socket layer initialized
[   23.206726] Bluetooth: SCO socket layer initialized
[   25.257433] PM: Cannot get wkup_m3_ipc handle
[   25.263178] asoc-simple-card sound: using DT '/sound' for 'simple-audio-card,hp-det' GPIO lookup
[   25.263248] of_get_named_gpiod_flags: can't parse 'simple-audio-card,hp-det-gpios' property of node '/sound[0]'
[   25.263284] of_get_named_gpiod_flags: can't parse 'simple-audio-card,hp-det-gpio' property of node '/sound[0]'
[   25.263310] asoc-simple-card sound: using lookup tables for GPIO lookup
[   25.263325] asoc-simple-card sound: No GPIO consumer simple-audio-card,hp-det found
[   25.263340] asoc-simple-card sound: using DT '/sound' for 'simple-audio-card,mic-det' GPIO lookup
[   25.263364] of_get_named_gpiod_flags: can't parse 'simple-audio-card,mic-det-gpios' property of node '/sound[0]'
[   25.263390] of_get_named_gpiod_flags: can't parse 'simple-audio-card,mic-det-gpio' property of node '/sound[0]'
[   25.263410] asoc-simple-card sound: using lookup tables for GPIO lookup
[   25.263422] asoc-simple-card sound: No GPIO consumer simple-audio-card,mic-det found
[   25.439143] PM: Cannot get wkup_m3_ipc handle
[   28.117241] userial_init: registered 8 ttyGS* devices
[   28.467030] rndis_register: configNr = 0
[   28.615031] udc musb-hdrc.0: binding gadget driver [g_multi]
[   28.615127] configfs-gadget.g_multi gadget.0: adding 'rndis'/85b345f7 to config 'c'/5642d66b
[   28.616270] configfs-gadget.g_multi gadget.0: HOST MAC 1c:ba:8c:a2:ed:6c
[   28.623043] configfs-gadget.g_multi gadget.0: MAC 1c:ba:8c:a2:ed:70
[   28.629558] rndis_set_param_medium: 0 0
[   28.629582] configfs-gadget.g_multi gadget.0: RNDIS: IN/ep1in OUT/ep1out NOTIFY/ep2in
[   28.629600] configfs-gadget.g_multi gadget.0: adding 'cdc_ethernet'/a149f376 to config 'c'/5642d66b
[   28.630474] configfs-gadget.g_multi gadget.0: HOST MAC 1c:ba:8c:a2:ed:6c
[   28.637331] configfs-gadget.g_multi gadget.0: MAC 1c:ba:8c:a2:ed:6d
[   28.643664] configfs-gadget.g_multi gadget.0: CDC Ethernet: IN/ep3in OUT/ep2out NOTIFY/ep4in
[   28.643682] configfs-gadget.g_multi gadget.0: adding 'acm'/c8349242 to config 'c'/5642d66b
[   28.643718] configfs-gadget.g_multi gadget.0: acm ttyGS0: IN/ep5in OUT/ep3out NOTIFY/ep6in
[   28.653059] PM: Cannot get wkup_m3_ipc handle
[   31.155479] configfs-gadget.g_multi gadget.0: eth_open
[   34.377862] gs_open: ttyGS0 (6b1df941,973b2858)
[   34.378019] gs_close: ttyGS0 (6b1df941,973b2858) ...
[   34.378043] gs_close: ttyGS0 (6b1df941,973b2858) done!
[   34.391340] gs_open: ttyGS0 (4396ab72,f3e0f9d1)
[   34.391481] gs_close: ttyGS0 (4396ab72,f3e0f9d1) ...
[   34.391505] gs_close: ttyGS0 (4396ab72,f3e0f9d1) done!
[   34.530320] gs_open: ttyGS0 (6b1df941,f9c0a27c)
[   34.530552] gs_close: ttyGS0 (6b1df941,f9c0a27c) ...
[   34.530580] gs_close: ttyGS0 (6b1df941,f9c0a27c) done!
[   34.536337] gs_open: ttyGS0 (6b1df941,4ae6703a)
[   57.928908] mva_overlay: loading out-of-tree module taints kernel.
[   57.929726] mva_overlay_init: Hello Peeps
[   57.929777] create_sysfs_for_overlays: sysfs created
[   61.933715] overlay_modify_store: got overlay data (pos=0, size=2210
[   61.934003] overlay_modify_store: Writing 2210 byte overlay
[   61.934751] OF: overlay: WARNING: memory leak will occur if overlay removed, property: /ocp/interconnect@48000000/segment@100000/target-module@9c000/i2c@0/pinctrl-0
[   61.934816] OF: overlay: WARNING: memory leak will occur if overlay removed, property: /ocp/interconnect@48000000/segment@100000/target-module@9c000/i2c@0/clock-frequency
[   61.934858] OF: overlay: WARNING: memory leak will occur if overlay removed, property: /ocp/interconnect@48000000/segment@100000/target-module@9c000/i2c@0/status
[   61.935142] OF: overlay: WARNING: memory leak will occur if overlay removed, property: /__symbols__/bdpmic
[   62.059665] PM: Cannot get wkup_m3_ipc handle
[   62.127368] bd96801-pmic bd96801-regulator.3.auto: Leaving LDO to normal mode
[   62.127957] bd96801-pmic bd96801-regulator.3.auto: Leaving LDO to normal mode
[   62.129885] bd96801-pmic bd96801-regulator.3.auto: Leaving LDO to normal mode
[   62.140423] buck1: IC does not support requested over voltage limits
[   62.140487] buck1: IC does not support requested under voltage limits
[   62.140500] buck1: IC does not support requested temperature limits
[   62.152704] PM: Cannot get wkup_m3_ipc handle
[   62.192692] buck2: IC does not support requested over voltage limits
[   62.192738] buck2: IC does not support requested under voltage limits
[   62.192749] buck2: IC does not support requested temperature limits
[   62.215618] buck3: IC does not support requested over voltage limits
[   62.215667] buck3: IC does not support requested under voltage limits
[   62.215680] buck3: IC does not support requested temperature limits
[   62.239423] buck4: IC does not support requested over voltage limits
[   62.239468] buck4: IC does not support requested under voltage limits
[   62.239481] buck4: IC does not support requested temperature limits
[   62.257768] ldo5: IC does not support requested over voltage limits
[   62.257815] ldo5: IC does not support requested under voltage limits
[   62.257828] ldo5: IC does not support requested temperature limits
[   62.268254] ldo6: IC does not support requested over voltage limits
[   62.268298] ldo6: IC does not support requested under voltage limits
[   62.268312] ldo6: IC does not support requested temperature limits
[   62.280155] ldo7: IC does not support requested over voltage limits
[   62.280196] ldo7: IC does not support requested under voltage limits
[   62.280206] ldo7: IC does not support requested temperature limits
[   62.292699] PM: Cannot get wkup_m3_ipc handle
[   67.756403] mva_test_init: Hello Peeps
CAXMYZVOMN 0
root@arm:~# echo 'CFCZ''AXPQCB'
CFCZAXPQCB
root@arm:~# MARKER='KPJT''QHUSLB' run 'modprobe test_linear_ranges'
KPJTQHUSLBKPJTQHUSLB 0
root@arm:~# echo 'JOHV''HPYQNB'
JOHVHPYQNB
root@arm:~# MARKER='NBTS''XPJQUQ' run dmesg
NBTSXPJQUQ[    0.000000] Booting Linux on physical CPU 0x0
[    0.000000] Linux version 6.11.0-g73ea23d406f1 (user01@drvtest01) (arm-linux-gnueabihf-gcc (Linaro GCC 6.4-2017.11) 6.4.1 20171012, GNU ld (Linaro_Binutils-2017.11) 2.27.0.20161229) #17 SMP Wed Sep 25 12:36:14 EEST 2024
[    0.000000] CPU: ARMv7 Processor [413fc082] revision 2 (ARMv7), cr=10c5387d
[    0.000000] CPU: PIPT / VIPT nonaliasing data cache, VIPT aliasing instruction cache
[    0.000000] OF: fdt: Machine model: TI AM335x BeagleBone Black
[    0.000000] Memory policy: Data cache writeback
[    0.000000] cma: Reserved 16 MiB at 0x9e800000 on node -1
[    0.000000] Zone ranges:
[    0.000000]   Normal   [mem 0x0000000080000000-0x000000009fdfffff]
[    0.000000]   HighMem  empty
[    0.000000] Movable zone start for each node
[    0.000000] Early memory node ranges
[    0.000000]   node   0: [mem 0x0000000080000000-0x000000009fdfffff]
[    0.000000] Initmem setup node 0 [mem 0x0000000080000000-0x000000009fdfffff]
[    0.000000] CPU: All CPU(s) started in SVC mode.
[    0.000000] AM335X ES2.1 (sgx neon)
[    0.000000] percpu: Embedded 17 pages/cpu s39628 r8192 d21812 u69632
[    0.000000] pcpu-alloc: s39628 r8192 d21812 u69632 alloc=17*4096
[    0.000000] pcpu-alloc: [0] 0 
[    0.000000] Kernel command line: console=ttyO0,115200n8 root=/dev/nfs rw nfsroot=192.168.255.126:/home/user01/nfs,nfsvers=3 ip=192.168.255.4:192.168.255.126::255.255.255.0:bbb1:eth0 nfsrootdebug
[    0.000000] Unknown kernel command line parameters "nfsrootdebug", will be passed to user space.
[    0.000000] Dentry cache hash table entries: 65536 (order: 6, 262144 bytes, linear)
[    0.000000] Inode-cache hash table entries: 32768 (order: 5, 131072 bytes, linear)
[    0.000000] Built 1 zonelists, mobility grouping on.  Total pages: 130560
[    0.000000] mem auto-init: stack:off, heap alloc:off, heap free:off
[    0.000000] SLUB: HWalign=64, Order=0-3, MinObjects=0, CPUs=1, Nodes=1
[    0.000000] trace event string verifier disabled
[    0.000000] rcu: Hierarchical RCU implementation.
[    0.000000] rcu: 	RCU event tracing is enabled.
[    0.000000] rcu: 	RCU restricting CPUs from NR_CPUS=2 to nr_cpu_ids=1.
[    0.000000] rcu: RCU calculated value of scheduler-enlistment delay is 10 jiffies.
[    0.000000] rcu: Adjusting geometry for rcu_fanout_leaf=16, nr_cpu_ids=1
[    0.000000] NR_IRQS: 16, nr_irqs: 16, preallocated irqs: 16
[    0.000000] IRQ: Found an INTC at 0x(ptrval) (revision 5.0) with 128 interrupts
[    0.000000] rcu: srcu_init: Setting srcu_struct sizes based on contention.
[    0.000000] TI gptimer clocksource: always-on /ocp/interconnect@44c00000/segment@200000/target-module@31000
[    0.000002] sched_clock: 32 bits at 24MHz, resolution 41ns, wraps every 89478484971ns
[    0.000030] clocksource: dmtimer: mask: 0xffffffff max_cycles: 0xffffffff, max_idle_ns: 79635851949 ns
[    0.000506] TI gptimer clockevent: 24000000 Hz at /ocp/interconnect@48000000/segment@0/target-module@40000
[    0.002135] Console: colour dummy device 80x30
[    0.002203] WARNING: Your 'console=ttyO0' has been replaced by 'ttyS0'
[    0.002212] This ensures that you still see kernel messages. Please
[    0.002218] update your kernel commandline.
[    0.002262] Calibrating delay loop... 996.14 BogoMIPS (lpj=4980736)
[    0.090560] CPU: Testing write buffer coherency: ok
[    0.090663] CPU0: Spectre v2: using BPIALL workaround
[    0.090675] pid_max: default: 32768 minimum: 301
[    0.090798] LSM: initializing lsm=capability
[    0.090969] Mount-cache hash table entries: 1024 (order: 0, 4096 bytes, linear)
[    0.090993] Mountpoint-cache hash table entries: 1024 (order: 0, 4096 bytes, linear)
[    0.092532] CPU0: thread -1, cpu 0, socket -1, mpidr 0
[    0.094243] Setting up static identity map for 0x80100000 - 0x80100078
[    0.094552] rcu: Hierarchical SRCU implementation.
[    0.094565] rcu: 	Max phase no-delay instances is 1000.
[    0.096242] smp: Bringing up secondary CPUs ...
[    0.096305] smp: Brought up 1 node, 1 CPU
[    0.096321] SMP: Total of 1 processors activated (996.14 BogoMIPS).
[    0.096335] CPU: All CPU(s) started in SVC mode.
[    0.096530] Memory: 480876K/522240K available (11264K kernel code, 1197K rwdata, 2856K rodata, 1024K init, 297K bss, 23344K reserved, 16384K cma-reserved, 0K highmem)
[    0.097334] devtmpfs: initialized
[    0.113711] VFP support v0.3: implementor 41 architecture 3 part 30 variant c rev 3
[    0.114066] clocksource: jiffies: mask: 0xffffffff max_cycles: 0xffffffff, max_idle_ns: 19112604462750000 ns
[    0.114105] futex hash table entries: 256 (order: 2, 16384 bytes, linear)
[    0.115403] pinctrl core: initialized pinctrl subsystem
[    0.118124] NET: Registered PF_NETLINK/PF_ROUTE protocol family
[    0.121126] DMA: preallocated 256 KiB pool for atomic coherent allocations
[    0.122098] audit: initializing netlink subsys (disabled)
[    0.123473] thermal_sys: Registered thermal governor 'fair_share'
[    0.123495] thermal_sys: Registered thermal governor 'step_wise'
[    0.123507] thermal_sys: Registered thermal governor 'user_space'
[    0.123626] audit: type=2000 audit(0.120:1): state=initialized audit_enabled=0 res=1
[    0.123698] cpuidle: using governor menu
[    0.142838] No ATAGs?
[    0.142871] hw-breakpoint: debug architecture 0x4 unsupported.
[    0.145755] kprobes: kprobe jump-optimization is enabled. All kprobes are optimized if possible.
[    0.164048] iommu: Default domain type: Translated
[    0.164077] iommu: DMA domain TLB invalidation policy: strict mode
[    0.165660] reg-fixed-voltage fixedregulator0: using DT '/fixedregulator0' for '(default)' GPIO lookup
[    0.165717] of_get_named_gpiod_flags: can't parse 'gpios' property of node '/fixedregulator0[0]'
[    0.165747] of_get_named_gpiod_flags: can't parse 'gpio' property of node '/fixedregulator0[0]'
[    0.165767] reg-fixed-voltage fixedregulator0: using lookup tables for GPIO lookup
[    0.165780] reg-fixed-voltage fixedregulator0: No GPIO consumer (default) found
[    0.171408] SCSI subsystem initialized
[    0.181022] libata version 3.00 loaded.
[    0.181399] pps_core: LinuxPPS API ver. 1 registered
[    0.181413] pps_core: Software ver. 5.3.6 - Copyright 2005-2007 Rodolfo Giometti <giometti@linux.it>
[    0.181440] PTP clock support registered
[    0.183395] vgaarb: loaded
[    0.183785] clocksource: Switched to clocksource dmtimer
[    0.184383] VFS: Disk quotas dquot_6.6.0
[    0.184429] VFS: Dquot-cache hash table entries: 1024 (order 0, 4096 bytes)
[    0.210570] NET: Registered PF_INET protocol family
[    0.210933] IP idents hash table entries: 8192 (order: 4, 65536 bytes, linear)
[    0.212330] tcp_listen_portaddr_hash hash table entries: 512 (order: 0, 4096 bytes, linear)
[    0.212369] Table-perturb hash table entries: 65536 (order: 6, 262144 bytes, linear)
[    0.212387] TCP established hash table entries: 4096 (order: 2, 16384 bytes, linear)
[    0.212432] TCP bind hash table entries: 4096 (order: 4, 65536 bytes, linear)
[    0.212534] TCP: Hash tables configured (established 4096 bind 4096)
[    0.212657] UDP hash table entries: 256 (order: 1, 8192 bytes, linear)
[    0.212686] UDP-Lite hash table entries: 256 (order: 1, 8192 bytes, linear)
[    0.212863] NET: Registered PF_UNIX/PF_LOCAL protocol family
[    0.214209] RPC: Registered named UNIX socket transport module.
[    0.214237] RPC: Registered udp transport module.
[    0.214245] RPC: Registered tcp transport module.
[    0.214251] RPC: Registered tcp-with-tls transport module.
[    0.214258] RPC: Registered tcp NFSv4.1 backchannel transport module.
[    0.214285] PCI: CLS 0 bytes, default 64
[    0.215728] Initialise system trusted keyrings
[    0.224491] workingset: timestamp_bits=14 max_order=17 bucket_order=3
[    0.225819] NFS: Registering the id_resolver key type
[    0.225927] Key type id_resolver registered
[    0.225938] Key type id_legacy registered
[    0.225988] jffs2: version 2.2. (NAND) (SUMMARY)  Â© 2001-2006 Red Hat, Inc.
[    0.226387] Key type asymmetric registered
[    0.226406] Asymmetric key parser 'x509' registered
[    0.226477] io scheduler mq-deadline registered
[    0.226490] io scheduler kyber registered
[    0.226564] io scheduler bfq registered
[    0.243989] Serial: 8250/16550 driver, 6 ports, IRQ sharing enabled
[    0.307378] brd: module loaded
[    0.318552] loop: module loaded
[    0.319488] mtdoops: mtd device (mtddev=name/number) must be supplied
[    0.335426] mdio_bus fixed-0: using lookup tables for GPIO lookup
[    0.335459] mdio_bus fixed-0: No GPIO consumer reset found
[    0.336850] i2c_dev: i2c /dev entries driver
[    0.337828] cpuidle: enable-method property 'ti,am3352' found operations
[    0.338278] sdhci: Secure Digital Host Controller Interface driver
[    0.338289] sdhci: Copyright(c) Pierre Ossman
[    0.338463] sdhci-pltfm: SDHCI platform and OF driver helper
[    0.338820] ledtrig-cpu: registered to indicate activity on CPUs
[    0.339766] Initializing XFRM netlink socket
[    0.339891] NET: Registered PF_INET6 protocol family
[    0.341710] Segment Routing with IPv6
[    0.341805] In-situ OAM (IOAM) with IPv6
[    0.341901] sit: IPv6, IPv4 and MPLS over IPv4 tunneling driver
[    0.342842] NET: Registered PF_PACKET protocol family
[    0.342881] NET: Registered PF_KEY protocol family
[    0.342999] Key type dns_resolver registered
[    0.343261] ThumbEE CPU extension supported.
[    0.343286] Registering SWP/SWPB emulation handler
[    0.343963] omap_voltage_late_init: Voltage driver support not added
[    0.344326] SmartReflex Class3 initialized
[    0.387387] Loading compiled-in X.509 certificates
[    0.424378] gpiochip_find_base_unlocked: found new base at 512
[    0.453660] platform 44e10800.pinmux: Fixed dependency cycle(s) with /ocp/interconnect@44c00000/segment@200000/target-module@10000/scm@0/pinmux@800/clkout2-pins
[    0.454495] pinctrl-single 44e10800.pinmux: 142 pins, size 568
[    0.459558] ti-sysc 44e31000.target-module: probe with driver ti-sysc failed with error -16
[    0.500747] ti-sysc 48040000.target-module: probe with driver ti-sysc failed with error -16
[    0.511764] gpiochip_find_base_unlocked: found new base at 512
[    0.511875] gpio gpiochip0: (gpio-0-31): created GPIO range 0->7 ==> 44e10800.pinmux PIN 0->7
[    0.511897] gpio gpiochip0: (gpio-0-31): created GPIO range 8->11 ==> 44e10800.pinmux PIN 90->93
[    0.511915] gpio gpiochip0: (gpio-0-31): created GPIO range 12->27 ==> 44e10800.pinmux PIN 12->27
[    0.511932] gpio gpiochip0: (gpio-0-31): created GPIO range 28->31 ==> 44e10800.pinmux PIN 30->33
[    0.537779] gpio gpiochip0: (gpio-0-31): added GPIO chardev (254:0)
[    0.537962] gpio gpiochip0: registered GPIOs 512 to 543 on gpio-0-31
[    0.538050] OMAP GPIO hardware version 0.1
[    0.566872] i2c i2c-2: using DT '/ocp/interconnect@48000000/segment@100000/target-module@9c000/i2c@0' for 'scl' GPIO lookup
[    0.566975] of_get_named_gpiod_flags: can't parse 'scl-gpios' property of node '/ocp/interconnect@48000000/segment@100000/target-module@9c000/i2c@0[0]'
[    0.567022] of_get_named_gpiod_flags: can't parse 'scl-gpio' property of node '/ocp/interconnect@48000000/segment@100000/target-module@9c000/i2c@0[0]'
[    0.567063] i2c i2c-2: using lookup tables for GPIO lookup
[    0.567075] i2c i2c-2: No GPIO consumer scl found
[    0.567098] i2c i2c-2: using DT '/ocp/interconnect@48000000/segment@100000/target-module@9c000/i2c@0' for 'sda' GPIO lookup
[    0.567137] of_get_named_gpiod_flags: can't parse 'sda-gpios' property of node '/ocp/interconnect@48000000/segment@100000/target-module@9c000/i2c@0[0]'
[    0.567176] of_get_named_gpiod_flags: can't parse 'sda-gpio' property of node '/ocp/interconnect@48000000/segment@100000/target-module@9c000/i2c@0[0]'
[    0.567210] i2c i2c-2: using lookup tables for GPIO lookup
[    0.567220] i2c i2c-2: No GPIO consumer sda found
[    0.567918] omap_i2c 4819c000.i2c: bus 2 rev0.11 at 100 kHz
[    0.573196] gpiochip_find_base_unlocked: found new base at 544
[    0.573310] gpio gpiochip1: (gpio-32-63): created GPIO range 0->17 ==> 44e10800.pinmux PIN 34->51
[    0.573333] gpio gpiochip1: (gpio-32-63): created GPIO range 18->21 ==> 44e10800.pinmux PIN 77->80
[    0.573350] gpio gpiochip1: (gpio-32-63): created GPIO range 22->31 ==> 44e10800.pinmux PIN 56->65
[    0.574384] gpio gpiochip1: (gpio-32-63): added GPIO chardev (254:1)
[    0.574544] gpio gpiochip1: registered GPIOs 544 to 575 on gpio-32-63
[    0.576711] gpiochip_find_base_unlocked: found new base at 576
[    0.576831] gpio gpiochip2: (gpio-64-95): created GPIO range 0->4 ==> 44e10800.pinmux PIN 66->70
[    0.576854] gpio gpiochip2: (gpio-64-95): created GPIO range 5->6 ==> 44e10800.pinmux PIN 98->99
[    0.576871] gpio gpiochip2: (gpio-64-95): created GPIO range 7->8 ==> 44e10800.pinmux PIN 75->76
[    0.576888] gpio gpiochip2: (gpio-64-95): created GPIO range 13->13 ==> 44e10800.pinmux PIN 141->141
[    0.576906] gpio gpiochip2: (gpio-64-95): created GPIO range 14->21 ==> 44e10800.pinmux PIN 100->107
[    0.589177] gpio gpiochip2: (gpio-64-95): added GPIO chardev (254:2)
[    0.589346] gpio gpiochip2: registered GPIOs 576 to 607 on gpio-64-95
[    0.595031] 48000000.interconnect:segment@200000:target-module@0:mpu@0:fck: device ID is greater than 24
[    0.599180] platform 4830e000.lcdc: Fixed dependency cycle(s) with /ocp/interconnect@44c00000/segment@200000/target-module@b000/i2c@0/tda19988@70
[    0.608497] mdio_bus 4a101000.mdio: using DT '/ocp/interconnect@4a000000/segment@0/target-module@100000/switch@0/mdio@1000' for 'reset' GPIO lookup
[    0.608577] of_get_named_gpiod_flags: can't parse 'reset-gpios' property of node '/ocp/interconnect@4a000000/segment@0/target-module@100000/switch@0/mdio@1000[0]'
[    0.608629] of_get_named_gpiod_flags: can't parse 'reset-gpio' property of node '/ocp/interconnect@4a000000/segment@0/target-module@100000/switch@0/mdio@1000[0]'
[    0.608679] mdio_bus 4a101000.mdio: using lookup tables for GPIO lookup
[    0.608690] mdio_bus 4a101000.mdio: No GPIO consumer reset found
[    0.609716] sdhci-omap 481d8000.mmc: using DT '/ocp/interconnect@48000000/segment@100000/target-module@d8000/mmc@0' for 'wp' GPIO lookup
[    0.609785] of_get_named_gpiod_flags: can't parse 'wp-gpios' property of node '/ocp/interconnect@48000000/segment@100000/target-module@d8000/mmc@0[0]'
[    0.609830] of_get_named_gpiod_flags: can't parse 'wp-gpio' property of node '/ocp/interconnect@48000000/segment@100000/target-module@d8000/mmc@0[0]'
[    0.609867] sdhci-omap 481d8000.mmc: using lookup tables for GPIO lookup
[    0.609879] sdhci-omap 481d8000.mmc: No GPIO consumer wp found
[    0.610076] sdhci-omap 481d8000.mmc: supply pbias not found, using dummy regulator
[    0.610548] sdhci-omap 481d8000.mmc: supply vqmmc not found, using dummy regulator
[    0.687282] davinci_mdio 4a101000.mdio: davinci mdio revision 1.6, bus freq 1000000
[    0.707892] mdio_bus 4a101000.mdio:00: using DT '/ocp/interconnect@4a000000/segment@0/target-module@100000/switch@0/mdio@1000/ethernet-phy@0' for 'reset' GPIO lookup
[    0.708001] of_get_named_gpiod_flags: parsed 'reset-gpios' property of node '/ocp/interconnect@4a000000/segment@0/target-module@100000/switch@0/mdio@1000/ethernet-phy@0[0]' - status (0)
[    0.708174] gpio gpiochip0: Persistence not supported for GPIO 8
[    0.792517] davinci_mdio 4a101000.mdio: phy[0]: device 4a101000.mdio:00, driver SMSC LAN8710/LAN8720
[    0.793164] cpsw-switch 4a100000.switch: initialized cpsw ale version 1.4
[    0.793191] cpsw-switch 4a100000.switch: ALE Table size 1024
[    0.793348] cpsw-switch 4a100000.switch: cpts: overflow check period 500 (jiffies)
