Labgrid Console Logfile for main
Logfile started at 2024-09-25 13:04:09.214448
=== Log starts here ===

** Unable to use mmc 0:1 for loading the env **


U-Boot 2019.04-00002-g31a8ae0206 (May 13 2020 - 09:26:17 -0500), Build: jenkins-github_Bootloader-Builder-139

CPU  : AM335X-GP rev 2.1
I2C:   ready
DRAM:  512 MiB
No match for driver 'omap_hsmmc'
No match for driver 'omap_hsmmc'
Some drivers were not found
Reset Source: Power-on reset has occurred.
RTC 32KCLK Source: External.
MMC:   OMAP SD/MMC: 0, OMAP SD/MMC: 1
Loading Environment from EXT4... 
** Unable to use mmc 0:1 for loading the env **
Board: BeagleBone Black
<ethaddr> not set. Validating first E-fuse MAC
BeagleBone Black:
BeagleBone: cape eeprom: i2c_probe: 0x54:
BeagleBone: cape eeprom: i2c_probe: 0x55:
BeagleBone: cape eeprom: i2c_probe: 0x56:
BeagleBone: cape eeprom: i2c_probe: 0x57:
Net:   eth0: MII MODE
cpsw, usb_ether
Press SPACE to abort autoboot in 0 seconds
board_name=[A335BNLT] ...
board_rev=[00C0] ...
switch to partitions #0, OK
mmc0 is current device
SD/MMC found on device 0
switch to partitions #0, OK
mmc0 is current device
Scanning mmc 0:1...
gpio: pin 56 (gpio 56) value is 0
gpio: pin 55 (gpio 55) value is 0
gpio: pin 54 (gpio 54) value is 0
gpio: pin 53 (gpio 53) value is 1
switch to partitions #0, OK
mmc0 is current device
gpio: pin 54 (gpio 54) value is 1
Checking for: /uEnv.txt ...
569 bytes read in 2 ms (277.3 KiB/s)
gpio: pin 55 (gpio 55) value is 1
Loaded environment from /uEnv.txt
Importing environment from mmc ...
Checking if uenvcmd is set ...
gpio: pin 56 (gpio 56) value is 1
Running uenvcmd ...
cpsw Waiting for PHY auto negotiation to complete.. done
link up on port 0, speed 100, full duplex
Using cpsw device
TFTP from server 192.168.255.126; our IP address is 192.168.255.4
Filename 'zImage'.
Load address: 0x81000000
Loading: *#################################################################
	 #################################################################
	 #################################################################
	 #################################################################
	 #################################################################
	 ###############################################
	 788.1 KiB/s
done
Bytes transferred = 5448464 (532310 hex)
link up on port 0, speed 100, full duplex
Using cpsw device
TFTP from server 192.168.255.126; our IP address is 192.168.255.4
Filename 'am335x-boneblack.dtb'.
Load address: 0x82000000
Loading: *#######
	 2.7 MiB/s
done
Bytes transferred = 97996 (17ecc hex)
## Flattened Device Tree blob at 82000000
   Booting using the fdt blob at 0x82000000
   Loading Device Tree to 8ffe5000, end 8ffffecb ... OK

Starting kernel ...

[    0.000000] Booting Linux on physical CPU 0x0
[    0.000000] Linux version 6.11.0-g73ea23d406f1 (user01@drvtest01) (arm-linux-gnueabihf-gcc (Linaro GCC 6.4-2017.11) 6.4.1 20171012, GNU ld (Linaro_Binutils-2017.11) 2.27.0.20161229) #17 SMP Wed Sep 25 12:36:14 EEST 2024
[    0.000000] CPU: ARMv7 Processor [413fc082] revision 2 (ARMv7), cr=10c5387d
[    0.000000] CPU: PIPT / VIPT nonaliasing data cache, VIPT aliasing instruction cache
[    0.000000] OF: fdt: Machine model: TI AM335x BeagleBone Black
[    0.000000] Memory policy: Data cache writeback
[    0.000000] cma: Reserved 16 MiB at 0x9e800000 on node -1
[    0.000000] Zone ranges:
[    0.000000]   Normal   [mem 0x0000000080000000-0x000000009fdfffff]
[    0.000000]   HighMem  empty
[    0.000000] Movable zone start for each node
[    0.000000] Early memory node ranges
[    0.000000]   node   0: [mem 0x0000000080000000-0x000000009fdfffff]
[    0.000000] Initmem setup node 0 [mem 0x0000000080000000-0x000000009fdfffff]
[    0.000000] CPU: All CPU(s) started in SVC mode.
[    0.000000] AM335X ES2.1 (sgx neon)
[    0.000000] percpu: Embedded 17 pages/cpu s39628 r8192 d21812 u69632
[    0.000000] Kernel command line: console=ttyO0,115200n8 root=/dev/nfs rw nfsroot=192.168.255.126:/home/user01/nfs,nfsvers=3 ip=192.168.255.4:192.168.255.126::255.255.255.0:bbb1:eth0 nfsrootdebug
[    0.000000] Unknown kernel command line parameters "nfsrootdebug", will be passed to user space.
[    0.000000] Dentry cache hash table entries: 65536 (order: 6, 262144 bytes, linear)
[    0.000000] Inode-cache hash table entries: 32768 (order: 5, 131072 bytes, linear)
[    0.000000] Built 1 zonelists, mobility grouping on.  Total pages: 130560
[    0.000000] mem auto-init: stack:off, heap alloc:off, heap free:off
[    0.000000] SLUB: HWalign=64, Order=0-3, MinObjects=0, CPUs=1, Nodes=1
[    0.000000] trace event string verifier disabled
[    0.000000] rcu: Hierarchical RCU implementation.
[    0.000000] rcu: 	RCU event tracing is enabled.
[    0.000000] rcu: 	RCU restricting CPUs from NR_CPUS=2 to nr_cpu_ids=1.
[    0.000000] rcu: RCU calculated value of scheduler-enlistment delay is 10 jiffies.
[    0.000000] rcu: Adjusting geometry for rcu_fanout_leaf=16, nr_cpu_ids=1
[    0.000000] NR_IRQS: 16, nr_irqs: 16, preallocated irqs: 16
[    0.000000] IRQ: Found an INTC at 0x(ptrval) (revision 5.0) with 128 interrupts
[    0.000000] rcu: srcu_init: Setting srcu_struct sizes based on contention.
[    0.000000] TI gptimer clocksource: always-on /ocp/interconnect@44c00000/segment@200000/target-module@31000
[    0.000002] sched_clock: 32 bits at 24MHz, resolution 41ns, wraps every 89478484971ns
[    0.000029] clocksource: dmtimer: mask: 0xffffffff max_cycles: 0xffffffff, max_idle_ns: 79635851949 ns
[    0.000518] TI gptimer clockevent: 24000000 Hz at /ocp/interconnect@48000000/segment@0/target-module@40000
[    0.002152] Console: colour dummy device 80x30
[    0.002221] WARNING: Your 'console=ttyO0' has been replaced by 'ttyS0'
[    0.002231] This ensures that you still see kernel messages. Please
[    0.002237] update your kernel commandline.
[    0.002281] Calibrating delay loop... 996.14 BogoMIPS (lpj=4980736)
[    0.090573] CPU: Testing write buffer coherency: ok
[    0.090680] CPU0: Spectre v2: using BPIALL workaround
[    0.090692] pid_max: default: 32768 minimum: 301
[    0.090818] LSM: initializing lsm=capability
[    0.090986] Mount-cache hash table entries: 1024 (order: 0, 4096 bytes, linear)
[    0.091010] Mountpoint-cache hash table entries: 1024 (order: 0, 4096 bytes, linear)
[    0.092545] CPU0: thread -1, cpu 0, socket -1, mpidr 0
[    0.094261] Setting up static identity map for 0x80100000 - 0x80100078
[    0.094570] rcu: Hierarchical SRCU implementation.
[    0.094583] rcu: 	Max phase no-delay instances is 1000.
[    0.096251] smp: Bringing up secondary CPUs ...
[    0.096312] smp: Brought up 1 node, 1 CPU
[    0.096327] SMP: Total of 1 processors activated (996.14 BogoMIPS).
[    0.096341] CPU: All CPU(s) started in SVC mode.
[    0.096533] Memory: 480876K/522240K available (11264K kernel code, 1197K rwdata, 2856K rodata, 1024K init, 297K bss, 23344K reserved, 16384K cma-reserved, 0K highmem)
[    0.097341] devtmpfs: initialized
[    0.113721] VFP support v0.3: implementor 41 architecture 3 part 30 variant c rev 3
[    0.114075] clocksource: jiffies: mask: 0xffffffff max_cycles: 0xffffffff, max_idle_ns: 19112604462750000 ns
[    0.114113] futex hash table entries: 256 (order: 2, 16384 bytes, linear)
[    0.115377] pinctrl core: initialized pinctrl subsystem
[    0.118096] NET: Registered PF_NETLINK/PF_ROUTE protocol family
[    0.121095] DMA: preallocated 256 KiB pool for atomic coherent allocations
[    0.122060] audit: initializing netlink subsys (disabled)
[    0.123425] thermal_sys: Registered thermal governor 'fair_share'
[    0.123447] thermal_sys: Registered thermal governor 'step_wise'
[    0.123458] thermal_sys: Registered thermal governor 'user_space'
[    0.123579] audit: type=2000 audit(0.120:1): state=initialized audit_enabled=0 res=1
[    0.123650] cpuidle: using governor menu
[    0.142825] No ATAGs?
[    0.142857] hw-breakpoint: debug architecture 0x4 unsupported.
[    0.145762] kprobes: kprobe jump-optimization is enabled. All kprobes are optimized if possible.
[    0.164067] iommu: Default domain type: Translated
[    0.164095] iommu: DMA domain TLB invalidation policy: strict mode
[    0.171449] SCSI subsystem initialized
[    0.181459] pps_core: LinuxPPS API ver. 1 registered
[    0.181473] pps_core: Software ver. 5.3.6 - Copyright 2005-2007 Rodolfo Giometti <giometti@linux.it>
[    0.181498] PTP clock support registered
[    0.183418] vgaarb: loaded
[    0.183810] clocksource: Switched to clocksource dmtimer
[    0.184405] VFS: Disk quotas dquot_6.6.0
[    0.184454] VFS: Dquot-cache hash table entries: 1024 (order 0, 4096 bytes)
[    0.209862] NET: Registered PF_INET protocol family
[    0.210222] IP idents hash table entries: 8192 (order: 4, 65536 bytes, linear)
[    0.211613] tcp_listen_portaddr_hash hash table entries: 512 (order: 0, 4096 bytes, linear)
[    0.211654] Table-perturb hash table entries: 65536 (order: 6, 262144 bytes, linear)
[    0.211672] TCP established hash table entries: 4096 (order: 2, 16384 bytes, linear)
[    0.211716] TCP bind hash table entries: 4096 (order: 4, 65536 bytes, linear)
[    0.211817] TCP: Hash tables configured (established 4096 bind 4096)
[    0.211938] UDP hash table entries: 256 (order: 1, 8192 bytes, linear)
[    0.211967] UDP-Lite hash table entries: 256 (order: 1, 8192 bytes, linear)
[    0.212142] NET: Registered PF_UNIX/PF_LOCAL protocol family
[    0.224745] RPC: Registered named UNIX socket transport module.
[    0.224775] RPC: Registered udp transport module.
[    0.224782] RPC: Registered tcp transport module.
[    0.224789] RPC: Registered tcp-with-tls transport module.
[    0.224796] RPC: Registered tcp NFSv4.1 backchannel transport module.
[    0.224821] PCI: CLS 0 bytes, default 64
[    0.226256] Initialise system trusted keyrings
[    0.227321] workingset: timestamp_bits=14 max_order=17 bucket_order=3
[    0.228592] NFS: Registering the id_resolver key type
[    0.228665] Key type id_resolver registered
[    0.228675] Key type id_legacy registered
[    0.228726] jffs2: version 2.2. (NAND) (SUMMARY)  Â© 2001-2006 Red Hat, Inc.
[    0.229194] Key type asymmetric registered
[    0.229212] Asymmetric key parser 'x509' registered
[    0.229280] io scheduler mq-deadline registered
[    0.229294] io scheduler kyber registered
[    0.229369] io scheduler bfq registered
[    0.244292] Serial: 8250/16550 driver, 6 ports, IRQ sharing enabled
[    0.307270] brd: module loaded
[    0.318424] loop: module loaded
[    0.319363] mtdoops: mtd device (mtddev=name/number) must be supplied
[    0.336707] i2c_dev: i2c /dev entries driver
[    0.337686] cpuidle: enable-method property 'ti,am3352' found operations
[    0.338134] sdhci: Secure Digital Host Controller Interface driver
[    0.338145] sdhci: Copyright(c) Pierre Ossman
[    0.338319] sdhci-pltfm: SDHCI platform and OF driver helper
[    0.338631] ledtrig-cpu: registered to indicate activity on CPUs
[    0.339566] Initializing XFRM netlink socket
[    0.339695] NET: Registered PF_INET6 protocol family
[    0.341529] Segment Routing with IPv6
[    0.341625] In-situ OAM (IOAM) with IPv6
[    0.341724] sit: IPv6, IPv4 and MPLS over IPv4 tunneling driver
[    0.342658] NET: Registered PF_PACKET protocol family
[    0.342702] NET: Registered PF_KEY protocol family
[    0.342833] Key type dns_resolver registered
[    0.343095] ThumbEE CPU extension supported.
[    0.343120] Registering SWP/SWPB emulation handler
[    0.343649] omap_voltage_late_init: Voltage driver support not added
[    0.344209] SmartReflex Class3 initialized
[    0.364767] Loading compiled-in X.509 certificates
[    0.431777] platform 44e10800.pinmux: Fixed dependency cycle(s) with /ocp/interconnect@44c00000/segment@200000/target-module@10000/scm@0/pinmux@800/clkout2-pins
[    0.432342] pinctrl-single 44e10800.pinmux: 142 pins, size 568
[    0.437682] ti-sysc 44e31000.target-module: probe with driver ti-sysc failed with error -16
[    0.474457] ti-sysc 48040000.target-module: probe with driver ti-sysc failed with error -16
[    0.515005] OMAP GPIO hardware version 0.1
[    0.539072] omap_i2c 4819c000.i2c: bus 2 rev0.11 at 100 kHz
[    0.570193] 48000000.interconnect:segment@200000:target-module@0:mpu@0:fck: device ID is greater than 24
[    0.574482] platform 4830e000.lcdc: Fixed dependency cycle(s) with /ocp/interconnect@44c00000/segment@200000/target-module@b000/i2c@0/tda19988@70
[    0.586122] sdhci-omap 481d8000.mmc: supply pbias not found, using dummy regulator
[    0.586593] sdhci-omap 481d8000.mmc: supply vqmmc not found, using dummy regulator
[    0.664700] davinci_mdio 4a101000.mdio: davinci mdio revision 1.6, bus freq 1000000
[    0.793368] davinci_mdio 4a101000.mdio: phy[0]: device 4a101000.mdio:00, driver SMSC LAN8710/LAN8720
[    0.794125] cpsw-switch 4a100000.switch: initialized cpsw ale version 1.4
[    0.794154] cpsw-switch 4a100000.switch: ALE Table size 1024
[    0.794373] cpsw-switch 4a100000.switch: cpts: overflow check period 500 (jiffies)
[    0.794396] cpsw-switch 4a100000.switch: CPTS: ref_clk_freq:250000000 calc_mult:2147483648 calc_shift:29 error:0 nsec/sec
[    0.794503] cpsw-switch 4a100000.switch: Detected MACID = 18:2c:65:25:1d:6e
[    0.796307] cpsw-switch 4a100000.switch: initialized (regs 0x4a100000, pool size 256) hw_ver:0019010C 1.12 (0)
[    0.807168] debugfs: Directory '49000000.dma' with parent 'dmaengine' already present!
[    0.807216] edma 49000000.dma: TI EDMA DMA engine driver
[    0.845792] target-module@4b000000:target-module@140000:pmu@0:fck: device ID is greater than 24
[    0.873236] hw perfevents: enabled with armv7_cortex_a8 PMU driver, 5 counters available
[    0.881116] l3-aon-clkctrl:0000:0: failed to disable
[    0.904440] 44e09000.serial: ttyS0 at MMIO 0x44e09000 (irq = 34, base_baud = 3000000) is a 8250
[    0.904526] printk: legacy console [ttyS0] enabled
 [    2.154890] tps65217-pmic: Failed to locate of_node [id: -1 ]
[    2.160972] tps65217-bl: Failed to locate of_node [id: - 1]
[    2.172253] tps65217 0-0024: TPS65217 ID 0xe version 1. 2
[    2.178382] platform 4830e000.lcdc: Fixed dependency cyc le(s) wi
[    5.524551] cpsw-switch 4a100000.switch eth0: Link is Up - 100Mbps/Full - flow control off
[    5.564042] IP-Config: Complete:
[    5.567318]      device=eth0, hwaddr=18:2c:65:25:1d:6e, ipaddr=192.168.255.4, mask=255.255.255.0, gw=255.255.255.255
[    5.577985]      host=bbb1, domain=, nis-domain=(none)
[    5.583155]      bootserver=192.168.255.126, rootserver=192.168.255.126, rootpath=
[    5.583580] clk: Disabling unused clocks
[    5.595419] PM: genpd: Disabling unused power domains
[    5.600536] KTAP version 1
[    5.603259] 1..0
[    5.627207] VFS: Mounted root (nfs filesystem) on device 0:17.
[    5.634272] devtmpfs: mounted
[    5.638929] Freeing unused kernel image (initmem) memory: 1024K
[    5.645762] Run /sbin/init as init process
[    6.335680] systemd[1]: System time before build time, advancing clock.
[    7.823829] random: crng init done
[    7.894221] systemd[1]: systemd 232 running in system mode. (+PAM +AUDIT +SELINUX +IMA +APPARMOR +SMACK +SYSVINIT +UTMP +LIBCRYPTSETUP +GCRYPT +GNUTLS +ACL +XZ +LZ4 +SECCOMP +BLKID +ELFUTILS +KMOD +IDN)
[    7.913110] systemd[1]: Detected architecture arm.

Welcome to [1mDebian GNU/Linux 9 (stretch)[0m!

[    7.956837] systemd[1]: Set hostname to <arm>.
[    9.037194] systemd[1]: Listening on Syslog Socket.
[[0;32m  OK  [0m] Listening on Syslog Socket.
[    9.064621] systemd[1]: Listening on Journal Socket.
[[0;32m  OK  [0m] Listening on Journal Socket.
[    9.104689] systemd[1]: Started Forward Password Requests to Wall Directory Watch.
[[0;32m  OK  [0m] Started Forward Password Requests to Wall Directory Watch.
[    9.144520] systemd[1]: Listening on Journal Socket (/dev/log).
[[0;32m  OK  [0m] Listening on Journal Socket (/dev/log).
[    9.184641] systemd[1]: Started Dispatch Password Requests to Console Directory Watch.
[[0;32m  OK  [0m] Started Dispatch Password Requests to Console Directory Watch.
[    9.225313] systemd[1]: Created slice User and Session Slice.
[[0;32m  OK  [0m] Created slice User and Session Slice.
[    9.264395] systemd[1]: Listening on udev Kernel Socket.
[[0;32m  OK  [0m] Listening on udev Kernel Socket.
[[0;32m  OK  [0m] Created slice System Slice.
[[0;32m  OK  [0m] Reached target Slices.
         Mounting Debug File System...
         Starting Create list of required stâ€¦ce nodes for the current kernel...
[[0;32m  OK  [0m] Listening on udev Control Socket.
         Starting Remount Root and Kernel File Systems...
[[0;32m  OK  [0m] Reached target Paths.
[[0;32m  OK  [0m] Reached target Encrypted Volumes.
[[0;32m  OK  [0m] Listening on Journal Audit Socket.
         Starting Journal Service...
[[0;32m  OK  [0m] Listening on /dev/initctl Compatibility Named Pipe.
[[0;32m  OK  [0m] Reached target Remote File Systems.
[[0;32m  OK  [0m] Set up automount Arbitrary Executabâ€¦rmats File System Automount Point.
         Starting Load Kernel Modules...
         Mounting POSIX Message Queue File System...
[[0;32m  OK  [0m] Created slice system-getty.slice.
[[0;32m  OK  [0m] Reached target Swap.
[[0;32m  OK  [0m] Created slice system-serial\x2dgetty.slice.
[[0;32m  OK  [0m] Mounted Debug File System.
[[0;32m  OK  [0m] Mounted POSIX Message Queue File System.
[[0;32m  OK  [0m] Started Create list of required staâ€¦vice nodes for the current kernel.
[[0;32m  OK  [0m] Started Remount Root and Kernel File Systems.
[[0;32m  OK  [0m] Started Load Kernel Modules.
         Starting Apply Kernel Variables...
         Mounting Configuration File System...
         Starting Load/Save Random Seed...
         Starting udev Coldplug all Devices...
         Starting Create Static Device Nodes in /dev...
[[0;32m  OK  [0m] Mounted Configuration File System.
[[0;32m  OK  [0m] Started Apply Kernel Variables.
[[0;32m  OK  [0m] Started Load/Save Random Seed.
[[0;32m  OK  [0m] Started Journal Service.
         Starting Flush Journal to Persistent Storage...
[   10.980306] systemd-journald[87]: Received request to flush runtime journal from PID 1
[[0;32m  OK  [0m] Started Create Static Device Nodes in /dev.
[[0;32m  OK  [0m] Started Flush Journal to Persistent Storage.
[[0;32m  OK  [0m] Reached target Local File Systems (Pre).
[[0;32m  OK  [0m] Reached target Local File Systems.
         Starting Raise network interfaces...
         Starting Create Volatile Files and Directories...
         Starting udev Kernel Device Manager...
[[0;32m  OK  [0m] Started Create Volatile Files and Directories.
         Starting Network Time Synchronization...
         Starting Update UTMP about System Boot/Shutdown...
[[0;32m  OK  [0m] Started udev Kernel Device Manager.
[[0;32m  OK  [0m] Started Update UTMP about System Boot/Shutdown.
[[0;32m  OK  [0m] Started Network Time Synchronization.
[[0;32m  OK  [0m] Reached target System Time Synchronized.
[[0;32m  OK  [0m] Started udev Coldplug all Devices.
[[0;32m  OK  [0m] Reached target System Initialization.
[[0;32m  OK  [0m] Listening on D-Bus System Message Bus Socket.
[[0;32m  OK  [0m] Started Daily Cleanup of Temporary Directories.
[[0;32m  OK  [0m] Started Daily apt download activities.
[[0;32m  OK  [0m] Listening on Avahi mDNS/DNS-SD Stack Activation Socket.
[[0;32m  OK  [0m] Reached target Sockets.
[[0;32m  OK  [0m] Started Daily apt upgrade and clean activities.
[[0;32m  OK  [0m] Reached target Timers.
[[0;32m  OK  [0m] Reached target Basic System.
         Starting Generic Board Startup...
         Starting System Logging Service...
[   14.675847] remoteproc remoteproc0: wkup_m3 is available
[[0;32m  OK  [0m] Started D-Bus System Message Bus.
[   15.158165] am335x-phy-driver 47401300.usb-phy: dummy supplies not allowed for exclusive requests (id=vbus)
[   15.196149] at24 2-0054: supply vcc not found, using dummy regulator
[   15.234383] usbcore: registered new interface driver usbfs
[   15.240015] usbcore: registered new interface driver hub
[   15.245642] usbcore: registered new device driver usb
[   15.356358] at24 2-0055: supply vcc not found, using dummy regulator
[   15.365128] am335x-phy-driver 47401b00.usb-phy: dummy supplies not allowed for exclusive requests (id=vbus)
[   15.444719] at24 2-0056: supply vcc not found, using dummy regulator
[   15.557690] at24 2-0057: supply vcc not found, using dummy regulator
[   15.625132] tps6521x_pwrbutton tps65217-pwrbutton: DMA mask not set
[   15.715904] input: tps65217_pwrbutton as /devices/platform/ocp/44c00000.interconnect/44c00000.interconnect:segment@200000/44e0b000.target-module/44e0b000.i2c/i2c-0/0-0024/tps65217-pwrbutton/input/input0
[   15.766086] at24 0-0050: 32768 byte 24c256 EEPROM, writable, 1 bytes/write
[   15.979178] wkup_m3_ipc 44e11324.wkup_m3_ipc: IPC Request for A8->M3 Channel failed! -517
[   16.034881] omap_rtc 44e3e000.rtc: registered as rtc0
[   16.040055] omap_rtc 44e3e000.rtc: setting system clock to 2000-01-01T00:00:00 UTC (946684800)
[   16.050739] wkup_m3_ipc 44e11324.wkup_m3_ipc: IPC Request for A8->M3 Channel failed! -517
[   16.165702] wkup_m3_ipc 44e11324.wkup_m3_ipc: IPC Request for A8->M3 Channel failed! -517
[   16.196195] musb-hdrc musb-hdrc.1: MUSB HDRC host driver
[   16.201612] musb-hdrc musb-hdrc.1: new USB bus registered, assigned bus number 1
[   16.234338] omap_wdt: OMAP Watchdog Timer Rev 0x01: initial timeout 60 sec
[   16.314106] wkup_m3_ipc 44e11324.wkup_m3_ipc: IPC Request for A8->M3 Channel failed! -517
[   16.413769] usb usb1: New USB device found, idVendor=1d6b, idProduct=0002, bcdDevice= 6.11
[   16.424103] usb usb1: New USB device strings: Mfr=3, Product=2, SerialNumber=1
[   16.431381] usb usb1: Product: MUSB HDRC host driver
[   16.438094] usb usb1: Manufacturer: Linux 6.11.0-g73ea23d406f1 musb-hcd
[   16.445113] usb usb1: SerialNumber: musb-hdrc.1
[   16.607620] hub 1-0:1.0: USB hub found
[   16.671881] hub 1-0:1.0: 1 port detected
[   16.726186] wkup_m3_ipc 44e11324.wkup_m3_ipc: IPC Request for A8->M3 Channel failed! -517
[   16.868375] wkup_m3_ipc 44e11324.wkup_m3_ipc: IPC Request for A8->M3 Channel failed! -517
[   17.341520] omap-mailbox 480c8000.mailbox: omap mailbox rev 0x400
[   17.431672] remoteproc remoteproc0: powering up wkup_m3
[   17.575079] tda998x 0-0070: found TDA19988
[   17.608246] remoteproc remoteproc0: Direct firmware load for am335x-pm-firmware.elf failed with error -2
[   17.618149] remoteproc remoteproc0: request_firmware failed: -2
[   17.624255] wkup_m3_ipc 44e11324.wkup_m3_ipc: rproc_boot failed
[   19.016564] omap_rng 48310000.rng: Random Number Generator ver. 20
[   19.094313] tilcdc 4830e000.lcdc: bound 0-0070 (ops tda998x_driver_exit [tda998x])
         Starting Connection service...
[   19.245133] [drm] Initialized tilcdc 1.0.0 for 4830e000.lcdc on minor 0
         Starting DUN service...[   19.325546] tilcdc 4830e000.lcdc: [drm] Cannot find any crtc or sizes

[   19.335976] tilcdc 4830e000.lcdc: [drm] Cannot find any crtc or sizes
         Starting Cape Manager Service...
         Starting Avahi mDNS/DNS-SD Stack...
         Starting LSB: Start busybox udhcpd at boot time...
         Starting LSB: Load kernel modules needed to enable cpufreq scaling...
         Starting Telephony service...
         Starting Login Service...
[[0;32m  OK  [0m] Started Regular background program processing daemon.
[[0;32m  OK  [0m] Started System Logging Service.
[[0;32m  OK  [0m] Found device /dev/ttyS0.
[   21.298497] omap-sham 53100000.sham: hw accel on OMAP rev 4.3
[   21.306262] PM: Cannot get wkup_m3_ipc handle
[[0;32m  OK  [0m] Started Cape Manager Service.
[   21.465852] omap-sham 53100000.sham: will run requests pump with realtime priority
[   21.475726] PM: Cannot get wkup_m3_ipc handle
[   21.605087] omap-aes 53500000.aes: OMAP AES hw accel rev: 3.2
[   21.743715] omap-aes 53500000.aes: will run requests pump with realtime priority
[   21.754122] PM: Cannot get wkup_m3_ipc handle
[   23.448307] Bluetooth: Core ver 2.22
[   23.452205] NET: Registered PF_BLUETOOTH protocol family
[   23.457709] Bluetooth: HCI device and connection manager initialized
[   23.464157] Bluetooth: HCI socket layer initialized
[   23.469070] Bluetooth: L2CAP socket layer initialized
[   23.474210] Bluetooth: SCO socket layer initialized
[   25.465401] PM: Cannot get wkup_m3_ipc handle
[   25.644914] PM: Cannot get wkup_m3_ipc handle
[[0;32m  OK  [0m] Started LSB: Start busybox udhcpd at boot time.
[[0;32m  OK  [0m] Started Raise network interfaces.
[[0;32m  OK  [0m] Started LSB: Load kernel modules needed to enable cpufreq scaling.
[   27.834158] configfs-gadget.g_multi gadget.0: HOST MAC 1c:ba:8c:a2:ed:6c
[   27.840934] configfs-gadget.g_multi gadget.0: MAC 1c:ba:8c:a2:ed:70
[   27.848287] configfs-gadget.g_multi gadget.0: HOST MAC 1c:ba:8c:a2:ed:6c
[   27.855169] configfs-gadget.g_multi gadget.0: MAC 1c:ba:8c:a2:ed:6d
[   27.876224] PM: Cannot get wkup_m3_ipc handle
[[0;32m  OK  [0m] Started DUN service.
[[0;32m  OK  [0m] Started Telephony service.
[[0;32m  OK  [0m] Started Connection service.
[[0;32m  OK  [0m] Started Avahi mDNS/DNS-SD Stack.
[[0;32m  OK  [0m] Started Login Service.
[[0;32m  OK  [0m] Reached target Sound Card.
         Starting LSB: set CPUFreq kernel parameters...
[[0;32m  OK  [0m] Reached target Network.
         Starting The Apache HTTP Server...
         Starting OpenBSD Secure Shell server...
[[0;32m  OK  [0m] Reached target Network is Online.
         Starting LSB: Advanced IEEE 802.11 management daemon...
         Starting Permit User Sessions...
[[0;32m  OK  [0m] Started LSB: Advanced IEEE 802.11 management daemon.
[[0;32m  OK  [0m] Started Permit User Sessions.
[[0;32m  OK  [0m] Started Getty on tty1.
[[0;32m  OK  [0m] Started Serial Getty on ttyS0.
[[0;32m  OK  [0m] Reached target Login Prompts.
[[0;32m  OK  [0m] Started LSB: set CPUFreq kernel parameters.
         Starting Hostname Service...
         Starting WPA supplicant...
[[0;32m  OK  [0m] Started WPA supplicant.
         Stopping LSB: Start busybox udhcpd at boot time...
[[0;32m  OK  [0m] Started OpenBSD Secure Shell server.
[[0;32m  OK  [0m] Started Hostname Service.
[[0;32m  OK  [0m] Stopped LSB: Start busybox udhcpd at boot time.
         Starting dnsmasq - A lightweight DHCP and caching DNS server...
[[0;32m  OK  [0m] Started The Apache HTTP Server.
[[0;32m  OK  [0m] Started dnsmasq - A lightweight DHCP and caching DNS server.
[[0;32m  OK  [0m] Reached target Host and Network Name Lookups.
[[0;32m  OK  [0m] Started Serial Getty on ttyGS0.
[[0;32m  OK  [0m] Started Generic Board Startup.
[[0;32m  OK  [0m] Reached target Multi-User System.
[[0;32m  OK  [0m] Reached target Graphical Interface.
         Starting Update UTMP about System Runlevel Changes...
[[0;32m  OK  [0m] Started Update UTMP about System Runlevel Changes.

Debian GNU/Linux 9 arm ttyS0

default username:password is [debian:temppwd]

arm login: root
Password: 
Last login: Sat Jan  1 00:00:38 UTC 2000 on ttyS0
root
Linux arm 6.11.0-g73ea23d406f1 #17 SMP Wed Sep 25 12:36:14 EEST 2024 armv7l

The programs included with the Debian GNU/Linux system are free software;
the exact distribution terms for each program are described in the
individual files in /usr/share/doc/*/copyright.

Debian GNU/Linux comes with ABSOLUTELY NO WARRANTY, to the extent
permitted by applicable law.
root@arm:~# root
-bash: root: command not found
root@arm:~# dmesg -n 1
root@arm:~# echo 'KOZB''FMWKWO'
KOZBFMWKWO
root@arm:~# run() { echo -n "$MARKER"; sh -c "$@"; echo "$MARKER $?"; }
root@arm:~# echo 'NAVY''GXQTTP'
NAVYGXQTTP
root@arm:~# MARKER='OGMJ''BAVBZN' run 'cat /proc/version'
OGMJBAVBZNLinux version 6.11.0-g73ea23d406f1 (user01@drvtest01) (arm-linux-gnueabihf-gcc (Linaro GCC 6.4-2017.11) 6.4.1 20171012, GNU ld (Linaro_Binutils-2017.11) 2.27.0.20161229) #17 SMP Wed Sep 25 12:36:14 EEST 2024
OGMJBAVBZN 0
root@arm:~# echo 'GVEN''MYQEAL'
GVENMYQEAL
root@arm:~# MARKER='ZBEE''WFSTAX' run false
ZBEEWFSTAXZBEEWFSTAX 1
root@arm:~# Labgrid Console Logfile for main
Logfile started at 2024-09-25 13:05:13.473797
=== Log starts here ===

root@arm:~# run() { echo -n "$MARKER"; sh -c "$@"; echo "$MARKER $?"; }
root@arm:~# echo 'ZVKN''AFAFHX'
ZVKNAFAFHX
root@arm:~# MARKER='TZSP''XMKLQQ' run 'insmod /mva_overlay.ko'
TZSPXMKLQQTZSPXMKLQQ 0
root@arm:~# echo 'WHAG''NCVJAL'
WHAGNCVJAL
root@arm:~# MARKER='HHQZ''MUCAZA' run lsmod
HHQZMUCAZAModule                  Size  Used by
mva_overlay            65536  0
usb_f_acm              12288  2
u_serial               16384  3 usb_f_acm
usb_f_ecm              16384  2
usb_f_rndis            24576  2
u_ether                16384  2 usb_f_ecm,usb_f_rndis
iptable_nat            12288  0
libcomposite           57344  15 usb_f_ecm,usb_f_acm,u_ether,usb_f_rndis
nf_nat                 36864  1 iptable_nat
nf_conntrack          110592  1 nf_nat
nf_defrag_ipv6         16384  1 nf_conntrack
nf_defrag_ipv4         12288  1 nf_conntrack
snd_soc_hdmi_codec     16384  1
evdev                  20480  0
iptable_mangle         12288  0
iptable_filter         12288  0
bluetooth             610304  2
ecdh_generic           12288  1 bluetooth
ecc                    36864  1 ecdh_generic
snd_soc_simple_card    16384  0
snd_soc_simple_card_utils    20480  1 snd_soc_simple_card
omap_aes_driver        24576  0
omap_crypto            12288  1 omap_aes_driver
pm33xx                 12288  0
omap_sham              28672  0
libaes                 12288  2 omap_aes_driver,bluetooth
ti_emif_sram           12288  1 pm33xx
crypto_engine          12288  2 omap_aes_driver,omap_sham
tilcdc                 32768  0
omap_rng               12288  0
rng_core               16384  1 omap_rng
drm_dma_helper         16384  1 tilcdc
snd_soc_davinci_mcasp    32768  2
snd_soc_ti_udma        12288  1 snd_soc_davinci_mcasp
snd_soc_ti_edma        12288  1 snd_soc_davinci_mcasp
snd_soc_ti_sdma        12288  1 snd_soc_davinci_mcasp
snd_soc_core          192512  7 snd_soc_davinci_mcasp,snd_soc_hdmi_codec,snd_soc_simple_card_utils,snd_soc_ti_sdma,snd_soc_ti_edma,snd_soc_ti_udma,snd_soc_simple_card
snd_pcm_dmaengine      12288  1 snd_soc_core
snd_pcm               110592  5 snd_soc_davinci_mcasp,snd_pcm_dmaengine,snd_soc_hdmi_codec,snd_soc_simple_card_utils,snd_soc_core
snd_timer              28672  1 snd_pcm
tda998x                20480  0
omap_mailbox           12288  1
snd                    69632  4 snd_soc_hdmi_codec,snd_timer,snd_soc_core,snd_pcm
drm_kms_helper        122880  3 drm_dma_helper,tda998x,tilcdc
soundcore              12288  1 snd
drm                   417792  5 drm_dma_helper,tda998x,tilcdc,drm_kms_helper
omap_wdt               12288  0
musb_dsps              16384  0
rtc_omap               16384  2 pm33xx
wkup_m3_ipc            12288  1 pm33xx
watchdog               24576  1 omap_wdt
musb_hdrc             131072  1 musb_dsps
tps65218_pwrbutton     12288  0
drm_panel_orientation_quirks    12288  1 drm
udc_core               45056  7 usb_f_ecm,usb_f_acm,u_serial,musb_hdrc,u_ether,usb_f_rndis,libcomposite
at24                   16384  0
phy_am335x             12288  2
usbcore               225280  1 musb_hdrc
phy_am335x_control     12288  1 phy_am335x
phy_generic            12288  1 phy_am335x
usb_common             12288  6 phy_am335x,udc_core,musb_hdrc,libcomposite,musb_dsps,usbcore
wkup_m3_rproc          12288  1
cppi41                 16384  60
leds_gpio              12288  0
led_class              12288  1 leds_gpio
cpufreq_dt             12288  0
ip_tables              20480  3 iptable_mangle,iptable_filter,iptable_nat
x_tables               24576  4 iptable_mangle,ip_tables,iptable_filter,iptable_nat
autofs4                40960  2
HHQZMUCAZA 0
root@arm:~# Labgrid Console Logfile for main
Logfile started at 2024-09-25 13:05:17.188213
=== Log starts here ===

root@arm:~# run() { echo -n "$MARKER"; sh -c "$@"; echo "$MARKER $?"; }
root@arm:~# echo 'YGWA''LLXUKN'
YGWALLXUKN
root@arm:~# MARKER='TLOS''PUHCKU' run 'dd if=/bd71837_test.dtbo of=/sys/kernel/mvva_overlay/overlay_add bs=1M'
TLOSPUHCKU0+1 records in
0+1 records out
4615 bytes (4.6 kB, 4.5 KiB) copied, 0.114353 s, 40.4 kB/s
TLOSPUHCKU 0
root@arm:~# echo 'HMXT''XYSFQQ'
HMXTXYSFQQ
root@arm:~# MARKER='PKFQ''JTLBXW' run 'dd if=/bbb_only_I2C_1.dtbo of=/sys/kernel//mva_overlay/overlay_add bs=1M'
PKFQJTLBXWdd: error writing '/sys/kernel/mva_overlay/overlay_add': Invalid argument
0+1 records in
0+0 records out
0 bytes copied, 0.0362348 s, 0.0 kB/s
PKFQJTLBXW 1
root@arm:~# echo 'OQGL''PNMKVF'
OQGLPNMKVF
root@arm:~# MARKER='SGNU''PHFNAW' run lsmod
SGNUPHFNAWModule                  Size  Used by
bd718x7_regulator      24576  2
clk_bd718x7            12288  0
gpio_keys              16384  0
rohm_regulator         12288  1 bd718x7_regulator
rohm_bd718x7           12288  0
mva_overlay            65536  0
usb_f_acm              12288  2
u_serial               16384  3 usb_f_acm
usb_f_ecm              16384  2
usb_f_rndis            24576  2
u_ether                16384  2 usb_f_ecm,usb_f_rndis
iptable_nat            12288  0
libcomposite           57344  15 usb_f_ecm,usb_f_acm,u_ether,usb_f_rndis
nf_nat                 36864  1 iptable_nat
nf_conntrack          110592  1 nf_nat
nf_defrag_ipv6         16384  1 nf_conntrack
nf_defrag_ipv4         12288  1 nf_conntrack
snd_soc_hdmi_codec     16384  1
evdev                  20480  1
iptable_mangle         12288  0
iptable_filter         12288  0
bluetooth             610304  2
ecdh_generic           12288  1 bluetooth
ecc                    36864  1 ecdh_generic
snd_soc_simple_card    16384  0
snd_soc_simple_card_utils    20480  1 snd_soc_simple_card
omap_aes_driver        24576  0
omap_crypto            12288  1 omap_aes_driver
pm33xx                 12288  0
omap_sham              28672  0
libaes                 12288  2 omap_aes_driver,bluetooth
ti_emif_sram           12288  1 pm33xx
crypto_engine          12288  2 omap_aes_driver,omap_sham
tilcdc                 32768  0
omap_rng               12288  0
rng_core               16384  1 omap_rng
drm_dma_helper         16384  1 tilcdc
snd_soc_davinci_mcasp    32768  2
snd_soc_ti_udma        12288  1 snd_soc_davinci_mcasp
snd_soc_ti_edma        12288  1 snd_soc_davinci_mcasp
snd_soc_ti_sdma        12288  1 snd_soc_davinci_mcasp
snd_soc_core          192512  7 snd_soc_davinci_mcasp,snd_soc_hdmi_codec,snd_soc_simple_card_utils,snd_soc_ti_sdma,snd_soc_ti_edma,snd_soc_ti_udma,snd_soc_simple_card
snd_pcm_dmaengine      12288  1 snd_soc_core
snd_pcm               110592  5 snd_soc_davinci_mcasp,snd_pcm_dmaengine,snd_soc_hdmi_codec,snd_soc_simple_card_utils,snd_soc_core
snd_timer              28672  1 snd_pcm
tda998x                20480  0
omap_mailbox           12288  1
snd                    69632  4 snd_soc_hdmi_codec,snd_timer,snd_soc_core,snd_pcm
drm_kms_helper        122880  3 drm_dma_helper,tda998x,tilcdc
soundcore              12288  1 snd
drm                   417792  5 drm_dma_helper,tda998x,tilcdc,drm_kms_helper
omap_wdt               12288  0
musb_dsps              16384  0
rtc_omap               16384  2 pm33xx
wkup_m3_ipc            12288  1 pm33xx
watchdog               24576  1 omap_wdt
musb_hdrc             131072  1 musb_dsps
tps65218_pwrbutton     12288  0
drm_panel_orientation_quirks    12288  1 drm
udc_core               45056  7 usb_f_ecm,usb_f_acm,u_serial,musb_hdrc,u_ether,usb_f_rndis,libcomposite
at24                   16384  0
phy_am335x             12288  2
usbcore               225280  1 musb_hdrc
phy_am335x_control     12288  1 phy_am335x
phy_generic            12288  1 phy_am335x
usb_common             12288  6 phy_am335x,udc_core,musb_hdrc,libcomposite,musb_dsps,usbcore
wkup_m3_rproc          12288  1
cppi41                 16384  60
leds_gpio              12288  0
led_class              12288  1 leds_gpio
cpufreq_dt             12288  0
ip_tables              20480  3 iptable_mangle,iptable_filter,iptable_nat
x_tables               24576  4 iptable_mangle,ip_tables,iptable_filter,iptable_nat
autofs4                40960  2
SGNUPHFNAW 0
root@arm:~# Labgrid Console Logfile for main
Logfile started at 2024-09-25 13:05:23.441378
=== Log starts here ===

root@arm:~# run() { echo -n "$MARKER"; sh -c "$@"; echo "$MARKER $?"; }
root@arm:~# echo 'KWZW''MYVQUQ'
KWZWMYVQUQ
root@arm:~# MARKER='KJNT''EOHLUK' run 'insmod /bd71837-test.ko'
KJNTEOHLUKKJNTEOHLUK 0
root@arm:~# echo 'VNQK''YUBNQH'
VNQKYUBNQH
root@arm:~# MARKER='SZQJ''BFTNWY' run lsmod
SZQJBFTNWYModule                  Size  Used by
bd71837_test           24576  0
bd718x7_regulator      24576  17
clk_bd718x7            12288  0
gpio_keys              16384  0
rohm_regulator         12288  1 bd718x7_regulator
rohm_bd718x7           12288  0
mva_overlay            65536  0
usb_f_acm              12288  2
u_serial               16384  3 usb_f_acm
usb_f_ecm              16384  2
usb_f_rndis            24576  2
u_ether                16384  2 usb_f_ecm,usb_f_rndis
iptable_nat            12288  0
libcomposite           57344  15 usb_f_ecm,usb_f_acm,u_ether,usb_f_rndis
nf_nat                 36864  1 iptable_nat
nf_conntrack          110592  1 nf_nat
nf_defrag_ipv6         16384  1 nf_conntrack
nf_defrag_ipv4         12288  1 nf_conntrack
snd_soc_hdmi_codec     16384  1
evdev                  20480  1
iptable_mangle         12288  0
iptable_filter         12288  0
bluetooth             610304  2
ecdh_generic           12288  1 bluetooth
ecc                    36864  1 ecdh_generic
snd_soc_simple_card    16384  0
snd_soc_simple_card_utils    20480  1 snd_soc_simple_card
omap_aes_driver        24576  0
omap_crypto            12288  1 omap_aes_driver
pm33xx                 12288  0
omap_sham              28672  0
libaes                 12288  2 omap_aes_driver,bluetooth
ti_emif_sram           12288  1 pm33xx
crypto_engine          12288  2 omap_aes_driver,omap_sham
tilcdc                 32768  0
omap_rng               12288  0
rng_core               16384  1 omap_rng
drm_dma_helper         16384  1 tilcdc
snd_soc_davinci_mcasp    32768  2
snd_soc_ti_udma        12288  1 snd_soc_davinci_mcasp
snd_soc_ti_edma        12288  1 snd_soc_davinci_mcasp
snd_soc_ti_sdma        12288  1 snd_soc_davinci_mcasp
snd_soc_core          192512  7 snd_soc_davinci_mcasp,snd_soc_hdmi_codec,snd_soc_simple_card_utils,snd_soc_ti_sdma,snd_soc_ti_edma,snd_soc_ti_udma,snd_soc_simple_card
snd_pcm_dmaengine      12288  1 snd_soc_core
snd_pcm               110592  5 snd_soc_davinci_mcasp,snd_pcm_dmaengine,snd_soc_hdmi_codec,snd_soc_simple_card_utils,snd_soc_core
snd_timer              28672  1 snd_pcm
tda998x                20480  0
omap_mailbox           12288  1
snd                    69632  4 snd_soc_hdmi_codec,snd_timer,snd_soc_core,snd_pcm
drm_kms_helper        122880  3 drm_dma_helper,tda998x,tilcdc
soundcore              12288  1 snd
drm                   417792  5 drm_dma_helper,tda998x,tilcdc,drm_kms_helper
omap_wdt               12288  0
musb_dsps              16384  0
rtc_omap               16384  2 pm33xx
wkup_m3_ipc            12288  1 pm33xx
watchdog               24576  1 omap_wdt
musb_hdrc             131072  1 musb_dsps
tps65218_pwrbutton     12288  0
drm_panel_orientation_quirks    12288  1 drm
udc_core               45056  7 usb_f_ecm,usb_f_acm,u_serial,musb_hdrc,u_ether,usb_f_rndis,libcomposite
at24                   16384  0
phy_am335x             12288  2
usbcore               225280  1 musb_hdrc
phy_am335x_control     12288  1 phy_am335x
phy_generic            12288  1 phy_am335x
usb_common             12288  6 phy_am335x,udc_core,musb_hdrc,libcomposite,musb_dsps,usbcore
wkup_m3_rproc          12288  1
cppi41                 16384  60
leds_gpio              12288  0
led_class              12288  1 leds_gpio
cpufreq_dt             12288  0
ip_tables              20480  3 iptable_mangle,iptable_filter,iptable_nat
x_tables               24576  4 iptable_mangle,ip_tables,iptable_filter,iptable_nat
autofs4                40960  2
SZQJBFTNWY 0
root@arm:~# Labgrid Console Logfile for main
Logfile started at 2024-09-25 13:05:27.140599
=== Log starts here ===

root@arm:~# run() { echo -n "$MARKER"; sh -c "$@"; echo "$MARKER $?"; }
root@arm:~# echo 'FFZZ''JHNQOS'
FFZZJHNQOS
root@arm:~# MARKER='GGCV''PUJJWL' run '/./init_regulator_test.sh bd71837'
GGCVPUJJWLboard bd71837 given
/./init_regulator_test.sh: line 38: buck10_en: command not found
/./init_regulator_test.sh: line 39: buck10_set: command not found
GGCVPUJJWL 0
root@arm:~# Labgrid Console Logfile for main
Logfile started at 2024-09-25 13:05:37.415038
=== Log starts here ===

root@arm:~# run() { echo -n "$MARKER"; sh -c "$@"; echo "$MARKER $?"; }
root@arm:~# echo 'ATEA''ETUGYV'
ATEAETUGYV
root@arm:~# MARKER='ETSW''EXQAXH' run dmesg
ETSWEXQAXH[    0.000000] Booting Linux on physical CPU 0x0
[    0.000000] Linux version 6.11.0-g73ea23d406f1 (user01@drvtest01) (arm-linux-gnueabihf-gcc (Linaro GCC 6.4-2017.11) 6.4.1 20171012, GNU ld (Linaro_Binutils-2017.11) 2.27.0.20161229) #17 SMP Wed Sep 25 12:36:14 EEST 2024
[    0.000000] CPU: ARMv7 Processor [413fc082] revision 2 (ARMv7), cr=10c5387d
[    0.000000] CPU: PIPT / VIPT nonaliasing data cache, VIPT aliasing instruction cache
[    0.000000] OF: fdt: Machine model: TI AM335x BeagleBone Black
[    0.000000] Memory policy: Data cache writeback
[    0.000000] cma: Reserved 16 MiB at 0x9e800000 on node -1
[    0.000000] Zone ranges:
[    0.000000]   Normal   [mem 0x0000000080000000-0x000000009fdfffff]
[    0.000000]   HighMem  empty
[    0.000000] Movable zone start for each node
[    0.000000] Early memory node ranges
[    0.000000]   node   0: [mem 0x0000000080000000-0x000000009fdfffff]
[    0.000000] Initmem setup node 0 [mem 0x0000000080000000-0x000000009fdfffff]
[    0.000000] CPU: All CPU(s) started in SVC mode.
[    0.000000] AM335X ES2.1 (sgx neon)
[    0.000000] percpu: Embedded 17 pages/cpu s39628 r8192 d21812 u69632
[    0.000000] pcpu-alloc: s39628 r8192 d21812 u69632 alloc=17*4096
[    0.000000] pcpu-alloc: [0] 0 
[    0.000000] Kernel command line: console=ttyO0,115200n8 root=/dev/nfs rw nfsroot=192.168.255.126:/home/user01/nfs,nfsvers=3 ip=192.168.255.4:192.168.255.126::255.255.255.0:bbb1:eth0 nfsrootdebug
[    0.000000] Unknown kernel command line parameters "nfsrootdebug", will be passed to user space.
[    0.000000] Dentry cache hash table entries: 65536 (order: 6, 262144 bytes, linear)
[    0.000000] Inode-cache hash table entries: 32768 (order: 5, 131072 bytes, linear)
[    0.000000] Built 1 zonelists, mobility grouping on.  Total pages: 130560
[    0.000000] mem auto-init: stack:off, heap alloc:off, heap free:off
[    0.000000] SLUB: HWalign=64, Order=0-3, MinObjects=0, CPUs=1, Nodes=1
[    0.000000] trace event string verifier disabled
[    0.000000] rcu: Hierarchical RCU implementation.
[    0.000000] rcu: 	RCU event tracing is enabled.
[    0.000000] rcu: 	RCU restricting CPUs from NR_CPUS=2 to nr_cpu_ids=1.
[    0.000000] rcu: RCU calculated value of scheduler-enlistment delay is 10 jiffies.
[    0.000000] rcu: Adjusting geometry for rcu_fanout_leaf=16, nr_cpu_ids=1
[    0.000000] NR_IRQS: 16, nr_irqs: 16, preallocated irqs: 16
[    0.000000] IRQ: Found an INTC at 0x(ptrval) (revision 5.0) with 128 interrupts
[    0.000000] rcu: srcu_init: Setting srcu_struct sizes based on contention.
[    0.000000] TI gptimer clocksource: always-on /ocp/interconnect@44c00000/segment@200000/target-module@31000
[    0.000002] sched_clock: 32 bits at 24MHz, resolution 41ns, wraps every 89478484971ns
[    0.000029] clocksource: dmtimer: mask: 0xffffffff max_cycles: 0xffffffff, max_idle_ns: 79635851949 ns
[    0.000518] TI gptimer clockevent: 24000000 Hz at /ocp/interconnect@48000000/segment@0/target-module@40000
[    0.002152] Console: colour dummy device 80x30
[    0.002221] WARNING: Your 'console=ttyO0' has been replaced by 'ttyS0'
[    0.002231] This ensures that you still see kernel messages. Please
[    0.002237] update your kernel commandline.
[    0.002281] Calibrating delay loop... 996.14 BogoMIPS (lpj=4980736)
[    0.090573] CPU: Testing write buffer coherency: ok
[    0.090680] CPU0: Spectre v2: using BPIALL workaround
[    0.090692] pid_max: default: 32768 minimum: 301
[    0.090818] LSM: initializing lsm=capability
[    0.090986] Mount-cache hash table entries: 1024 (order: 0, 4096 bytes, linear)
[    0.091010] Mountpoint-cache hash table entries: 1024 (order: 0, 4096 bytes, linear)
[    0.092545] CPU0: thread -1, cpu 0, socket -1, mpidr 0
[    0.094261] Setting up static identity map for 0x80100000 - 0x80100078
[    0.094570] rcu: Hierarchical SRCU implementation.
[    0.094583] rcu: 	Max phase no-delay instances is 1000.
[    0.096251] smp: Bringing up secondary CPUs ...
[    0.096312] smp: Brought up 1 node, 1 CPU
[    0.096327] SMP: Total of 1 processors activated (996.14 BogoMIPS).
[    0.096341] CPU: All CPU(s) started in SVC mode.
[    0.096533] Memory: 480876K/522240K available (11264K kernel code, 1197K rwdata, 2856K rodata, 1024K init, 297K bss, 23344K reserved, 16384K cma-reserved, 0K highmem)
[    0.097341] devtmpfs: initialized
[    0.113721] VFP support v0.3: implementor 41 architecture 3 part 30 variant c rev 3
[    0.114075] clocksource: jiffies: mask: 0xffffffff max_cycles: 0xffffffff, max_idle_ns: 19112604462750000 ns
[    0.114113] futex hash table entries: 256 (order: 2, 16384 bytes, linear)
[    0.115377] pinctrl core: initialized pinctrl subsystem
[    0.118096] NET: Registered PF_NETLINK/PF_ROUTE protocol family
[    0.121095] DMA: preallocated 256 KiB pool for atomic coherent allocations
[    0.122060] audit: initializing netlink subsys (disabled)
[    0.123425] thermal_sys: Registered thermal governor 'fair_share'
[    0.123447] thermal_sys: Registered thermal governor 'step_wise'
[    0.123458] thermal_sys: Registered thermal governor 'user_space'
[    0.123579] audit: type=2000 audit(0.120:1): state=initialized audit_enabled=0 res=1
[    0.123650] cpuidle: using governor menu
[    0.142825] No ATAGs?
[    0.142857] hw-breakpoint: debug architecture 0x4 unsupported.
[    0.145762] kprobes: kprobe jump-optimization is enabled. All kprobes are optimized if possible.
[    0.164067] iommu: Default domain type: Translated
[    0.164095] iommu: DMA domain TLB invalidation policy: strict mode
[    0.165686] reg-fixed-voltage fixedregulator0: using DT '/fixedregulator0' for '(default)' GPIO lookup
[    0.165744] of_get_named_gpiod_flags: can't parse 'gpios' property of node '/fixedregulator0[0]'
[    0.165774] of_get_named_gpiod_flags: can't parse 'gpio' property of node '/fixedregulator0[0]'
[    0.165796] reg-fixed-voltage fixedregulator0: using lookup tables for GPIO lookup
[    0.165808] reg-fixed-voltage fixedregulator0: No GPIO consumer (default) found
[    0.171449] SCSI subsystem initialized
[    0.181086] libata version 3.00 loaded.
[    0.181459] pps_core: LinuxPPS API ver. 1 registered
[    0.181473] pps_core: Software ver. 5.3.6 - Copyright 2005-2007 Rodolfo Giometti <giometti@linux.it>
[    0.181498] PTP clock support registered
[    0.183418] vgaarb: loaded
[    0.183810] clocksource: Switched to clocksource dmtimer
[    0.184405] VFS: Disk quotas dquot_6.6.0
[    0.184454] VFS: Dquot-cache hash table entries: 1024 (order 0, 4096 bytes)
[    0.209862] NET: Registered PF_INET protocol family
[    0.210222] IP idents hash table entries: 8192 (order: 4, 65536 bytes, linear)
[    0.211613] tcp_listen_portaddr_hash hash table entries: 512 (order: 0, 4096 bytes, linear)
[    0.211654] Table-perturb hash table entries: 65536 (order: 6, 262144 bytes, linear)
[    0.211672] TCP established hash table entries: 4096 (order: 2, 16384 bytes, linear)
[    0.211716] TCP bind hash table entries: 4096 (order: 4, 65536 bytes, linear)
[    0.211817] TCP: Hash tables configured (established 4096 bind 4096)
[    0.211938] UDP hash table entries: 256 (order: 1, 8192 bytes, linear)
[    0.211967] UDP-Lite hash table entries: 256 (order: 1, 8192 bytes, linear)
[    0.212142] NET: Registered PF_UNIX/PF_LOCAL protocol family
[    0.224745] RPC: Registered named UNIX socket transport module.
[    0.224775] RPC: Registered udp transport module.
[    0.224782] RPC: Registered tcp transport module.
[    0.224789] RPC: Registered tcp-with-tls transport module.
[    0.224796] RPC: Registered tcp NFSv4.1 backchannel transport module.
[    0.224821] PCI: CLS 0 bytes, default 64
[    0.226256] Initialise system trusted keyrings
[    0.227321] workingset: timestamp_bits=14 max_order=17 bucket_order=3
[    0.228592] NFS: Registering the id_resolver key type
[    0.228665] Key type id_resolver registered
[    0.228675] Key type id_legacy registered
[    0.228726] jffs2: version 2.2. (NAND) (SUMMARY)  Â© 2001-2006 Red Hat, Inc.
[    0.229194] Key type asymmetric registered
[    0.229212] Asymmetric key parser 'x509' registered
[    0.229280] io scheduler mq-deadline registered
[    0.229294] io scheduler kyber registered
[    0.229369] io scheduler bfq registered
[    0.244292] Serial: 8250/16550 driver, 6 ports, IRQ sharing enabled
[    0.307270] brd: module loaded
[    0.318424] loop: module loaded
[    0.319363] mtdoops: mtd device (mtddev=name/number) must be supplied
[    0.335272] mdio_bus fixed-0: using lookup tables for GPIO lookup
[    0.335306] mdio_bus fixed-0: No GPIO consumer reset found
[    0.336707] i2c_dev: i2c /dev entries driver
[    0.337686] cpuidle: enable-method property 'ti,am3352' found operations
[    0.338134] sdhci: Secure Digital Host Controller Interface driver
[    0.338145] sdhci: Copyright(c) Pierre Ossman
[    0.338319] sdhci-pltfm: SDHCI platform and OF driver helper
[    0.338631] ledtrig-cpu: registered to indicate activity on CPUs
[    0.339566] Initializing XFRM netlink socket
[    0.339695] NET: Registered PF_INET6 protocol family
[    0.341529] Segment Routing with IPv6
[    0.341625] In-situ OAM (IOAM) with IPv6
[    0.341724] sit: IPv6, IPv4 and MPLS over IPv4 tunneling driver
[    0.342658] NET: Registered PF_PACKET protocol family
[    0.342702] NET: Registered PF_KEY protocol family
[    0.342833] Key type dns_resolver registered
[    0.343095] ThumbEE CPU extension supported.
[    0.343120] Registering SWP/SWPB emulation handler
[    0.343649] omap_voltage_late_init: Voltage driver support not added
[    0.344209] SmartReflex Class3 initialized
[    0.364767] Loading compiled-in X.509 certificates
[    0.423415] gpiochip_find_base_unlocked: found new base at 512
[    0.431777] platform 44e10800.pinmux: Fixed dependency cycle(s) with /ocp/interconnect@44c00000/segment@200000/target-module@10000/scm@0/pinmux@800/clkout2-pins
[    0.432342] pinctrl-single 44e10800.pinmux: 142 pins, size 568
[    0.437682] ti-sysc 44e31000.target-module: probe with driver ti-sysc failed with error -16
[    0.474457] ti-sysc 48040000.target-module: probe with driver ti-sysc failed with error -16
[    0.485498] gpiochip_find_base_unlocked: found new base at 512
[    0.485613] gpio gpiochip0: (gpio-0-31): created GPIO range 0->7 ==> 44e10800.pinmux PIN 0->7
[    0.485635] gpio gpiochip0: (gpio-0-31): created GPIO range 8->11 ==> 44e10800.pinmux PIN 90->93
[    0.485653] gpio gpiochip0: (gpio-0-31): created GPIO range 12->27 ==> 44e10800.pinmux PIN 12->27
[    0.485671] gpio gpiochip0: (gpio-0-31): created GPIO range 28->31 ==> 44e10800.pinmux PIN 30->33
[    0.514730] gpio gpiochip0: (gpio-0-31): added GPIO chardev (254:0)
[    0.514915] gpio gpiochip0: registered GPIOs 512 to 543 on gpio-0-31
[    0.515005] OMAP GPIO hardware version 0.1
[    0.538033] i2c i2c-2: using DT '/ocp/interconnect@48000000/segment@100000/target-module@9c000/i2c@0' for 'scl' GPIO lookup
[    0.538136] of_get_named_gpiod_flags: can't parse 'scl-gpios' property of node '/ocp/interconnect@48000000/segment@100000/target-module@9c000/i2c@0[0]'
[    0.538183] of_get_named_gpiod_flags: can't parse 'scl-gpio' property of node '/ocp/interconnect@48000000/segment@100000/target-module@9c000/i2c@0[0]'
[    0.538222] i2c i2c-2: using lookup tables for GPIO lookup
[    0.538234] i2c i2c-2: No GPIO consumer scl found
[    0.538258] i2c i2c-2: using DT '/ocp/interconnect@48000000/segment@100000/target-module@9c000/i2c@0' for 'sda' GPIO lookup
[    0.538296] of_get_named_gpiod_flags: can't parse 'sda-gpios' property of node '/ocp/interconnect@48000000/segment@100000/target-module@9c000/i2c@0[0]'
[    0.538336] of_get_named_gpiod_flags: can't parse 'sda-gpio' property of node '/ocp/interconnect@48000000/segment@100000/target-module@9c000/i2c@0[0]'
[    0.538370] i2c i2c-2: using lookup tables for GPIO lookup
[    0.538379] i2c i2c-2: No GPIO consumer sda found
[    0.539072] omap_i2c 4819c000.i2c: bus 2 rev0.11 at 100 kHz
[    0.544597] gpiochip_find_base_unlocked: found new base at 544
[    0.544710] gpio gpiochip1: (gpio-32-63): created GPIO range 0->17 ==> 44e10800.pinmux PIN 34->51
[    0.544732] gpio gpiochip1: (gpio-32-63): created GPIO range 18->21 ==> 44e10800.pinmux PIN 77->80
[    0.544749] gpio gpiochip1: (gpio-32-63): created GPIO range 22->31 ==> 44e10800.pinmux PIN 56->65
[    0.559262] gpio gpiochip1: (gpio-32-63): added GPIO chardev (254:1)
[    0.559422] gpio gpiochip1: registered GPIOs 544 to 575 on gpio-32-63
[    0.561601] gpiochip_find_base_unlocked: found new base at 576
[    0.561718] gpio gpiochip2: (gpio-64-95): created GPIO range 0->4 ==> 44e10800.pinmux PIN 66->70
[    0.561742] gpio gpiochip2: (gpio-64-95): created GPIO range 5->6 ==> 44e10800.pinmux PIN 98->99
[    0.561760] gpio gpiochip2: (gpio-64-95): created GPIO range 7->8 ==> 44e10800.pinmux PIN 75->76
[    0.561777] gpio gpiochip2: (gpio-64-95): created GPIO range 13->13 ==> 44e10800.pinmux PIN 141->141
[    0.561795] gpio gpiochip2: (gpio-64-95): created GPIO range 14->21 ==> 44e10800.pinmux PIN 100->107
[    0.564666] gpio gpiochip2: (gpio-64-95): added GPIO chardev (254:2)
[    0.564817] gpio gpiochip2: registered GPIOs 576 to 607 on gpio-64-95
[    0.570193] 48000000.interconnect:segment@200000:target-module@0:mpu@0:fck: device ID is greater than 24
[    0.574482] platform 4830e000.lcdc: Fixed dependency cycle(s) with /ocp/interconnect@44c00000/segment@200000/target-module@b000/i2c@0/tda19988@70
[    0.583593] mdio_bus 4a101000.mdio: using DT '/ocp/interconnect@4a000000/segment@0/target-module@100000/switch@0/mdio@1000' for 'reset' GPIO lookup
[    0.583675] of_get_named_gpiod_flags: can't parse 'reset-gpios' property of node '/ocp/interconnect@4a000000/segment@0/target-module@100000/switch@0/mdio@1000[0]'
[    0.583725] of_get_named_gpiod_flags: can't parse 'reset-gpio' property of node '/ocp/interconnect@4a000000/segment@0/target-module@100000/switch@0/mdio@1000[0]'
[    0.583946] mdio_bus 4a101000.mdio: using lookup tables for GPIO lookup
[    0.583963] mdio_bus 4a101000.mdio: No GPIO consumer reset found
[    0.585744] sdhci-omap 481d8000.mmc: using DT '/ocp/interconnect@48000000/segment@100000/target-module@d8000/mmc@0' for 'wp' GPIO lookup
[    0.585820] of_get_named_gpiod_flags: can't parse 'wp-gpios' property of node '/ocp/interconnect@48000000/segment@100000/target-module@d8000/mmc@0[0]'
[    0.585867] of_get_named_gpiod_flags: can't parse 'wp-gpio' property of node '/ocp/interconnect@48000000/segment@100000/target-module@d8000/mmc@0[0]'
[    0.585906] sdhci-omap 481d8000.mmc: using lookup tables for GPIO lookup
[    0.585918] sdhci-omap 481d8000.mmc: No GPIO consumer wp found
[    0.586122] sdhci-omap 481d8000.mmc: supply pbias not found, using dummy regulator
[    0.586593] sdhci-omap 481d8000.mmc: supply vqmmc not found, using dummy regulator
[    0.664700] davinci_mdio 4a101000.mdio: davinci mdio revision 1.6, bus freq 1000000
[    0.689051] mdio_bus 4a101000.mdio:00: using DT '/ocp/interconnect@4a000000/segment@0/target-module@100000/switch@0/mdio@1000/ethernet-phy@0' for 'reset' GPIO lookup
[    0.689161] of_get_named_gpiod_flags: parsed 'reset-gpios' property of node '/ocp/interconnect@4a000000/segment@0/target-module@100000/switch@0/mdio@1000/ethernet-phy@0[0]' - status (0)
[    0.689331] gpio gpiochip0: Persistence not supported for GPIO 8
[    0.793368] davinci_mdio 4a101000.mdio: phy[0]: device 4a101000.mdio:00, driver SMSC LAN8710/LAN8720
[    0.794125] cpsw-switch 4a100000.switch: initialized cpsw ale version 1.4
[    0.794154] cpsw-switch 4a100000.switch: ALE Table size 1024
[    0.794373] cpsw-switch 4a100000.switch: cpts: overflow check period 500 (jiffies)
[    0.794396] cpsw-switch 4a100000.switch: CPTS: ref_clk_freq:250000000 calc_mult:2147483648 calc_shift:29 error:0 nsec/sec
[    0.794503] cpsw-switch 4a100000.switch: Detected MACID = 18:2c:65:25:1d:6e
[    0.796307] cpsw-switch 4a100000.switch: initialized (regs 0x4a100000, pool size 256) hw_ver:0019010C 1.12 (0)
[    0.807168] debugfs: Directory '49000000.dma' with parent 'dmaengine' already present!
[    0.807216] edma 49000000.dma: TI EDMA DMA engine driver
[    0.845792] target-module@4b000000:target-module@140000:pmu@0:fck: device ID is greater than 24
[    0.873236] hw perfevents: enabled with armv7_cortex_a8 PMU driver, 5 counters available
[    0.874255] gpio-clk clk_mcasp0: using DT '/clk_mcasp0' for 'enable' GPIO lookup
[    0.874335] of_get_named_gpiod_flags: parsed 'enable-gpios' property of node '/clk_mcasp0[0]' - status (0)
[    0.874381] gpio gpiochip0: Persistence not supported for GPIO 27
[    0.875210] gpiochip_find_base_unlocked: found new base at 608
[    0.875336] gpio gpiochip3: (gpio-96-127): created GPIO range 0->7 ==> 44e10800.pinmux PIN 82->89
[    0.875359] gpio gpiochip3: (gpio-96-127): created GPIO range 8->11 ==> 44e10800.pinmux PIN 52->55
[    0.875376] gpio gpiochip3: (gpio-96-127): created GPIO range 12->15 ==> 44e10800.pinmux PIN 94->97
[    0.875394] gpio gpiochip3: (gpio-96-127): created GPIO range 16->17 ==> 44e10800.pinmux PIN 71->72
[    0.875411] gpio gpiochip3: (gpio-96-127): created GPIO range 18->18 ==> 44e10800.pinmux PIN 135->135
[    0.875429] gpio gpiochip3: (gpio-96-127): created GPIO range 19->20 ==> 44e10800.pinmux PIN 108->109
[    0.875447] gpio gpiochip3: (gpio-96-127): created GPIO range 21->21 ==> 44e10800.pinmux PIN 73->73
[    0.875465] gpio gpiochip3: (gpio-96-127): created GPIO range 22->23 ==> 44e10800.pinmux PIN 8->9
[    0.875485] gpio gpiochip3: (gpio-96-127): created GPIO range 26->27 ==> 44e10800.pinmux PIN 10->11
[    0.875510] gpio gpiochip3: (gpio-96-127): created GPIO range 28->28 ==> 44e10800.pinmux PIN 74->74
[    0.875531] gpio gpiochip3: (gpio-96-127): created GPIO range 29->29 ==> 44e10800.pinmux PIN 81->81
[    0.875551] gpio gpiochip3: (gpio-96-127): created GPIO range 30->31 ==> 44e10800.pinmux PIN 28->29
[    0.881116] l3-aon-clkctrl:0000:0: failed to disable
[    0.901385] gpio gpiochip3: (gpio-96-127): added GPIO chardev (254:3)
[    0.901549] gpio gpiochip3: registered GPIOs 608 to 639 on gpio-96-127
[    0.903583] omap8250 44e09000.serial: using DT '/ocp/interconnect@44c00000/segment@200000/target-module@9000/serial@0' for 'rs485-term' GPIO lookup
[    0.903663] of_get_named_gpiod_flags: can't parse 'rs485-term-gpios' property of node '/ocp/interconnect@44c00000/segment@200000/target-module@9000/serial@0[0]'
[    0.903710] of_get_named_gpiod_flags: can't parse 'rs485-term-gpio' property of node '/ocp/interconnect@44c00000/segment@200000/target-module@9000/serial@0[0]'
[    0.903750] omap8250 44e09000.serial: using lookup tables for GPIO lookup
[    0.903762] omap8250 44e09000.serial: No GPIO consumer rs485-term found
[    0.903915] omap8250 44e09000.serial: using DT '/ocp/interconnect@44c00000/segment@200000/target-module@9000/serial@0' for 'rs485-rx-during-tx' GPIO lookup
[    0.903963] of_get_named_gpiod_flags: can't parse 'rs485-rx-during-tx-gpios' property of node '/ocp/interconnect@44c00000/segment@200000/target-module@9000/serial@0[0]'
[    0.904006] of_get_named_gpiod_flags: can't parse 'rs485-rx-during-tx-gpio' property of node '/ocp/interconnect@44c00000/segment@200000/target-module@9000/serial@0[0]'
[    0.904042] omap8250 44e09000.serial: using lookup tables for GPIO lookup
[    0.904052] omap8250 44e09000.serial: No GPIO consumer rs485-rx-during-tx found
[    0.904440] 44e09000.serial: ttyS0 at MMIO 0x44e09000 (irq = 34, base_baud = 3000000) is a 8250
[    0.904526] printk: legacy console [ttyS0] enabled
[    2.127067] i2c i2c-0: using DT '/ocp/interconnect@44c00000/segment@200000/target-module@b000/i2c@0' for 'scl' GPIO lookup
[    2.127161] of_get_named_gpiod_flags: can't parse 'scl-gpios' property of node '/ocp/interconnect@44c00000/segment@200000/target-module@b000/i2c@0[0]'
[    2.127212] of_get_named_gpiod_flags: can't parse 'scl-gpio' property of node '/ocp/interconnect@44c00000/segment@200000/target-module@b000/i2c@0[0]'
[    2.127255] i2c i2c-0: using lookup tables for GPIO lookup
[    2.127269] i2c i2c-0: No GPIO consumer scl found
[    2.127295] i2c i2c-0: using DT '/ocp/interconnect@44c00000/segment@200000/target-module@b000/i2c@0' for 'sda' GPIO lookup
[    2.127337] of_get_named_gpiod_flags: can't parse 'sda-gpios' property of node '/ocp/interconnect@44c00000/segment@200000/target-module@b000/i2c@0[0]'
[    2.127380] of_get_named_gpiod_flags: can't parse 'sda-gpio' property of node '/ocp/interconnect@44c00000/segment@200000/target-module@b000/i2c@0[0]'
[    2.127417] i2c i2c-0: using lookup tables for GPIO lookup
[    2.127428] i2c i2c-0: No GPIO consumer sda found
[    2.154890] tps65217-pmic: Failed to locate of_node [id: -1]
[    2.160972] tps65217-bl: Failed to locate of_node [id: -1]
[    2.172253] tps65217 0-0024: TPS65217 ID 0xe version 1.2
[    2.178382] platform 4830e000.lcdc: Fixed dependency cycle(s) with /ocp/interconnect@44c00000/segment@200000/target-module@b000/i2c@0/tda19988@70
[    2.191813] i2c 0-0070: Fixed dependency cycle(s) with /ocp/interconnect@48000000/segment@300000/target-module@e000/lcdc@0
[    2.203210] omap_i2c 44e0b000.i2c: bus 0 rev0.11 at 400 kHz
[    2.211143] sdhci-omap 48060000.mmc: using DT '/ocp/interconnect@48000000/segment@0/target-module@60000/mmc@0' for 'cd' GPIO lookup
[    2.211254] of_get_named_gpiod_flags: parsed 'cd-gpios' property of node '/ocp/interconnect@48000000/segment@0/target-module@60000/mmc@0[0]' - status (0)
[    2.211325] gpio gpiochip3: Persistence not supported for GPIO 6
[    2.211349] omap_gpio 44e07000.gpio: Could not set line 6 debounce to 200000 microseconds (-22)
[    2.220251] sdhci-omap 48060000.mmc: Got CD GPIO
[    2.224947] sdhci-omap 48060000.mmc: using DT '/ocp/interconnect@48000000/segment@0/target-module@60000/mmc@0' for 'wp' GPIO lookup
[    2.224999] of_get_named_gpiod_flags: can't parse 'wp-gpios' property of node '/ocp/interconnect@48000000/segment@0/target-module@60000/mmc@0[0]'
[    2.225045] of_get_named_gpiod_flags: can't parse 'wp-gpio' property of node '/ocp/interconnect@48000000/segment@0/target-module@60000/mmc@0[0]'
[    2.225086] sdhci-omap 48060000.mmc: using lookup tables for GPIO lookup
[    2.225100] sdhci-omap 48060000.mmc: No GPIO consumer wp found
[    2.225310] sdhci-omap 48060000.mmc: supply pbias not found, using dummy regulator
[    2.234580] sdhci-omap 481d8000.mmc: using DT '/ocp/interconnect@48000000/segment@100000/target-module@d8000/mmc@0' for 'wp' GPIO lookup
[    2.234661] of_get_named_gpiod_flags: can't parse 'wp-gpios' property of node '/ocp/interconnect@48000000/segment@100000/target-module@d8000/mmc@0[0]'
[    2.234710] of_get_named_gpiod_flags: can't parse 'wp-gpio' property of node '/ocp/interconnect@48000000/segment@100000/target-module@d8000/mmc@0[0]'
[    2.234752] sdhci-omap 481d8000.mmc: using lookup tables for GPIO lookup
[    2.234766] sdhci-omap 481d8000.mmc: No GPIO consumer wp found
[    2.235623] sdhci-omap 48060000.mmc: supply vqmmc not found, using dummy regulator
[    2.244556] sdhci-omap 481d8000.mmc: supply pbias not found, using dummy regulator
[    2.252548] sdhci-omap 481d8000.mmc: supply vqmmc not found, using dummy regulator
[    2.291021] mmc1: SDHCI controller on 481d8000.mmc [481d8000.mmc] using External DMA
[    2.300086] mmc0: SDHCI controller on 48060000.mmc [48060000.mmc] using External DMA
[    2.308864] cpsw-switch 4a100000.switch: starting ndev. mode: dual_mac
[    2.363642] mmc1: new high speed MMC card at address 0001
[    2.370485] mmcblk1: mmc1:0001 MK2704 3.53 GiB
[    2.378031]  mmcblk1: p1
[    2.381791] mmcblk1boot0: mmc1:0001 MK2704 2.00 MiB
[    2.389190] mmcblk1boot1: mmc1:0001 MK2704 2.00 MiB
[    2.396514] mmcblk1rpmb: mmc1:0001 MK2704 512 KiB, chardev (250:0)
[    2.403249] SMSC LAN8710/LAN8720 4a101000.mdio:00: attached PHY driver (mii_bus:phy_addr=4a101000.mdio:00, irq=POLL)
[    5.524551] cpsw-switch 4a100000.switch eth0: Link is Up - 100Mbps/Full - flow control off
[    5.564042] IP-Config: Complete:
[    5.567318]      device=eth0, hwaddr=18:2c:65:25:1d:6e, ipaddr=192.168.255.4, mask=255.255.255.0, gw=255.255.255.255
[    5.577985]      host=bbb1, domain=, nis-domain=(none)
[    5.583155]      bootserver=192.168.255.126, rootserver=192.168.255.126, rootpath=
[    5.583580] clk: Disabling unused clocks
[    5.595419] PM: genpd: Disabling unused power domains
[    5.600536] KTAP version 1
[    5.603259] 1..0
[    5.627207] VFS: Mounted root (nfs filesystem) on device 0:17.
[    5.634272] devtmpfs: mounted
[    5.638929] Freeing unused kernel image (initmem) memory: 1024K
[    5.645762] Run /sbin/init as init process
[    5.649896]   with arguments:
[    5.649907]     /sbin/init
[    5.649917]     nfsrootdebug
[    5.649926]   with environment:
[    5.649934]     HOME=/
[    5.649943]     TERM=linux
[    6.335680] systemd[1]: System time before build time, advancing clock.
[    7.823829] random: crng init done
[    7.894221] systemd[1]: systemd 232 running in system mode. (+PAM +AUDIT +SELINUX +IMA +APPARMOR +SMACK +SYSVINIT +UTMP +LIBCRYPTSETUP +GCRYPT +GNUTLS +ACL +XZ +LZ4 +SECCOMP +BLKID +ELFUTILS +KMOD +IDN)
[    7.913110] systemd[1]: Detected architecture arm.
[    7.956837] systemd[1]: Set hostname to <arm>.
[    9.037194] systemd[1]: Listening on Syslog Socket.
[    9.064621] systemd[1]: Listening on Journal Socket.
[    9.104689] systemd[1]: Started Forward Password Requests to Wall Directory Watch.
[    9.144520] systemd[1]: Listening on Journal Socket (/dev/log).
[    9.184641] systemd[1]: Started Dispatch Password Requests to Console Directory Watch.
[    9.225313] systemd[1]: Created slice User and Session Slice.
[    9.264395] systemd[1]: Listening on udev Kernel Socket.
[   10.980306] systemd-journald[87]: Received request to flush runtime journal from PID 1
[   14.156934] leds-gpio leds: using DT '/leds/led2' for '(default)' GPIO lookup
[   14.157041] of_get_named_gpiod_flags: parsed 'gpios' property of node '/leds/led2[0]' - status (0)
[   14.157097] gpio gpiochip0: Persistence not supported for GPIO 21
[   14.157114] gpio-533 (?): no flags found for GPIO (default)
[   14.194255] leds-gpio leds: using DT '/leds/led3' for '(default)' GPIO lookup
[   14.194361] of_get_named_gpiod_flags: parsed 'gpios' property of node '/leds/led3[0]' - status (0)
[   14.194418] gpio gpiochip0: Persistence not supported for GPIO 22
[   14.194433] gpio-534 (?): no flags found for GPIO (default)
[   14.238476] leds-gpio leds: using DT '/leds/led4' for '(default)' GPIO lookup
[   14.238575] of_get_named_gpiod_flags: parsed 'gpios' property of node '/leds/led4[0]' - status (0)
[   14.238628] gpio gpiochip0: Persistence not supported for GPIO 23
[   14.238644] gpio-535 (?): no flags found for GPIO (default)
[   14.266275] leds-gpio leds: using DT '/leds/led5' for '(default)' GPIO lookup
[   14.266372] of_get_named_gpiod_flags: parsed 'gpios' property of node '/leds/led5[0]' - status (0)
[   14.266423] gpio gpiochip0: Persistence not supported for GPIO 24
[   14.266438] gpio-536 (?): no flags found for GPIO (default)
[   14.675847] remoteproc remoteproc0: wkup_m3 is available
[   15.157699] am335x-phy-driver 47401300.usb-phy: using DT '/ocp/target-module@47400000/usb-phy@1300' for 'reset' GPIO lookup
[   15.157795] of_get_named_gpiod_flags: can't parse 'reset-gpios' property of node '/ocp/target-module@47400000/usb-phy@1300[0]'
[   15.157842] of_get_named_gpiod_flags: can't parse 'reset-gpio' property of node '/ocp/target-module@47400000/usb-phy@1300[0]'
[   15.157881] am335x-phy-driver 47401300.usb-phy: using lookup tables for GPIO lookup
[   15.157897] am335x-phy-driver 47401300.usb-phy: No GPIO consumer reset found
[   15.157913] am335x-phy-driver 47401300.usb-phy: using DT '/ocp/target-module@47400000/usb-phy@1300' for 'vbus-detect' GPIO lookup
[   15.157944] of_get_named_gpiod_flags: can't parse 'vbus-detect-gpios' property of node '/ocp/target-module@47400000/usb-phy@1300[0]'
[   15.157977] of_get_named_gpiod_flags: can't parse 'vbus-detect-gpio' property of node '/ocp/target-module@47400000/usb-phy@1300[0]'
[   15.158004] am335x-phy-driver 47401300.usb-phy: using lookup tables for GPIO lookup
[   15.158016] am335x-phy-driver 47401300.usb-phy: No GPIO consumer vbus-detect found
[   15.158165] am335x-phy-driver 47401300.usb-phy: dummy supplies not allowed for exclusive requests (id=vbus)
[   15.196149] at24 2-0054: supply vcc not found, using dummy regulator
[   15.234383] usbcore: registered new interface driver usbfs
[   15.240015] usbcore: registered new interface driver hub
[   15.245642] usbcore: registered new device driver usb
[   15.356358] at24 2-0055: supply vcc not found, using dummy regulator
[   15.364679] am335x-phy-driver 47401b00.usb-phy: using DT '/ocp/target-module@47400000/usb-phy@1b00' for 'reset' GPIO lookup
[   15.364763] of_get_named_gpiod_flags: can't parse 'reset-gpios' property of node '/ocp/target-module@47400000/usb-phy@1b00[0]'
[   15.364809] of_get_named_gpiod_flags: can't parse 'reset-gpio' property of node '/ocp/target-module@47400000/usb-phy@1b00[0]'
[   15.364848] am335x-phy-driver 47401b00.usb-phy: using lookup tables for GPIO lookup
[   15.364864] am335x-phy-driver 47401b00.usb-phy: No GPIO consumer reset found
[   15.364880] am335x-phy-driver 47401b00.usb-phy: using DT '/ocp/target-module@47400000/usb-phy@1b00' for 'vbus-detect' GPIO lookup
[   15.364910] of_get_named_gpiod_flags: can't parse 'vbus-detect-gpios' property of node '/ocp/target-module@47400000/usb-phy@1b00[0]'
[   15.364943] of_get_named_gpiod_flags: can't parse 'vbus-detect-gpio' property of node '/ocp/target-module@47400000/usb-phy@1b00[0]'
[   15.364971] am335x-phy-driver 47401b00.usb-phy: using lookup tables for GPIO lookup
[   15.364983] am335x-phy-driver 47401b00.usb-phy: No GPIO consumer vbus-detect found
[   15.365128] am335x-phy-driver 47401b00.usb-phy: dummy supplies not allowed for exclusive requests (id=vbus)
[   15.444719] at24 2-0056: supply vcc not found, using dummy regulator
[   15.557690] at24 2-0057: supply vcc not found, using dummy regulator
[   15.625132] tps6521x_pwrbutton tps65217-pwrbutton: DMA mask not set
[   15.715904] input: tps65217_pwrbutton as /devices/platform/ocp/44c00000.interconnect/44c00000.interconnect:segment@200000/44e0b000.target-module/44e0b000.i2c/i2c-0/0-0024/tps65217-pwrbutton/input/input0
[   15.765364] at24 0-0050: using DT '/ocp/interconnect@44c00000/segment@200000/target-module@b000/i2c@0/baseboard_eeprom@50' for 'wp' GPIO lookup
[   15.765495] of_get_named_gpiod_flags: can't parse 'wp-gpios' property of node '/ocp/interconnect@44c00000/segment@200000/target-module@b000/i2c@0/baseboard_eeprom@50[0]'
[   15.765718] of_get_named_gpiod_flags: can't parse 'wp-gpio' property of node '/ocp/interconnect@44c00000/segment@200000/target-module@b000/i2c@0/baseboard_eeprom@50[0]'
[   15.765775] at24 0-0050: using lookup tables for GPIO lookup
[   15.765791] at24 0-0050: No GPIO consumer wp found
[   15.766086] at24 0-0050: 32768 byte 24c256 EEPROM, writable, 1 bytes/write
[   15.979178] wkup_m3_ipc 44e11324.wkup_m3_ipc: IPC Request for A8->M3 Channel failed! -517
[   16.034881] omap_rtc 44e3e000.rtc: registered as rtc0
[   16.040055] omap_rtc 44e3e000.rtc: setting system clock to 2000-01-01T00:00:00 UTC (946684800)
[   16.048913] omap_rtc 44e3e000.rtc: using DT '/ocp/interconnect@44c00000/segment@200000/target-module@3e000/rtc@0' for 'wp' GPIO lookup
[   16.048989] of_get_named_gpiod_flags: can't parse 'wp-gpios' property of node '/ocp/interconnect@44c00000/segment@200000/target-module@3e000/rtc@0[0]'
[   16.049041] of_get_named_gpiod_flags: can't parse 'wp-gpio' property of node '/ocp/interconnect@44c00000/segment@200000/target-module@3e000/rtc@0[0]'
[   16.049083] omap_rtc 44e3e000.rtc: using lookup tables for GPIO lookup
[   16.049099] omap_rtc 44e3e000.rtc: No GPIO consumer wp found
[   16.050739] wkup_m3_ipc 44e11324.wkup_m3_ipc: IPC Request for A8->M3 Channel failed! -517
[   16.165702] wkup_m3_ipc 44e11324.wkup_m3_ipc: IPC Request for A8->M3 Channel failed! -517
[   16.196195] musb-hdrc musb-hdrc.1: MUSB HDRC host driver
[   16.201612] musb-hdrc musb-hdrc.1: new USB bus registered, assigned bus number 1
[   16.234338] omap_wdt: OMAP Watchdog Timer Rev 0x01: initial timeout 60 sec
[   16.314106] wkup_m3_ipc 44e11324.wkup_m3_ipc: IPC Request for A8->M3 Channel failed! -517
[   16.413769] usb usb1: New USB device found, idVendor=1d6b, idProduct=0002, bcdDevice= 6.11
[   16.424103] usb usb1: New USB device strings: Mfr=3, Product=2, SerialNumber=1
[   16.431381] usb usb1: Product: MUSB HDRC host driver
[   16.438094] usb usb1: Manufacturer: Linux 6.11.0-g73ea23d406f1 musb-hcd
[   16.445113] usb usb1: SerialNumber: musb-hdrc.1
[   16.607620] hub 1-0:1.0: USB hub found
[   16.671881] hub 1-0:1.0: 1 port detected
[   16.726186] wkup_m3_ipc 44e11324.wkup_m3_ipc: IPC Request for A8->M3 Channel failed! -517
[   16.868375] wkup_m3_ipc 44e11324.wkup_m3_ipc: IPC Request for A8->M3 Channel failed! -517
[   17.341520] omap-mailbox 480c8000.mailbox: omap mailbox rev 0x400
[   17.431672] remoteproc remoteproc0: powering up wkup_m3
[   17.575079] tda998x 0-0070: found TDA19988
[   17.608246] remoteproc remoteproc0: Direct firmware load for am335x-pm-firmware.elf failed with error -2
[   17.618149] remoteproc remoteproc0: request_firmware failed: -2
[   17.624255] wkup_m3_ipc 44e11324.wkup_m3_ipc: rproc_boot failed
[   19.016564] omap_rng 48310000.rng: Random Number Generator ver. 20
[   19.094313] tilcdc 4830e000.lcdc: bound 0-0070 (ops tda998x_driver_exit [tda998x])
[   19.245133] [drm] Initialized tilcdc 1.0.0 for 4830e000.lcdc on minor 0
[   19.325546] tilcdc 4830e000.lcdc: [drm] Cannot find any crtc or sizes
[   19.335976] tilcdc 4830e000.lcdc: [drm] Cannot find any crtc or sizes
[   21.298497] omap-sham 53100000.sham: hw accel on OMAP rev 4.3
[   21.306262] PM: Cannot get wkup_m3_ipc handle
[   21.465852] omap-sham 53100000.sham: will run requests pump with realtime priority
[   21.475726] PM: Cannot get wkup_m3_ipc handle
[   21.605087] omap-aes 53500000.aes: OMAP AES hw accel rev: 3.2
[   21.743715] omap-aes 53500000.aes: will run requests pump with realtime priority
[   21.754122] PM: Cannot get wkup_m3_ipc handle
[   23.448307] Bluetooth: Core ver 2.22
[   23.452205] NET: Registered PF_BLUETOOTH protocol family
[   23.457709] Bluetooth: HCI device and connection manager initialized
[   23.464157] Bluetooth: HCI socket layer initialized
[   23.469070] Bluetooth: L2CAP socket layer initialized
[   23.474210] Bluetooth: SCO socket layer initialized
[   25.465401] PM: Cannot get wkup_m3_ipc handle
[   25.471170] asoc-simple-card sound: using DT '/sound' for 'simple-audio-card,hp-det' GPIO lookup
[   25.471241] of_get_named_gpiod_flags: can't parse 'simple-audio-card,hp-det-gpios' property of node '/sound[0]'
[   25.471278] of_get_named_gpiod_flags: can't parse 'simple-audio-card,hp-det-gpio' property of node '/sound[0]'
[   25.471304] asoc-simple-card sound: using lookup tables for GPIO lookup
[   25.471318] asoc-simple-card sound: No GPIO consumer simple-audio-card,hp-det found
[   25.471333] asoc-simple-card sound: using DT '/sound' for 'simple-audio-card,mic-det' GPIO lookup
[   25.471357] of_get_named_gpiod_flags: can't parse 'simple-audio-card,mic-det-gpios' property of node '/sound[0]'
[   25.471383] of_get_named_gpiod_flags: can't parse 'simple-audio-card,mic-det-gpio' property of node '/sound[0]'
[   25.471403] asoc-simple-card sound: using lookup tables for GPIO lookup
[   25.471415] asoc-simple-card sound: No GPIO consumer simple-audio-card,mic-det found
[   25.644914] PM: Cannot get wkup_m3_ipc handle
[   27.471542] userial_init: registered 8 ttyGS* devices
[   27.743505] rndis_register: configNr = 0
[   27.832699] udc musb-hdrc.0: binding gadget driver [g_multi]
[   27.832794] configfs-gadget.g_multi gadget.0: adding 'rndis'/e8f136c2 to config 'c'/085a6952
[   27.834158] configfs-gadget.g_multi gadget.0: HOST MAC 1c:ba:8c:a2:ed:6c
[   27.840934] configfs-gadget.g_multi gadget.0: MAC 1c:ba:8c:a2:ed:70
[   27.847359] rndis_set_param_medium: 0 0
[   27.847382] configfs-gadget.g_multi gadget.0: RNDIS: IN/ep1in OUT/ep1out NOTIFY/ep2in
[   27.847400] configfs-gadget.g_multi gadget.0: adding 'cdc_ethernet'/e4c054fc to config 'c'/085a6952
[   27.848287] configfs-gadget.g_multi gadget.0: HOST MAC 1c:ba:8c:a2:ed:6c
[   27.855169] configfs-gadget.g_multi gadget.0: MAC 1c:ba:8c:a2:ed:6d
[   27.861503] configfs-gadget.g_multi gadget.0: CDC Ethernet: IN/ep3in OUT/ep2out NOTIFY/ep4in
[   27.861522] configfs-gadget.g_multi gadget.0: adding 'acm'/f4f16d57 to config 'c'/085a6952
[   27.861559] configfs-gadget.g_multi gadget.0: acm ttyGS0: IN/ep5in OUT/ep3out NOTIFY/ep6in
[   27.876224] PM: Cannot get wkup_m3_ipc handle
[   29.359610] configfs-gadget.g_multi gadget.0: eth_open
[   30.562139] configfs-gadget.g_multi gadget.0: stop stats: rx/tx 0/0, errs 0/0
[   34.199867] gs_open: ttyGS0 (cb3f39d8,bc71a8b8)
[   34.200027] gs_close: ttyGS0 (cb3f39d8,bc71a8b8) ...
[   34.200051] gs_close: ttyGS0 (cb3f39d8,bc71a8b8) done!
[   34.213435] gs_open: ttyGS0 (e1dff927,da39802b)
[   34.213587] gs_close: ttyGS0 (e1dff927,da39802b) ...
[   34.213612] gs_close: ttyGS0 (e1dff927,da39802b) done!
[   34.339955] gs_open: ttyGS0 (cb3f39d8,e62d703d)
[   34.340192] gs_close: ttyGS0 (cb3f39d8,e62d703d) ...
[   34.340219] gs_close: ttyGS0 (cb3f39d8,e62d703d) done!
[   34.340543] gs_open: ttyGS0 (cb3f39d8,e62d703d)
[   52.385407] mva_overlay: loading out-of-tree module taints kernel.
[   52.386123] mva_overlay_init: Hello Peeps
[   52.386165] create_sysfs_for_overlays: sysfs created
[   56.094853] overlay_modify_store: got overlay data (pos=0, size=4096
[   56.094914] overlay_modify_store: pos 0
[   56.094937] overlay_modify_store: Copying data to buf[0-4095]
[   56.094961] overlay_modify_store: got overlay data (pos=4096, size=519
[   56.094975] overlay_modify_store: Writing 4615 byte overlay
[   56.096204] OF: overlay: WARNING: memory leak will occur if overlay removed, property: /ocp/interconnect@48000000/segment@100000/target-module@9c000/i2c@0/pinctrl-names
[   56.096271] OF: overlay: WARNING: memory leak will occur if overlay removed, property: /ocp/interconnect@48000000/segment@100000/target-module@9c000/i2c@0/pinctrl-0
[   56.096308] OF: overlay: WARNING: memory leak will occur if overlay removed, property: /ocp/interconnect@48000000/segment@100000/target-module@9c000/i2c@0/clock-frequency
[   56.096343] OF: overlay: WARNING: memory leak will occur if overlay removed, property: /ocp/interconnect@48000000/segment@100000/target-module@9c000/i2c@0/status
[   56.096709] OF: overlay: WARNING: memory leak will occur if overlay removed, property: /__symbols__/i2c1_pins
[   56.096750] OF: overlay: WARNING: memory leak will occur if overlay removed, property: /__symbols__/osc
[   56.096806] OF: overlay: WARNING: memory leak will occur if overlay removed, property: /__symbols__/bdpmic
[   56.096858] OF: overlay: WARNING: memory leak will occur if overlay removed, property: /__symbols__/buck1
[   56.096910] OF: overlay: WARNING: memory leak will occur if overlay removed, property: /__symbols__/buck2
[   56.096961] OF: overlay: WARNING: memory leak will occur if overlay removed, property: /__symbols__/buck3
[   56.097012] OF: overlay: WARNING: memory leak will occur if overlay removed, property: /__symbols__/buck4
[   56.097063] OF: overlay: WARNING: memory leak will occur if overlay removed, property: /__symbols__/buck5
[   56.097114] OF: overlay: WARNING: memory leak will occur if overlay removed, property: /__symbols__/BUCK6
[   56.097174] OF: overlay: WARNING: memory leak will occur if overlay removed, property: /__symbols__/buck7
[   56.097227] OF: overlay: WARNING: memory leak will occur if overlay removed, property: /__symbols__/buck8
[   56.097280] OF: overlay: WARNING: memory leak will occur if overlay removed, property: /__symbols__/ldo1
[   56.097333] OF: overlay: WARNING: memory leak will occur if overlay removed, property: /__symbols__/ldo2
[   56.097390] OF: overlay: WARNING: memory leak will occur if overlay removed, property: /__symbols__/ldo3
[   56.097444] OF: overlay: WARNING: memory leak will occur if overlay removed, property: /__symbols__/ldo4
[   56.097496] OF: overlay: WARNING: memory leak will occur if overlay removed, property: /__symbols__/ldo5
[   56.097549] OF: overlay: WARNING: memory leak will occur if overlay removed, property: /__symbols__/ldo6
[   56.097600] OF: overlay: WARNING: memory leak will occur if overlay removed, property: /__symbols__/ldo7_reg
[   56.097633] OF: overlay: WARNING: memory leak will occur if overlay removed, property: /__symbols__/irqtest
[   56.129994] PM: Cannot get wkup_m3_ipc handle
[   56.227399] PM: Cannot get wkup_m3_ipc handle
[   56.309960] input: bd718xx-pwrkey as /devices/platform/ocp/48000000.interconnect/48000000.interconnect:segment@100000/4819c000.target-module/4819c000.i2c/i2c-2/2-004b/gpio-keys.2.auto/input/input1
[   56.328680] PM: Cannot get wkup_m3_ipc handle
[   56.343749] PM: Cannot get wkup_m3_ipc handle
[   56.474563] PM: Cannot get wkup_m3_ipc handle
[   56.510068] overlay_modify_store: got overlay data (pos=0, size=1040
[   56.510127] overlay_modify_store: Writing 1040 byte overlay
[   56.510741] create_overlay: Failed to create overlay (err=-22)
[   56.510764] overlay_modify_store: Failed to add overlay (-22)
[   62.295471] mva_test_init: Hello Peeps
ETSWEXQAXH 0
root@arm:~# echo 'WEZW''AJAFKK'
WEZWAJAFKK
root@arm:~# MARKER='SZAE''HKPKZK' run 'modprobe test_linear_ranges'
SZAEHKPKZKSZAEHKPKZK 0
root@arm:~# echo 'LULZ''XXBWZG'
LULZXXBWZG
root@arm:~# MARKER='FEOT''UOHVJC' run dmesg
FEOTUOHVJC[    0.000000] Booting Linux on physical CPU 0x0
[    0.000000] Linux version 6.11.0-g73ea23d406f1 (user01@drvtest01) (arm-linux-gnueabihf-gcc (Linaro GCC 6.4-2017.11) 6.4.1 20171012, GNU ld (Linaro_Binutils-2017.11) 2.27.0.20161229) #17 SMP Wed Sep 25 12:36:14 EEST 2024
[    0.000000] CPU: ARMv7 Processor [413fc082] revision 2 (ARMv7), cr=10c5387d
[    0.000000] CPU: PIPT / VIPT nonaliasing data cache, VIPT aliasing instruction cache
[    0.000000] OF: fdt: Machine model: TI AM335x BeagleBone Black
[    0.000000] Memory policy: Data cache writeback
[    0.000000] cma: Reserved 16 MiB at 0x9e800000 on node -1
[    0.000000] Zone ranges:
[    0.000000]   Normal   [mem 0x0000000080000000-0x000000009fdfffff]
[    0.000000]   HighMem  empty
[    0.000000] Movable zone start for each node
[    0.000000] Early memory node ranges
[    0.000000]   node   0: [mem 0x0000000080000000-0x000000009fdfffff]
[    0.000000] Initmem setup node 0 [mem 0x0000000080000000-0x000000009fdfffff]
[    0.000000] CPU: All CPU(s) started in SVC mode.
[    0.000000] AM335X ES2.1 (sgx neon)
[    0.000000] percpu: Embedded 17 pages/cpu s39628 r8192 d21812 u69632
[    0.000000] pcpu-alloc: s39628 r8192 d21812 u69632 alloc=17*4096
[    0.000000] pcpu-alloc: [0] 0 
[    0.000000] Kernel command line: console=ttyO0,115200n8 root=/dev/nfs rw nfsroot=192.168.255.126:/home/user01/nfs,nfsvers=3 ip=192.168.255.4:192.168.255.126::255.255.255.0:bbb1:eth0 nfsrootdebug
[    0.000000] Unknown kernel command line parameters "nfsrootdebug", will be passed to user space.
[    0.000000] Dentry cache hash table entries: 65536 (order: 6, 262144 bytes, linear)
[    0.000000] Inode-cache hash table entries: 32768 (order: 5, 131072 bytes, linear)
[    0.000000] Built 1 zonelists, mobility grouping on.  Total pages: 130560
[    0.000000] mem auto-init: stack:off, heap alloc:off, heap free:off
[    0.000000] SLUB: HWalign=64, Order=0-3, MinObjects=0, CPUs=1, Nodes=1
[    0.000000] trace event string verifier disabled
[    0.000000] rcu: Hierarchical RCU implementation.
[    0.000000] rcu: 	RCU event tracing is enabled.
[    0.000000] rcu: 	RCU restricting CPUs from NR_CPUS=2 to nr_cpu_ids=1.
[    0.000000] rcu: RCU calculated value of scheduler-enlistment delay is 10 jiffies.
[    0.000000] rcu: Adjusting geometry for rcu_fanout_leaf=16, nr_cpu_ids=1
[    0.000000] NR_IRQS: 16, nr_irqs: 16, preallocated irqs: 16
[    0.000000] IRQ: Found an INTC at 0x(ptrval) (revision 5.0) with 128 interrupts
[    0.000000] rcu: srcu_init: Setting srcu_struct sizes based on contention.
[    0.000000] TI gptimer clocksource: always-on /ocp/interconnect@44c00000/segment@200000/target-module@31000
[    0.000002] sched_clock: 32 bits at 24MHz, resolution 41ns, wraps every 89478484971ns
[    0.000029] clocksource: dmtimer: mask: 0xffffffff max_cycles: 0xffffffff, max_idle_ns: 79635851949 ns
[    0.000518] TI gptimer clockevent: 24000000 Hz at /ocp/interconnect@48000000/segment@0/target-module@40000
[    0.002152] Console: colour dummy device 80x30
[    0.002221] WARNING: Your 'console=ttyO0' has been replaced by 'ttyS0'
[    0.002231] This ensures that you still see kernel messages. Please
[    0.002237] update your kernel commandline.
[    0.002281] Calibrating delay loop... 996.14 BogoMIPS (lpj=4980736)
[    0.090573] CPU: Testing write buffer coherency: ok
[    0.090680] CPU0: Spectre v2: using BPIALL workaround
[    0.090692] pid_max: default: 32768 minimum: 301
[    0.090818] LSM: initializing lsm=capability
[    0.090986] Mount-cache hash table entries: 1024 (order: 0, 4096 bytes, linear)
[    0.091010] Mountpoint-cache hash table entries: 1024 (order: 0, 4096 bytes, linear)
[    0.092545] CPU0: thread -1, cpu 0, socket -1, mpidr 0
[    0.094261] Setting up static identity map for 0x80100000 - 0x80100078
[    0.094570] rcu: Hierarchical SRCU implementation.
[    0.094583] rcu: 	Max phase no-delay instances is 1000.
[    0.096251] smp: Bringing up secondary CPUs ...
[    0.096312] smp: Brought up 1 node, 1 CPU
[    0.096327] SMP: Total of 1 processors activated (996.14 BogoMIPS).
[    0.096341] CPU: All CPU(s) started in SVC mode.
[    0.096533] Memory: 480876K/522240K available (11264K kernel code, 1197K rwdata, 2856K rodata, 1024K init, 297K bss, 23344K reserved, 16384K cma-reserved, 0K highmem)
[    0.097341] devtmpfs: initialized
[    0.113721] VFP support v0.3: implementor 41 architecture 3 part 30 variant c rev 3
[    0.114075] clocksource: jiffies: mask: 0xffffffff max_cycles: 0xffffffff, max_idle_ns: 19112604462750000 ns
[    0.114113] futex hash table entries: 256 (order: 2, 16384 bytes, linear)
[    0.115377] pinctrl core: initialized pinctrl subsystem
[    0.118096] NET: Registered PF_NETLINK/PF_ROUTE protocol family
[    0.121095] DMA: preallocated 256 KiB pool for atomic coherent allocations
[    0.122060] audit: initializing netlink subsys (disabled)
[    0.123425] thermal_sys: Registered thermal governor 'fair_share'
[    0.123447] thermal_sys: Registered thermal governor 'step_wise'
[    0.123458] thermal_sys: Registered thermal governor 'user_space'
[    0.123579] audit: type=2000 audit(0.120:1): state=initialized audit_enabled=0 res=1
[    0.123650] cpuidle: using governor menu
[    0.142825] No ATAGs?
[    0.142857] hw-breakpoint: debug architecture 0x4 unsupported.
[    0.145762] kprobes: kprobe jump-optimization is enabled. All kprobes are optimized if possible.
[    0.164067] iommu: Default domain type: Translated
[    0.164095] iommu: DMA domain TLB invalidation policy: strict mode
[    0.165686] reg-fixed-voltage fixedregulator0: using DT '/fixedregulator0' for '(default)' GPIO lookup
[    0.165744] of_get_named_gpiod_flags: can't parse 'gpios' property of node '/fixedregulator0[0]'
[    0.165774] of_get_named_gpiod_flags: can't parse 'gpio' property of node '/fixedregulator0[0]'
[    0.165796] reg-fixed-voltage fixedregulator0: using lookup tables for GPIO lookup
[    0.165808] reg-fixed-voltage fixedregulator0: No GPIO consumer (default) found
[    0.171449] SCSI subsystem initialized
[    0.181086] libata version 3.00 loaded.
[    0.181459] pps_core: LinuxPPS API ver. 1 registered
[    0.181473] pps_core: Software ver. 5.3.6 - Copyright 2005-2007 Rodolfo Giometti <giometti@linux.it>
[    0.181498] PTP clock support registered
[    0.183418] vgaarb: loaded
[    0.183810] clocksource: Switched to clocksource dmtimer
[    0.184405] VFS: Disk quotas dquot_6.6.0
[    0.184454] VFS: Dquot-cache hash table entries: 1024 (order 0, 4096 bytes)
[    0.209862] NET: Registered PF_INET protocol family
[    0.210222] IP idents hash table entries: 8192 (order: 4, 65536 bytes, linear)
[    0.211613] tcp_listen_portaddr_hash hash table entries: 512 (order: 0, 4096 bytes, linear)
[    0.211654] Table-perturb hash table entries: 65536 (order: 6, 262144 bytes, linear)
[    0.211672] TCP established hash table entries: 4096 (order: 2, 16384 bytes, linear)
[    0.211716] TCP bind hash table entries: 4096 (order: 4, 65536 bytes, linear)
[    0.211817] TCP: Hash tables configured (established 4096 bind 4096)
[    0.211938] UDP hash table entries: 256 (order: 1, 8192 bytes, linear)
[    0.211967] UDP-Lite hash table entries: 256 (order: 1, 8192 bytes, linear)
[    0.212142] NET: Registered PF_UNIX/PF_LOCAL protocol family
[    0.224745] RPC: Registered named UNIX socket transport module.
[    0.224775] RPC: Registered udp transport module.
[    0.224782] RPC: Registered tcp transport module.
[    0.224789] RPC: Registered tcp-with-tls transport module.
[    0.224796] RPC: Registered tcp NFSv4.1 backchannel transport module.
[    0.224821] PCI: CLS 0 bytes, default 64
[    0.226256] Initialise system trusted keyrings
[    0.227321] workingset: timestamp_bits=14 max_order=17 bucket_order=3
[    0.228592] NFS: Registering the id_resolver key type
[    0.228665] Key type id_resolver registered
[    0.228675] Key type id_legacy registered
[    0.228726] jffs2: version 2.2. (NAND) (SUMMARY)  Â© 2001-2006 Red Hat, Inc.
[    0.229194] Key type asymmetric registered
[    0.229212] Asymmetric key parser 'x509' registered
[    0.229280] io scheduler mq-deadline registered
[    0.229294] io scheduler kyber registered
[    0.229369] io scheduler bfq registered
[    0.244292] Serial: 8250/16550 driver, 6 ports, IRQ sharing enabled
[    0.307270] brd: module loaded
[    0.318424] loop: module loaded
[    0.319363] mtdoops: mtd device (mtddev=name/number) must be supplied
[    0.335272] mdio_bus fixed-0: using lookup tables for GPIO lookup
[    0.335306] mdio_bus fixed-0: No GPIO consumer reset found
[    0.336707] i2c_dev: i2c /dev entries driver
[    0.337686] cpuidle: enable-method property 'ti,am3352' found operations
[    0.338134] sdhci: Secure Digital Host Controller Interface driver
[    0.338145] sdhci: Copyright(c) Pierre Ossman
[    0.338319] sdhci-pltfm: SDHCI platform and OF driver helper
[    0.338631] ledtrig-cpu: registered to indicate activity on CPUs
[    0.339566] Initializing XFRM netlink socket
[    0.339695] NET: Registered PF_INET6 protocol family
[    0.341529] Segment Routing with IPv6
[    0.341625] In-situ OAM (IOAM) with IPv6
[    0.341724] sit: IPv6, IPv4 and MPLS over IPv4 tunneling driver
[    0.342658] NET: Registered PF_PACKET protocol family
[    0.342702] NET: Registered PF_KEY protocol family
[    0.342833] Key type dns_resolver registered
[    0.343095] ThumbEE CPU extension supported.
[    0.343120] Registering SWP/SWPB emulation handler
[    0.343649] omap_voltage_late_init: Voltage driver support not added
[    0.344209] SmartReflex Class3 initialized
[    0.364767] Loading compiled-in X.509 certificates
[    0.423415] gpiochip_find_base_unlocked: found new base at 512
[    0.431777] platform 44e10800.pinmux: Fixed dependency cycle(s) with /ocp/interconnect@44c00000/segment@200000/target-module@10000/scm@0/pinmux@800/clkout2-pins
[    0.432342] pinctrl-single 44e10800.pinmux: 142 pins, size 568
[    0.437682] ti-sysc 44e31000.target-module: probe with driver ti-sysc failed with error -16
[    0.474457] ti-sysc 48040000.target-module: probe with driver ti-sysc failed with error -16
[    0.485498] gpiochip_find_base_unlocked: found new base at 512
[    0.485613] gpio gpiochip0: (gpio-0-31): created GPIO range 0->7 ==> 44e10800.pinmux PIN 0->7
[    0.485635] gpio gpiochip0: (gpio-0-31): created GPIO range 8->11 ==> 44e10800.pinmux PIN 90->93
[    0.485653] gpio gpiochip0: (gpio-0-31): created GPIO range 12->27 ==> 44e10800.pinmux PIN 12->27
[    0.485671] gpio gpiochip0: (gpio-0-31): created GPIO range 28->31 ==> 44e10800.pinmux PIN 30->33
[    0.514730] gpio gpiochip0: (gpio-0-31): added GPIO chardev (254:0)
[    0.514915] gpio gpiochip0: registered GPIOs 512 to 543 on gpio-0-31
[    0.515005] OMAP GPIO hardware version 0.1
[    0.538033] i2c i2c-2: using DT '/ocp/interconnect@48000000/segment@100000/target-module@9c000/i2c@0' for 'scl' GPIO lookup
[    0.538136] of_get_named_gpiod_flags: can't parse 'scl-gpios' property of node '/ocp/interconnect@48000000/segment@100000/target-module@9c000/i2c@0[0]'
[    0.538183] of_get_named_gpiod_flags: can't parse 'scl-gpio' property of node '/ocp/interconnect@48000000/segment@100000/target-module@9c000/i2c@0[0]'
[    0.538222] i2c i2c-2: using lookup tables for GPIO lookup
[    0.538234] i2c i2c-2: No GPIO consumer scl found
[    0.538258] i2c i2c-2: using DT '/ocp/interconnect@48000000/segment@100000/target-module@9c000/i2c@0' for 'sda' GPIO lookup
[    0.538296] of_get_named_gpiod_flags: can't parse 'sda-gpios' property of node '/ocp/interconnect@48000000/segment@100000/target-module@9c000/i2c@0[0]'
[    0.538336] of_get_named_gpiod_flags: can't parse 'sda-gpio' property of node '/ocp/interconnect@48000000/segment@100000/target-module@9c000/i2c@0[0]'
[    0.538370] i2c i2c-2: using lookup tables for GPIO lookup
[    0.538379] i2c i2c-2: No GPIO consumer sda found
[    0.539072] omap_i2c 4819c000.i2c: bus 2 rev0.11 at 100 kHz
[    0.544597] gpiochip_find_base_unlocked: found new base at 544
[    0.544710] gpio gpiochip1: (gpio-32-63): created GPIO range 0->17 ==> 44e10800.pinmux PIN 34->51
[    0.544732] gpio gpiochip1: (gpio-32-63): created GPIO range 18->21 ==> 44e10800.pinmux PIN 77->80
[    0.544749] gpio gpiochip1: (gpio-32-63): created GPIO range 22->31 ==> 44e10800.pinmux PIN 56->65
[    0.559262] gpio gpiochip1: (gpio-32-63): added GPIO chardev (254:1)
[    0.559422] gpio gpiochip1: registered GPIOs 544 to 575 on gpio-32-63
[    0.561601] gpiochip_find_base_unlocked: found new base at 576
[    0.561718] gpio gpiochip2: (gpio-64-95): created GPIO range 0->4 ==> 44e10800.pinmux PIN 66->70
[    0.561742] gpio gpiochip2: (gpio-64-95): created GPIO range 5->6 ==> 44e10800.pinmux PIN 98->99
[    0.561760] gpio gpiochip2: (gpio-64-95): created GPIO range 7->8 ==> 44e10800.pinmux PIN 75->76
[    0.561777] gpio gpiochip2: (gpio-64-95): created GPIO range 13->13 ==> 44e10800.pinmux PIN 141->141
[    0.561795] gpio gpiochip2: (gpio-64-95): created GPIO range 14->21 ==> 44e10800.pinmux PIN 100->107
[    0.564666] gpio gpiochip2: (gpio-64-95): added GPIO chardev (254:2)
[    0.564817] gpio gpiochip2: registered GPIOs 576 to 607 on gpio-64-95
[    0.570193] 48000000.interconnect:segment@200000:target-module@0:mpu@0:fck: device ID is greater than 24
[    0.574482] platform 4830e000.lcdc: Fixed dependency cycle(s) with /ocp/interconnect@44c00000/segment@200000/target-module@b000/i2c@0/tda19988@70
[    0.583593] mdio_bus 4a101000.mdio: using DT '/ocp/interconnect@4a000000/segment@0/target-module@100000/switch@0/mdio@1000' for 'reset' GPIO lookup
[    0.583675] of_get_named_gpiod_flags: can't parse 'reset-gpios' property of node '/ocp/interconnect@4a000000/segment@0/target-module@100000/switch@0/mdio@1000[0]'
[    0.583725] of_get_named_gpiod_flags: can't parse 'reset-gpio' property of node '/ocp/interconnect@4a000000/segment@0/target-module@100000/switch@0/mdio@1000[0]'
[    0.583946] mdio_bus 4a101000.mdio: using lookup tables for GPIO lookup
[    0.583963] mdio_bus 4a101000.mdio: No GPIO consumer reset found
[    0.585744] sdhci-omap 481d8000.mmc: using DT '/ocp/interconnect@48000000/segment@100000/target-module@d8000/mmc@0' for 'wp' GPIO lookup
[    0.585820] of_get_named_gpiod_flags: can't parse 'wp-gpios' property of node '/ocp/interconnect@48000000/segment@100000/target-module@d8000/mmc@0[0]'
[    0.585867] of_get_named_gpiod_flags: can't parse 'wp-gpio' property of node '/ocp/interconnect@48000000/segment@100000/target-module@d8000/mmc@0[0]'
[    0.585906] sdhci-omap 481d8000.mmc: using lookup tables for GPIO lookup
[    0.585918] sdhci-omap 481d8000.mmc: No GPIO consumer wp found
[    0.586122] sdhci-omap 481d8000.mmc: supply pbias not found, using dummy regulator
[    0.586593] sdhci-omap 481d8000.mmc: supply vqmmc not found, using dummy regulator
[    0.664700] davinci_mdio 4a101000.mdio: davinci mdio revision 1.6, bus freq 1000000
[    0.689051] mdio_bus 4a101000.mdio:00: using DT '/ocp/interconnect@4a000000/segment@0/target-module@100000/switch@0/mdio@1000/ethernet-phy@0' for 'reset' GPIO lookup
[    0.689161] of_get_named_gpiod_flags: parsed 'reset-gpios' property of node '/ocp/interconnect@4a000000/segment@0/target-module@100000/switch@0/mdio@1000/ethernet-phy@0[0]' - status (0)
[    0.689331] gpio gpiochip0: Persistence not supported for GPIO 8
[    0.793368] davinci_mdio 4a101000.mdio: phy[0]: device 4a101000.mdio:00, driver SMSC LAN8710/LAN8720
[    0.794125] cpsw-switch 4a100000.switch: initialized cpsw ale version 1.4
[    0.794154] cpsw-switch 4a100000.switch: ALE Table size 1024
[    0.794373] cpsw-switch 4a100000.switch: cpts: overflow check period 500 (jiffies)
[    0.794396] cpsw-switch 4a100000.switch: CPTS: ref_clk_freq:250000000 calc_mult:2147483648 calc_shift:29 error:0 nsec/sec
[    0.794503] cpsw-switch 4a100000.switch: Detected MACID = 18:2c:65:25:1d:6e
[    0.796307] cpsw-switch 4a100000.switch: initialized (regs 0x4a100000, pool size 256) hw_ver:0019010C 1.12 (0)
