Labgrid Console Logfile for main
Logfile started at 2024-09-25 11:48:38.987015
=== Log starts here ===
ready
DRAM:  512 MiB
No match for driver 'omap_hsmmc'
No match for driver 'omap_hsmmc'
Some drivers were not found
Reset Source: Power-on reset has occurred.
RTC 32KCLK Source: External.
MMC:   OMAP SD/MMC: 0, OMAP SD/MMC: 1
Loading Environment from EXT4... 
** Unable to use mmc 0:1 for loading the env **
Board: BeagleBone Black
<ethaddr> not set. Validating first E-fuse MAC
BeagleBone Black:
BeagleBone: cape eeprom: i2c_probe: 0x54:
BeagleBone: cape eeprom: i2c_probe: 0x55:
BeagleBone: cape eeprom: i2c_probe: 0x56:
BeagleBone: cape eeprom: i2c_probe: 0x57:
Net:   eth0: MII MODE
cpsw, usb_ether
Press SPACE to abort autoboot in 0 seconds
board_name=[A335BNLT] ...
board_rev=[00C0] ...
switch to partitions #0, OK
mmc0 is current device
SD/MMC found on device 0
switch to partitions #0, OK
mmc0 is current device
Scanning mmc 0:1...
gpio: pin 56 (gpio 56) value is 0
gpio: pin 55 (gpio 55) value is 0
gpio: pin 54 (gpio 54) value is 0
gpio: pin 53 (gpio 53) value is 1
switch to partitions #0, OK
mmc0 is current device
gpio: pin 54 (gpio 54) value is 1
Checking for: /uEnv.txt ...
569 bytes read in 2 ms (277.3 KiB/s)
gpio: pin 55 (gpio 55) value is 1
Loaded environment from /uEnv.txt
Importing environment from mmc ...
Checking if uenvcmd is set ...
gpio: pin 56 (gpio 56) value is 1
Running uenvcmd ...
cpsw Waiting for PHY auto negotiation to complete.. done
link up on port 0, speed 100, full duplex
Using cpsw device
TFTP from server 192.168.255.126; our IP address is 192.168.255.3
Filename 'zImage'.
Load address: 0x81000000
Loading: *#################################################################
	 #################################################################
	 #################################################################
	 #################################################################
	 #################################################################
	 ##############################################
	 3 MiB/s
done
Bytes transferred = 5444560 (5313d0 hex)
link up on port 0, speed 100, full duplex
Using cpsw device
TFTP from server 192.168.255.126; our IP address is 192.168.255.3
Filename 'am335x-boneblack.dtb'.
Load address: 0x82000000
Loading: *#######
	 2.7 MiB/s
done
Bytes transferred = 97996 (17ecc hex)
## Flattened Device Tree blob at 82000000
   Booting using the fdt blob at 0x82000000
   Loading Device Tree to 8ffe5000, end 8ffffecb ... OK

Starting kernel ...

[    0.000000] Booting Linux on physical CPU 0x0
[    0.000000] Linux version 6.11.0-g73ea23d406f1 (user01@drvtest01) (arm-linux-gnueabihf-gcc (Linaro GCC 6.4-2017.11) 6.4.1 20171012, GNU ld (Linaro_Binutils-2017.11) 2.27.0.20161229) #15 SMP Tue Sep 24 15:25:50 EEST 2024
[    0.000000] CPU: ARMv7 Processor [413fc082] revision 2 (ARMv7), cr=10c5387d
[    0.000000] CPU: PIPT / VIPT nonaliasing data cache, VIPT aliasing instruction cache
[    0.000000] OF: fdt: Machine model: TI AM335x BeagleBone Black
[    0.000000] Memory policy: Data cache writeback
[    0.000000] cma: Reserved 16 MiB at 0x9e800000 on node -1
[    0.000000] Zone ranges:
[    0.000000]   Normal   [mem 0x0000000080000000-0x000000009fdfffff]
[    0.000000]   HighMem  empty
[    0.000000] Movable zone start for each node
[    0.000000] Early memory node ranges
[    0.000000]   node   0: [mem 0x0000000080000000-0x000000009fdfffff]
[    0.000000] Initmem setup node 0 [mem 0x0000000080000000-0x000000009fdfffff]
[    0.000000] CPU: All CPU(s) started in SVC mode.
[    0.000000] AM335X ES2.1 (sgx neon)
[    0.000000] percpu: Embedded 17 pages/cpu s39628 r8192 d21812 u69632
[    0.000000] Kernel command line: console=ttyO0,115200n8 root=/dev/nfs rw nfsroot=192.168.255.126:/home/user01/nfs,nfsvers=3 ip=192.168.255.3:192.168.255.126::255.255.255.0:bbb1:eth0 nfsrootdebug
[    0.000000] Unknown kernel command line parameters "nfsrootdebug", will be passed to user space.
[    0.000000] Dentry cache hash table entries: 65536 (order: 6, 262144 bytes, linear)
[    0.000000] Inode-cache hash table entries: 32768 (order: 5, 131072 bytes, linear)
[    0.000000] Built 1 zonelists, mobility grouping on.  Total pages: 130560
[    0.000000] mem auto-init: stack:off, heap alloc:off, heap free:off
[    0.000000] SLUB: HWalign=64, Order=0-3, MinObjects=0, CPUs=1, Nodes=1
[    0.000000] trace event string verifier disabled
[    0.000000] rcu: Hierarchical RCU implementation.
[    0.000000] rcu: 	RCU event tracing is enabled.
[    0.000000] rcu: 	RCU restricting CPUs from NR_CPUS=2 to nr_cpu_ids=1.
[    0.000000] rcu: RCU calculated value of scheduler-enlistment delay is 10 jiffies.
[    0.000000] rcu: Adjusting geometry for rcu_fanout_leaf=16, nr_cpu_ids=1
[    0.000000] NR_IRQS: 16, nr_irqs: 16, preallocated irqs: 16
[    0.000000] IRQ: Found an INTC at 0x(ptrval) (revision 5.0) with 128 interrupts
[    0.000000] rcu: srcu_init: Setting srcu_struct sizes based on contention.
[    0.000000] TI gptimer clocksource: always-on /ocp/interconnect@44c00000/segment@200000/target-module@31000
[    0.000002] sched_clock: 32 bits at 24MHz, resolution 41ns, wraps every 89478484971ns
[    0.000027] clocksource: dmtimer: mask: 0xffffffff max_cycles: 0xffffffff, max_idle_ns: 79635851949 ns
[    0.000501] TI gptimer clockevent: 24000000 Hz at /ocp/interconnect@48000000/segment@0/target-module@40000
[    0.002138] Console: colour dummy device 80x30
[    0.002208] WARNING: Your 'console=ttyO0' has been replaced by 'ttyS0'
[    0.002219] This ensures that you still see kernel messages. Please
[    0.002225] update your kernel commandline.
[    0.002270] Calibrating delay loop... 996.14 BogoMIPS (lpj=4980736)
[    0.090559] CPU: Testing write buffer coherency: ok
[    0.090666] CPU0: Spectre v2: using BPIALL workaround
[    0.090679] pid_max: default: 32768 minimum: 301
[    0.090806] LSM: initializing lsm=capability
[    0.090974] Mount-cache hash table entries: 1024 (order: 0, 4096 bytes, linear)
[    0.090998] Mountpoint-cache hash table entries: 1024 (order: 0, 4096 bytes, linear)
[    0.092522] CPU0: thread -1, cpu 0, socket -1, mpidr 0
[    0.094217] Setting up static identity map for 0x80100000 - 0x80100078
[    0.094524] rcu: Hierarchical SRCU implementation.
[    0.094537] rcu: 	Max phase no-delay instances is 1000.
[    0.096227] smp: Bringing up secondary CPUs ...
[    0.096285] smp: Brought up 1 node, 1 CPU
[    0.096300] SMP: Total of 1 processors activated (996.14 BogoMIPS).
[    0.096315] CPU: All CPU(s) started in SVC mode.
[    0.096510] Memory: 480876K/522240K available (11264K kernel code, 1197K rwdata, 2856K rodata, 1024K init, 297K bss, 23344K reserved, 16384K cma-reserved, 0K highmem)
[    0.097313] devtmpfs: initialized
[    0.113693] VFP support v0.3: implementor 41 architecture 3 part 30 variant c rev 3
[    0.114049] clocksource: jiffies: mask: 0xffffffff max_cycles: 0xffffffff, max_idle_ns: 19112604462750000 ns
[    0.114090] futex hash table entries: 256 (order: 2, 16384 bytes, linear)
[    0.115350] pinctrl core: initialized pinctrl subsystem
[    0.118077] NET: Registered PF_NETLINK/PF_ROUTE protocol family
[    0.121086] DMA: preallocated 256 KiB pool for atomic coherent allocations
[    0.122054] audit: initializing netlink subsys (disabled)
[    0.123423] thermal_sys: Registered thermal governor 'fair_share'
[    0.123444] thermal_sys: Registered thermal governor 'step_wise'
[    0.123455] thermal_sys: Registered thermal governor 'user_space'
[    0.123573] audit: type=2000 audit(0.120:1): state=initialized audit_enabled=0 res=1
[    0.123647] cpuidle: using governor menu
[    0.142799] No ATAGs?
[    0.142831] hw-breakpoint: debug architecture 0x4 unsupported.
[    0.145738] kprobes: kprobe jump-optimization is enabled. All kprobes are optimized if possible.
[    0.164040] iommu: Default domain type: Translated
[    0.164067] iommu: DMA domain TLB invalidation policy: strict mode
[    0.171392] SCSI subsystem initialized
[    0.181401] pps_core: LinuxPPS API ver. 1 registered
[    0.181417] pps_core: Software ver. 5.3.6 - Copyright 2005-2007 Rodolfo Giometti <giometti@linux.it>
[    0.181442] PTP clock support registered
[    0.183360] vgaarb: loaded
[    0.183751] clocksource: Switched to clocksource dmtimer
[    0.184344] VFS: Disk quotas dquot_6.6.0
[    0.184390] VFS: Dquot-cache hash table entries: 1024 (order 0, 4096 bytes)
[    0.209784] NET: Registered PF_INET protocol family
[    0.210138] IP idents hash table entries: 8192 (order: 4, 65536 bytes, linear)
[    0.211540] tcp_listen_portaddr_hash hash table entries: 512 (order: 0, 4096 bytes, linear)
[    0.211578] Table-perturb hash table entries: 65536 (order: 6, 262144 bytes, linear)
[    0.211597] TCP established hash table entries: 4096 (order: 2, 16384 bytes, linear)
[    0.211641] TCP bind hash table entries: 4096 (order: 4, 65536 bytes, linear)
[    0.211743] TCP: Hash tables configured (established 4096 bind 4096)
[    0.211869] UDP hash table entries: 256 (order: 1, 8192 bytes, linear)
[    0.211898] UDP-Lite hash table entries: 256 (order: 1, 8192 bytes, linear)
[    0.212077] NET: Registered PF_UNIX/PF_LOCAL protocol family
[    0.224674] RPC: Registered named UNIX socket transport module.
[    0.224701] RPC: Registered udp transport module.
[    0.224708] RPC: Registered tcp transport module.
[    0.224715] RPC: Registered tcp-with-tls transport module.
[    0.224722] RPC: Registered tcp NFSv4.1 backchannel transport module.
[    0.224749] PCI: CLS 0 bytes, default 64
[    0.226197] Initialise system trusted keyrings
[    0.227285] workingset: timestamp_bits=14 max_order=17 bucket_order=3
[    0.228563] NFS: Registering the id_resolver key type
[    0.228633] Key type id_resolver registered
[    0.228642] Key type id_legacy registered
[    0.228692] jffs2: version 2.2. (NAND) (SUMMARY)  Â© 2001-2006 Red Hat, Inc.
[    0.229146] Key type asymmetric registered
[    0.229166] Asymmetric key parser 'x509' registered
[    0.229233] io scheduler mq-deadline registered
[    0.229245] io scheduler kyber registered
[    0.229317] io scheduler bfq registered
[    0.244236] Serial: 8250/16550 driver, 6 ports, IRQ sharing enabled
[    0.307213] brd: module loaded
[    0.318378] loop: module loaded
[    0.319315] mtdoops: mtd device (mtddev=name/number) must be supplied
[    0.336654] i2c_dev: i2c /dev entries driver
[    0.337633] cpuidle: enable-method property 'ti,am3352' found operations
[    0.338072] sdhci: Secure Digital Host Controller Interface driver
[    0.338085] sdhci: Copyright(c) Pierre Ossman
[    0.338261] sdhci-pltfm: SDHCI platform and OF driver helper
[    0.338568] ledtrig-cpu: registered to indicate activity on CPUs
[    0.339509] Initializing XFRM netlink socket
[    0.339637] NET: Registered PF_INET6 protocol family
[    0.341478] Segment Routing with IPv6
[    0.341574] In-situ OAM (IOAM) with IPv6
[    0.341672] sit: IPv6, IPv4 and MPLS over IPv4 tunneling driver
[    0.342613] NET: Registered PF_PACKET protocol family
[    0.342655] NET: Registered PF_KEY protocol family
[    0.342786] Key type dns_resolver registered
[    0.343047] ThumbEE CPU extension supported.
[    0.343074] Registering SWP/SWPB emulation handler
[    0.343600] omap_voltage_late_init: Voltage driver support not added
[    0.344144] SmartReflex Class3 initialized
[    0.364714] Loading compiled-in X.509 certificates
[    0.431653] platform 44e10800.pinmux: Fixed dependency cycle(s) with /ocp/interconnect@44c00000/segment@200000/target-module@10000/scm@0/pinmux@800/clkout2-pins
[    0.432224] pinctrl-single 44e10800.pinmux: 142 pins, size 568
[    0.437538] ti-sysc 44e31000.target-module: probe with driver ti-sysc failed with error -16
[    0.473488] ti-sysc 48040000.target-module: probe with driver ti-sysc failed with error -16
[    0.524308] OMAP GPIO hardware version 0.1
[    0.551383] omap_i2c 4819c000.i2c: bus 2 rev0.11 at 100 kHz
[    0.583688] 48000000.interconnect:segment@200000:target-module@0:mpu@0:fck: device ID is greater than 24
[    0.588058] platform 4830e000.lcdc: Fixed dependency cycle(s) with /ocp/interconnect@44c00000/segment@200000/target-module@b000/i2c@0/tda19988@70
[    0.599801] sdhci-omap 481d8000.mmc: supply pbias not found, using dummy regulator
[    0.600269] sdhci-omap 481d8000.mmc: supply vqmmc not found, using dummy regulator
[    0.675829] davinci_mdio 4a101000.mdio: davinci mdio revision 1.6, bus freq 1000000
[    0.793086] davinci_mdio 4a101000.mdio: phy[0]: device 4a101000.mdio:00, driver SMSC LAN8710/LAN8720
[    0.793842] cpsw-switch 4a100000.switch: initialized cpsw ale version 1.4
[    0.793871] cpsw-switch 4a100000.switch: ALE Table size 1024
[    0.794148] cpsw-switch 4a100000.switch: cpts: overflow check period 500 (jiffies)
[    0.794176] cpsw-switch 4a100000.switch: CPTS: ref_clk_freq:250000000 calc_mult:2147483648 calc_shift:29 error:0 nsec/sec
[    0.794282] cpsw-switch 4a100000.switch: Detected MACID = 64:8c:bb:ca:c5:75
[    0.796088] cpsw-switch 4a100000.switch: initialized (regs 0x4a100000, pool size 256) hw_ver:0019010C 1.12 (0)
[    0.806968] debugfs: Directory '49000000.dma' with parent 'dmaengine' already present!
[    0.807017] edma 49000000.dma: TI EDMA DMA engine driver
[    0.846345] target-module@4b000000:target-module@140000:pmu@0:fck: device ID is greater than 24
[    0.859966] hw perfevents: enabled with armv7_cortex_a8 PMU driver, 5 counters available
[    0.867583] l3-aon-clkctrl:0000:0: failed to disable
[    0.882985] 44e09000.serial: ttyS0 at MMIO 0x44e09000 (irq = 34, base_baud = 3000000) is a 8250
[    0.883069] printk: legacy console [ttyS0] enabled
[    2.105092] tps65217-pmic: Failed to locate of_node [id: -1]
[    2.111155] tps65217-bl: Failed to locate of_node [id: -1]
[    2.154598] tps65217 0-0024: TPS65217 ID 0xe version 1.2
[    2.160627] platform 4830e000.lcdc: Fixed dependency cycle(s) with /ocp/interconnect@44c00000/segment@200000/target-module@b000/i2c@0/tda19988@70
[    2.174120] i2c 0-0070: Fixed dependency cycle(s) with /ocp/interconnect@48000000/segment@300000/target-module@e000/lcdc@0
[    2.185556] omap_i2c 44e0b000.i2c: bus 0 rev0.11 at 400 kHz
[    2.199774] omap_gpio 44e07000.gpio: Could not set line 6 debounce to 200000 microseconds (-22)
[    2.208730] sdhci-omap 48060000.mmc: Got CD GPIO
[    2.213860] sdhci-omap 48060000.mmc: supply pbias not found, using dummy regulator
[    2.227386] sdhci-omap 48060000.mmc: supply vqmmc not found, using dummy regulator
[    2.236147] sdhci-omap 481d8000.mmc: supply pbias not found, using dummy regulator
[    2.244906] sdhci-omap 481d8000.mmc: supply vqmmc not found, using dummy regulator
[    2.283627] mmc1: SDHCI controller on 481d8000.mmc [481d8000.mmc] using External DMA
[    2.292101] mmc0: SDHCI controller on 48060000.mmc [48060000.mmc] using External DMA
[    2.300941] cpsw-switch 4a100000.switch: starting ndev. mode: dual_mac
[    2.353447] mmc1: new high speed MMC card at address 0001
[    2.360282] mmcblk1: mmc1:0001 MK2704 3.53 GiB
[    2.367681]  mmcblk1: p1
[    2.371449] mmcblk1boot0: mmc1:0001 MK2704 2.00 MiB
[    2.379037] mmcblk1boot1: mmc1:0001 MK2704 2.00 MiB
[    2.386387] mmcblk1rpmb: mmc1:0001 MK2704 512 KiB, chardev (250:0)
[    2.393126] SMSC LAN8710/LAN8720 4a101000.mdio:00: attached PHY driver (mii_bus:phy_addr=4a101000.mdio:00, irq=POLL)
[    2.476978] mmc0: new high speed SDHC card at address aaaa
[    2.483861] mmcblk0: mmc0:aaaa SE32G 29.7 GiB
[    2.492746]  mmcblk0: p1 p2
[    5.524524] cpsw-switch 4a100000.switch eth0: Link is Up - 100Mbps/Full - flow control off
[    5.583770] IP-Config: Complete:
[    5.587052]      device=eth0, hwaddr=64:8c:bb:ca:c5:75, ipaddr=192.168.255.3, mask=255.255.255.0, gw=255.255.255.255
[    5.597680]      host=bbb1, domain=, nis-domain=(none)
[    5.602847]      bootserver=192.168.255.126, rootserver=192.168.255.126, rootpath=
[    5.603281] clk: Disabling unused clocks
[    5.615107] PM: genpd: Disabling unused power domains
[    5.620224] KTAP version 1
[    5.622945] 1..0
[    5.647515] VFS: Mounted root (nfs filesystem) on device 0:17.
[    5.654580] devtmpfs: mounted
[    5.659245] Freeing unused kernel image (initmem) memory: 1024K
[    5.665960] Run /sbin/init as init process
[    6.352557] systemd[1]: System time before build time, advancing clock.
[    7.813771] random: crng init done
[    7.886266] systemd[1]: systemd 232 running in system mode. (+PAM +AUDIT +SELINUX +IMA +APPARMOR +SMACK +SYSVINIT +UTMP +LIBCRYPTSETUP +GCRYPT +GNUTLS +ACL +XZ +LZ4 +SECCOMP +BLKID +ELFUTILS +KMOD +IDN)
[    7.905306] systemd[1]: Detected architecture arm.

Welcome to [1mDebian GNU/Linux 9 (stretch)[0m!

[    7.946787] systemd[1]: Set hostname to <arm>.
[    9.031733] systemd[1]: Listening on Journal Socket.
[[0;32m  OK  [0m] Listening on Journal Socket.
[    9.065386] systemd[1]: Created slice System Slice.
[[0;32m  OK  [0m] Created slice System Slice.
[    9.104235] systemd[1]: dev-hugepages.mount: Couldn't determine result for ConditionVirtualization=!private-users, assuming failed: No such file or directory
[    9.144310] systemd[1]: Mounting POSIX Message Queue File System...
         Mounting POSIX Message Queue File System...
[    9.158227] systemd[1]: Started Dispatch Password Requests to Console Directory Watch.
[[0;32m  OK  [0m] Started Dispatch Password Requests to Console Directory Watch.
[    9.309212] systemd[1]: Starting Load Kernel Modules...
         Starting Load Kernel Modules...
[    9.349771] systemd[1]: Listening on /dev/initctl Compatibility Named Pipe.
[[0;32m  OK  [0m] Listening on /dev/initctl Compatibility Named Pipe.
[[0;32m  OK  [0m] Reached target Swap.
[[0;32m  OK  [0m] Listening on Journal Audit Socket.
         Starting Remount Root and Kernel File Systems...
[[0;32m  OK  [0m] Listening on Syslog Socket.
[[0;32m  OK  [0m] Created slice system-serial\x2dgetty.slice.
[[0;32m  OK  [0m] Listening on udev Control Socket.
         Mounting Debug File System...
[[0;32m  OK  [0m] Created slice User and Session Slice.
[[0;32m  OK  [0m] Reached target Slices.
         Starting Create list of required stâ€¦ce nodes for the current kernel...
[[0;32m  OK  [0m] Set up automount Arbitrary Executabâ€¦rmats File System Automount Point.
[[0;32m  OK  [0m] Started Forward Password Requests to Wall Directory Watch.
[[0;32m  OK  [0m] Reached target Encrypted Volumes.
[[0;32m  OK  [0m] Reached target Remote File Systems.
[[0;32m  OK  [0m] Listening on udev Kernel Socket.
[[0;32m  OK  [0m] Created slice system-getty.slice.
[[0;32m  OK  [0m] Listening on Journal Socket (/dev/log).
         Starting Journal Service...
[[0;32m  OK  [0m] Reached target Paths.
[[0;32m  OK  [0m] Mounted POSIX Message Queue File System.
[[0;32m  OK  [0m] Mounted Debug File System.
[[0;32m  OK  [0m] Started Load Kernel Modules.
[[0;32m  OK  [0m] Started Remount Root and Kernel File Systems.
[[0;32m  OK  [0m] Started Create list of required staâ€¦vice nodes for the current kernel.
         Starting Create Static Device Nodes in /dev...
         Starting Load/Save Random Seed...
         Starting udev Coldplug all Devices...
         Starting Apply Kernel Variables...
         Mounting Configuration File System...
[[0;32m  OK  [0m] Started Journal Service.
         Starting Flush Journal to Persistent Storage...
[[0;32m  OK  [0m] Mounted Configuration File System.
[[0;32m  OK  [0m] Started Load/Save Random Seed.
[[0;32m  OK  [0m] Started Apply Kernel Variables.
[[0;32m  OK  [0m] Started Create Static Device Nodes in /dev.
[[0;32m  OK  [0m] Reached target Local File Systems (Pre).
[[0;32m  OK  [0m] Reached target Local File Systems.
         Starting Raise network interfaces...
         Starting udev Kernel Device Manager...
[   11.156197] systemd-journald[89]: Received request to flush runtime journal from PID 1
[[0;32m  OK  [0m] Started Flush Journal to Persistent Storage.
         Starting Create Volatile Files and Directories...
[[0;32m  OK  [0m] Started udev Kernel Device Manager.
[[0;32m  OK  [0m] Started Create Volatile Files and Directories.
         Starting Update UTMP about System Boot/Shutdown...
         Starting Network Time Synchronization...
[[0;32m  OK  [0m] Started Update UTMP about System Boot/Shutdown.
[[0;32m  OK  [0m] Started Network Time Synchronization.
[[0;32m  OK  [0m] Reached target System Time Synchronized.
[[0;32m  OK  [0m] Started udev Coldplug all Devices.
[[0;32m  OK  [0m] Reached target System Initialization.
[[0;32m  OK  [0m] Started Daily Cleanup of Temporary Directories.
[[0;32m  OK  [0m] Listening on D-Bus System Message Bus Socket.
[[0;32m  OK  [0m] Started Daily apt download activities.
[[0;32m  OK  [0m] Listening on Avahi mDNS/DNS-SD Stack Activation Socket.
[[0;32m  OK  [0m] Reached target Sockets.
[[0;32m  OK  [0m] Reached target Basic System.
         Starting Login Service...
         Starting Generic Board Startup...
         Starting DUN service...
         Starting System Logging Service...[   14.928323] remoteproc remoteproc0: wkup_m3 is available

[   14.938060] omap_rtc 44e3e000.rtc: registered as rtc0
[   14.943232] omap_rtc 44e3e000.rtc: setting system clock to 2000-01-01T00:00:00 UTC (946684800)
         Starting Telephony service...
         Starting Cape Manager Service...
         Starting LSB: Start busybox udhcpd at boot time...
[   15.442264] omap_wdt: OMAP Watchdog Timer Rev 0x01: initial timeout 60 sec
[[0;32m  OK  [0m] Started D-Bus System Message Bus.
[   15.692312] at24 2-0054: supply vcc not found, using dummy regulator
[   15.700997] tps6521x_pwrbutton tps65217-pwrbutton: DMA mask not set
[   15.849124] at24 2-0055: supply vcc not found, using dummy regulator
[   15.856680] input: tps65217_pwrbutton as /devices/platform/ocp/44c00000.interconnect/44c00000.interconnect:segment@200000/44e0b000.target-module/44e0b000.i2c/i2c-0/0-0024/tps65217-pwrbutton/input/input0
[   15.926433] at24 2-0056: supply vcc not found, using dummy regulator
[   15.990465] at24 2-0057: supply vcc not found, using dummy regulator
[   16.090949] at24 0-0050: 32768 byte 24c256 EEPROM, writable, 1 bytes/write
[   16.271212] wkup_m3_ipc 44e11324.wkup_m3_ipc: IPC Request for A8->M3 Channel failed! -517
[   16.535611] am335x-phy-driver 47401300.usb-phy: dummy supplies not allowed for exclusive requests (id=vbus)
[   16.694531] am335x-phy-driver 47401b00.usb-phy: dummy supplies not allowed for exclusive requests (id=vbus)
[   16.705653] wkup_m3_ipc 44e11324.wkup_m3_ipc: IPC Request for A8->M3 Channel failed! -517
[   16.827480] usbcore: registered new interface driver usbfs
[   16.833110] usbcore: registered new interface driver hub
[   16.838748] usbcore: registered new device driver usb
[   16.907274] wkup_m3_ipc 44e11324.wkup_m3_ipc: IPC Request for A8->M3 Channel failed! -517
[   17.434811] wkup_m3_ipc 44e11324.wkup_m3_ipc: IPC Request for A8->M3 Channel failed! -517
[   17.555780] musb-hdrc musb-hdrc.1: MUSB HDRC host driver
[   17.561195] musb-hdrc musb-hdrc.1: new USB bus registered, assigned bus number 1
[   17.573083] wkup_m3_ipc 44e11324.wkup_m3_ipc: IPC Request for A8->M3 Channel failed! -517
[   17.591784] tda998x 0-0070: found TDA19988
[   17.713036] wkup_m3_ipc 44e11324.wkup_m3_ipc: IPC Request for A8->M3 Channel failed! -517
[   17.735649] usb usb1: New USB device found, idVendor=1d6b, idProduct=0002, bcdDevice= 6.11
[   17.744224] usb usb1: New USB device strings: Mfr=3, Product=2, SerialNumber=1
[   17.751493] usb usb1: Product: MUSB HDRC host driver
[   17.756547] usb usb1: Manufacturer: Linux 6.11.0-g73ea23d406f1 musb-hcd
[   17.763199] usb usb1: SerialNumber: musb-hdrc.1
[   17.974197] omap-mailbox 480c8000.mailbox: omap mailbox rev 0x400
[   18.024318] hub 1-0:1.0: USB hub found
[   18.074387] hub 1-0:1.0: 1 port detected
[   18.113940] remoteproc remoteproc0: powering up wkup_m3
[   18.210568] remoteproc remoteproc0: Direct firmware load for am335x-pm-firmware.elf failed with error -2
[   18.220338] remoteproc remoteproc0: request_firmware failed: -2
[   18.226393] wkup_m3_ipc 44e11324.wkup_m3_ipc: rproc_boot failed
[   20.008492] omap_rng 48310000.rng: Random Number Generator ver. 20
[   20.130213] tilcdc 4830e000.lcdc: bound 0-0070 (ops tda998x_driver_exit [tda998x])
[   20.268476] [drm] Initialized tilcdc 1.0.0 for 4830e000.lcdc on minor 0
[[0;32m  OK  [0m] Started DUN service.
[[0;32m  OK  [0m] Started Telephony service.
[   20.382724] tilcdc 4830e000.lcdc: [drm] Cannot find any crtc or sizes
[   20.397542] tilcdc 4830e000.lcdc: [drm] Cannot find any crtc or sizes
         Starting Connection service...
         Starting Avahi mDNS/DNS-SD Stack...
[[0;32m  OK  [0m] Started Regular background program processing daemon.
         Starting LSB: Load kernel modules needed to enable cpufreq scaling...
[[0;32m  OK  [0m] Started Daily apt upgrade and clean activities.
[[0;32m  OK  [0m] Reached target Timers.
[[0;32m  OK  [0m] Started System Logging Service.
[[0;32m  OK  [0m] Started Cape Manager Service.
[   21.851201] omap-sham 53100000.sham: hw accel on OMAP rev 4.3
[   21.861648] PM: Cannot get wkup_m3_ipc handle
[   21.888842] Bluetooth: Core ver 2.22
[   21.892686] NET: Registered PF_BLUETOOTH protocol family
[   21.898228] Bluetooth: HCI device and connection manager initialized
[   21.904696] Bluetooth: HCI socket layer initialized
[   21.909610] Bluetooth: L2CAP socket layer initialized
[   21.914755] Bluetooth: SCO socket layer initialized
[   21.973221] omap-aes 53500000.aes: OMAP AES hw accel rev: 3.2
[   22.041910] omap-sham 53100000.sham: will run requests pump with realtime priority
[   22.051682] PM: Cannot get wkup_m3_ipc handle
[[0;32m  OK  [0m] Found device /dev/ttyS0.
[   22.194893] omap-aes 53500000.aes: will run requests pump with realtime priority
[   22.206453] PM: Cannot get wkup_m3_ipc handle
[   25.514334] PM: Cannot get wkup_m3_ipc handle
[   25.650590] PM: Cannot get wkup_m3_ipc handle
[[0;32m  OK  [0m] Started LSB: Start busybox udhcpd at boot time.
[[0;32m  OK  [0m] Started Raise network interfaces.
[   27.832970] configfs-gadget.g_multi gadget.0: HOST MAC 1c:ba:8c:a2:ed:6c
[   27.839975] configfs-gadget.g_multi gadget.0: MAC 1c:ba:8c:a2:ed:70
[   27.847504] configfs-gadget.g_multi gadget.0: HOST MAC 1c:ba:8c:a2:ed:6c
[   27.854397] configfs-gadget.g_multi gadget.0: MAC 1c:ba:8c:a2:ed:6d
[   27.871384] PM: Cannot get wkup_m3_ipc handle
[[0;32m  OK  [0m] Started LSB: Load kernel modules needed to enable cpufreq scaling.
[[0;32m  OK  [0m] Started Avahi mDNS/DNS-SD Stack.
[[0;32m  OK  [0m] Started Connection service.
[[0;32m  OK  [0m] Started Login Service.
[[0;32m  OK  [0m] Reached target Sound Card.
         Starting LSB: set CPUFreq kernel parameters...
[[0;32m  OK  [0m] Reached target Network.
         Starting Permit User Sessions...
         Starting OpenBSD Secure Shell server...
         Starting The Apache HTTP Server...
[[0;32m  OK  [0m] Reached target Network is Online.
         Starting LSB: Advanced IEEE 802.11 management daemon...
[[0;32m  OK  [0m] Started Permit User Sessions.
[[0;32m  OK  [0m] Started LSB: Advanced IEEE 802.11 management daemon.
         Starting Hostname Service...
         Starting WPA supplicant...
[[0;32m  OK  [0m] Started Getty on tty1.
[[0;32m  OK  [0m] Started Serial Getty on ttyS0.
[[0;32m  OK  [0m] Reached target Login Prompts.
[[0;32m  OK  [0m] Started LSB: set CPUFreq kernel parameters.
[[0;32m  OK  [0m] Started Hostname Service.
[[0;32m  OK  [0m] Started WPA supplicant.
         Stopping LSB: Start busybox udhcpd at boot time...
[[0;32m  OK  [0m] Started OpenBSD Secure Shell server.
[[0;32m  OK  [0m] Stopped LSB: Start busybox udhcpd at boot time.
         Starting dnsmasq - A lightweight DHCP and caching DNS server...
[[0;32m  OK  [0m] Started The Apache HTTP Server.
[[0;32m  OK  [0m] Started dnsmasq - A lightweight DHCP and caching DNS server.
[[0;32m  OK  [0m] Reached target Host and Network Name Lookups.
[[0;32m  OK  [0m] Started Serial Getty on ttyGS0.
[[0;32m  OK  [0m] Started Generic Board Startup.
[[0;32m  OK  [0m] Reached target Multi-User System.
[[0;32m  OK  [0m] Reached target Graphical Interface.
         Starting Update UTMP about System Runlevel Changes...
[[0;32m  OK  [0m] Started Update UTMP about System Runlevel Changes.

Debian GNU/Linux 9 arm ttyS0

default username:password is [debian:temppwd]

arm login: root
Password: 
Last login: Sat Jan  1 00:00:31 UTC 2000 on ttyS0
root
Linux arm 6.11.0-g73ea23d406f1 #15 SMP Tue Sep 24 15:25:50 EEST 2024 armv7l

The programs included with the Debian GNU/Linux system are free software;
the exact distribution terms for each program are described in the
individual files in /usr/share/doc/*/copyright.

Debian GNU/Linux comes with ABSOLUTELY NO WARRANTY, to the extent
permitted by applicable law.
root@arm:~# root
-bash: root: command not found
root@arm:~# dmesg -n 1
root@arm:~# echo 'MJKE''PZTUFK'
MJKEPZTUFK
root@arm:~# run() { echo -n "$MARKER"; sh -c "$@"; echo "$MARKER $?"; }
root@arm:~# echo 'LWZL''NJNXFQ'
LWZLNJNXFQ
root@arm:~# MARKER='OZOJ''EZGTQB' run 'cat /proc/version'
OZOJEZGTQBLinux version 6.11.0-g73ea23d406f1 (user01@drvtest01) (arm-linux-gnueabihf-gcc (Linaro GCC 6.4-2017.11) 6.4.1 20171012, GNU ld (Linaro_Binutils-2017.11) 2.27.0.20161229) #15 SMP Tue Sep 24 15:25:50 EEST 2024
OZOJEZGTQB 0
root@arm:~# echo 'KPHE''UKGAQA'
KPHEUKGAQA
root@arm:~# MARKER='NQAV''PZEQWJ' run false
NQAVPZEQWJNQAVPZEQWJ 1
root@arm:~# Labgrid Console Logfile for main
Logfile started at 2024-09-25 11:49:34.008058
=== Log starts here ===

root@arm:~# run() { echo -n "$MARKER"; sh -c "$@"; echo "$MARKER $?"; }
root@arm:~# echo 'PYEF''SCPBNU'
PYEFSCPBNU
root@arm:~# MARKER='HOQO''NZYEHS' run 'insmod /mva_overlay.ko'
HOQONZYEHSHOQONZYEHS 0
root@arm:~# echo 'JJCV''PYZBES'
JJCVPYZBES
root@arm:~# MARKER='PSNN''SMJJAZ' run lsmod
PSNNSMJJAZModule                  Size  Used by
mva_overlay            65536  0
usb_f_acm              12288  2
u_serial               16384  3 usb_f_acm
usb_f_ecm              16384  2
usb_f_rndis            24576  2
u_ether                16384  2 usb_f_ecm,usb_f_rndis
iptable_nat            12288  0
nf_nat                 36864  1 iptable_nat
nf_conntrack          110592  1 nf_nat
nf_defrag_ipv6         16384  1 nf_conntrack
libcomposite           57344  15 usb_f_ecm,usb_f_acm,u_ether,usb_f_rndis
nf_defrag_ipv4         12288  1 nf_conntrack
snd_soc_hdmi_codec     16384  1
evdev                  20480  0
iptable_mangle         12288  0
iptable_filter         12288  0
snd_soc_simple_card    16384  0
snd_soc_simple_card_utils    20480  1 snd_soc_simple_card
omap_aes_driver        24576  0
pm33xx                 12288  0
omap_sham              28672  0
bluetooth             610304  2
omap_crypto            12288  1 omap_aes_driver
ti_emif_sram           12288  1 pm33xx
crypto_engine          12288  2 omap_aes_driver,omap_sham
ecdh_generic           12288  1 bluetooth
ecc                    36864  1 ecdh_generic
libaes                 12288  2 omap_aes_driver,bluetooth
tilcdc                 32768  0
omap_rng               12288  0
drm_dma_helper         16384  1 tilcdc
rng_core               16384  1 omap_rng
snd_soc_davinci_mcasp    32768  2
snd_soc_ti_udma        12288  1 snd_soc_davinci_mcasp
snd_soc_ti_edma        12288  1 snd_soc_davinci_mcasp
snd_soc_ti_sdma        12288  1 snd_soc_davinci_mcasp
snd_soc_core          192512  7 snd_soc_davinci_mcasp,snd_soc_hdmi_codec,snd_soc_simple_card_utils,snd_soc_ti_sdma,snd_soc_ti_edma,snd_soc_ti_udma,snd_soc_simple_card
snd_pcm_dmaengine      12288  1 snd_soc_core
snd_pcm               110592  5 snd_soc_davinci_mcasp,snd_pcm_dmaengine,snd_soc_hdmi_codec,snd_soc_simple_card_utils,snd_soc_core
omap_mailbox           12288  1
snd_timer              28672  1 snd_pcm
snd                    69632  4 snd_soc_hdmi_codec,snd_timer,snd_soc_core,snd_pcm
soundcore              12288  1 snd
musb_dsps              16384  0
musb_hdrc             131072  1 musb_dsps
tda998x                20480  0
udc_core               45056  7 usb_f_ecm,usb_f_acm,u_serial,musb_hdrc,u_ether,usb_f_rndis,libcomposite
drm_kms_helper        122880  3 drm_dma_helper,tda998x,tilcdc
usbcore               225280  1 musb_hdrc
phy_am335x             12288  2
drm                   417792  5 drm_dma_helper,tda998x,tilcdc,drm_kms_helper
phy_generic            12288  1 phy_am335x
wkup_m3_ipc            12288  1 pm33xx
usb_common             12288  6 phy_am335x,udc_core,musb_hdrc,libcomposite,musb_dsps,usbcore
drm_panel_orientation_quirks    12288  1 drm
tps65218_pwrbutton     12288  0
at24                   16384  0
omap_wdt               12288  0
phy_am335x_control     12288  1 phy_am335x
watchdog               24576  1 omap_wdt
cppi41                 16384  60
wkup_m3_rproc          12288  1
rtc_omap               16384  2 pm33xx
leds_gpio              12288  0
cpufreq_dt             12288  0
led_class              12288  1 leds_gpio
ip_tables              20480  3 iptable_mangle,iptable_filter,iptable_nat
x_tables               24576  4 iptable_mangle,ip_tables,iptable_filter,iptable_nat
autofs4                40960  2
PSNNSMJJAZ 0
root@arm:~# Labgrid Console Logfile for main
Logfile started at 2024-09-25 11:49:37.775393
=== Log starts here ===

root@arm:~# run() { echo -n "$MARKER"; sh -c "$@"; echo "$MARKER $?"; }
root@arm:~# echo 'WQJT''XUWMGT'
WQJTXUWMGT
root@arm:~# MARKER='ZMJT''QTHHUA' run 'dd if=/bd71828_test.dtbo of=/sys/kernel/mvva_overlay/overlay_add bs=1M'
ZMJTQTHHUA0+1 records in
0+1 records out
5281 bytes (5.3 kB, 5.2 KiB) copied, 0.144385 s, 36.6 kB/s
ZMJTQTHHUA 0
root@arm:~# echo 'BFKT''MZJLXM'
BFKTMZJLXM
root@arm:~# MARKER='ZYFA''SEEZPU' run lsmod
ZYFASEEZPUModule                  Size  Used by
bd71828_regulator      16384  0
rohm_regulator         12288  1 bd71828_regulator
clk_bd718x7            12288  0
gpio_bd71828           12288  0
rtc_bd70528            12288  0
gpio_keys              16384  0
rohm_bd71828           20480  0
mva_overlay            65536  0
usb_f_acm              12288  2
u_serial               16384  3 usb_f_acm
usb_f_ecm              16384  2
usb_f_rndis            24576  2
u_ether                16384  2 usb_f_ecm,usb_f_rndis
iptable_nat            12288  0
nf_nat                 36864  1 iptable_nat
nf_conntrack          110592  1 nf_nat
nf_defrag_ipv6         16384  1 nf_conntrack
libcomposite           57344  15 usb_f_ecm,usb_f_acm,u_ether,usb_f_rndis
nf_defrag_ipv4         12288  1 nf_conntrack
snd_soc_hdmi_codec     16384  1
evdev                  20480  1
iptable_mangle         12288  0
iptable_filter         12288  0
snd_soc_simple_card    16384  0
snd_soc_simple_card_utils    20480  1 snd_soc_simple_card
omap_aes_driver        24576  0
pm33xx                 12288  0
omap_sham              28672  0
bluetooth             610304  2
omap_crypto            12288  1 omap_aes_driver
ti_emif_sram           12288  1 pm33xx
crypto_engine          12288  2 omap_aes_driver,omap_sham
ecdh_generic           12288  1 bluetooth
ecc                    36864  1 ecdh_generic
libaes                 12288  2 omap_aes_driver,bluetooth
tilcdc                 32768  0
omap_rng               12288  0
drm_dma_helper         16384  1 tilcdc
rng_core               16384  1 omap_rng
snd_soc_davinci_mcasp    32768  2
snd_soc_ti_udma        12288  1 snd_soc_davinci_mcasp
snd_soc_ti_edma        12288  1 snd_soc_davinci_mcasp
snd_soc_ti_sdma        12288  1 snd_soc_davinci_mcasp
snd_soc_core          192512  7 snd_soc_davinci_mcasp,snd_soc_hdmi_codec,snd_soc_simple_card_utils,snd_soc_ti_sdma,snd_soc_ti_edma,snd_soc_ti_udma,snd_soc_simple_card
snd_pcm_dmaengine      12288  1 snd_soc_core
snd_pcm               110592  5 snd_soc_davinci_mcasp,snd_pcm_dmaengine,snd_soc_hdmi_codec,snd_soc_simple_card_utils,snd_soc_core
omap_mailbox           12288  1
snd_timer              28672  1 snd_pcm
snd                    69632  4 snd_soc_hdmi_codec,snd_timer,snd_soc_core,snd_pcm
soundcore              12288  1 snd
musb_dsps              16384  0
musb_hdrc             131072  1 musb_dsps
tda998x                20480  0
udc_core               45056  7 usb_f_ecm,usb_f_acm,u_serial,musb_hdrc,u_ether,usb_f_rndis,libcomposite
drm_kms_helper        122880  3 drm_dma_helper,tda998x,tilcdc
usbcore               225280  1 musb_hdrc
phy_am335x             12288  2
drm                   417792  5 drm_dma_helper,tda998x,tilcdc,drm_kms_helper
phy_generic            12288  1 phy_am335x
wkup_m3_ipc            12288  1 pm33xx
usb_common             12288  6 phy_am335x,udc_core,musb_hdrc,libcomposite,musb_dsps,usbcore
drm_panel_orientation_quirks    12288  1 drm
tps65218_pwrbutton     12288  0
at24                   16384  0
omap_wdt               12288  0
phy_am335x_control     12288  1 phy_am335x
watchdog               24576  1 omap_wdt
cppi41                 16384  60
wkup_m3_rproc          12288  1
rtc_omap               16384  2 pm33xx
leds_gpio              12288  0
cpufreq_dt             12288  0
led_class              12288  1 leds_gpio
ip_tables              20480  3 iptable_mangle,iptable_filter,iptable_nat
x_tables               24576  4 iptable_mangle,ip_tables,iptable_filter,iptable_nat
autofs4                40960  2
ZYFASEEZPU 0
root@arm:~# Labgrid Console Logfile for main
Logfile started at 2024-09-25 11:49:43.705024
=== Log starts here ===

root@arm:~# run() { echo -n "$MARKER"; sh -c "$@"; echo "$MARKER $?"; }
root@arm:~# echo 'PLZE''MWZWLK'
PLZEMWZWLK
root@arm:~# MARKER='POKQ''EYBOLT' run 'insmod /bd71828-test.ko'
POKQEYBOLTPOKQEYBOLT 0
root@arm:~# echo 'XCTZ''LJWLTP'
XCTZLJWLTP
root@arm:~# MARKER='WACT''SOQZLF' run 'insmod /bd71828-gpio-test.ko'
WACTSOQZLFWACTSOQZLF 0
root@arm:~# echo 'YXVZ''FGSXXA'
YXVZFGSXXA
root@arm:~# MARKER='JFMN''YFAPKK' run 'insmod /bd71828-clktest.ko'
JFMNYFAPKKJFMNYFAPKK 0
root@arm:~# echo 'MUMY''YJQHHP'
MUMYYJQHHP
root@arm:~# MARKER='FVCN''YFJYCL' run lsmod
FVCNYFJYCLModule                  Size  Used by
bd71828_clktest        12288  0
bd71828_gpio_test      12288  0
bd71828_test           36864  0
bd71828_regulator      16384  14
rohm_regulator         12288  1 bd71828_regulator
clk_bd718x7            12288  1
gpio_bd71828           12288  0
rtc_bd70528            12288  0
gpio_keys              16384  0
rohm_bd71828           20480  0
mva_overlay            65536  0
usb_f_acm              12288  2
u_serial               16384  3 usb_f_acm
usb_f_ecm              16384  2
usb_f_rndis            24576  2
u_ether                16384  2 usb_f_ecm,usb_f_rndis
iptable_nat            12288  0
nf_nat                 36864  1 iptable_nat
nf_conntrack          110592  1 nf_nat
nf_defrag_ipv6         16384  1 nf_conntrack
libcomposite           57344  15 usb_f_ecm,usb_f_acm,u_ether,usb_f_rndis
nf_defrag_ipv4         12288  1 nf_conntrack
snd_soc_hdmi_codec     16384  1
evdev                  20480  1
iptable_mangle         12288  0
iptable_filter         12288  0
snd_soc_simple_card    16384  0
snd_soc_simple_card_utils    20480  1 snd_soc_simple_card
omap_aes_driver        24576  0
pm33xx                 12288  0
omap_sham              28672  0
bluetooth             610304  2
omap_crypto            12288  1 omap_aes_driver
ti_emif_sram           12288  1 pm33xx
crypto_engine          12288  2 omap_aes_driver,omap_sham
ecdh_generic           12288  1 bluetooth
ecc                    36864  1 ecdh_generic
libaes                 12288  2 omap_aes_driver,bluetooth
tilcdc                 32768  0
omap_rng               12288  0
drm_dma_helper         16384  1 tilcdc
rng_core               16384  1 omap_rng
snd_soc_davinci_mcasp    32768  2
snd_soc_ti_udma        12288  1 snd_soc_davinci_mcasp
snd_soc_ti_edma        12288  1 snd_soc_davinci_mcasp
snd_soc_ti_sdma        12288  1 snd_soc_davinci_mcasp
snd_soc_core          192512  7 snd_soc_davinci_mcasp,snd_soc_hdmi_codec,snd_soc_simple_card_utils,snd_soc_ti_sdma,snd_soc_ti_edma,snd_soc_ti_udma,snd_soc_simple_card
snd_pcm_dmaengine      12288  1 snd_soc_core
snd_pcm               110592  5 snd_soc_davinci_mcasp,snd_pcm_dmaengine,snd_soc_hdmi_codec,snd_soc_simple_card_utils,snd_soc_core
omap_mailbox           12288  1
snd_timer              28672  1 snd_pcm
snd                    69632  4 snd_soc_hdmi_codec,snd_timer,snd_soc_core,snd_pcm
soundcore              12288  1 snd
musb_dsps              16384  0
musb_hdrc             131072  1 musb_dsps
tda998x                20480  0
udc_core               45056  7 usb_f_ecm,usb_f_acm,u_serial,musb_hdrc,u_ether,usb_f_rndis,libcomposite
drm_kms_helper        122880  3 drm_dma_helper,tda998x,tilcdc
usbcore               225280  1 musb_hdrc
phy_am335x             12288  2
drm                   417792  5 drm_dma_helper,tda998x,tilcdc,drm_kms_helper
phy_generic            12288  1 phy_am335x
wkup_m3_ipc            12288  1 pm33xx
usb_common             12288  6 phy_am335x,udc_core,musb_hdrc,libcomposite,musb_dsps,usbcore
drm_panel_orientation_quirks    12288  1 drm
tps65218_pwrbutton     12288  0
at24                   16384  0
omap_wdt               12288  0
phy_am335x_control     12288  1 phy_am335x
watchdog               24576  1 omap_wdt
cppi41                 16384  60
wkup_m3_rproc          12288  1
rtc_omap               16384  2 pm33xx
leds_gpio              12288  0
cpufreq_dt             12288  0
led_class              12288  1 leds_gpio
ip_tables              20480  3 iptable_mangle,iptable_filter,iptable_nat
x_tables               24576  4 iptable_mangle,ip_tables,iptable_filter,iptable_nat
autofs4                40960  2
FVCNYFJYCL 0
root@arm:~# Labgrid Console Logfile for main
Logfile started at 2024-09-25 11:49:47.898009
=== Log starts here ===

root@arm:~# run() { echo -n "$MARKER"; sh -c "$@"; echo "$MARKER $?"; }
root@arm:~# echo 'SNKC''GSSLFZ'
SNKCGSSLFZ
root@arm:~# MARKER='YCMK''ZZVFOV' run '/./init_regulator_test.sh bd71828'
YCMKZZVFOVboard bd71828 given
/./init_regulator_test.sh: line 38: buck10_en: command not found
/./init_regulator_test.sh: line 39: buck10_set: command not found
YCMKZZVFOV 0
root@arm:~# Labgrid Console Logfile for main
Logfile started at 2024-09-25 11:49:57.413815
=== Log starts here ===

root@arm:~# run() { echo -n "$MARKER"; sh -c "$@"; echo "$MARKER $?"; }
root@arm:~# echo 'VYQN''OVKQSE'
VYQNOVKQSE
root@arm:~# MARKER='JXLF''SKFLHA' run dmesg
JXLFSKFLHA[    0.000000] Booting Linux on physical CPU 0x0
[    0.000000] Linux version 6.11.0-g73ea23d406f1 (user01@drvtest01) (arm-linux-gnueabihf-gcc (Linaro GCC 6.4-2017.11) 6.4.1 20171012, GNU ld (Linaro_Binutils-2017.11) 2.27.0.20161229) #15 SMP Tue Sep 24 15:25:50 EEST 2024
[    0.000000] CPU: ARMv7 Processor [413fc082] revision 2 (ARMv7), cr=10c5387d
[    0.000000] CPU: PIPT / VIPT nonaliasing data cache, VIPT aliasing instruction cache
[    0.000000] OF: fdt: Machine model: TI AM335x BeagleBone Black
[    0.000000] Memory policy: Data cache writeback
[    0.000000] cma: Reserved 16 MiB at 0x9e800000 on node -1
[    0.000000] Zone ranges:
[    0.000000]   Normal   [mem 0x0000000080000000-0x000000009fdfffff]
[    0.000000]   HighMem  empty
[    0.000000] Movable zone start for each node
[    0.000000] Early memory node ranges
[    0.000000]   node   0: [mem 0x0000000080000000-0x000000009fdfffff]
[    0.000000] Initmem setup node 0 [mem 0x0000000080000000-0x000000009fdfffff]
[    0.000000] CPU: All CPU(s) started in SVC mode.
[    0.000000] AM335X ES2.1 (sgx neon)
[    0.000000] percpu: Embedded 17 pages/cpu s39628 r8192 d21812 u69632
[    0.000000] pcpu-alloc: s39628 r8192 d21812 u69632 alloc=17*4096
[    0.000000] pcpu-alloc: [0] 0 
[    0.000000] Kernel command line: console=ttyO0,115200n8 root=/dev/nfs rw nfsroot=192.168.255.126:/home/user01/nfs,nfsvers=3 ip=192.168.255.3:192.168.255.126::255.255.255.0:bbb1:eth0 nfsrootdebug
[    0.000000] Unknown kernel command line parameters "nfsrootdebug", will be passed to user space.
[    0.000000] Dentry cache hash table entries: 65536 (order: 6, 262144 bytes, linear)
[    0.000000] Inode-cache hash table entries: 32768 (order: 5, 131072 bytes, linear)
[    0.000000] Built 1 zonelists, mobility grouping on.  Total pages: 130560
[    0.000000] mem auto-init: stack:off, heap alloc:off, heap free:off
[    0.000000] SLUB: HWalign=64, Order=0-3, MinObjects=0, CPUs=1, Nodes=1
[    0.000000] trace event string verifier disabled
[    0.000000] rcu: Hierarchical RCU implementation.
[    0.000000] rcu: 	RCU event tracing is enabled.
[    0.000000] rcu: 	RCU restricting CPUs from NR_CPUS=2 to nr_cpu_ids=1.
[    0.000000] rcu: RCU calculated value of scheduler-enlistment delay is 10 jiffies.
[    0.000000] rcu: Adjusting geometry for rcu_fanout_leaf=16, nr_cpu_ids=1
[    0.000000] NR_IRQS: 16, nr_irqs: 16, preallocated irqs: 16
[    0.000000] IRQ: Found an INTC at 0x(ptrval) (revision 5.0) with 128 interrupts
[    0.000000] rcu: srcu_init: Setting srcu_struct sizes based on contention.
[    0.000000] TI gptimer clocksource: always-on /ocp/interconnect@44c00000/segment@200000/target-module@31000
[    0.000002] sched_clock: 32 bits at 24MHz, resolution 41ns, wraps every 89478484971ns
[    0.000027] clocksource: dmtimer: mask: 0xffffffff max_cycles: 0xffffffff, max_idle_ns: 79635851949 ns
[    0.000501] TI gptimer clockevent: 24000000 Hz at /ocp/interconnect@48000000/segment@0/target-module@40000
[    0.002138] Console: colour dummy device 80x30
[    0.002208] WARNING: Your 'console=ttyO0' has been replaced by 'ttyS0'
[    0.002219] This ensures that you still see kernel messages. Please
[    0.002225] update your kernel commandline.
[    0.002270] Calibrating delay loop... 996.14 BogoMIPS (lpj=4980736)
[    0.090559] CPU: Testing write buffer coherency: ok
[    0.090666] CPU0: Spectre v2: using BPIALL workaround
[    0.090679] pid_max: default: 32768 minimum: 301
[    0.090806] LSM: initializing lsm=capability
[    0.090974] Mount-cache hash table entries: 1024 (order: 0, 4096 bytes, linear)
[    0.090998] Mountpoint-cache hash table entries: 1024 (order: 0, 4096 bytes, linear)
[    0.092522] CPU0: thread -1, cpu 0, socket -1, mpidr 0
[    0.094217] Setting up static identity map for 0x80100000 - 0x80100078
[    0.094524] rcu: Hierarchical SRCU implementation.
[    0.094537] rcu: 	Max phase no-delay instances is 1000.
[    0.096227] smp: Bringing up secondary CPUs ...
[    0.096285] smp: Brought up 1 node, 1 CPU
[    0.096300] SMP: Total of 1 processors activated (996.14 BogoMIPS).
[    0.096315] CPU: All CPU(s) started in SVC mode.
[    0.096510] Memory: 480876K/522240K available (11264K kernel code, 1197K rwdata, 2856K rodata, 1024K init, 297K bss, 23344K reserved, 16384K cma-reserved, 0K highmem)
[    0.097313] devtmpfs: initialized
[    0.113693] VFP support v0.3: implementor 41 architecture 3 part 30 variant c rev 3
[    0.114049] clocksource: jiffies: mask: 0xffffffff max_cycles: 0xffffffff, max_idle_ns: 19112604462750000 ns
[    0.114090] futex hash table entries: 256 (order: 2, 16384 bytes, linear)
[    0.115350] pinctrl core: initialized pinctrl subsystem
[    0.118077] NET: Registered PF_NETLINK/PF_ROUTE protocol family
[    0.121086] DMA: preallocated 256 KiB pool for atomic coherent allocations
[    0.122054] audit: initializing netlink subsys (disabled)
[    0.123423] thermal_sys: Registered thermal governor 'fair_share'
[    0.123444] thermal_sys: Registered thermal governor 'step_wise'
[    0.123455] thermal_sys: Registered thermal governor 'user_space'
[    0.123573] audit: type=2000 audit(0.120:1): state=initialized audit_enabled=0 res=1
[    0.123647] cpuidle: using governor menu
[    0.142799] No ATAGs?
[    0.142831] hw-breakpoint: debug architecture 0x4 unsupported.
[    0.145738] kprobes: kprobe jump-optimization is enabled. All kprobes are optimized if possible.
[    0.164040] iommu: Default domain type: Translated
[    0.164067] iommu: DMA domain TLB invalidation policy: strict mode
[    0.165642] reg-fixed-voltage fixedregulator0: using DT '/fixedregulator0' for '(default)' GPIO lookup
[    0.165702] of_get_named_gpiod_flags: can't parse 'gpios' property of node '/fixedregulator0[0]'
[    0.165733] of_get_named_gpiod_flags: can't parse 'gpio' property of node '/fixedregulator0[0]'
[    0.165753] reg-fixed-voltage fixedregulator0: using lookup tables for GPIO lookup
[    0.165766] reg-fixed-voltage fixedregulator0: No GPIO consumer (default) found
[    0.171392] SCSI subsystem initialized
[    0.181028] libata version 3.00 loaded.
[    0.181401] pps_core: LinuxPPS API ver. 1 registered
[    0.181417] pps_core: Software ver. 5.3.6 - Copyright 2005-2007 Rodolfo Giometti <giometti@linux.it>
[    0.181442] PTP clock support registered
[    0.183360] vgaarb: loaded
[    0.183751] clocksource: Switched to clocksource dmtimer
[    0.184344] VFS: Disk quotas dquot_6.6.0
[    0.184390] VFS: Dquot-cache hash table entries: 1024 (order 0, 4096 bytes)
[    0.209784] NET: Registered PF_INET protocol family
[    0.210138] IP idents hash table entries: 8192 (order: 4, 65536 bytes, linear)
[    0.211540] tcp_listen_portaddr_hash hash table entries: 512 (order: 0, 4096 bytes, linear)
[    0.211578] Table-perturb hash table entries: 65536 (order: 6, 262144 bytes, linear)
[    0.211597] TCP established hash table entries: 4096 (order: 2, 16384 bytes, linear)
[    0.211641] TCP bind hash table entries: 4096 (order: 4, 65536 bytes, linear)
[    0.211743] TCP: Hash tables configured (established 4096 bind 4096)
[    0.211869] UDP hash table entries: 256 (order: 1, 8192 bytes, linear)
[    0.211898] UDP-Lite hash table entries: 256 (order: 1, 8192 bytes, linear)
[    0.212077] NET: Registered PF_UNIX/PF_LOCAL protocol family
[    0.224674] RPC: Registered named UNIX socket transport module.
[    0.224701] RPC: Registered udp transport module.
[    0.224708] RPC: Registered tcp transport module.
[    0.224715] RPC: Registered tcp-with-tls transport module.
[    0.224722] RPC: Registered tcp NFSv4.1 backchannel transport module.
[    0.224749] PCI: CLS 0 bytes, default 64
[    0.226197] Initialise system trusted keyrings
[    0.227285] workingset: timestamp_bits=14 max_order=17 bucket_order=3
[    0.228563] NFS: Registering the id_resolver key type
[    0.228633] Key type id_resolver registered
[    0.228642] Key type id_legacy registered
[    0.228692] jffs2: version 2.2. (NAND) (SUMMARY)  Â© 2001-2006 Red Hat, Inc.
[    0.229146] Key type asymmetric registered
[    0.229166] Asymmetric key parser 'x509' registered
[    0.229233] io scheduler mq-deadline registered
[    0.229245] io scheduler kyber registered
[    0.229317] io scheduler bfq registered
[    0.244236] Serial: 8250/16550 driver, 6 ports, IRQ sharing enabled
[    0.307213] brd: module loaded
[    0.318378] loop: module loaded
[    0.319315] mtdoops: mtd device (mtddev=name/number) must be supplied
[    0.335222] mdio_bus fixed-0: using lookup tables for GPIO lookup
[    0.335255] mdio_bus fixed-0: No GPIO consumer reset found
[    0.336654] i2c_dev: i2c /dev entries driver
[    0.337633] cpuidle: enable-method property 'ti,am3352' found operations
[    0.338072] sdhci: Secure Digital Host Controller Interface driver
[    0.338085] sdhci: Copyright(c) Pierre Ossman
[    0.338261] sdhci-pltfm: SDHCI platform and OF driver helper
[    0.338568] ledtrig-cpu: registered to indicate activity on CPUs
[    0.339509] Initializing XFRM netlink socket
[    0.339637] NET: Registered PF_INET6 protocol family
[    0.341478] Segment Routing with IPv6
[    0.341574] In-situ OAM (IOAM) with IPv6
[    0.341672] sit: IPv6, IPv4 and MPLS over IPv4 tunneling driver
[    0.342613] NET: Registered PF_PACKET protocol family
[    0.342655] NET: Registered PF_KEY protocol family
[    0.342786] Key type dns_resolver registered
[    0.343047] ThumbEE CPU extension supported.
[    0.343074] Registering SWP/SWPB emulation handler
[    0.343600] omap_voltage_late_init: Voltage driver support not added
[    0.344144] SmartReflex Class3 initialized
[    0.364714] Loading compiled-in X.509 certificates
[    0.423256] gpiochip_find_base_unlocked: found new base at 512
[    0.431653] platform 44e10800.pinmux: Fixed dependency cycle(s) with /ocp/interconnect@44c00000/segment@200000/target-module@10000/scm@0/pinmux@800/clkout2-pins
[    0.432224] pinctrl-single 44e10800.pinmux: 142 pins, size 568
[    0.437538] ti-sysc 44e31000.target-module: probe with driver ti-sysc failed with error -16
[    0.473488] ti-sysc 48040000.target-module: probe with driver ti-sysc failed with error -16
[    0.484626] gpiochip_find_base_unlocked: found new base at 512
[    0.484741] gpio gpiochip0: (gpio-0-31): created GPIO range 0->7 ==> 44e10800.pinmux PIN 0->7
[    0.484763] gpio gpiochip0: (gpio-0-31): created GPIO range 8->11 ==> 44e10800.pinmux PIN 90->93
[    0.484780] gpio gpiochip0: (gpio-0-31): created GPIO range 12->27 ==> 44e10800.pinmux PIN 12->27
[    0.484797] gpio gpiochip0: (gpio-0-31): created GPIO range 28->31 ==> 44e10800.pinmux PIN 30->33
[    0.524033] gpio gpiochip0: (gpio-0-31): added GPIO chardev (254:0)
[    0.524220] gpio gpiochip0: registered GPIOs 512 to 543 on gpio-0-31
[    0.524308] OMAP GPIO hardware version 0.1
[    0.550310] i2c i2c-2: using DT '/ocp/interconnect@48000000/segment@100000/target-module@9c000/i2c@0' for 'scl' GPIO lookup
[    0.550401] of_get_named_gpiod_flags: can't parse 'scl-gpios' property of node '/ocp/interconnect@48000000/segment@100000/target-module@9c000/i2c@0[0]'
[    0.550450] of_get_named_gpiod_flags: can't parse 'scl-gpio' property of node '/ocp/interconnect@48000000/segment@100000/target-module@9c000/i2c@0[0]'
[    0.550489] i2c i2c-2: using lookup tables for GPIO lookup
[    0.550501] i2c i2c-2: No GPIO consumer scl found
[    0.550525] i2c i2c-2: using DT '/ocp/interconnect@48000000/segment@100000/target-module@9c000/i2c@0' for 'sda' GPIO lookup
[    0.550565] of_get_named_gpiod_flags: can't parse 'sda-gpios' property of node '/ocp/interconnect@48000000/segment@100000/target-module@9c000/i2c@0[0]'
[    0.550606] of_get_named_gpiod_flags: can't parse 'sda-gpio' property of node '/ocp/interconnect@48000000/segment@100000/target-module@9c000/i2c@0[0]'
[    0.550640] i2c i2c-2: using lookup tables for GPIO lookup
[    0.550650] i2c i2c-2: No GPIO consumer sda found
[    0.551383] omap_i2c 4819c000.i2c: bus 2 rev0.11 at 100 kHz
[    0.556978] gpiochip_find_base_unlocked: found new base at 544
[    0.557091] gpio gpiochip1: (gpio-32-63): created GPIO range 0->17 ==> 44e10800.pinmux PIN 34->51
[    0.557112] gpio gpiochip1: (gpio-32-63): created GPIO range 18->21 ==> 44e10800.pinmux PIN 77->80
[    0.557129] gpio gpiochip1: (gpio-32-63): created GPIO range 22->31 ==> 44e10800.pinmux PIN 56->65
[    0.574647] gpio gpiochip1: (gpio-32-63): added GPIO chardev (254:1)
[    0.574816] gpio gpiochip1: registered GPIOs 544 to 575 on gpio-32-63
[    0.577045] gpiochip_find_base_unlocked: found new base at 576
[    0.577149] gpio gpiochip2: (gpio-64-95): created GPIO range 0->4 ==> 44e10800.pinmux PIN 66->70
[    0.577170] gpio gpiochip2: (gpio-64-95): created GPIO range 5->6 ==> 44e10800.pinmux PIN 98->99
[    0.577188] gpio gpiochip2: (gpio-64-95): created GPIO range 7->8 ==> 44e10800.pinmux PIN 75->76
[    0.577205] gpio gpiochip2: (gpio-64-95): created GPIO range 13->13 ==> 44e10800.pinmux PIN 141->141
[    0.577222] gpio gpiochip2: (gpio-64-95): created GPIO range 14->21 ==> 44e10800.pinmux PIN 100->107
[    0.578166] gpio gpiochip2: (gpio-64-95): added GPIO chardev (254:2)
[    0.578319] gpio gpiochip2: registered GPIOs 576 to 607 on gpio-64-95
[    0.583688] 48000000.interconnect:segment@200000:target-module@0:mpu@0:fck: device ID is greater than 24
[    0.588058] platform 4830e000.lcdc: Fixed dependency cycle(s) with /ocp/interconnect@44c00000/segment@200000/target-module@b000/i2c@0/tda19988@70
[    0.597380] mdio_bus 4a101000.mdio: using DT '/ocp/interconnect@4a000000/segment@0/target-module@100000/switch@0/mdio@1000' for 'reset' GPIO lookup
[    0.597462] of_get_named_gpiod_flags: can't parse 'reset-gpios' property of node '/ocp/interconnect@4a000000/segment@0/target-module@100000/switch@0/mdio@1000[0]'
[    0.597515] of_get_named_gpiod_flags: can't parse 'reset-gpio' property of node '/ocp/interconnect@4a000000/segment@0/target-module@100000/switch@0/mdio@1000[0]'
[    0.597565] mdio_bus 4a101000.mdio: using lookup tables for GPIO lookup
[    0.597577] mdio_bus 4a101000.mdio: No GPIO consumer reset found
[    0.599425] sdhci-omap 481d8000.mmc: using DT '/ocp/interconnect@48000000/segment@100000/target-module@d8000/mmc@0' for 'wp' GPIO lookup
[    0.599502] of_get_named_gpiod_flags: can't parse 'wp-gpios' property of node '/ocp/interconnect@48000000/segment@100000/target-module@d8000/mmc@0[0]'
[    0.599548] of_get_named_gpiod_flags: can't parse 'wp-gpio' property of node '/ocp/interconnect@48000000/segment@100000/target-module@d8000/mmc@0[0]'
[    0.599587] sdhci-omap 481d8000.mmc: using lookup tables for GPIO lookup
[    0.599599] sdhci-omap 481d8000.mmc: No GPIO consumer wp found
[    0.599801] sdhci-omap 481d8000.mmc: supply pbias not found, using dummy regulator
[    0.600269] sdhci-omap 481d8000.mmc: supply vqmmc not found, using dummy regulator
[    0.675829] davinci_mdio 4a101000.mdio: davinci mdio revision 1.6, bus freq 1000000
[    0.700207] mdio_bus 4a101000.mdio:00: using DT '/ocp/interconnect@4a000000/segment@0/target-module@100000/switch@0/mdio@1000/ethernet-phy@0' for 'reset' GPIO lookup
[    0.700316] of_get_named_gpiod_flags: parsed 'reset-gpios' property of node '/ocp/interconnect@4a000000/segment@0/target-module@100000/switch@0/mdio@1000/ethernet-phy@0[0]' - status (0)
[    0.700484] gpio gpiochip0: Persistence not supported for GPIO 8
[    0.793086] davinci_mdio 4a101000.mdio: phy[0]: device 4a101000.mdio:00, driver SMSC LAN8710/LAN8720
[    0.793842] cpsw-switch 4a100000.switch: initialized cpsw ale version 1.4
[    0.793871] cpsw-switch 4a100000.switch: ALE Table size 1024
[    0.794148] cpsw-switch 4a100000.switch: cpts: overflow check period 500 (jiffies)
[    0.794176] cpsw-switch 4a100000.switch: CPTS: ref_clk_freq:250000000 calc_mult:2147483648 calc_shift:29 error:0 nsec/sec
[    0.794282] cpsw-switch 4a100000.switch: Detected MACID = 64:8c:bb:ca:c5:75
[    0.796088] cpsw-switch 4a100000.switch: initialized (regs 0x4a100000, pool size 256) hw_ver:0019010C 1.12 (0)
[    0.806968] debugfs: Directory '49000000.dma' with parent 'dmaengine' already present!
[    0.807017] edma 49000000.dma: TI EDMA DMA engine driver
[    0.846345] target-module@4b000000:target-module@140000:pmu@0:fck: device ID is greater than 24
[    0.859966] hw perfevents: enabled with armv7_cortex_a8 PMU driver, 5 counters available
[    0.860833] gpio-clk clk_mcasp0: using DT '/clk_mcasp0' for 'enable' GPIO lookup
[    0.860902] of_get_named_gpiod_flags: parsed 'enable-gpios' property of node '/clk_mcasp0[0]' - status (0)
[    0.860946] gpio gpiochip0: Persistence not supported for GPIO 27
[    0.861744] gpiochip_find_base_unlocked: found new base at 608
[    0.861863] gpio gpiochip3: (gpio-96-127): created GPIO range 0->7 ==> 44e10800.pinmux PIN 82->89
[    0.861886] gpio gpiochip3: (gpio-96-127): created GPIO range 8->11 ==> 44e10800.pinmux PIN 52->55
[    0.861905] gpio gpiochip3: (gpio-96-127): created GPIO range 12->15 ==> 44e10800.pinmux PIN 94->97
[    0.861922] gpio gpiochip3: (gpio-96-127): created GPIO range 16->17 ==> 44e10800.pinmux PIN 71->72
[    0.861939] gpio gpiochip3: (gpio-96-127): created GPIO range 18->18 ==> 44e10800.pinmux PIN 135->135
[    0.861957] gpio gpiochip3: (gpio-96-127): created GPIO range 19->20 ==> 44e10800.pinmux PIN 108->109
[    0.861976] gpio gpiochip3: (gpio-96-127): created GPIO range 21->21 ==> 44e10800.pinmux PIN 73->73
[    0.861995] gpio gpiochip3: (gpio-96-127): created GPIO range 22->23 ==> 44e10800.pinmux PIN 8->9
[    0.862013] gpio gpiochip3: (gpio-96-127): created GPIO range 26->27 ==> 44e10800.pinmux PIN 10->11
[    0.862032] gpio gpiochip3: (gpio-96-127): created GPIO range 28->28 ==> 44e10800.pinmux PIN 74->74
[    0.862052] gpio gpiochip3: (gpio-96-127): created GPIO range 29->29 ==> 44e10800.pinmux PIN 81->81
[    0.862072] gpio gpiochip3: (gpio-96-127): created GPIO range 30->31 ==> 44e10800.pinmux PIN 28->29
[    0.867583] l3-aon-clkctrl:0000:0: failed to disable
[    0.880110] gpio gpiochip3: (gpio-96-127): added GPIO chardev (254:3)
[    0.880270] gpio gpiochip3: registered GPIOs 608 to 639 on gpio-96-127
[    0.882281] omap8250 44e09000.serial: using DT '/ocp/interconnect@44c00000/segment@200000/target-module@9000/serial@0' for 'rs485-term' GPIO lookup
[    0.882360] of_get_named_gpiod_flags: can't parse 'rs485-term-gpios' property of node '/ocp/interconnect@44c00000/segment@200000/target-module@9000/serial@0[0]'
[    0.882408] of_get_named_gpiod_flags: can't parse 'rs485-term-gpio' property of node '/ocp/interconnect@44c00000/segment@200000/target-module@9000/serial@0[0]'
[    0.882448] omap8250 44e09000.serial: using lookup tables for GPIO lookup
[    0.882460] omap8250 44e09000.serial: No GPIO consumer rs485-term found
[    0.882472] omap8250 44e09000.serial: using DT '/ocp/interconnect@44c00000/segment@200000/target-module@9000/serial@0' for 'rs485-rx-during-tx' GPIO lookup
[    0.882510] of_get_named_gpiod_flags: can't parse 'rs485-rx-during-tx-gpios' property of node '/ocp/interconnect@44c00000/segment@200000/target-module@9000/serial@0[0]'
[    0.882550] of_get_named_gpiod_flags: can't parse 'rs485-rx-during-tx-gpio' property of node '/ocp/interconnect@44c00000/segment@200000/target-module@9000/serial@0[0]'
[    0.882585] omap8250 44e09000.serial: using lookup tables for GPIO lookup
[    0.882594] omap8250 44e09000.serial: No GPIO consumer rs485-rx-during-tx found
[    0.882985] 44e09000.serial: ttyS0 at MMIO 0x44e09000 (irq = 34, base_baud = 3000000) is a 8250
[    0.883069] printk: legacy console [ttyS0] enabled
[    2.076173] i2c i2c-0: using DT '/ocp/interconnect@44c00000/segment@200000/target-module@b000/i2c@0' for 'scl' GPIO lookup
[    2.076259] of_get_named_gpiod_flags: can't parse 'scl-gpios' property of node '/ocp/interconnect@44c00000/segment@200000/target-module@b000/i2c@0[0]'
[    2.076310] of_get_named_gpiod_flags: can't parse 'scl-gpio' property of node '/ocp/interconnect@44c00000/segment@200000/target-module@b000/i2c@0[0]'
[    2.076351] i2c i2c-0: using lookup tables for GPIO lookup
[    2.076365] i2c i2c-0: No GPIO consumer scl found
[    2.076391] i2c i2c-0: using DT '/ocp/interconnect@44c00000/segment@200000/target-module@b000/i2c@0' for 'sda' GPIO lookup
[    2.076431] of_get_named_gpiod_flags: can't parse 'sda-gpios' property of node '/ocp/interconnect@44c00000/segment@200000/target-module@b000/i2c@0[0]'
[    2.076474] of_get_named_gpiod_flags: can't parse 'sda-gpio' property of node '/ocp/interconnect@44c00000/segment@200000/target-module@b000/i2c@0[0]'
[    2.076510] i2c i2c-0: using lookup tables for GPIO lookup
[    2.076521] i2c i2c-0: No GPIO consumer sda found
[    2.105092] tps65217-pmic: Failed to locate of_node [id: -1]
[    2.111155] tps65217-bl: Failed to locate of_node [id: -1]
[    2.154598] tps65217 0-0024: TPS65217 ID 0xe version 1.2
[    2.160627] platform 4830e000.lcdc: Fixed dependency cycle(s) with /ocp/interconnect@44c00000/segment@200000/target-module@b000/i2c@0/tda19988@70
[    2.174120] i2c 0-0070: Fixed dependency cycle(s) with /ocp/interconnect@48000000/segment@300000/target-module@e000/lcdc@0
[    2.185556] omap_i2c 44e0b000.i2c: bus 0 rev0.11 at 400 kHz
[    2.199563] sdhci-omap 48060000.mmc: using DT '/ocp/interconnect@48000000/segment@0/target-module@60000/mmc@0' for 'cd' GPIO lookup
[    2.199679] of_get_named_gpiod_flags: parsed 'cd-gpios' property of node '/ocp/interconnect@48000000/segment@0/target-module@60000/mmc@0[0]' - status (0)
[    2.199749] gpio gpiochip3: Persistence not supported for GPIO 6
[    2.199774] omap_gpio 44e07000.gpio: Could not set line 6 debounce to 200000 microseconds (-22)
[    2.208730] sdhci-omap 48060000.mmc: Got CD GPIO
[    2.213384] sdhci-omap 48060000.mmc: using DT '/ocp/interconnect@48000000/segment@0/target-module@60000/mmc@0' for 'wp' GPIO lookup
[    2.213434] of_get_named_gpiod_flags: can't parse 'wp-gpios' property of node '/ocp/interconnect@48000000/segment@0/target-module@60000/mmc@0[0]'
[    2.213480] of_get_named_gpiod_flags: can't parse 'wp-gpio' property of node '/ocp/interconnect@48000000/segment@0/target-module@60000/mmc@0[0]'
[    2.213520] sdhci-omap 48060000.mmc: using lookup tables for GPIO lookup
[    2.213535] sdhci-omap 48060000.mmc: No GPIO consumer wp found
[    2.213860] sdhci-omap 48060000.mmc: supply pbias not found, using dummy regulator
[    2.226605] sdhci-omap 481d8000.mmc: using DT '/ocp/interconnect@48000000/segment@100000/target-module@d8000/mmc@0' for 'wp' GPIO lookup
[    2.226695] of_get_named_gpiod_flags: can't parse 'wp-gpios' property of node '/ocp/interconnect@48000000/segment@100000/target-module@d8000/mmc@0[0]'
[    2.226749] of_get_named_gpiod_flags: can't parse 'wp-gpio' property of node '/ocp/interconnect@48000000/segment@100000/target-module@d8000/mmc@0[0]'
[    2.226790] sdhci-omap 481d8000.mmc: using lookup tables for GPIO lookup
[    2.226804] sdhci-omap 481d8000.mmc: No GPIO consumer wp found
[    2.227386] sdhci-omap 48060000.mmc: supply vqmmc not found, using dummy regulator
[    2.236147] sdhci-omap 481d8000.mmc: supply pbias not found, using dummy regulator
[    2.244906] sdhci-omap 481d8000.mmc: supply vqmmc not found, using dummy regulator
[    2.283627] mmc1: SDHCI controller on 481d8000.mmc [481d8000.mmc] using External DMA
[    2.292101] mmc0: SDHCI controller on 48060000.mmc [48060000.mmc] using External DMA
[    2.300941] cpsw-switch 4a100000.switch: starting ndev. mode: dual_mac
[    2.353447] mmc1: new high speed MMC card at address 0001
[    2.360282] mmcblk1: mmc1:0001 MK2704 3.53 GiB
[    2.367681]  mmcblk1: p1
[    2.371449] mmcblk1boot0: mmc1:0001 MK2704 2.00 MiB
[    2.379037] mmcblk1boot1: mmc1:0001 MK2704 2.00 MiB
[    2.386387] mmcblk1rpmb: mmc1:0001 MK2704 512 KiB, chardev (250:0)
[    2.393126] SMSC LAN8710/LAN8720 4a101000.mdio:00: attached PHY driver (mii_bus:phy_addr=4a101000.mdio:00, irq=POLL)
[    2.476978] mmc0: new high speed SDHC card at address aaaa
[    2.483861] mmcblk0: mmc0:aaaa SE32G 29.7 GiB
[    2.492746]  mmcblk0: p1 p2
[    5.524524] cpsw-switch 4a100000.switch eth0: Link is Up - 100Mbps/Full - flow control off
[    5.583770] IP-Config: Complete:
[    5.587052]      device=eth0, hwaddr=64:8c:bb:ca:c5:75, ipaddr=192.168.255.3, mask=255.255.255.0, gw=255.255.255.255
[    5.597680]      host=bbb1, domain=, nis-domain=(none)
[    5.602847]      bootserver=192.168.255.126, rootserver=192.168.255.126, rootpath=
[    5.603281] clk: Disabling unused clocks
[    5.615107] PM: genpd: Disabling unused power domains
[    5.620224] KTAP version 1
[    5.622945] 1..0
[    5.647515] VFS: Mounted root (nfs filesystem) on device 0:17.
[    5.654580] devtmpfs: mounted
[    5.659245] Freeing unused kernel image (initmem) memory: 1024K
[    5.665960] Run /sbin/init as init process
[    5.670087]   with arguments:
[    5.670099]     /sbin/init
[    5.670109]     nfsrootdebug
[    5.670118]   with environment:
[    5.670127]     HOME=/
[    5.670135]     TERM=linux
[    6.352557] systemd[1]: System time before build time, advancing clock.
[    7.813771] random: crng init done
[    7.886266] systemd[1]: systemd 232 running in system mode. (+PAM +AUDIT +SELINUX +IMA +APPARMOR +SMACK +SYSVINIT +UTMP +LIBCRYPTSETUP +GCRYPT +GNUTLS +ACL +XZ +LZ4 +SECCOMP +BLKID +ELFUTILS +KMOD +IDN)
[    7.905306] systemd[1]: Detected architecture arm.
[    7.946787] systemd[1]: Set hostname to <arm>.
[    9.031733] systemd[1]: Listening on Journal Socket.
[    9.065386] systemd[1]: Created slice System Slice.
[    9.104235] systemd[1]: dev-hugepages.mount: Couldn't determine result for ConditionVirtualization=!private-users, assuming failed: No such file or directory
[    9.144310] systemd[1]: Mounting POSIX Message Queue File System...
[    9.158227] systemd[1]: Started Dispatch Password Requests to Console Directory Watch.
[    9.309212] systemd[1]: Starting Load Kernel Modules...
[    9.349771] systemd[1]: Listening on /dev/initctl Compatibility Named Pipe.
[   11.156197] systemd-journald[89]: Received request to flush runtime journal from PID 1
[   14.212647] leds-gpio leds: using DT '/leds/led2' for '(default)' GPIO lookup
[   14.212753] of_get_named_gpiod_flags: parsed 'gpios' property of node '/leds/led2[0]' - status (0)
[   14.212808] gpio gpiochip0: Persistence not supported for GPIO 21
[   14.212824] gpio-533 (?): no flags found for GPIO (default)
[   14.254944] leds-gpio leds: using DT '/leds/led3' for '(default)' GPIO lookup
[   14.255048] of_get_named_gpiod_flags: parsed 'gpios' property of node '/leds/led3[0]' - status (0)
[   14.255102] gpio gpiochip0: Persistence not supported for GPIO 22
[   14.255118] gpio-534 (?): no flags found for GPIO (default)
[   14.286395] leds-gpio leds: using DT '/leds/led4' for '(default)' GPIO lookup
[   14.286504] of_get_named_gpiod_flags: parsed 'gpios' property of node '/leds/led4[0]' - status (0)
[   14.286559] gpio gpiochip0: Persistence not supported for GPIO 23
[   14.286573] gpio-535 (?): no flags found for GPIO (default)
[   14.364379] leds-gpio leds: using DT '/leds/led5' for '(default)' GPIO lookup
[   14.364482] of_get_named_gpiod_flags: parsed 'gpios' property of node '/leds/led5[0]' - status (0)
[   14.364534] gpio gpiochip0: Persistence not supported for GPIO 24
[   14.364550] gpio-536 (?): no flags found for GPIO (default)
[   14.928323] remoteproc remoteproc0: wkup_m3 is available
[   14.938060] omap_rtc 44e3e000.rtc: registered as rtc0
[   14.943232] omap_rtc 44e3e000.rtc: setting system clock to 2000-01-01T00:00:00 UTC (946684800)
[   14.952137] omap_rtc 44e3e000.rtc: using DT '/ocp/interconnect@44c00000/segment@200000/target-module@3e000/rtc@0' for 'wp' GPIO lookup
[   14.952209] of_get_named_gpiod_flags: can't parse 'wp-gpios' property of node '/ocp/interconnect@44c00000/segment@200000/target-module@3e000/rtc@0[0]'
[   14.952262] of_get_named_gpiod_flags: can't parse 'wp-gpio' property of node '/ocp/interconnect@44c00000/segment@200000/target-module@3e000/rtc@0[0]'
[   14.952304] omap_rtc 44e3e000.rtc: using lookup tables for GPIO lookup
[   14.952320] omap_rtc 44e3e000.rtc: No GPIO consumer wp found
[   15.442264] omap_wdt: OMAP Watchdog Timer Rev 0x01: initial timeout 60 sec
[   15.692312] at24 2-0054: supply vcc not found, using dummy regulator
[   15.700997] tps6521x_pwrbutton tps65217-pwrbutton: DMA mask not set
[   15.849124] at24 2-0055: supply vcc not found, using dummy regulator
[   15.856680] input: tps65217_pwrbutton as /devices/platform/ocp/44c00000.interconnect/44c00000.interconnect:segment@200000/44e0b000.target-module/44e0b000.i2c/i2c-0/0-0024/tps65217-pwrbutton/input/input0
[   15.926433] at24 2-0056: supply vcc not found, using dummy regulator
[   15.990465] at24 2-0057: supply vcc not found, using dummy regulator
[   16.089968] at24 0-0050: using DT '/ocp/interconnect@44c00000/segment@200000/target-module@b000/i2c@0/baseboard_eeprom@50' for 'wp' GPIO lookup
[   16.090132] of_get_named_gpiod_flags: can't parse 'wp-gpios' property of node '/ocp/interconnect@44c00000/segment@200000/target-module@b000/i2c@0/baseboard_eeprom@50[0]'
[   16.090252] of_get_named_gpiod_flags: can't parse 'wp-gpio' property of node '/ocp/interconnect@44c00000/segment@200000/target-module@b000/i2c@0/baseboard_eeprom@50[0]'
[   16.090346] at24 0-0050: using lookup tables for GPIO lookup
[   16.090361] at24 0-0050: No GPIO consumer wp found
[   16.090949] at24 0-0050: 32768 byte 24c256 EEPROM, writable, 1 bytes/write
[   16.271212] wkup_m3_ipc 44e11324.wkup_m3_ipc: IPC Request for A8->M3 Channel failed! -517
[   16.535139] am335x-phy-driver 47401300.usb-phy: using DT '/ocp/target-module@47400000/usb-phy@1300' for 'reset' GPIO lookup
[   16.535240] of_get_named_gpiod_flags: can't parse 'reset-gpios' property of node '/ocp/target-module@47400000/usb-phy@1300[0]'
[   16.535288] of_get_named_gpiod_flags: can't parse 'reset-gpio' property of node '/ocp/target-module@47400000/usb-phy@1300[0]'
[   16.535327] am335x-phy-driver 47401300.usb-phy: using lookup tables for GPIO lookup
[   16.535343] am335x-phy-driver 47401300.usb-phy: No GPIO consumer reset found
[   16.535357] am335x-phy-driver 47401300.usb-phy: using DT '/ocp/target-module@47400000/usb-phy@1300' for 'vbus-detect' GPIO lookup
[   16.535389] of_get_named_gpiod_flags: can't parse 'vbus-detect-gpios' property of node '/ocp/target-module@47400000/usb-phy@1300[0]'
[   16.535422] of_get_named_gpiod_flags: can't parse 'vbus-detect-gpio' property of node '/ocp/target-module@47400000/usb-phy@1300[0]'
[   16.535450] am335x-phy-driver 47401300.usb-phy: using lookup tables for GPIO lookup
[   16.535462] am335x-phy-driver 47401300.usb-phy: No GPIO consumer vbus-detect found
[   16.535611] am335x-phy-driver 47401300.usb-phy: dummy supplies not allowed for exclusive requests (id=vbus)
[   16.694070] am335x-phy-driver 47401b00.usb-phy: using DT '/ocp/target-module@47400000/usb-phy@1b00' for 'reset' GPIO lookup
[   16.694163] of_get_named_gpiod_flags: can't parse 'reset-gpios' property of node '/ocp/target-module@47400000/usb-phy@1b00[0]'
[   16.694209] of_get_named_gpiod_flags: can't parse 'reset-gpio' property of node '/ocp/target-module@47400000/usb-phy@1b00[0]'
[   16.694249] am335x-phy-driver 47401b00.usb-phy: using lookup tables for GPIO lookup
[   16.694265] am335x-phy-driver 47401b00.usb-phy: No GPIO consumer reset found
[   16.694280] am335x-phy-driver 47401b00.usb-phy: using DT '/ocp/target-module@47400000/usb-phy@1b00' for 'vbus-detect' GPIO lookup
[   16.694312] of_get_named_gpiod_flags: can't parse 'vbus-detect-gpios' property of node '/ocp/target-module@47400000/usb-phy@1b00[0]'
[   16.694345] of_get_named_gpiod_flags: can't parse 'vbus-detect-gpio' property of node '/ocp/target-module@47400000/usb-phy@1b00[0]'
[   16.694372] am335x-phy-driver 47401b00.usb-phy: using lookup tables for GPIO lookup
[   16.694385] am335x-phy-driver 47401b00.usb-phy: No GPIO consumer vbus-detect found
[   16.694531] am335x-phy-driver 47401b00.usb-phy: dummy supplies not allowed for exclusive requests (id=vbus)
[   16.705653] wkup_m3_ipc 44e11324.wkup_m3_ipc: IPC Request for A8->M3 Channel failed! -517
[   16.827480] usbcore: registered new interface driver usbfs
[   16.833110] usbcore: registered new interface driver hub
[   16.838748] usbcore: registered new device driver usb
[   16.907274] wkup_m3_ipc 44e11324.wkup_m3_ipc: IPC Request for A8->M3 Channel failed! -517
[   17.434811] wkup_m3_ipc 44e11324.wkup_m3_ipc: IPC Request for A8->M3 Channel failed! -517
[   17.555780] musb-hdrc musb-hdrc.1: MUSB HDRC host driver
[   17.561195] musb-hdrc musb-hdrc.1: new USB bus registered, assigned bus number 1
[   17.573083] wkup_m3_ipc 44e11324.wkup_m3_ipc: IPC Request for A8->M3 Channel failed! -517
[   17.591784] tda998x 0-0070: found TDA19988
[   17.713036] wkup_m3_ipc 44e11324.wkup_m3_ipc: IPC Request for A8->M3 Channel failed! -517
[   17.735649] usb usb1: New USB device found, idVendor=1d6b, idProduct=0002, bcdDevice= 6.11
[   17.744224] usb usb1: New USB device strings: Mfr=3, Product=2, SerialNumber=1
[   17.751493] usb usb1: Product: MUSB HDRC host driver
[   17.756547] usb usb1: Manufacturer: Linux 6.11.0-g73ea23d406f1 musb-hcd
[   17.763199] usb usb1: SerialNumber: musb-hdrc.1
[   17.974197] omap-mailbox 480c8000.mailbox: omap mailbox rev 0x400
[   18.024318] hub 1-0:1.0: USB hub found
[   18.074387] hub 1-0:1.0: 1 port detected
[   18.113940] remoteproc remoteproc0: powering up wkup_m3
[   18.210568] remoteproc remoteproc0: Direct firmware load for am335x-pm-firmware.elf failed with error -2
[   18.220338] remoteproc remoteproc0: request_firmware failed: -2
[   18.226393] wkup_m3_ipc 44e11324.wkup_m3_ipc: rproc_boot failed
[   20.008492] omap_rng 48310000.rng: Random Number Generator ver. 20
[   20.130213] tilcdc 4830e000.lcdc: bound 0-0070 (ops tda998x_driver_exit [tda998x])
[   20.268476] [drm] Initialized tilcdc 1.0.0 for 4830e000.lcdc on minor 0
[   20.382724] tilcdc 4830e000.lcdc: [drm] Cannot find any crtc or sizes
[   20.397542] tilcdc 4830e000.lcdc: [drm] Cannot find any crtc or sizes
[   21.851201] omap-sham 53100000.sham: hw accel on OMAP rev 4.3
[   21.861648] PM: Cannot get wkup_m3_ipc handle
[   21.888842] Bluetooth: Core ver 2.22
[   21.892686] NET: Registered PF_BLUETOOTH protocol family
[   21.898228] Bluetooth: HCI device and connection manager initialized
[   21.904696] Bluetooth: HCI socket layer initialized
[   21.909610] Bluetooth: L2CAP socket layer initialized
[   21.914755] Bluetooth: SCO socket layer initialized
[   21.973221] omap-aes 53500000.aes: OMAP AES hw accel rev: 3.2
[   22.041910] omap-sham 53100000.sham: will run requests pump with realtime priority
[   22.051682] PM: Cannot get wkup_m3_ipc handle
[   22.194893] omap-aes 53500000.aes: will run requests pump with realtime priority
[   22.206453] PM: Cannot get wkup_m3_ipc handle
[   25.514334] PM: Cannot get wkup_m3_ipc handle
[   25.520083] asoc-simple-card sound: using DT '/sound' for 'simple-audio-card,hp-det' GPIO lookup
[   25.520154] of_get_named_gpiod_flags: can't parse 'simple-audio-card,hp-det-gpios' property of node '/sound[0]'
[   25.520189] of_get_named_gpiod_flags: can't parse 'simple-audio-card,hp-det-gpio' property of node '/sound[0]'
[   25.520215] asoc-simple-card sound: using lookup tables for GPIO lookup
[   25.520230] asoc-simple-card sound: No GPIO consumer simple-audio-card,hp-det found
[   25.520245] asoc-simple-card sound: using DT '/sound' for 'simple-audio-card,mic-det' GPIO lookup
[   25.520268] of_get_named_gpiod_flags: can't parse 'simple-audio-card,mic-det-gpios' property of node '/sound[0]'
[   25.520294] of_get_named_gpiod_flags: can't parse 'simple-audio-card,mic-det-gpio' property of node '/sound[0]'
[   25.520314] asoc-simple-card sound: using lookup tables for GPIO lookup
[   25.520326] asoc-simple-card sound: No GPIO consumer simple-audio-card,mic-det found
[   25.650590] PM: Cannot get wkup_m3_ipc handle
[   27.351111] userial_init: registered 8 ttyGS* devices
[   27.698378] rndis_register: configNr = 0
[   27.831730] udc musb-hdrc.0: binding gadget driver [g_multi]
[   27.831826] configfs-gadget.g_multi gadget.0: adding 'rndis'/9afb4858 to config 'c'/ea38210f
[   27.832970] configfs-gadget.g_multi gadget.0: HOST MAC 1c:ba:8c:a2:ed:6c
[   27.839975] configfs-gadget.g_multi gadget.0: MAC 1c:ba:8c:a2:ed:70
[   27.846527] rndis_set_param_medium: 0 0
[   27.846551] configfs-gadget.g_multi gadget.0: RNDIS: IN/ep1in OUT/ep1out NOTIFY/ep2in
[   27.846569] configfs-gadget.g_multi gadget.0: adding 'cdc_ethernet'/89f927b2 to config 'c'/ea38210f
[   27.847504] configfs-gadget.g_multi gadget.0: HOST MAC 1c:ba:8c:a2:ed:6c
[   27.854397] configfs-gadget.g_multi gadget.0: MAC 1c:ba:8c:a2:ed:6d
[   27.860732] configfs-gadget.g_multi gadget.0: CDC Ethernet: IN/ep3in OUT/ep2out NOTIFY/ep4in
[   27.860750] configfs-gadget.g_multi gadget.0: adding 'acm'/73f08cbb to config 'c'/ea38210f
[   27.860789] configfs-gadget.g_multi gadget.0: acm ttyGS0: IN/ep5in OUT/ep3out NOTIFY/ep6in
[   27.871384] PM: Cannot get wkup_m3_ipc handle
[   29.175257] configfs-gadget.g_multi gadget.0: eth_open
[   29.970947] configfs-gadget.g_multi gadget.0: stop stats: rx/tx 0/0, errs 0/0
[   34.508413] gs_open: ttyGS0 (a1a9a1ed,4dcd29ca)
[   34.508564] gs_close: ttyGS0 (a1a9a1ed,4dcd29ca) ...
[   34.508587] gs_close: ttyGS0 (a1a9a1ed,4dcd29ca) done!
[   34.520036] gs_open: ttyGS0 (1bffe26a,c8142fdd)
[   34.520161] gs_close: ttyGS0 (1bffe26a,c8142fdd) ...
[   34.520182] gs_close: ttyGS0 (1bffe26a,c8142fdd) done!
[   34.667762] gs_open: ttyGS0 (1bffe26a,0c78ffdc)
[   34.667999] gs_close: ttyGS0 (1bffe26a,0c78ffdc) ...
[   34.668030] gs_close: ttyGS0 (1bffe26a,0c78ffdc) done!
[   34.680425] gs_open: ttyGS0 (1bffe26a,b103626c)
[   48.311631] mva_overlay: loading out-of-tree module taints kernel.
[   48.312453] mva_overlay_init: Hello Peeps
[   48.312500] create_sysfs_for_overlays: sysfs created
[   52.048902] overlay_modify_store: got overlay data (pos=0, size=4096
[   52.048962] overlay_modify_store: pos 0
[   52.048985] overlay_modify_store: Copying data to buf[0-4095]
[   52.049012] overlay_modify_store: got overlay data (pos=4096, size=1185
[   52.049030] overlay_modify_store: Writing 5281 byte overlay
[   52.050379] OF: overlay: WARNING: memory leak will occur if overlay removed, property: /ocp/interconnect@48000000/segment@100000/target-module@9c000/i2c@0/pinctrl-0
[   52.050446] OF: overlay: WARNING: memory leak will occur if overlay removed, property: /ocp/interconnect@48000000/segment@100000/target-module@9c000/i2c@0/clock-frequency
[   52.050482] OF: overlay: WARNING: memory leak will occur if overlay removed, property: /ocp/interconnect@48000000/segment@100000/target-module@9c000/i2c@0/status
[   52.050891] OF: overlay: WARNING: memory leak will occur if overlay removed, property: /__symbols__/i2c1_pins
[   52.050935] OF: overlay: WARNING: memory leak will occur if overlay removed, property: /__symbols__/osc
[   52.050990] OF: overlay: WARNING: memory leak will occur if overlay removed, property: /__symbols__/bdpmic
[   52.051043] OF: overlay: WARNING: memory leak will occur if overlay removed, property: /__symbols__/buck1
[   52.051095] OF: overlay: WARNING: memory leak will occur if overlay removed, property: /__symbols__/buck2
[   52.051158] OF: overlay: WARNING: memory leak will occur if overlay removed, property: /__symbols__/buck3
[   52.051214] OF: overlay: WARNING: memory leak will occur if overlay removed, property: /__symbols__/buck4
[   52.051266] OF: overlay: WARNING: memory leak will occur if overlay removed, property: /__symbols__/buck5
[   52.051319] OF: overlay: WARNING: memory leak will occur if overlay removed, property: /__symbols__/buck6
[   52.051375] OF: overlay: WARNING: memory leak will occur if overlay removed, property: /__symbols__/buck7
[   52.051429] OF: overlay: WARNING: memory leak will occur if overlay removed, property: /__symbols__/ldo1
[   52.051483] OF: overlay: WARNING: memory leak will occur if overlay removed, property: /__symbols__/ldo2
[   52.051535] OF: overlay: WARNING: memory leak will occur if overlay removed, property: /__symbols__/ldo3
[   52.051587] OF: overlay: WARNING: memory leak will occur if overlay removed, property: /__symbols__/ldo4
[   52.051640] OF: overlay: WARNING: memory leak will occur if overlay removed, property: /__symbols__/ldo5
[   52.051692] OF: overlay: WARNING: memory leak will occur if overlay removed, property: /__symbols__/ldo6
[   52.051743] OF: overlay: WARNING: memory leak will occur if overlay removed, property: /__symbols__/ldo7_reg
[   52.051775] OF: overlay: WARNING: memory leak will occur if overlay removed, property: /__symbols__/clktest
[   52.051807] OF: overlay: WARNING: memory leak will occur if overlay removed, property: /__symbols__/gpiotest
[   52.093128] PM: Cannot get wkup_m3_ipc handle
[   52.216010] PM: Cannot get wkup_m3_ipc handle
[   52.355981] gpiochip_find_base_unlocked: found new base at 640
[   52.359690] gpio gpiochip4: (bd71828-gpio): added GPIO chardev (254:4)
[   52.359946] gpio gpiochip4: registered GPIOs 640 to 643 on bd71828-gpio
[   52.397075] PM: Cannot get wkup_m3_ipc handle
[   52.405714] input: bd71828-pwrkey as /devices/platform/ocp/48000000.interconnect/48000000.interconnect:segment@100000/4819c000.target-module/4819c000.i2c/i2c-2/2-004b/gpio-keys.8.auto/input/input1
[   52.407545] PM: Cannot get wkup_m3_ipc handle
[   52.441147] PM: Cannot get wkup_m3_ipc handle
[   52.470361] bd70528-rtc bd71828-rtc.7.auto: registered as rtc1
[   52.475747] PM: Cannot get wkup_m3_ipc handle
[   52.662151] PM: Cannot get wkup_m3_ipc handle
[   57.998286] mva_test_init: Hello Peeps
[   58.183038] bd71828-gpio-test gpouser: using DT '/gpouser' for 'my' GPIO lookup
[   58.183154] of_get_named_gpiod_flags: parsed 'my-gpios' property of node '/gpouser[0]' - status (0)
[   58.183209] gpio gpiochip4: Persistence not supported for GPIO 0
[   58.188920] sysfs: cannot create duplicate filename '/kernel/mva_test'
[   58.188966] CPU: 0 UID: 0 PID: 641 Comm: insmod Tainted: G           O       6.11.0-g73ea23d406f1 #15
[   58.188991] Tainted: [O]=OOT_MODULE
[   58.189000] Hardware name: Generic AM33XX (Flattened Device Tree)
[   58.189012] Call trace: 
[   58.189030]  unwind_backtrace from show_stack+0x10/0x14
[   58.189082]  show_stack from dump_stack_lvl+0x50/0x64
[   58.189107]  dump_stack_lvl from sysfs_warn_dup+0x50/0x64
[   58.189140]  sysfs_warn_dup from sysfs_create_dir_ns+0xd4/0xf8
[   58.189165]  sysfs_create_dir_ns from kobject_add_internal+0xc4/0x300
[   58.189205]  kobject_add_internal from kobject_add+0x58/0xc8
[   58.189232]  kobject_add from kobject_create_and_add+0x44/0x88
[   58.189259]  kobject_create_and_add from bd71828_gpio_probe+0x3c/0xbc [bd71828_gpio_test]
[   58.189347]  bd71828_gpio_probe [bd71828_gpio_test] from platform_probe+0x7c/0xc0
[   58.189394]  platform_probe from really_probe+0x148/0x3a4
[   58.189420]  really_probe from __driver_probe_device+0x98/0x1d0
[   58.189444]  __driver_probe_device from driver_probe_device+0x2c/0xd4
[   58.189467]  driver_probe_device from __driver_attach+0xf8/0x184
[   58.189490]  __driver_attach from bus_for_each_dev+0x60/0xb8
[   58.189513]  bus_for_each_dev from bus_add_driver+0xd4/0x220
[   58.189534]  bus_add_driver from driver_register+0x7c/0x114
[   58.189556]  driver_register from do_one_initcall+0x40/0x25c
[   58.189583]  do_one_initcall from do_init_module+0x48/0x1d8
[   58.189611]  do_init_module from load_module+0x1d64/0x1e00
[   58.189649]  load_module from init_module_from_file+0x90/0xc8
[   58.189676]  init_module_from_file from sys_finit_module+0x210/0x320
[   58.189703]  sys_finit_module from ret_fast_syscall+0x0/0x58
[   58.189725] Exception stack(0xe010dfa8 to 0xe010dff0)
[   58.189744] dfa0:                   c9ce7000 00000000 00000003 00436294 00000000 bea64c20
[   58.189759] dfc0: c9ce7000 00000000 00447e1c 0000017b 00000000 00000000 00447770 00000000
[   58.189771] dfe0: bea64bc8 bea64bb8 0042d5bb b6f10012
[   58.189786] kobject: kobject_add_internal failed for mva_test with -EEXIST, don't try to register things with the same name in the same directory.
[   58.189799] kobject: kobject_create_and_add: kobject_add error: -17
[   58.189821] bd71828-gpio-test gpouser: probe with driver bd71828-gpio-test failed with error -22
[   58.384565] mva_test_probe: Hello Peeps
[   58.384738] clk_get(&pdev->dev, "bd71828-32k-out"); did not work
[   58.384767] clk_get(NULL, "bd71828-32k-out"); did not work
[   58.384799] YAY clk_get(&pdev->dev, NULL); did work
[   58.388455] PM: Cannot get wkup_m3_ipc handle
JXLFSKFLHA 0
root@arm:~# echo 'XCZM''XYUPFV'
XCZMXYUPFV
root@arm:~# MARKER='AQAF''WOXCNK' run 'modprobe test_linear_ranges'
AQAFWOXCNKAQAFWOXCNK 0
root@arm:~# echo 'THTO''HLSJUS'
THTOHLSJUS
root@arm:~# MARKER='SYEZ''UXKGGX' run dmesg
SYEZUXKGGX[    0.000000] Booting Linux on physical CPU 0x0
[    0.000000] Linux version 6.11.0-g73ea23d406f1 (user01@drvtest01) (arm-linux-gnueabihf-gcc (Linaro GCC 6.4-2017.11) 6.4.1 20171012, GNU ld (Linaro_Binutils-2017.11) 2.27.0.20161229) #15 SMP Tue Sep 24 15:25:50 EEST 2024
[    0.000000] CPU: ARMv7 Processor [413fc082] revision 2 (ARMv7), cr=10c5387d
[    0.000000] CPU: PIPT / VIPT nonaliasing data cache, VIPT aliasing instruction cache
[    0.000000] OF: fdt: Machine model: TI AM335x BeagleBone Black
[    0.000000] Memory policy: Data cache writeback
[    0.000000] cma: Reserved 16 MiB at 0x9e800000 on node -1
[    0.000000] Zone ranges:
[    0.000000]   Normal   [mem 0x0000000080000000-0x000000009fdfffff]
[    0.000000]   HighMem  empty
[    0.000000] Movable zone start for each node
[    0.000000] Early memory node ranges
[    0.000000]   node   0: [mem 0x0000000080000000-0x000000009fdfffff]
[    0.000000] Initmem setup node 0 [mem 0x0000000080000000-0x000000009fdfffff]
[    0.000000] CPU: All CPU(s) started in SVC mode.
[    0.000000] AM335X ES2.1 (sgx neon)
[    0.000000] percpu: Embedded 17 pages/cpu s39628 r8192 d21812 u69632
[    0.000000] pcpu-alloc: s39628 r8192 d21812 u69632 alloc=17*4096
[    0.000000] pcpu-alloc: [0] 0 
[    0.000000] Kernel command line: console=ttyO0,115200n8 root=/dev/nfs rw nfsroot=192.168.255.126:/home/user01/nfs,nfsvers=3 ip=192.168.255.3:192.168.255.126::255.255.255.0:bbb1:eth0 nfsrootdebug
[    0.000000] Unknown kernel command line parameters "nfsrootdebug", will be passed to user space.
[    0.000000] Dentry cache hash table entries: 65536 (order: 6, 262144 bytes, linear)
[    0.000000] Inode-cache hash table entries: 32768 (order: 5, 131072 bytes, linear)
[    0.000000] Built 1 zonelists, mobility grouping on.  Total pages: 130560
[    0.000000] mem auto-init: stack:off, heap alloc:off, heap free:off
[    0.000000] SLUB: HWalign=64, Order=0-3, MinObjects=0, CPUs=1, Nodes=1
[    0.000000] trace event string verifier disabled
[    0.000000] rcu: Hierarchical RCU implementation.
[    0.000000] rcu: 	RCU event tracing is enabled.
[    0.000000] rcu: 	RCU restricting CPUs from NR_CPUS=2 to nr_cpu_ids=1.
[    0.000000] rcu: RCU calculated value of scheduler-enlistment delay is 10 jiffies.
[    0.000000] rcu: Adjusting geometry for rcu_fanout_leaf=16, nr_cpu_ids=1
[    0.000000] NR_IRQS: 16, nr_irqs: 16, preallocated irqs: 16
[    0.000000] IRQ: Found an INTC at 0x(ptrval) (revision 5.0) with 128 interrupts
[    0.000000] rcu: srcu_init: Setting srcu_struct sizes based on contention.
[    0.000000] TI gptimer clocksource: always-on /ocp/interconnect@44c00000/segment@200000/target-module@31000
[    0.000002] sched_clock: 32 bits at 24MHz, resolution 41ns, wraps every 89478484971ns
[    0.000027] clocksource: dmtimer: mask: 0xffffffff max_cycles: 0xffffffff, max_idle_ns: 79635851949 ns
[    0.000501] TI gptimer clockevent: 24000000 Hz at /ocp/interconnect@48000000/segment@0/target-module@40000
[    0.002138] Console: colour dummy device 80x30
[    0.002208] WARNING: Your 'console=ttyO0' has been replaced by 'ttyS0'
[    0.002219] This ensures that you still see kernel messages. Please
[    0.002225] update your kernel commandline.
[    0.002270] Calibrating delay loop... 996.14 BogoMIPS (lpj=4980736)
[    0.090559] CPU: Testing write buffer coherency: ok
[    0.090666] CPU0: Spectre v2: using BPIALL workaround
[    0.090679] pid_max: default: 32768 minimum: 301
[    0.090806] LSM: initializing lsm=capability
[    0.090974] Mount-cache hash table entries: 1024 (order: 0, 4096 bytes, linear)
[    0.090998] Mountpoint-cache hash table entries: 1024 (order: 0, 4096 bytes, linear)
[    0.092522] CPU0: thread -1, cpu 0, socket -1, mpidr 0
[    0.094217] Setting up static identity map for 0x80100000 - 0x80100078
[    0.094524] rcu: Hierarchical SRCU implementation.
[    0.094537] rcu: 	Max phase no-delay instances is 1000.
[    0.096227] smp: Bringing up secondary CPUs ...
[    0.096285] smp: Brought up 1 node, 1 CPU
[    0.096300] SMP: Total of 1 processors activated (996.14 BogoMIPS).
[    0.096315] CPU: All CPU(s) started in SVC mode.
[    0.096510] Memory: 480876K/522240K available (11264K kernel code, 1197K rwdata, 2856K rodata, 1024K init, 297K bss, 23344K reserved, 16384K cma-reserved, 0K highmem)
[    0.097313] devtmpfs: initialized
[    0.113693] VFP support v0.3: implementor 41 architecture 3 part 30 variant c rev 3
[    0.114049] clocksource: jiffies: mask: 0xffffffff max_cycles: 0xffffffff, max_idle_ns: 19112604462750000 ns
[    0.114090] futex hash table entries: 256 (order: 2, 16384 bytes, linear)
[    0.115350] pinctrl core: initialized pinctrl subsystem
[    0.118077] NET: Registered PF_NETLINK/PF_ROUTE protocol family
[    0.121086] DMA: preallocated 256 KiB pool for atomic coherent allocations
[    0.122054] audit: initializing netlink subsys (disabled)
[    0.123423] thermal_sys: Registered thermal governor 'fair_share'
[    0.123444] thermal_sys: Registered thermal governor 'step_wise'
[    0.123455] thermal_sys: Registered thermal governor 'user_space'
[    0.123573] audit: type=2000 audit(0.120:1): state=initialized audit_enabled=0 res=1
[    0.123647] cpuidle: using governor menu
[    0.142799] No ATAGs?
[    0.142831] hw-breakpoint: debug architecture 0x4 unsupported.
[    0.145738] kprobes: kprobe jump-optimization is enabled. All kprobes are optimized if possible.
[    0.164040] iommu: Default domain type: Translated
[    0.164067] iommu: DMA domain TLB invalidation policy: strict mode
[    0.165642] reg-fixed-voltage fixedregulator0: using DT '/fixedregulator0' for '(default)' GPIO lookup
[    0.165702] of_get_named_gpiod_flags: can't parse 'gpios' property of node '/fixedregulator0[0]'
[    0.165733] of_get_named_gpiod_flags: can't parse 'gpio' property of node '/fixedregulator0[0]'
[    0.165753] reg-fixed-voltage fixedregulator0: using lookup tables for GPIO lookup
[    0.165766] reg-fixed-voltage fixedregulator0: No GPIO consumer (default) found
[    0.171392] SCSI subsystem initialized
[    0.181028] libata version 3.00 loaded.
[    0.181401] pps_core: LinuxPPS API ver. 1 registered
[    0.181417] pps_core: Software ver. 5.3.6 - Copyright 2005-2007 Rodolfo Giometti <giometti@linux.it>
[    0.181442] PTP clock support registered
[    0.183360] vgaarb: loaded
[    0.183751] clocksource: Switched to clocksource dmtimer
[    0.184344] VFS: Disk quotas dquot_6.6.0
[    0.184390] VFS: Dquot-cache hash table entries: 1024 (order 0, 4096 bytes)
[    0.209784] NET: Registered PF_INET protocol family
[    0.210138] IP idents hash table entries: 8192 (order: 4, 65536 bytes, linear)
[    0.211540] tcp_listen_portaddr_hash hash table entries: 512 (order: 0, 4096 bytes, linear)
[    0.211578] Table-perturb hash table entries: 65536 (order: 6, 262144 bytes, linear)
[    0.211597] TCP established hash table entries: 4096 (order: 2, 16384 bytes, linear)
[    0.211641] TCP bind hash table entries: 4096 (order: 4, 65536 bytes, linear)
[    0.211743] TCP: Hash tables configured (established 4096 bind 4096)
[    0.211869] UDP hash table entries: 256 (order: 1, 8192 bytes, linear)
[    0.211898] UDP-Lite hash table entries: 256 (order: 1, 8192 bytes, linear)
[    0.212077] NET: Registered PF_UNIX/PF_LOCAL protocol family
[    0.224674] RPC: Registered named UNIX socket transport module.
[    0.224701] RPC: Registered udp transport module.
[    0.224708] RPC: Registered tcp transport module.
[    0.224715] RPC: Registered tcp-with-tls transport module.
[    0.224722] RPC: Registered tcp NFSv4.1 backchannel transport module.
[    0.224749] PCI: CLS 0 bytes, default 64
[    0.226197] Initialise system trusted keyrings
[    0.227285] workingset: timestamp_bits=14 max_order=17 bucket_order=3
[    0.228563] NFS: Registering the id_resolver key type
[    0.228633] Key type id_resolver registered
[    0.228642] Key type id_legacy registered
[    0.228692] jffs2: version 2.2. (NAND) (SUMMARY)  Â© 2001-2006 Red Hat, Inc.
[    0.229146] Key type asymmetric registered
[    0.229166] Asymmetric key parser 'x509' registered
[    0.229233] io scheduler mq-deadline registered
[    0.229245] io scheduler kyber registered
[    0.229317] io scheduler bfq registered
[    0.244236] Serial: 8250/16550 driver, 6 ports, IRQ sharing enabled
[    0.307213] brd: module loaded
[    0.318378] loop: module loaded
[    0.319315] mtdoops: mtd device (mtddev=name/number) must be supplied
[    0.335222] mdio_bus fixed-0: using lookup tables for GPIO lookup
[    0.335255] mdio_bus fixed-0: No GPIO consumer reset found
[    0.336654] i2c_dev: i2c /dev entries driver
[    0.337633] cpuidle: enable-method property 'ti,am3352' found operations
[    0.338072] sdhci: Secure Digital Host Controller Interface driver
[    0.338085] sdhci: Copyright(c) Pierre Ossman
[    0.338261] sdhci-pltfm: SDHCI platform and OF driver helper
[    0.338568] ledtrig-cpu: registered to indicate activity on CPUs
[    0.339509] Initializing XFRM netlink socket
[    0.339637] NET: Registered PF_INET6 protocol family
[    0.341478] Segment Routing with IPv6
[    0.341574] In-situ OAM (IOAM) with IPv6
[    0.341672] sit: IPv6, IPv4 and MPLS over IPv4 tunneling driver
[    0.342613] NET: Registered PF_PACKET protocol family
[    0.342655] NET: Registered PF_KEY protocol family
[    0.342786] Key type dns_resolver registered
[    0.343047] ThumbEE CPU extension supported.
[    0.343074] Registering SWP/SWPB emulation handler
[    0.343600] omap_voltage_late_init: Voltage driver support not added
[    0.344144] SmartReflex Class3 initialized
[    0.364714] Loading compiled-in X.509 certificates
[    0.423256] gpiochip_find_base_unlocked: found new base at 512
[    0.431653] platform 44e10800.pinmux: Fixed dependency cycle(s) with /ocp/interconnect@44c00000/segment@200000/target-module@10000/scm@0/pinmux@800/clkout2-pins
[    0.432224] pinctrl-single 44e10800.pinmux: 142 pins, size 568
[    0.437538] ti-sysc 44e31000.target-module: probe with driver ti-sysc failed with error -16
[    0.473488] ti-sysc 48040000.target-module: probe with driver ti-sysc failed with error -16
[    0.484626] gpiochip_find_base_unlocked: found new base at 512
[    0.484741] gpio gpiochip0: (gpio-0-31): created GPIO range 0->7 ==> 44e10800.pinmux PIN 0->7
[    0.484763] gpio gpiochip0: (gpio-0-31): created GPIO range 8->11 ==> 44e10800.pinmux PIN 90->93
[    0.484780] gpio gpiochip0: (gpio-0-31): created GPIO range 12->27 ==> 44e10800.pinmux PIN 12->27
[    0.484797] gpio gpiochip0: (gpio-0-31): created GPIO range 28->31 ==> 44e10800.pinmux PIN 30->33
[    0.524033] gpio gpiochip0: (gpio-0-31): added GPIO chardev (254:0)
[    0.524220] gpio gpiochip0: registered GPIOs 512 to 543 on gpio-0-31
[    0.524308] OMAP GPIO hardware version 0.1
[    0.550310] i2c i2c-2: using DT '/ocp/interconnect@48000000/segment@100000/target-module@9c000/i2c@0' for 'scl' GPIO lookup
[    0.550401] of_get_named_gpiod_flags: can't parse 'scl-gpios' property of node '/ocp/interconnect@48000000/segment@100000/target-module@9c000/i2c@0[0]'
[    0.550450] of_get_named_gpiod_flags: can't parse 'scl-gpio' property of node '/ocp/interconnect@48000000/segment@100000/target-module@9c000/i2c@0[0]'
