Labgrid Console Logfile for main
Logfile started at 2024-10-01 08:14:31.949550
=== Log starts here ===
reading args
spl_load_image_fat_os: error reading image args, err - -1
reading u-boot.img
reading u-boot.img


U-Boot 2014.04-00014-g47880f5 (Apr 22 2014 - 13:23:54)

I2C:   ready
DRAM:  512 MiB
NAND:  0 MiB
MMC:   OMAP SD/MMC: 0, OMAP SD/MMC: 1
*** Warning - readenv() failed, using default environment

Net:   <ethaddr> not set. Validating first E-fuse MAC
cpsw, usb_ether
Hit any key to stop autoboot:  1  0 
gpio: pin 53 (gpio 53) value is 1
mmc0 is current device
gpio: pin 54 (gpio 54) value is 1
SD/MMC found on device 0
reading uEnv.txt
569 bytes read in 4 ms (138.7 KiB/s)
gpio: pin 55 (gpio 55) value is 1
Loaded environment from uEnv.txt
Importing environment from mmc ...
Checking if uenvcmd is set ...
gpio: pin 56 (gpio 56) value is 1
Running uenvcmd ...
cpsw Waiting for PHY auto negotiation to complete. done
link up on port 0, speed 100, full duplex
Using cpsw device
TFTP from server 192.168.255.126; our IP address is 192.168.255.1
Filename 'zImage'.
Load address: 0x81000000
Loading: *#################################################################
	 #################################################################
	 #################################################################
	 #################################################################
	 #################################################################
	 ##################################################
	 2.4 MiB/s
done
Bytes transferred = 5497544 (53e2c8 hex)
link up on port 0, speed 100, full duplex
Using cpsw device
TFTP from server 192.168.255.126; our IP address is 192.168.255.1
Filename 'am335x-boneblack.dtb'.
Load address: 0x82000000
Loading: *#######
	 2.2 MiB/s
done
Bytes transferred = 98336 (18020 hex)
Kernel image @ 0x81000000 [ 0x000000 - 0x53e2c8 ]
## Flattened Device Tree blob at 82000000
   Booting using the fdt blob at 0x82000000
   Using Device Tree in place at 82000000, end 8201b01f

Starting kernel ...

[    0.000000] Booting Linux on physical CPU 0x0
[    0.000000] Linux version 6.12.0-rc1-next-20241001 (user01@drvtest01) (arm-linux-gnueabihf-gcc (Linaro GCC 6.4-2017.11) 6.4.1 20171012, GNU ld (Linaro_Binutils-2017.11) 2.27.0.20161229) #107 SMP Tue Oct  1 08:13:45 EEST 2024
[    0.000000] CPU: ARMv7 Processor [413fc082] revision 2 (ARMv7), cr=10c5387d
[    0.000000] CPU: PIPT / VIPT nonaliasing data cache, VIPT aliasing instruction cache
[    0.000000] OF: fdt: Machine model: TI AM335x BeagleBone Black
[    0.000000] Memory policy: Data cache writeback
[    0.000000] cma: Reserved 16 MiB at 0x9e800000 on node -1
[    0.000000] Zone ranges:
[    0.000000]   Normal   [mem 0x0000000080000000-0x000000009fdfffff]
[    0.000000]   HighMem  empty
[    0.000000] Movable zone start for each node
[    0.000000] Early memory node ranges
[    0.000000]   node   0: [mem 0x0000000080000000-0x000000009fdfffff]
[    0.000000] Initmem setup node 0 [mem 0x0000000080000000-0x000000009fdfffff]
[    0.000000] CPU: All CPU(s) started in SVC mode.
[    0.000000] AM335X ES2.1 (sgx neon)
[    0.000000] percpu: Embedded 17 pages/cpu s40268 r8192 d21172 u69632
[    0.000000] Kernel command line: console=ttyO0,115200n8 root=/dev/nfs rw nfsroot=192.168.255.126:/home/user01/nfs,nfsvers=3 ip=192.168.255.1:192.168.255.126::255.255.255.0:bbb1:eth0 nfsrootdebug
[    0.000000] Unknown kernel command line parameters "nfsrootdebug", will be passed to user space.
[    0.000000] Dentry cache hash table entries: 65536 (order: 6, 262144 bytes, linear)
[    0.000000] Inode-cache hash table entries: 32768 (order: 5, 131072 bytes, linear)
[    0.000000] Built 1 zonelists, mobility grouping on.  Total pages: 130560
[    0.000000] mem auto-init: stack:off, heap alloc:off, heap free:off
[    0.000000] SLUB: HWalign=64, Order=0-3, MinObjects=0, CPUs=1, Nodes=1
[    0.000000] trace event string verifier disabled
[    0.000000] rcu: Hierarchical RCU implementation.
[    0.000000] rcu: 	RCU event tracing is enabled.
[    0.000000] rcu: 	RCU restricting CPUs from NR_CPUS=2 to nr_cpu_ids=1.
[    0.000000] rcu: RCU calculated value of scheduler-enlistment delay is 10 jiffies.
[    0.000000] rcu: Adjusting geometry for rcu_fanout_leaf=16, nr_cpu_ids=1
[    0.000000] NR_IRQS: 16, nr_irqs: 16, preallocated irqs: 16
[    0.000000] IRQ: Found an INTC at 0x(ptrval) (revision 5.0) with 128 interrupts
[    0.000000] rcu: srcu_init: Setting srcu_struct sizes based on contention.
[    0.000000] TI gptimer clocksource: always-on /ocp/interconnect@44c00000/segment@200000/target-module@31000
[    0.000003] sched_clock: 32 bits at 24MHz, resolution 41ns, wraps every 89478484971ns
[    0.000028] clocksource: dmtimer: mask: 0xffffffff max_cycles: 0xffffffff, max_idle_ns: 79635851949 ns
[    0.000504] TI gptimer clockevent: 24000000 Hz at /ocp/interconnect@48000000/segment@0/target-module@40000
[    0.002156] Console: colour dummy device 80x30
[    0.002222] WARNING: Your 'console=ttyO0' has been replaced by 'ttyS0'
[    0.002230] This ensures that you still see kernel messages. Please
[    0.002235] update your kernel commandline.
[    0.002276] Calibrating delay loop... 996.14 BogoMIPS (lpj=4980736)
[    0.090558] CPU: Testing write buffer coherency: ok
[    0.090656] CPU0: Spectre v2: using BPIALL workaround
[    0.090667] pid_max: default: 32768 minimum: 301
[    0.090792] LSM: initializing lsm=capability
[    0.090965] Mount-cache hash table entries: 1024 (order: 0, 4096 bytes, linear)
[    0.090987] Mountpoint-cache hash table entries: 1024 (order: 0, 4096 bytes, linear)
[    0.092625] CPU0: thread -1, cpu 0, socket -1, mpidr 0
[    0.160733] Setting up static identity map for 0x80100000 - 0x80100078
[    0.170705] rcu: Hierarchical SRCU implementation.
[    0.170717] rcu: 	Max phase no-delay instances is 1000.
[    0.190768] smp: Bringing up secondary CPUs ...
[    0.190823] smp: Brought up 1 node, 1 CPU
[    0.190840] SMP: Total of 1 processors activated (996.14 BogoMIPS).
[    0.190853] CPU: All CPU(s) started in SVC mode.
[    0.191036] Memory: 480860K/522240K available (11264K kernel code, 1215K rwdata, 2876K rodata, 1024K init, 299K bss, 23368K reserved, 16384K cma-reserved, 0K highmem)
[    0.191894] devtmpfs: initialized
[    0.208932] VFP support v0.3: implementor 41 architecture 3 part 30 variant c rev 3
[    0.209287] clocksource: jiffies: mask: 0xffffffff max_cycles: 0xffffffff, max_idle_ns: 19112604462750000 ns
[    0.209324] futex hash table entries: 256 (order: 2, 16384 bytes, linear)
[    0.210833] pinctrl core: initialized pinctrl subsystem
[    0.213673] NET: Registered PF_NETLINK/PF_ROUTE protocol family
[    0.216462] DMA: preallocated 256 KiB pool for atomic coherent allocations
[    0.217365] audit: initializing netlink subsys (disabled)
[    0.218814] thermal_sys: Registered thermal governor 'fair_share'
[    0.218830] thermal_sys: Registered thermal governor 'step_wise'
[    0.218840] thermal_sys: Registered thermal governor 'user_space'
[    0.218985] audit: type=2000 audit(0.210:1): state=initialized audit_enabled=0 res=1
[    0.219023] cpuidle: using governor menu
[    0.238062] No ATAGs?
[    0.238087] hw-breakpoint: debug architecture 0x4 unsupported.
[    0.240965] kprobes: kprobe jump-optimization is enabled. All kprobes are optimized if possible.
[    0.254073] iommu: Default domain type: Translated
[    0.254098] iommu: DMA domain TLB invalidation policy: strict mode
[    0.261708] SCSI subsystem initialized
[    0.262569] pps_core: LinuxPPS API ver. 1 registered
[    0.262579] pps_core: Software ver. 5.3.6 - Copyright 2005-2007 Rodolfo Giometti <giometti@linux.it>
[    0.262608] PTP clock support registered
[    0.270854] vgaarb: loaded
[    0.271261] clocksource: Switched to clocksource dmtimer
[    0.271929] VFS: Disk quotas dquot_6.6.0
[    0.271973] VFS: Dquot-cache hash table entries: 1024 (order 0, 4096 bytes)
[    0.297385] NET: Registered PF_INET protocol family
[    0.297740] IP idents hash table entries: 8192 (order: 4, 65536 bytes, linear)
[    0.299139] tcp_listen_portaddr_hash hash table entries: 512 (order: 0, 4096 bytes, linear)
[    0.299178] Table-perturb hash table entries: 65536 (order: 6, 262144 bytes, linear)
[    0.299196] TCP established hash table entries: 4096 (order: 2, 16384 bytes, linear)
[    0.299240] TCP bind hash table entries: 4096 (order: 4, 65536 bytes, linear)
[    0.299342] TCP: Hash tables configured (established 4096 bind 4096)
[    0.299464] UDP hash table entries: 256 (order: 1, 8192 bytes, linear)
[    0.299494] UDP-Lite hash table entries: 256 (order: 1, 8192 bytes, linear)
[    0.299682] NET: Registered PF_UNIX/PF_LOCAL protocol family
[    0.302077] RPC: Registered named UNIX socket transport module.
[    0.302101] RPC: Registered udp transport module.
[    0.302107] RPC: Registered tcp transport module.
[    0.302112] RPC: Registered tcp-with-tls transport module.
[    0.302118] RPC: Registered tcp NFSv4.1 backchannel transport module.
[    0.302142] PCI: CLS 0 bytes, default 64
[    0.303655] Initialise system trusted keyrings
[    0.312106] workingset: timestamp_bits=14 max_order=17 bucket_order=3
[    0.313444] NFS: Registering the id_resolver key type
[    0.313532] Key type id_resolver registered
[    0.313541] Key type id_legacy registered
[    0.313590] jffs2: version 2.2. (NAND) (SUMMARY)  Â© 2001-2006 Red Hat, Inc.
[    0.313997] Key type asymmetric registered
[    0.314013] Asymmetric key parser 'x509' registered
[    0.314081] io scheduler mq-deadline registered
[    0.314094] io scheduler kyber registered
[    0.314166] io scheduler bfq registered
[    0.315819] ledtrig-cpu: registered to indicate activity on CPUs
[    0.321834] Serial: 8250/16550 driver, 6 ports, IRQ sharing enabled
[    0.372955] brd: module loaded
[    0.393221] loop: module loaded
[    0.394184] mtdoops: mtd device (mtddev=name/number) must be supplied
[    0.397398] i2c_dev: i2c /dev entries driver
[    0.398408] cpuidle: enable-method property 'ti,am3352' found operations
[    0.398858] sdhci: Secure Digital Host Controller Interface driver
[    0.398867] sdhci: Copyright(c) Pierre Ossman
[    0.399048] sdhci-pltfm: SDHCI platform and OF driver helper
[    0.400099] Initializing XFRM netlink socket
[    0.400226] NET: Registered PF_INET6 protocol family
[    0.418160] Segment Routing with IPv6
[    0.418254] In-situ OAM (IOAM) with IPv6
[    0.418355] sit: IPv6, IPv4 and MPLS over IPv4 tunneling driver
[    0.419308] NET: Registered PF_PACKET protocol family
[    0.419346] NET: Registered PF_KEY protocol family
[    0.419477] Key type dns_resolver registered
[    0.419759] ThumbEE CPU extension supported.
[    0.419779] Registering SWP/SWPB emulation handler
[    0.420310] omap_voltage_late_init: Voltage driver support not added
[    0.420669] SmartReflex Class3 initialized
[    0.438353] Loading compiled-in X.509 certificates
[    0.514644] platform 44e10800.pinmux: Fixed dependency cycle(s) with /ocp/interconnect@44c00000/segment@200000/target-module@10000/scm@0/pinmux@800/clkout2-pins
[    0.515201] pinctrl-single 44e10800.pinmux: 142 pins, size 568
[    0.520263] ti-sysc 44e31000.target-module: probe with driver ti-sysc failed with error -16
[    0.567848] ti-sysc 48040000.target-module: probe with driver ti-sysc failed with error -16
[    0.619775] OMAP GPIO hardware version 0.1
[    0.643857] omap_i2c 4819c000.i2c: bus 2 rev0.11 at 100 kHz
[    0.674246] 48000000.interconnect:segment@200000:target-module@0:mpu@0:fck: device ID is greater than 24
[    0.678380] platform 4830e000.lcdc: Fixed dependency cycle(s) with /ocp/interconnect@44c00000/segment@200000/target-module@b000/i2c@0/tda19988@70
[    0.689509] sdhci-omap 481d8000.mmc: supply pbias not found, using dummy regulator
[    0.690020] sdhci-omap 481d8000.mmc: supply vqmmc not found, using dummy regulator
[    0.746305] davinci_mdio 4a101000.mdio: davinci mdio revision 1.6, bus freq 1000000
[    0.861928] davinci_mdio 4a101000.mdio: phy[0]: device 4a101000.mdio:00, driver SMSC LAN8710/LAN8720
[    0.862715] ------------[ cut here ]------------
[    0.862733] WARNING: CPU: 0 PID: 33 at drivers/base/regmap/regmap.c:1208 regmap_field_init+0x90/0xa4
[    0.862780] invalid empty mask defined
[    0.862785] Modules linked in:
[    0.862806] CPU: 0 UID: 0 PID: 33 Comm: kworker/u4:3 Not tainted 6.12.0-rc1-next-20241001 #107
[    0.862821] Hardware name: Generic AM33XX (Flattened Device Tree)
[    0.862833] Workqueue: events_unbound deferred_probe_work_func
[    0.862859] Call trace: 
[    0.862875]  unwind_backtrace from show_stack+0x10/0x14
[    0.862908]  show_stack from dump_stack_lvl+0x50/0x64
[    0.862929]  dump_stack_lvl from __warn+0xf8/0x130
[    0.862957]  __warn from warn_slowpath_fmt+0x80/0x1a0
[    0.862978]  warn_slowpath_fmt from regmap_field_init+0x90/0xa4
[    0.863003]  regmap_field_init from devm_regmap_field_alloc+0x4c/0x60
[    0.863027]  devm_regmap_field_alloc from cpsw_ale_create+0x104/0x348
[    0.863047]  cpsw_ale_create from cpsw_init_common+0x224/0x35c
[    0.863062]  cpsw_init_common from cpsw_probe+0x4e4/0xbd4
[    0.863082]  cpsw_probe from platform_probe+0x7c/0xc0
[    0.863099]  platform_probe from really_probe+0x148/0x3a4
[    0.863119]  really_probe from __driver_probe_device+0x98/0x1d0
[    0.863139]  __driver_probe_device from driver_probe_device+0x2c/0xd4
[    0.863159]  driver_probe_device from __device_attach_driver+0xb4/0x118
[    0.863179]  __device_attach_driver from bus_for_each_drv+0x74/0xc4
[    0.863199]  bus_for_each_drv from __device_attach+0xe4/0x1b4
[    0.863218]  __device_attach from bus_probe_device+0x88/0x8c
[    0.863237]  bus_probe_device from device_add+0x528/0x758
[    0.863254]  device_add from of_platform_dev ice_create_pdata+0xa0/0xf0
[    0.863288]  of_platform_device_create_pdata from of_platform_bus_create+0x178/0x33c
[    0.863312]  of_platform_bus_create from of_platform_populate+0x8c/0x134
[    0.863336]  of_platform_populate from sysc_probe+0x11fc/0x00:0: failed to disable
[    0.929401] 44e09000.serial: ttyS0 at MMIO 0x44e09000 (irq = 34, base_baud = 3000000) is a 8250
[    0.929489] printk: legacy console [ttyS0] enabled
[    2.802286] tps65217-pmic: Failed to locate of_node [id: -1]
[    2.808357] tps65217-bl: Failed to locate of_node [id: -1]
[    2.819826] tps65217 0-0024: TPS65217 ID 0xe version 1.2
[    2.825995] platform 4830e000.lcdc: Fixed dependency cycle(s) with /ocp/interconnect@44c00000/segment@200000/target-module@b000/i2c@0/tda19988@70
[    2.839450] i2c 0-0070: Fixed dependency cycle(s) with /ocp/interconnect@48000000/segment@300000/target-module@e000/lcdc@0
[    2.850868] omap_i2c 44e0b000.i2c: bus 0 rev0.11 at 400 kHz
[    2.858690] omap_gpio 44e07000.gpio: Could not set line 6 debounce to 200000 microseconds (-22)
[    2.867580] sdhci-omap 48060000.mmc: Got CD GPIO
[    2.872628] sdhci-omap 48060000.mmc: supply pbias not found, using dummy regulator
[    2.882980] sdhci-omap 48060000.mmc: supply vqmmc not found, using dummy regulator
[    2.892066] sdhci-omap 481d8000.mmc: supply pbias not found, using dummy regulator
[    2.900076] sdhci-omap 481d8000.mmc: supply vqmmc not found, using dummy regulator
[    2.938789] mmc1: SDHCI controller on 481d8000.mmc [481d8000.mmc] using External DMA
[    2.947861] mmc0: SDHCI controller on 48060000.mmc [48060000.mmc] using External DMA
[    2.956816] cpsw-switch 4a100000.switch: starting ndev. mode: dual_mac
[    3.000553] mmc0: new high speed SDHC card at address 5048
[    3.007685] mmcblk0: mmc0:5048 SD16G 14.4 GiB
[    3.015856]  mmcblk0: p1 p2
[    3.019255] mmcblk0: p2 size 31221760 extends beyond EOD, truncated
[    3.032509] SMSC LAN8710/LAN8720 4a101000.mdio:00: attached PHY driver (mii_bus:phy_addr=4a101000.mdio:00, irq=POLL)
[    3.045214] mmc1: new high speed MMC card at address 0001
[    3.056287] mmcblk1: mmc1:0001 MMC04G 3.60 GiB
[    3.063813]  mmcblk1: p1 p2
[    3.068081] mmcblk1boot0: mmc1:0001 MMC04G 2.00 MiB
[    3.075589] mmcblk1boot1: mmc1:0001 MMC04G 2.00 MiB
[    3.083120] mmcblk1rpmb: mmc1:0001 MMC04G 128 KiB, chardev (250:0)
[    6.242035] cpsw-switch 4a100000.switch eth0: Link is Up - 100Mbps/Full - flow control off
[    6.271282] IP-Config: Complete:
[    6.274555]      device=eth0, hwaddr=6c:ec:eb:68:de:78, ipaddr=192.168.255.1, mask=255.255.255.0, gw=255.255.255.255
[    6.285199]      host=bbb1, domain=, nis-domain=(none)
[    6.290369]      bootserver=192.168.255.126, rootserver=192.168.255.126, rootpath=
[    6.290800] clk: Disabling unused clocks
[    6.302679] PM: genpd: Disabling unused power domains
[    6.307797] KTAP version 1
[    6.310519] 1..0
[    6.347344] VFS: Mounted root (nfs filesystem) on device 0:17.
[    6.354504] devtmpfs: mounted
[    6.359201] Freeing unused kernel image (initmem) memory: 1024K
[    6.366124] Run /sbin/init as init process
[    7.082407] systemd[1]: System time before build time, advancing clock.
[    8.541291] random: crng init done
[    8.582994] systemd[1]: systemd 232 running in system mode. (+PAM +AUDIT +SELINUX +IMA +APPARMOR +SMACK +SYSVINIT +UTMP +LIBCRYPTSETUP +GCRYPT +GNUTLS +ACL +XZ +LZ4 +SECCOMP +BLKID +ELFUTILS +KMOD +IDN)
[    8.602166] systemd[1]: Detected architecture arm.

Welcome to [1mDebian GNU/Linux 9 (stretch)[0m!

[    8.634469] systemd[1]: Set hostname to <arm>.
[    9.778826] systemd[1]: Reached target Swap.
[[0;32m  OK  [0m] Reached target Swap.
[    9.803331] systemd[1]: Listening on udev Control Socket.
[[0;32m  OK  [0m] Listening on udev Control Socket.
[    9.831938] systemd[1]: Listening on udev Kernel Socket.
[[0;32m  OK  [0m] Listening on udev Kernel Socket.
[    9.863092] systemd[1]: Set up automount Arbitrary Executable File Formats File System Automount Point.
[[0;32m  OK  [0m] Set up automount Arbitrary Executabâ€¦rmats File System Automount Point.
[    9.892911] systemd[1]: Created slice User and Session Slice.
[[0;32m  OK  [0m] Created slice User and Session Slice.
[    9.923312] systemd[1]: Listening on Syslog Socket.
[[0;32m  OK  [0m] Listening on Syslog Socket.
[    9.952099] systemd[1]: Listening on Journal Socket (/dev/log).
[[0;32m  OK  [0m] Listening on Journal Socket (/dev/log).
[[0;32m  OK  [0m] Started Forward Password Requests to Wall Directory Watch.
[[0;32m  OK  [0m] Listening on Journal Audit Socket.
[[0;32m  OK  [0m] Started Dispatch Password Requests to Console Directory Watch.
[[0;32m  OK  [0m] Reached target Paths.
[[0;32m  OK  [0m] Reached target Encrypted Volumes.
[[0;32m  OK  [0m] Created slice System Slice.
[[0;32m  OK  [0m] Created slice system-getty.slice.
[[0;32m  OK  [0m] Created slice system-serial\x2dgetty.slice.
         Mounting POSIX Message Queue File System...
         Mounting Debug File System...
[[0;32m  OK  [0m] Reached target Slices.
[[0;32m  OK  [0m] Listening on Journal Socket.
         Starting Load Kernel Modules...
         Starting Remount Root and Kernel File Systems...
         Starting Create list of required stâ€¦ce nodes for the current kernel...
         Starting Journal Service...
[[0;32m  OK  [0m] Reached target Remote File Systems.
[[0;32m  OK  [0m] Listening on /dev/initctl Compatibility Named Pipe.
[[0;32m  OK  [0m] Mounted POSIX Message Queue File System.
[[0;32m  OK  [0m] Mounted Debug File System.
[[0;32m  OK  [0m] Started Create list of required staâ€¦vice nodes for the current kernel.
[[0;32m  OK  [0m] Started Remount Root and Kernel File Systems.
         Starting Load/Save Random Seed...
         Starting udev Coldplug all Devices...
         Starting Create Static Device Nodes in /dev...
[[0;32m  OK  [0m] Started Load Kernel Modules.
         Mounting Configuration File System...
         Starting Apply Kernel Variables...
[[0;32m  OK  [0m] Started Load/Save Random Seed.
[[0;32m  OK  [0m] Mounted Configuration File System.
[[0;32m  OK  [0m] Started Apply Kernel Variables.
[[0;32m  OK  [0m] Started Create Static Device Nodes in /dev.
         Starting udev Kernel Device Manager...
[[0;32m  OK  [0m] Reached target Local File Systems (Pre).
[[0;32m  OK  [0m] Reached target Local File Systems.
         Starting Raise network interfaces...
[[0;32m  OK  [0m] Started Journal Service.
         Starting Flush Journal to Persistent Storage...
[   12.345931] systemd-journald[91]: Received request to flush runtime journal from PID 1
[[0;32m  OK  [0m] Started Flush Journal to Persistent Storage.
         Starting Create Volatile Files and Directories...
[[0;32m  OK  [0m] Started udev Kernel Device Manager.
[[0;32m  OK  [0m] Started Create Volatile Files and Directories.
         Starting Update UTMP about System Boot/Shutdown...
         Starting Network Time Synchronization...
[[0;32m  OK  [0m] Started udev Coldplug all Devices.
[[0;32m  OK  [0m] Started Update UTMP about System Boot/Shutdown.
[   15.110397] remoteproc remoteproc0: wkup_m3 is available
[   15.433339] at24 2-0054: supply vcc not found, using dummy regulator
[   15.545286] omap_rtc 44e3e000.rtc: registered as rtc0
[   15.550468] omap_rtc 44e3e000.rtc: setting system clock to 2000-01-01T00:00:00 UTC (946684800)
[   15.571717] at24 2-0055: supply vcc not found, using dummy regulator
[   15.680050] at24 2-0056: supply vcc not found, using dummy regulator
[   15.770778] at24 2-0057: supply vcc not found, using dummy regulator
[   15.898309] at24 0-0050: 32768 byte 24c256 EEPROM, writable, 1 bytes/write
[   16.000129] tps6521x_pwrbutton tps65217-pwrbutton: DMA mask not set
[   16.110940] input: tps65217_pwrbutton as /devices/platform/ocp/44c00000.interconnect/44c00000.interconnect:segment@200000/44e0b000.target-module/44e0b000.i2c/i2c-0/0-0024/tps65217-pwrbutton/input/input0
[[0;32m  OK  [0m] Found device /dev/ttyS0.
[   16.288501] wkup_m3_ipc 44e11324.wkup_m3_ipc: IPC Request for A8->M3 Channel failed! -517
[   16.334934] wkup_m3_ipc 44e11324.wkup_m3_ipc: IPC Request for A8->M3 Channel failed! -517
[   16.359714] omap_wdt: OMAP Watchdog Timer Rev 0x01: initial timeout 60 sec
[   16.453598] wkup_m3_ipc 44e11324.wkup_m3_ipc: IPC Request for A8->M3 Channel failed! -517
[   16.642243] am335x-phy-driver 47401300.usb-phy: dummy supplies not allowed for exclusive requests (id=vbus)
[   16.826019] am335x-phy-driver 47401b00.usb-phy: dummy supplies not allowed for exclusive requests (id=vbus)
[   16.839176] wkup_m3_ipc 44e11324.wkup_m3_ipc: IPC Request for A8->M3 Channel failed! -517
[   16.853817] usbcore: registered new interface driver usbfs
[   16.859456] usbcore: registered new interface driver hub
[   16.865140] usbcore: registered new device driver usb
[   17.003088] wkup_m3_ipc 44e11324.wkup_m3_ipc: IPC Request for A8->M3 Channel failed! -517
[[0;32m  OK  [0m] Started Network Time Synchronization.
[   17.167029] tda998x 0-0070: found TDA19988
[[0;32m  OK  [0m] Reached target System Initialization.
[[0;32m  OK  [0m] Started Daily Cleanup of Temporary Directories.
[   17.297549] wkup_m3_ipc 44e11324.wkup_m3_ipc: IPC Request for A8->M3 Channel failed! -517
[[0;32m  OK  [0m] Listening on D-Bus System Message Bus Socket.
[[0;32m  OK  [0m] Listening on Avahi mDNS/DNS-SD Stack Activation Socket.
[[0;32m  OK  [0m] Reached target Sockets.
[[0;32m  OK  [0m] Reached target Basic System.
[   17.431204] wkup_m3_ipc 44e11324.wkup_m3_ipc: IPC Request for A8->M3 Channel failed! -517
[   17.504375] musb-hdrc musb-hdrc.1: MUSB HDRC host driver
[   17.509796] musb-hdrc musb-hdrc.1: new USB bus registered, assigned bus number 1
[   17.518169] wkup_m3_ipc 44e11324.wkup_m3_ipc: IPC Request for A8->M3 Channel failed! -517
         Starting Telephony service...
         Starting DUN service...
[   17.820610] usb usb1: New USB device found, idVendor=1d6b, idProduct=0002, bcdDevice= 6.12
[   17.829136] usb usb1: New USB device strings: Mfr=3, Product=2, SerialNumber=1
[   17.836459] usb usb1: Product: MUSB HDRC host driver
[   17.841486] usb usb1: Manufacturer: Linux 6.12.0-rc1-next-20241001 musb-hcd
[   17.848487] usb usb1: SerialNumber: musb-hdrc.1
[   17.893639] omap-mailbox 480c8000.mailbox: omap mailbox rev 0x400
         Starting Avahi mDNS/DNS-SD Stack...
[   18.051924] remoteproc remoteproc0: powering up wkup_m3
[[0;32m  OK  [0m] Started D-Bus System Message Bus.
[   18.295558] remoteproc remoteproc0: Direct firmware load for am335x-pm-firmware.elf failed with error -2
[   18.305538] remoteproc remoteproc0: request_firmware failed: -2
[   18.311744] wkup_m3_ipc 44e11324.wkup_m3_ipc: rproc_boot failed
[   18.371870] hub 1-0:1.0: USB hub found
[   18.408487] hub 1-0:1.0: 1 port detected
[   20.180566] tilcdc 4830e000.lcdc: bound 0-0070 (ops tda998x_driver_exit [tda998x])
[   20.312611] [drm] Initialized tilcdc 1.0.0 for 4830e000.lcdc on minor 0
[   20.416270] tilcdc 4830e000.lcdc: [drm] Cannot find any crtc or sizes
[   20.497388] omap_rng 48310000.rng: Random Number Generator ver. 20
[   20.628509] tilcdc 4830e000.lcdc: [drm] Cannot find any crtc or sizes
[   21.319325] PM: Cannot get wkup_m3_ipc handle
[[0;32m  OK  [0m] Started Avahi mDNS/DNS-SD Stack.
[[0;32m  OK  [0m] Started Telephony service.
[   21.462032] omap-sham 53100000.sham: hw accel on OMAP rev 4.3
[[0;32m  OK  [0m] Started DUN service.
[   21.544075] omap-aes 53500000.aes: OMAP AES hw accel rev: 3.2
         Starting Connection service...
[   21.589613] omap-sham 53100000.sham: will run requests pump with realtime priority
[   21.598688] PM: Cannot get wkup_m3_ipc handle
 [   21.678944] omap-aes 53500000.aes: will run requests pump w ith realtime priority
[   21.687865] PM: Cannot get wkup_m3_i pc handle
         Starting LSB: Load kernel modules needed t o enable cpufreq scaling...
         Starting System Logging Service.
         Starting Cape Manager Service...
         Starting Generic Board Startup...
         Starting LSB: Start busybox udhcpd at boot time...
[[0;32m  OK  [0m] Started Regular background program processing daemon.
         Starting Login Service...
[[0;32m  OK  [0m] Reached target System Time Synchronized.
[[0;32m  OK  [0m] Started Daily apt download activities.
[[0;32m  OK  [0m] Started Daily apt upgrade and clean activities.
[[0;32m  OK  [0m] Reached target Timers.
[   23.375171] Bluetooth: Core ver 2.22
[   23.378998] NET: Registered PF_BLUETOOTH protocol family
[   23.384860] Bluetooth: HCI device and connection manager initialized
[   23.391551] Bluetooth: HCI socket layer initialized
[   23.396477] Bluetooth: L2CAP socket layer initialized
[   23.401728] Bluetooth: SCO socket layer initialized
[[0;32m  OK  [0m] Started System Logging Service.
[[0;32m  OK  [0m] Started Cape Manager Service.
[   25.437646] PM: Cannot get wkup_m3_ipc handle
[   25.556377] PM: Cannot get wkup_m3_ipc handle
[[0;32m  OK  [0m] Started LSB: Start busybox udhcpd at boot time.
[[0;32m  OK  [0m] Started Raise network interfaces.
[[0;32m  OK  [0m] Started LSB: Load kernel modules needed to enable cpufreq scaling.
[   29.678121] configfs-gadget.g_multi gadget.0: HOST MAC 1c:ba:8c:a2:ed:6c
[   29.685173] configfs-gadget.g_multi gadget.0: MAC 1c:ba:8c:a2:ed:70
[   29.692616] configfs-gadget.g_multi gadget.0: HOST MAC 1c:ba:8c:a2:ed:6c
[   29.699380] configfs-gadget.g_multi gadget.0: MAC 1c:ba:8c:a2:ed:6d
[   29.711150] PM: Cannot get wkup_m3_ipc handle
[[0;32m  OK  [0m] Started Connection service.
[[0;32m  OK  [0m] Started Login Service.
[[0;32m  OK  [0m] Reached target Sound Card.
         Starting LSB: set CPUFreq kernel parameters...
[[0;32m  OK  [0m] Reached target Network.
         Starting The Apache HTTP Server...
         Starting Permit User Sessions...
         Starting OpenBSD Secure Shell server...
[[0;32m  OK  [0m] Reached target Network is Online.
         Starting LSB: Advanced IEEE 802.11 management daemon...
[[0;32m  OK  [0m] Started Permit User Sessions.
[[0;32m  OK  [0m] Started LSB: Advanced IEEE 802.11 management daemon.
         Starting Hostname Service...
         Starting WPA supplicant...
[[0;32m  OK  [0m] Started Getty on tty1.
[[0;32m  OK  [0m] Started Serial Getty on ttyS0.
[[0;32m  OK  [0m] Reached target Login Prompts.
[[0;32m  OK  [0m] Started LSB: set CPUFreq kernel parameters.
[[0;32m  OK  [0m] Started Hostname Service.
[[0;32m  OK  [0m] Started WPA supplicant.
[[0;32m  OK  [0m] Started OpenBSD Secure Shell server.
         Stopping LSB: Start busybox udhcpd at boot time...
[[0;32m  OK  [0m] Stopped LSB: Start busybox udhcpd at boot time.
[[0;32m  OK  [0m] Started The Apache HTTP Server.
         Starting dnsmasq - A lightweight DHCP and caching DNS server...
[[0;32m  OK  [0m] Started dnsmasq - A lightweight DHCP and caching DNS server.
[[0;32m  OK  [0m] Reached target Host and Network Name Lookups.
[[0;32m  OK  [0m] Started Serial Getty on ttyGS0.
[[0;32m  OK  [0m] Started Generic Board Startup.
[[0;32m  OK  [0m] Reached target Multi-User System.
[[0;32m  OK  [0m] Reached target Graphical Interface.
         Starting Update UTMP about System Runlevel Changes...
[[0;32m  OK  [0m] Started Update UTMP about System Runlevel Changes.

Debian GNU/Linux 9 arm ttyS0

default username:password is [debian:temppwd]

arm login: root
Password: 
Last login: Sat Jan  1 00:00:34 UTC 2000 on ttyS0
root
Linux arm 6.12.0-rc1-next-20241001 #107 SMP Tue Oct  1 08:13:45 EEST 2024 armv7l

The programs included with the Debian GNU/Linux system are free software;
the exact distribution terms for each program are described in the
individual files in /usr/share/doc/*/copyright.

Debian GNU/Linux comes with ABSOLUTELY NO WARRANTY, to the extent
permitted by applicable law.
root@arm:~# root
-bash: root: command not found
root@arm:~# dmesg -n 1
root@arm:~# echo 'FLAZ''TESLPX'
FLAZTESLPX
root@arm:~# run() { echo -n "$MARKER"; sh -c "$@"; echo "$MARKER $?"; }
root@arm:~# echo 'CUWA''KOUMME'
CUWAKOUMME
root@arm:~# MARKER='BTWG''QXMSNS' run 'cat /proc/version'
BTWGQXMSNSLinux version 6.12.0-rc1-next-20241001 (user01@drvtest01) (arm-linux-gnueabihf-gcc (Linaro GCC 6.4-2017.11) 6.4.1 20171012, GNU ld (Linaro_Binutils-2017.11) 2.27.0.20161229) #107 SMP Tue Oct  1 08:13:45 EEST 2024
BTWGQXMSNS 0
root@arm:~# echo 'ELHY''UYAAWW'
ELHYUYAAWW
root@arm:~# MARKER='YKVN''OZCWCY' run false
YKVNOZCWCYYKVNOZCWCY 1
root@arm:~# Labgrid Console Logfile for main
Logfile started at 2024-10-01 08:15:31.757196
=== Log starts here ===

root@arm:~# run() { echo -n "$MARKER"; sh -c "$@"; echo "$MARKER $?"; }
root@arm:~# echo 'ECKE''XMPUOV'
ECKEXMPUOV
root@arm:~# MARKER='BOUJ''YFAPXL' run dmesg
BOUJYFAPXL[    0.000000] Booting Linux on physical CPU 0x0
[    0.000000] Linux version 6.12.0-rc1-next-20241001 (user01@drvtest01) (arm-linux-gnueabihf-gcc (Linaro GCC 6.4-2017.11) 6.4.1 20171012, GNU ld (Linaro_Binutils-2017.11) 2.27.0.20161229) #107 SMP Tue Oct  1 08:13:45 EEST 2024
[    0.000000] CPU: ARMv7 Processor [413fc082] revision 2 (ARMv7), cr=10c5387d
[    0.000000] CPU: PIPT / VIPT nonaliasing data cache, VIPT aliasing instruction cache
[    0.000000] OF: fdt: Machine model: TI AM335x BeagleBone Black
[    0.000000] Memory policy: Data cache writeback
[    0.000000] cma: Reserved 16 MiB at 0x9e800000 on node -1
[    0.000000] Zone ranges:
[    0.000000]   Normal   [mem 0x0000000080000000-0x000000009fdfffff]
[    0.000000]   HighMem  empty
[    0.000000] Movable zone start for each node
[    0.000000] Early memory node ranges
[    0.000000]   node   0: [mem 0x0000000080000000-0x000000009fdfffff]
[    0.000000] Initmem setup node 0 [mem 0x0000000080000000-0x000000009fdfffff]
[    0.000000] CPU: All CPU(s) started in SVC mode.
[    0.000000] AM335X ES2.1 (sgx neon)
[    0.000000] percpu: Embedded 17 pages/cpu s40268 r8192 d21172 u69632
[    0.000000] pcpu-alloc: s40268 r8192 d21172 u69632 alloc=17*4096
[    0.000000] pcpu-alloc: [0] 0 
[    0.000000] Kernel command line: console=ttyO0,115200n8 root=/dev/nfs rw nfsroot=192.168.255.126:/home/user01/nfs,nfsvers=3 ip=192.168.255.1:192.168.255.126::255.255.255.0:bbb1:eth0 nfsrootdebug
[    0.000000] Unknown kernel command line parameters "nfsrootdebug", will be passed to user space.
[    0.000000] Dentry cache hash table entries: 65536 (order: 6, 262144 bytes, linear)
[    0.000000] Inode-cache hash table entries: 32768 (order: 5, 131072 bytes, linear)
[    0.000000] Built 1 zonelists, mobility grouping on.  Total pages: 130560
[    0.000000] mem auto-init: stack:off, heap alloc:off, heap free:off
[    0.000000] SLUB: HWalign=64, Order=0-3, MinObjects=0, CPUs=1, Nodes=1
[    0.000000] trace event string verifier disabled
[    0.000000] rcu: Hierarchical RCU implementation.
[    0.000000] rcu: 	RCU event tracing is enabled.
[    0.000000] rcu: 	RCU restricting CPUs from NR_CPUS=2 to nr_cpu_ids=1.
[    0.000000] rcu: RCU calculated value of scheduler-enlistment delay is 10 jiffies.
[    0.000000] rcu: Adjusting geometry for rcu_fanout_leaf=16, nr_cpu_ids=1
[    0.000000] NR_IRQS: 16, nr_irqs: 16, preallocated irqs: 16
[    0.000000] IRQ: Found an INTC at 0x(ptrval) (revision 5.0) with 128 interrupts
[    0.000000] rcu: srcu_init: Setting srcu_struct sizes based on contention.
[    0.000000] TI gptimer clocksource: always-on /ocp/interconnect@44c00000/segment@200000/target-module@31000
[    0.000003] sched_clock: 32 bits at 24MHz, resolution 41ns, wraps every 89478484971ns
[    0.000028] clocksource: dmtimer: mask: 0xffffffff max_cycles: 0xffffffff, max_idle_ns: 79635851949 ns
[    0.000504] TI gptimer clockevent: 24000000 Hz at /ocp/interconnect@48000000/segment@0/target-module@40000
[    0.002156] Console: colour dummy device 80x30
[    0.002222] WARNING: Your 'console=ttyO0' has been replaced by 'ttyS0'
[    0.002230] This ensures that you still see kernel messages. Please
[    0.002235] update your kernel commandline.
[    0.002276] Calibrating delay loop... 996.14 BogoMIPS (lpj=4980736)
[    0.090558] CPU: Testing write buffer coherency: ok
[    0.090656] CPU0: Spectre v2: using BPIALL workaround
[    0.090667] pid_max: default: 32768 minimum: 301
[    0.090792] LSM: initializing lsm=capability
[    0.090965] Mount-cache hash table entries: 1024 (order: 0, 4096 bytes, linear)
[    0.090987] Mountpoint-cache hash table entries: 1024 (order: 0, 4096 bytes, linear)
[    0.092625] CPU0: thread -1, cpu 0, socket -1, mpidr 0
[    0.160733] Setting up static identity map for 0x80100000 - 0x80100078
[    0.170705] rcu: Hierarchical SRCU implementation.
[    0.170717] rcu: 	Max phase no-delay instances is 1000.
[    0.190768] smp: Bringing up secondary CPUs ...
[    0.190823] smp: Brought up 1 node, 1 CPU
[    0.190840] SMP: Total of 1 processors activated (996.14 BogoMIPS).
[    0.190853] CPU: All CPU(s) started in SVC mode.
[    0.191036] Memory: 480860K/522240K available (11264K kernel code, 1215K rwdata, 2876K rodata, 1024K init, 299K bss, 23368K reserved, 16384K cma-reserved, 0K highmem)
[    0.191894] devtmpfs: initialized
[    0.208932] VFP support v0.3: implementor 41 architecture 3 part 30 variant c rev 3
[    0.209287] clocksource: jiffies: mask: 0xffffffff max_cycles: 0xffffffff, max_idle_ns: 19112604462750000 ns
[    0.209324] futex hash table entries: 256 (order: 2, 16384 bytes, linear)
[    0.210833] pinctrl core: initialized pinctrl subsystem
[    0.213673] NET: Registered PF_NETLINK/PF_ROUTE protocol family
[    0.216462] DMA: preallocated 256 KiB pool for atomic coherent allocations
[    0.217365] audit: initializing netlink subsys (disabled)
[    0.218814] thermal_sys: Registered thermal governor 'fair_share'
[    0.218830] thermal_sys: Registered thermal governor 'step_wise'
[    0.218840] thermal_sys: Registered thermal governor 'user_space'
[    0.218985] audit: type=2000 audit(0.210:1): state=initialized audit_enabled=0 res=1
[    0.219023] cpuidle: using governor menu
[    0.238062] No ATAGs?
[    0.238087] hw-breakpoint: debug architecture 0x4 unsupported.
[    0.240965] kprobes: kprobe jump-optimization is enabled. All kprobes are optimized if possible.
[    0.254073] iommu: Default domain type: Translated
[    0.254098] iommu: DMA domain TLB invalidation policy: strict mode
[    0.255764] reg-fixed-voltage fixedregulator0: using DT '/fixedregulator0' for '(default)' GPIO lookup
[    0.255816] of_get_named_gpiod_flags: can't parse 'gpios' property of node '/fixedregulator0[0]'
[    0.255847] of_get_named_gpiod_flags: can't parse 'gpio' property of node '/fixedregulator0[0]'
[    0.255866] reg-fixed-voltage fixedregulator0: using lookup tables for GPIO lookup
[    0.255878] reg-fixed-voltage fixedregulator0: No GPIO consumer (default) found
[    0.261708] SCSI subsystem initialized
[    0.262201] libata version 3.00 loaded.
[    0.262569] pps_core: LinuxPPS API ver. 1 registered
[    0.262579] pps_core: Software ver. 5.3.6 - Copyright 2005-2007 Rodolfo Giometti <giometti@linux.it>
[    0.262608] PTP clock support registered
[    0.270854] vgaarb: loaded
[    0.271261] clocksource: Switched to clocksource dmtimer
[    0.271929] VFS: Disk quotas dquot_6.6.0
[    0.271973] VFS: Dquot-cache hash table entries: 1024 (order 0, 4096 bytes)
[    0.297385] NET: Registered PF_INET protocol family
[    0.297740] IP idents hash table entries: 8192 (order: 4, 65536 bytes, linear)
[    0.299139] tcp_listen_portaddr_hash hash table entries: 512 (order: 0, 4096 bytes, linear)
[    0.299178] Table-perturb hash table entries: 65536 (order: 6, 262144 bytes, linear)
[    0.299196] TCP established hash table entries: 4096 (order: 2, 16384 bytes, linear)
[    0.299240] TCP bind hash table entries: 4096 (order: 4, 65536 bytes, linear)
[    0.299342] TCP: Hash tables configured (established 4096 bind 4096)
[    0.299464] UDP hash table entries: 256 (order: 1, 8192 bytes, linear)
[    0.299494] UDP-Lite hash table entries: 256 (order: 1, 8192 bytes, linear)
[    0.299682] NET: Registered PF_UNIX/PF_LOCAL protocol family
[    0.302077] RPC: Registered named UNIX socket transport module.
[    0.302101] RPC: Registered udp transport module.
[    0.302107] RPC: Registered tcp transport module.
[    0.302112] RPC: Registered tcp-with-tls transport module.
[    0.302118] RPC: Registered tcp NFSv4.1 backchannel transport module.
[    0.302142] PCI: CLS 0 bytes, default 64
[    0.303655] Initialise system trusted keyrings
[    0.312106] workingset: timestamp_bits=14 max_order=17 bucket_order=3
[    0.313444] NFS: Registering the id_resolver key type
[    0.313532] Key type id_resolver registered
[    0.313541] Key type id_legacy registered
[    0.313590] jffs2: version 2.2. (NAND) (SUMMARY)  Â© 2001-2006 Red Hat, Inc.
[    0.313997] Key type asymmetric registered
[    0.314013] Asymmetric key parser 'x509' registered
[    0.314081] io scheduler mq-deadline registered
[    0.314094] io scheduler kyber registered
[    0.314166] io scheduler bfq registered
[    0.315819] ledtrig-cpu: registered to indicate activity on CPUs
[    0.321834] Serial: 8250/16550 driver, 6 ports, IRQ sharing enabled
[    0.372955] brd: module loaded
[    0.393221] loop: module loaded
[    0.394184] mtdoops: mtd device (mtddev=name/number) must be supplied
[    0.395952] mdio_bus fixed-0: using lookup tables for GPIO lookup
[    0.395976] mdio_bus fixed-0: No GPIO consumer reset found
[    0.397398] i2c_dev: i2c /dev entries driver
[    0.398408] cpuidle: enable-method property 'ti,am3352' found operations
[    0.398858] sdhci: Secure Digital Host Controller Interface driver
[    0.398867] sdhci: Copyright(c) Pierre Ossman
[    0.399048] sdhci-pltfm: SDHCI platform and OF driver helper
[    0.400099] Initializing XFRM netlink socket
[    0.400226] NET: Registered PF_INET6 protocol family
[    0.418160] Segment Routing with IPv6
[    0.418254] In-situ OAM (IOAM) with IPv6
[    0.418355] sit: IPv6, IPv4 and MPLS over IPv4 tunneling driver
[    0.419308] NET: Registered PF_PACKET protocol family
[    0.419346] NET: Registered PF_KEY protocol family
[    0.419477] Key type dns_resolver registered
[    0.419759] ThumbEE CPU extension supported.
[    0.419779] Registering SWP/SWPB emulation handler
[    0.420310] omap_voltage_late_init: Voltage driver support not added
[    0.420669] SmartReflex Class3 initialized
[    0.438353] Loading compiled-in X.509 certificates
[    0.493591] gpiochip_find_base_unlocked: found new base at 512
[    0.514644] platform 44e10800.pinmux: Fixed dependency cycle(s) with /ocp/interconnect@44c00000/segment@200000/target-module@10000/scm@0/pinmux@800/clkout2-pins
[    0.515201] pinctrl-single 44e10800.pinmux: 142 pins, size 568
[    0.520263] ti-sysc 44e31000.target-module: probe with driver ti-sysc failed with error -16
[    0.567848] ti-sysc 48040000.target-module: probe with driver ti-sysc failed with error -16
[    0.579031] gpiochip_find_base_unlocked: found new base at 512
[    0.579132] gpio gpiochip0: (gpio-0-31): created GPIO range 0->7 ==> 44e10800.pinmux PIN 0->7
[    0.579152] gpio gpiochip0: (gpio-0-31): created GPIO range 8->11 ==> 44e10800.pinmux PIN 90->93
[    0.579168] gpio gpiochip0: (gpio-0-31): created GPIO range 12->27 ==> 44e10800.pinmux PIN 12->27
[    0.579184] gpio gpiochip0: (gpio-0-31): created GPIO range 28->31 ==> 44e10800.pinmux PIN 30->33
[    0.619515] gpio gpiochip0: (gpio-0-31): added GPIO chardev (254:0)
[    0.619688] gpio gpiochip0: registered GPIOs 512 to 543 on gpio-0-31
[    0.619775] OMAP GPIO hardware version 0.1
[    0.642790] i2c i2c-2: using DT '/ocp/interconnect@48000000/segment@100000/target-module@9c000/i2c@0' for 'scl' GPIO lookup
[    0.642865] of_get_named_gpiod_flags: can't parse 'scl-gpios' property of node '/ocp/interconnect@48000000/segment@100000/target-module@9c000/i2c@0[0]'
[    0.642911] of_get_named_gpiod_flags: can't parse 'scl-gpio' property of node '/ocp/interconnect@48000000/segment@100000/target-module@9c000/i2c@0[0]'
[    0.642949] i2c i2c-2: using lookup tables for GPIO lookup
[    0.642959] i2c i2c-2: No GPIO consumer scl found
[    0.642983] i2c i2c-2: using DT '/ocp/interconnect@48000000/segment@100000/target-module@9c000/i2c@0' for 'sda' GPIO lookup
[    0.643019] of_get_named_gpiod_flags: can't parse 'sda-gpios' property of node '/ocp/interconnect@48000000/segment@100000/target-module@9c000/i2c@0[0]'
[    0.643058] of_get_named_gpiod_flags: can't parse 'sda-gpio' property of node '/ocp/interconnect@48000000/segment@100000/target-module@9c000/i2c@0[0]'
[    0.643091] i2c i2c-2: using lookup tables for GPIO lookup
[    0.643099] i2c i2c-2: No GPIO consumer sda found
[    0.643857] omap_i2c 4819c000.i2c: bus 2 rev0.11 at 100 kHz
[    0.649131] gpiochip_find_base_unlocked: found new base at 544
[    0.649228] gpio gpiochip1: (gpio-32-63): created GPIO range 0->17 ==> 44e10800.pinmux PIN 34->51
[    0.649248] gpio gpiochip1: (gpio-32-63): created GPIO range 18->21 ==> 44e10800.pinmux PIN 77->80
[    0.649266] gpio gpiochip1: (gpio-32-63): created GPIO range 22->31 ==> 44e10800.pinmux PIN 56->65
[    0.650966] gpio gpiochip1: (gpio-32-63): added GPIO chardev (254:1)
[    0.651120] gpio gpiochip1: registered GPIOs 544 to 575 on gpio-32-63
[    0.653575] gpiochip_find_base_unlocked: found new base at 576
[    0.653668] gpio gpiochip2: (gpio-64-95): created GPIO range 0->4 ==> 44e10800.pinmux PIN 66->70
[    0.653686] gpio gpiochip2: (gpio-64-95): created GPIO range 5->6 ==> 44e10800.pinmux PIN 98->99
[    0.653701] gpio gpiochip2: (gpio-64-95): created GPIO range 7->8 ==> 44e10800.pinmux PIN 75->76
[    0.653717] gpio gpiochip2: (gpio-64-95): created GPIO range 13->13 ==> 44e10800.pinmux PIN 141->141
[    0.653733] gpio gpiochip2: (gpio-64-95): created GPIO range 14->21 ==> 44e10800.pinmux PIN 100->107
[    0.668286] gpio gpiochip2: (gpio-64-95): added GPIO chardev (254:2)
[    0.668445] gpio gpiochip2: registered GPIOs 576 to 607 on gpio-64-95
[    0.674246] 48000000.interconnect:segment@200000:target-module@0:mpu@0:fck: device ID is greater than 24
[    0.678380] platform 4830e000.lcdc: Fixed dependency cycle(s) with /ocp/interconnect@44c00000/segment@200000/target-module@b000/i2c@0/tda19988@70
[    0.687829] mdio_bus 4a101000.mdio: using DT '/ocp/interconnect@4a000000/segment@0/target-module@100000/switch@0/mdio@1000' for 'reset' GPIO lookup
[    0.687902] of_get_named_gpiod_flags: can't parse 'reset-gpios' property of node '/ocp/interconnect@4a000000/segment@0/target-module@100000/switch@0/mdio@1000[0]'
[    0.687951] of_get_named_gpiod_flags: can't parse 'reset-gpio' property of node '/ocp/interconnect@4a000000/segment@0/target-module@100000/switch@0/mdio@1000[0]'
[    0.688001] mdio_bus 4a101000.mdio: using lookup tables for GPIO lookup
[    0.688011] mdio_bus 4a101000.mdio: No GPIO consumer reset found
[    0.689159] sdhci-omap 481d8000.mmc: using DT '/ocp/interconnect@48000000/segment@100000/target-module@d8000/mmc@0' for 'wp' GPIO lookup
[    0.689223] of_get_named_gpiod_flags: can't parse 'wp-gpios' property of node '/ocp/interconnect@48000000/segment@100000/target-module@d8000/mmc@0[0]'
[    0.689269] of_get_named_gpiod_flags: can't parse 'wp-gpio' property of node '/ocp/interconnect@48000000/segment@100000/target-module@d8000/mmc@0[0]'
[    0.689305] sdhci-omap 481d8000.mmc: using lookup tables for GPIO lookup
[    0.689315] sdhci-omap 481d8000.mmc: No GPIO consumer wp found
[    0.689509] sdhci-omap 481d8000.mmc: supply pbias not found, using dummy regulator
[    0.690020] sdhci-omap 481d8000.mmc: supply vqmmc not found, using dummy regulator
[    0.746305] davinci_mdio 4a101000.mdio: davinci mdio revision 1.6, bus freq 1000000
[    0.763748] mdio_bus 4a101000.mdio:00: using DT '/ocp/interconnect@4a000000/segment@0/target-module@100000/switch@0/mdio@1000/ethernet-phy@0' for 'reset' GPIO lookup
[    0.763851] of_get_named_gpiod_flags: parsed 'reset-gpios' property of node '/ocp/interconnect@4a000000/segment@0/target-module@100000/switch@0/mdio@1000/ethernet-phy@0[0]' - status (0)
[    0.764023] gpio gpiochip0: Persistence not supported for GPIO 8
[    0.861928] davinci_mdio 4a101000.mdio: phy[0]: device 4a101000.mdio:00, driver SMSC LAN8710/LAN8720
[    0.862715] ------------[ cut here ]------------
[    0.862733] WARNING: CPU: 0 PID: 33 at drivers/base/regmap/regmap.c:1208 regmap_field_init+0x90/0xa4
[    0.862780] invalid empty mask defined
[    0.862785] Modules linked in:
[    0.862806] CPU: 0 UID: 0 PID: 33 Comm: kworker/u4:3 Not tainted 6.12.0-rc1-next-20241001 #107
[    0.862821] Hardware name: Generic AM33XX (Flattened Device Tree)
[    0.862833] Workqueue: events_unbound deferred_probe_work_func
[    0.862859] Call trace: 
[    0.862875]  unwind_backtrace from show_stack+0x10/0x14
[    0.862908]  show_stack from dump_stack_lvl+0x50/0x64
[    0.862929]  dump_stack_lvl from __warn+0xf8/0x130
[    0.862957]  __warn from warn_slowpath_fmt+0x80/0x1a0
[    0.862978]  warn_slowpath_fmt from regmap_field_init+0x90/0xa4
[    0.863003]  regmap_field_init from devm_regmap_field_alloc+0x4c/0x60
[    0.863027]  devm_regmap_field_alloc from cpsw_ale_create+0x104/0x348
[    0.863047]  cpsw_ale_create from cpsw_init_common+0x224/0x35c
[    0.863062]  cpsw_init_common from cpsw_probe+0x4e4/0xbd4
[    0.863082]  cpsw_probe from platform_probe+0x7c/0xc0
[    0.863099]  platform_probe from really_probe+0x148/0x3a4
[    0.863119]  really_probe from __driver_probe_device+0x98/0x1d0
[    0.863139]  __driver_probe_device from driver_probe_device+0x2c/0xd4
[    0.863159]  driver_probe_device from __device_attach_driver+0xb4/0x118
[    0.863179]  __device_attach_driver from bus_for_each_drv+0x74/0xc4
[    0.863199]  bus_for_each_drv from __device_attach+0xe4/0x1b4
[    0.863218]  __device_attach from bus_probe_device+0x88/0x8c
[    0.863237]  bus_probe_device from device_add+0x528/0x758
[    0.863254]  device_add from of_platform_device_create_pdata+0xa0/0xf0
[    0.863288]  of_platform_device_create_pdata from of_platform_bus_create+0x178/0x33c
[    0.863312]  of_platform_bus_create from of_platform_populate+0x8c/0x134
[    0.863336]  of_platform_populate from sysc_probe+0x11fc/0x1474
[    0.863367]  sysc_probe from platform_probe+0x7c/0xc0
[    0.863382]  platform_probe from really_probe+0x148/0x3a4
[    0.863398]  really_probe from __driver_probe_device+0x98/0x1d0
[    0.863418]  __driver_probe_device from driver_probe_device+0x2c/0xd4
[    0.863438]  driver_probe_device from __device_attach_driver+0xb4/0x118
[    0.863458]  __device_attach_driver from bus_for_each_drv+0x74/0xc4
[    0.863478]  bus_for_each_drv from __device_attach+0xe4/0x1b4
[    0.863496]  __device_attach from bus_probe_device+0x88/0x8c
[    0.863515]  bus_probe_device from device_add+0x528/0x758
[    0.863531]  device_add from of_platform_device_create_pdata+0xa0/0xf0
[    0.863551]  of_platform_device_create_pdata from of_platform_bus_create+0x178/0x33c
[    0.863575]  of_platform_bus_create from of_platform_populate+0x8c/0x134
[    0.863598]  of_platform_populate from simple_pm_bus_probe+0xd4/0x128
[    0.863619]  simple_pm_bus_probe from platform_probe+0x7c/0xc0
[    0.863633]  platform_probe from really_probe+0x148/0x3a4
[    0.863649]  really_probe from __driver_probe_device+0x98/0x1d0
[    0.863669]  __driver_probe_device from driver_probe_device+0x2c/0xd4
[    0.863690]  driver_probe_device from __device_attach_driver+0xb4/0x118
[    0.863710]  __device_attach_driver from bus_for_each_drv+0x74/0xc4
[    0.863729]  bus_for_each_drv from __device_attach+0xe4/0x1b4
[    0.863747]  __device_attach from bus_probe_device+0x88/0x8c
[    0.863765]  bus_probe_device from device_add+0x528/0x758
[    0.863782]  device_add from of_platform_device_create_pdata+0xa0/0xf0
[    0.863802]  of_platform_device_create_pdata from of_platform_bus_create+0x178/0x33c
[    0.863826]  of_platform_bus_create from of_platform_populate+0x8c/0x134
[    0.863849]  of_platform_populate from simple_pm_bus_probe+0xd4/0x128
[    0.863869]  simple_pm_bus_probe from platform_probe+0x7c/0xc0
[    0.863884]  platform_probe from really_probe+0x148/0x3a4
[    0.863900]  really_probe from __driver_probe_device+0x98/0x1d0
[    0.863920]  __driver_probe_device from driver_probe_device+0x2c/0xd4
[    0.863940]  driver_probe_device from __device_attach_driver+0xb4/0x118
[    0.863960]  __device_attach_driver from bus_for_each_drv+0x74/0xc4
[    0.863979]  bus_for_each_drv from __device_attach+0xe4/0x1b4
[    0.863997]  __device_attach from bus_probe_device+0x88/0x8c
[    0.864016]  bus_probe_device from device_add+0x528/0x758
[    0.864032]  device_add from of_platform_device_create_pdata+0xa0/0xf0
[    0.864052]  of_platform_device_create_pdata from of_platform_bus_create+0x178/0x33c
[    0.864076]  of_platform_bus_create from of_platform_populate+0x8c/0x134
[    0.864099]  of_platform_populate from simple_pm_bus_probe+0xd4/0x128
[    0.864119]  simple_pm_bus_probe from platform_probe+0x7c/0xc0
[    0.864134]  platform_probe from really_probe+0x148/0x3a4
[    0.864150]  really_probe from __driver_probe_device+0x98/0x1d0
[    0.864170]  __driver_probe_device from driver_probe_device+0x2c/0xd4
[    0.864190]  driver_probe_device from __device_attach_driver+0xb4/0x118
[    0.864210]  __device_attach_driver from bus_for_each_drv+0x74/0xc4
[    0.864229]  bus_for_each_drv from __device_attach+0xe4/0x1b4
[    0.864247]  __device_attach from bus_probe_device+0x88/0x8c
[    0.864265]  bus_probe_device from deferred_probe_work_func+0x3c/0xdc
[    0.864284]  deferred_probe_work_func from process_scheduled_works+0xe4/0x420
[    0.864308]  process_scheduled_works from worker_thread+0x130/0x2f8
[    0.864323]  worker_thread from kthread+0xc8/0x100
[    0.864340]  kthread from ret_from_fork+0x14/0x20
[    0.864353] Exception stack(0xe008dfb0 to 0xe008dff8)
[    0.864365] dfa0:                                     00000000 00000000 00000000 00000000
[    0.864376] dfc0: 00000000 00000000 00000000 00000000 00000000 00000000 00000000 00000000
[    0.864385] dfe0: 00000000 00000000 00000000 00000000 00000013 00000000
[    0.864393] ---[ end trace 0000000000000000 ]---
[    0.864487] cpsw-switch 4a100000.switch: initialized cpsw ale version 1.4
[    0.864499] cpsw-switch 4a100000.switch: ALE Table size 1024, Policers 0
[    0.864658] cpsw-switch 4a100000.switch: cpts: overflow check period 500 (jiffies)
[    0.864677] cpsw-switch 4a100000.switch: CPTS: ref_clk_freq:250000000 calc_mult:2147483648 calc_shift:29 error:0 nsec/sec
[    0.864787] cpsw-switch 4a100000.switch: Detected MACID = 6c:ec:eb:68:de:78
[    0.866645] cpsw-switch 4a100000.switch: initialized (regs 0x4a100000, pool size 256) hw_ver:0019010C 1.12 (0)
[    0.877895] debugfs: Directory '49000000.dma' with parent 'dmaengine' already present!
[    0.877936] edma 49000000.dma: TI EDMA DMA engine driver
[    0.896578] target-module@4b000000:target-module@140000:pmu@0:fck: device ID is greater than 24
[    0.910000] hw perfevents: enabled with armv7_cortex_a8 PMU driver, 5 (8000000f) counters available
[    0.910967] gpio-clk clk_mcasp0: using DT '/clk_mcasp0' for 'enable' GPIO lookup
[    0.911043] of_get_named_gpiod_flags: parsed 'enable-gpios' property of node '/clk_mcasp0[0]' - status (0)
[    0.911089] gpio gpiochip0: Persistence not supported for GPIO 27
[    0.912107] gpiochip_find_base_unlocked: found new base at 608
[    0.912241] gpio gpiochip3: (gpio-96-127): created GPIO range 0->7 ==> 44e10800.pinmux PIN 82->89
[    0.912264] gpio gpiochip3: (gpio-96-127): created GPIO range 8->11 ==> 44e10800.pinmux PIN 52->55
[    0.912280] gpio gpiochip3: (gpio-96-127): created GPIO range 12->15 ==> 44e10800.pinmux PIN 94->97
[    0.912296] gpio gpiochip3: (gpio-96-127): created GPIO range 16->17 ==> 44e10800.pinmux PIN 71->72
[    0.912312] gpio gpiochip3: (gpio-96-127): created GPIO range 18->18 ==> 44e10800.pinmux PIN 135->135
[    0.912328] gpio gpiochip3: (gpio-96-127): created GPIO range 19->20 ==> 44e10800.pinmux PIN 108->109
[    0.912345] gpio gpiochip3: (gpio-96-127): created GPIO range 21->21 ==> 44e10800.pinmux PIN 73->73
[    0.912362] gpio gpiochip3: (gpio-96-127): created GPIO range 22->23 ==> 44e10800.pinmux PIN 8->9
[    0.912379] gpio gpiochip3: (gpio-96-127): created GPIO range 26->27 ==> 44e10800.pinmux PIN 10->11
[    0.912396] gpio gpiochip3: (gpio-96-127): created GPIO range 28->28 ==> 44e10800.pinmux PIN 74->74
[    0.912414] gpio gpiochip3: (gpio-96-127): created GPIO range 29->29 ==> 44e10800.pinmux PIN 81->81
[    0.912433] gpio gpiochip3: (gpio-96-127): created GPIO range 30->31 ==> 44e10800.pinmux PIN 28->29
[    0.926509] l3-aon-clkctrl:0000:0: failed to disable
[    0.926771] gpio gpiochip3: (gpio-96-127): added GPIO chardev (254:3)
[    0.926932] gpio gpiochip3: registered GPIOs 608 to 639 on gpio-96-127
[    0.928729] omap8250 44e09000.serial: using DT '/ocp/interconnect@44c00000/segment@200000/target-module@9000/serial@0' for 'rs485-term' GPIO lookup
[    0.928800] of_get_named_gpiod_flags: can't parse 'rs485-term-gpios' property of node '/ocp/interconnect@44c00000/segment@200000/target-module@9000/serial@0[0]'
[    0.928845] of_get_named_gpiod_flags: can't parse 'rs485-term-gpio' property of node '/ocp/interconnect@44c00000/segment@200000/target-module@9000/serial@0[0]'
[    0.928884] omap8250 44e09000.serial: using lookup tables for GPIO lookup
[    0.928895] omap8250 44e09000.serial: No GPIO consumer rs485-term found
[    0.928906] omap8250 44e09000.serial: using DT '/ocp/interconnect@44c00000/segment@200000/target-module@9000/serial@0' for 'rs485-rx-during-tx' GPIO lookup
[    0.928943] of_get_named_gpiod_flags: can't parse 'rs485-rx-during-tx-gpios' property of node '/ocp/interconnect@44c00000/segment@200000/target-module@9000/serial@0[0]'
[    0.928982] of_get_named_gpiod_flags: can't parse 'rs485-rx-during-tx-gpio' property of node '/ocp/interconnect@44c00000/segment@200000/target-module@9000/serial@0[0]'
[    0.929016] omap8250 44e09000.serial: using lookup tables for GPIO lookup
[    0.929024] omap8250 44e09000.serial: No GPIO consumer rs485-rx-during-tx found
[    0.929401] 44e09000.serial: ttyS0 at MMIO 0x44e09000 (irq = 34, base_baud = 3000000) is a 8250
[    0.929489] printk: legacy console [ttyS0] enabled
[    2.787717] i2c i2c-0: using DT '/ocp/interconnect@44c00000/segment@200000/target-module@b000/i2c@0' for 'scl' GPIO lookup
[    2.787808] of_get_named_gpiod_flags: can't parse 'scl-gpios' property of node '/ocp/interconnect@44c00000/segment@200000/target-module@b000/i2c@0[0]'
[    2.787856] of_get_named_gpiod_flags: can't parse 'scl-gpio' property of node '/ocp/interconnect@44c00000/segment@200000/target-module@b000/i2c@0[0]'
[    2.787900] i2c i2c-0: using lookup tables for GPIO lookup
[    2.787915] i2c i2c-0: No GPIO consumer scl found
[    2.787941] i2c i2c-0: using DT '/ocp/interconnect@44c00000/segment@200000/target-module@b000/i2c@0' for 'sda' GPIO lookup
[    2.787982] of_get_named_gpiod_flags: can't parse 'sda-gpios' property of node '/ocp/interconnect@44c00000/segment@200000/target-module@b000/i2c@0[0]'
[    2.788025] of_get_named_gpiod_flags: can't parse 'sda-gpio' property of node '/ocp/interconnect@44c00000/segment@200000/target-module@b000/i2c@0[0]'
[    2.788062] i2c i2c-0: using lookup tables for GPIO lookup
[    2.788074] i2c i2c-0: No GPIO consumer sda found
[    2.802286] tps65217-pmic: Failed to locate of_node [id: -1]
[    2.808357] tps65217-bl: Failed to locate of_node [id: -1]
[    2.819826] tps65217 0-0024: TPS65217 ID 0xe version 1.2
[    2.825995] platform 4830e000.lcdc: Fixed dependency cycle(s) with /ocp/interconnect@44c00000/segment@200000/target-module@b000/i2c@0/tda19988@70
[    2.839450] i2c 0-0070: Fixed dependency cycle(s) with /ocp/interconnect@48000000/segment@300000/target-module@e000/lcdc@0
[    2.850868] omap_i2c 44e0b000.i2c: bus 0 rev0.11 at 400 kHz
[    2.858490] sdhci-omap 48060000.mmc: using DT '/ocp/interconnect@48000000/segment@0/target-module@60000/mmc@0' for 'cd' GPIO lookup
[    2.858599] of_get_named_gpiod_flags: parsed 'cd-gpios' property of node '/ocp/interconnect@48000000/segment@0/target-module@60000/mmc@0[0]' - status (0)
[    2.858665] gpio gpiochip3: Persistence not supported for GPIO 6
[    2.858690] omap_gpio 44e07000.gpio: Could not set line 6 debounce to 200000 microseconds (-22)
[    2.867580] sdhci-omap 48060000.mmc: Got CD GPIO
[    2.872268] sdhci-omap 48060000.mmc: using DT '/ocp/interconnect@48000000/segment@0/target-module@60000/mmc@0' for 'wp' GPIO lookup
[    2.872317] of_get_named_gpiod_flags: can't parse 'wp-gpios' property of node '/ocp/interconnect@48000000/segment@0/target-module@60000/mmc@0[0]'
[    2.872363] of_get_named_gpiod_flags: can't parse 'wp-gpio' property of node '/ocp/interconnect@48000000/segment@0/target-module@60000/mmc@0[0]'
[    2.872404] sdhci-omap 48060000.mmc: using lookup tables for GPIO lookup
[    2.872419] sdhci-omap 48060000.mmc: No GPIO consumer wp found
[    2.872628] sdhci-omap 48060000.mmc: supply pbias not found, using dummy regulator
[    2.881431] sdhci-omap 481d8000.mmc: using DT '/ocp/interconnect@48000000/segment@100000/target-module@d8000/mmc@0' for 'wp' GPIO lookup
[    2.881510] of_get_named_gpiod_flags: can't parse 'wp-gpios' property of node '/ocp/interconnect@48000000/segment@100000/target-module@d8000/mmc@0[0]'
[    2.881560] of_get_named_gpiod_flags: can't parse 'wp-gpio' property of node '/ocp/interconnect@48000000/segment@100000/target-module@d8000/mmc@0[0]'
[    2.881601] sdhci-omap 481d8000.mmc: using lookup tables for GPIO lookup
[    2.881615] sdhci-omap 481d8000.mmc: No GPIO consumer wp found
[    2.882980] sdhci-omap 48060000.mmc: supply vqmmc not found, using dummy regulator
[    2.892066] sdhci-omap 481d8000.mmc: supply pbias not found, using dummy regulator
[    2.900076] sdhci-omap 481d8000.mmc: supply vqmmc not found, using dummy regulator
[    2.938789] mmc1: SDHCI controller on 481d8000.mmc [481d8000.mmc] using External DMA
[    2.947861] mmc0: SDHCI controller on 48060000.mmc [48060000.mmc] using External DMA
[    2.956816] cpsw-switch 4a100000.switch: starting ndev. mode: dual_mac
[    3.000553] mmc0: new high speed SDHC card at address 5048
[    3.007685] mmcblk0: mmc0:5048 SD16G 14.4 GiB
[    3.015856]  mmcblk0: p1 p2
[    3.019255] mmcblk0: p2 size 31221760 extends beyond EOD, truncated
[    3.032509] SMSC LAN8710/LAN8720 4a101000.mdio:00: attached PHY driver (mii_bus:phy_addr=4a101000.mdio:00, irq=POLL)
[    3.045214] mmc1: new high speed MMC card at address 0001
[    3.056287] mmcblk1: mmc1:0001 MMC04G 3.60 GiB
[    3.063813]  mmcblk1: p1 p2
[    3.068081] mmcblk1boot0: mmc1:0001 MMC04G 2.00 MiB
[    3.075589] mmcblk1boot1: mmc1:0001 MMC04G 2.00 MiB
[    3.083120] mmcblk1rpmb: mmc1:0001 MMC04G 128 KiB, chardev (250:0)
[    6.242035] cpsw-switch 4a100000.switch eth0: Link is Up - 100Mbps/Full - flow control off
[    6.271282] IP-Config: Complete:
[    6.274555]      device=eth0, hwaddr=6c:ec:eb:68:de:78, ipaddr=192.168.255.1, mask=255.255.255.0, gw=255.255.255.255
[    6.285199]      host=bbb1, domain=, nis-domain=(none)
[    6.290369]      bootserver=192.168.255.126, rootserver=192.168.255.126, rootpath=
[    6.290800] clk: Disabling unused clocks
[    6.302679] PM: genpd: Disabling unused power domains
[    6.307797] KTAP version 1
[    6.310519] 1..0
[    6.347344] VFS: Mounted root (nfs filesystem) on device 0:17.
[    6.354504] devtmpfs: mounted
[    6.359201] Freeing unused kernel image (initmem) memory: 1024K
[    6.366124] Run /sbin/init as init process
[    6.370260]   with arguments:
[    6.370273]     /sbin/init
[    6.370283]     nfsrootdebug
[    6.370292]   with environment:
[    6.370301]     HOME=/
[    6.370310]     TERM=linux
[    7.082407] systemd[1]: System time before build time, advancing clock.
[    8.541291] random: crng init done
[    8.582994] systemd[1]: systemd 232 running in system mode. (+PAM +AUDIT +SELINUX +IMA +APPARMOR +SMACK +SYSVINIT +UTMP +LIBCRYPTSETUP +GCRYPT +GNUTLS +ACL +XZ +LZ4 +SECCOMP +BLKID +ELFUTILS +KMOD +IDN)
[    8.602166] systemd[1]: Detected architecture arm.
[    8.634469] systemd[1]: Set hostname to <arm>.
[    9.778826] systemd[1]: Reached target Swap.
[    9.803331] systemd[1]: Listening on udev Control Socket.
[    9.831938] systemd[1]: Listening on udev Kernel Socket.
[    9.863092] systemd[1]: Set up automount Arbitrary Executable File Formats File System Automount Point.
[    9.892911] systemd[1]: Created slice User and Session Slice.
[    9.923312] systemd[1]: Listening on Syslog Socket.
[    9.952099] systemd[1]: Listening on Journal Socket (/dev/log).
[   12.345931] systemd-journald[91]: Received request to flush runtime journal from PID 1
[   14.953010] leds-gpio leds: using DT '/leds/led2' for '(default)' GPIO lookup
[   14.953115] of_get_named_gpiod_flags: parsed 'gpios' property of node '/leds/led2[0]' - status (0)
[   14.953172] gpio gpiochip0: Persistence not supported for GPIO 21
[   14.953189] gpio-533 (?): no flags found for GPIO (default)
[   15.013836] leds-gpio leds: using DT '/leds/led3' for '(default)' GPIO lookup
[   15.014171] of_get_named_gpiod_flags: parsed 'gpios' property of node '/leds/led3[0]' - status (0)
[   15.014243] gpio gpiochip0: Persistence not supported for GPIO 22
[   15.014260] gpio-534 (?): no flags found for GPIO (default)
[   15.049326] leds-gpio leds: using DT '/leds/led4' for '(default)' GPIO lookup
[   15.049438] of_get_named_gpiod_flags: parsed 'gpios' property of node '/leds/led4[0]' - status (0)
[   15.049490] gpio gpiochip0: Persistence not supported for GPIO 23
[   15.049506] gpio-535 (?): no flags found for GPIO (default)
[   15.063256] leds-gpio leds: using DT '/leds/led5' for '(default)' GPIO lookup
[   15.063369] of_get_named_gpiod_flags: parsed 'gpios' property of node '/leds/led5[0]' - status (0)
[   15.063425] gpio gpiochip0: Persistence not supported for GPIO 24
[   15.063442] gpio-536 (?): no flags found for GPIO (default)
[   15.110397] remoteproc remoteproc0: wkup_m3 is available
[   15.433339] at24 2-0054: supply vcc not found, using dummy regulator
[   15.545286] omap_rtc 44e3e000.rtc: registered as rtc0
[   15.550468] omap_rtc 44e3e000.rtc: setting system clock to 2000-01-01T00:00:00 UTC (946684800)
[   15.559356] omap_rtc 44e3e000.rtc: using DT '/ocp/interconnect@44c00000/segment@200000/target-module@3e000/rtc@0' for 'wp' GPIO lookup
[   15.559433] of_get_named_gpiod_flags: can't parse 'wp-gpios' property of node '/ocp/interconnect@44c00000/segment@200000/target-module@3e000/rtc@0[0]'
[   15.559488] of_get_named_gpiod_flags: can't parse 'wp-gpio' property of node '/ocp/interconnect@44c00000/segment@200000/target-module@3e000/rtc@0[0]'
[   15.559532] omap_rtc 44e3e000.rtc: using lookup tables for GPIO lookup
[   15.559548] omap_rtc 44e3e000.rtc: No GPIO consumer wp found
[   15.571717] at24 2-0055: supply vcc not found, using dummy regulator
[   15.680050] at24 2-0056: supply vcc not found, using dummy regulator
[   15.770778] at24 2-0057: supply vcc not found, using dummy regulator
[   15.897703] at24 0-0050: using DT '/ocp/interconnect@44c00000/segment@200000/target-module@b000/i2c@0/baseboard_eeprom@50' for 'wp' GPIO lookup
[   15.897827] of_get_named_gpiod_flags: can't parse 'wp-gpios' property of node '/ocp/interconnect@44c00000/segment@200000/target-module@b000/i2c@0/baseboard_eeprom@50[0]'
[   15.897889] of_get_named_gpiod_flags: can't parse 'wp-gpio' property of node '/ocp/interconnect@44c00000/segment@200000/target-module@b000/i2c@0/baseboard_eeprom@50[0]'
[   15.897939] at24 0-0050: using lookup tables for GPIO lookup
[   15.897954] at24 0-0050: No GPIO consumer wp found
[   15.898309] at24 0-0050: 32768 byte 24c256 EEPROM, writable, 1 bytes/write
[   16.000129] tps6521x_pwrbutton tps65217-pwrbutton: DMA mask not set
[   16.110940] input: tps65217_pwrbutton as /devices/platform/ocp/44c00000.interconnect/44c00000.interconnect:segment@200000/44e0b000.target-module/44e0b000.i2c/i2c-0/0-0024/tps65217-pwrbutton/input/input0
[   16.288501] wkup_m3_ipc 44e11324.wkup_m3_ipc: IPC Request for A8->M3 Channel failed! -517
[   16.334934] wkup_m3_ipc 44e11324.wkup_m3_ipc: IPC Request for A8->M3 Channel failed! -517
[   16.359714] omap_wdt: OMAP Watchdog Timer Rev 0x01: initial timeout 60 sec
[   16.453598] wkup_m3_ipc 44e11324.wkup_m3_ipc: IPC Request for A8->M3 Channel failed! -517
[   16.641773] am335x-phy-driver 47401300.usb-phy: using DT '/ocp/target-module@47400000/usb-phy@1300' for 'reset' GPIO lookup
[   16.641867] of_get_named_gpiod_flags: can't parse 'reset-gpios' property of node '/ocp/target-module@47400000/usb-phy@1300[0]'
[   16.641913] of_get_named_gpiod_flags: can't parse 'reset-gpio' property of node '/ocp/target-module@47400000/usb-phy@1300[0]'
[   16.641952] am335x-phy-driver 47401300.usb-phy: using lookup tables for GPIO lookup
[   16.641967] am335x-phy-driver 47401300.usb-phy: No GPIO consumer reset found
[   16.641983] am335x-phy-driver 47401300.usb-phy: using DT '/ocp/target-module@47400000/usb-phy@1300' for 'vbus-detect' GPIO lookup
[   16.642016] of_get_named_gpiod_flags: can't parse 'vbus-detect-gpios' property of node '/ocp/target-module@47400000/usb-phy@1300[0]'
[   16.642049] of_get_named_gpiod_flags: can't parse 'vbus-detect-gpio' property of node '/ocp/target-module@47400000/usb-phy@1300[0]'
[   16.642077] am335x-phy-driver 47401300.usb-phy: using lookup tables for GPIO lookup
[   16.642090] am335x-phy-driver 47401300.usb-phy: No GPIO consumer vbus-detect found
[   16.642243] am335x-phy-driver 47401300.usb-phy: dummy supplies not allowed for exclusive requests (id=vbus)
[   16.825553] am335x-phy-driver 47401b00.usb-phy: using DT '/ocp/target-module@47400000/usb-phy@1b00' for 'reset' GPIO lookup
[   16.825646] of_get_named_gpiod_flags: can't parse 'reset-gpios' property of node '/ocp/target-module@47400000/usb-phy@1b00[0]'
[   16.825692] of_get_named_gpiod_flags: can't parse 'reset-gpio' property of node '/ocp/target-module@47400000/usb-phy@1b00[0]'
[   16.825730] am335x-phy-driver 47401b00.usb-phy: using lookup tables for GPIO lookup
[   16.825747] am335x-phy-driver 47401b00.usb-phy: No GPIO consumer reset found
[   16.825763] am335x-phy-driver 47401b00.usb-phy: using DT '/ocp/target-module@47400000/usb-phy@1b00' for 'vbus-detect' GPIO lookup
[   16.825795] of_get_named_gpiod_flags: can't parse 'vbus-detect-gpios' property of node '/ocp/target-module@47400000/usb-phy@1b00[0]'
[   16.825829] of_get_named_gpiod_flags: can't parse 'vbus-detect-gpio' property of node '/ocp/target-module@47400000/usb-phy@1b00[0]'
[   16.825857] am335x-phy-driver 47401b00.usb-phy: using lookup tables for GPIO lookup
[   16.825870] am335x-phy-driver 47401b00.usb-phy: No GPIO consumer vbus-detect found
[   16.826019] am335x-phy-driver 47401b00.usb-phy: dummy supplies not allowed for exclusive requests (id=vbus)
[   16.839176] wkup_m3_ipc 44e11324.wkup_m3_ipc: IPC Request for A8->M3 Channel failed! -517
[   16.853817] usbcore: registered new interface driver usbfs
[   16.859456] usbcore: registered new interface driver hub
[   16.865140] usbcore: registered new device driver usb
[   17.003088] wkup_m3_ipc 44e11324.wkup_m3_ipc: IPC Request for A8->M3 Channel failed! -517
[   17.167029] tda998x 0-0070: found TDA19988
[   17.297549] wkup_m3_ipc 44e11324.wkup_m3_ipc: IPC Request for A8->M3 Channel failed! -517
[   17.431204] wkup_m3_ipc 44e11324.wkup_m3_ipc: IPC Request for A8->M3 Channel failed! -517
[   17.504375] musb-hdrc musb-hdrc.1: MUSB HDRC host driver
[   17.509796] musb-hdrc musb-hdrc.1: new USB bus registered, assigned bus number 1
[   17.518169] wkup_m3_ipc 44e11324.wkup_m3_ipc: IPC Request for A8->M3 Channel failed! -517
[   17.820610] usb usb1: New USB device found, idVendor=1d6b, idProduct=0002, bcdDevice= 6.12
[   17.829136] usb usb1: New USB device strings: Mfr=3, Product=2, SerialNumber=1
[   17.836459] usb usb1: Product: MUSB HDRC host driver
[   17.841486] usb usb1: Manufacturer: Linux 6.12.0-rc1-next-20241001 musb-hcd
[   17.848487] usb usb1: SerialNumber: musb-hdrc.1
[   17.893639] omap-mailbox 480c8000.mailbox: omap mailbox rev 0x400
[   18.051924] remoteproc remoteproc0: powering up wkup_m3
[   18.295558] remoteproc remoteproc0: Direct firmware load for am335x-pm-firmware.elf failed with error -2
[   18.305538] remoteproc remoteproc0: request_firmware failed: -2
[   18.311744] wkup_m3_ipc 44e11324.wkup_m3_ipc: rproc_boot failed
[   18.371870] hub 1-0:1.0: USB hub found
[   18.408487] hub 1-0:1.0: 1 port detected
[   20.180566] tilcdc 4830e000.lcdc: bound 0-0070 (ops tda998x_driver_exit [tda998x])
[   20.312611] [drm] Initialized tilcdc 1.0.0 for 4830e000.lcdc on minor 0
[   20.416270] tilcdc 4830e000.lcdc: [drm] Cannot find any crtc or sizes
[   20.497388] omap_rng 48310000.rng: Random Number Generator ver. 20
[   20.628509] tilcdc 4830e000.lcdc: [drm] Cannot find any crtc or sizes
[   21.319325] PM: Cannot get wkup_m3_ipc handle
[   21.462032] omap-sham 53100000.sham: hw accel on OMAP rev 4.3
[   21.544075] omap-aes 53500000.aes: OMAP AES hw accel rev: 3.2
[   21.589613] omap-sham 53100000.sham: will run requests pump with realtime priority
[   21.598688] PM: Cannot get wkup_m3_ipc handle
[   21.678944] omap-aes 53500000.aes: will run requests pump with realtime priority
[   21.687865] PM: Cannot get wkup_m3_ipc handle
[   23.375171] Bluetooth: Core ver 2.22
[   23.378998] NET: Registered PF_BLUETOOTH protocol family
[   23.384860] Bluetooth: HCI device and connection manager initialized
[   23.391551] Bluetooth: HCI socket layer initialized
[   23.396477] Bluetooth: L2CAP socket layer initialized
[   23.401728] Bluetooth: SCO socket layer initialized
[   25.437646] PM: Cannot get wkup_m3_ipc handle
[   25.443674] asoc-simple-card sound: using DT '/sound' for 'simple-audio-card,hp-det' GPIO lookup
[   25.443759] of_get_named_gpiod_flags: can't parse 'simple-audio-card,hp-det-gpios' property of node '/sound[0]'
[   25.443795] of_get_named_gpiod_flags: can't parse 'simple-audio-card,hp-det-gpio' property of node '/sound[0]'
[   25.443821] asoc-simple-card sound: using lookup tables for GPIO lookup
[   25.443835] asoc-simple-card sound: No GPIO consumer simple-audio-card,hp-det found
[   25.443851] asoc-simple-card sound: using DT '/sound' for 'simple-audio-card,mic-det' GPIO lookup
[   25.443877] of_get_named_gpiod_flags: can't parse 'simple-audio-card,mic-det-gpios' property of node '/sound[0]'
[   25.443903] of_get_named_gpiod_flags: can't parse 'simple-audio-card,mic-det-gpio' property of node '/sound[0]'
[   25.443924] asoc-simple-card sound: using lookup tables for GPIO lookup
[   25.443936] asoc-simple-card sound: No GPIO consumer simple-audio-card,mic-det found
[   25.556377] PM: Cannot get wkup_m3_ipc handle
[   29.427899] userial_init: registered 8 ttyGS* devices
[   29.614926] rndis_register: configNr = 0
[   29.676863] udc musb-hdrc.0: binding gadget driver [g_multi]
[   29.676961] configfs-gadget.g_multi gadget.0: adding 'rndis'/ee0e9a94 to config 'c'/c6187ffa
[   29.678121] configfs-gadget.g_multi gadget.0: HOST MAC 1c:ba:8c:a2:ed:6c
[   29.685173] configfs-gadget.g_multi gadget.0: MAC 1c:ba:8c:a2:ed:70
[   29.691598] rndis_set_param_medium: 0 0
[   29.691619] configfs-gadget.g_multi gadget.0: RNDIS: IN/ep1in OUT/ep1out NOTIFY/ep2in
[   29.691637] configfs-gadget.g_multi gadget.0: adding 'cdc_ethernet'/6ba34cbb to config 'c'/c6187ffa
[   29.692616] configfs-gadget.g_multi gadget.0: HOST MAC 1c:ba:8c:a2:ed:6c
[   29.699380] configfs-gadget.g_multi gadget.0: MAC 1c:ba:8c:a2:ed:6d
[   29.705813] configfs-gadget.g_multi gadget.0: CDC Ethernet: IN/ep3in OUT/ep2out NOTIFY/ep4in
[   29.705835] configfs-gadget.g_multi gadget.0: adding 'acm'/3d3bb648 to config 'c'/c6187ffa
[   29.705871] configfs-gadget.g_multi gadget.0: acm ttyGS0: IN/ep5in OUT/ep3out NOTIFY/ep6in
[   29.711150] PM: Cannot get wkup_m3_ipc handle
[   31.990337] configfs-gadget.g_multi gadget.0: eth_open
[   35.954548] gs_open: ttyGS0 (58e90e5f,2eb1673c)
[   35.954705] gs_close: ttyGS0 (58e90e5f,2eb1673c) ...
[   35.954728] gs_close: ttyGS0 (58e90e5f,2eb1673c) done!
[   35.969512] gs_open: ttyGS0 (58e90e5f,5d852f6d)
[   35.969661] gs_close: ttyGS0 (58e90e5f,5d852f6d) ...
[   35.969687] gs_close: ttyGS0 (58e90e5f,5d852f6d) done!
[   36.151468] gs_open: ttyGS0 (58e90e5f,34b7ae55)
[   36.154580] gs_close: ttyGS0 (58e90e5f,34b7ae55) ...
[   36.154649] gs_close: ttyGS0 (58e90e5f,34b7ae55) done!
[   36.156893] gs_open: ttyGS0 (58e90e5f,5d852f6d)
BOUJYFAPXL 0
root@arm:~# echo 'KNUU''VZEONF'
KNUUVZEONF
root@arm:~# MARKER='ANWM''ZKTKBW' run 'modprobe test_linear_ranges'
ANWMZKTKBWANWMZKTKBW 0
root@arm:~# echo 'EKHT''VQBTTF'
EKHTVQBTTF
root@arm:~# MARKER='CVAP''YQKSLC' run dmesg
CVAPYQKSLC[    0.000000] Booting Linux on physical CPU 0x0
[    0.000000] Linux version 6.12.0-rc1-next-20241001 (user01@drvtest01) (arm-linux-gnueabihf-gcc (Linaro GCC 6.4-2017.11) 6.4.1 20171012, GNU ld (Linaro_Binutils-2017.11) 2.27.0.20161229) #107 SMP Tue Oct  1 08:13:45 EEST 2024
[    0.000000] CPU: ARMv7 Processor [413fc082] revision 2 (ARMv7), cr=10c5387d
[    0.000000] CPU: PIPT / VIPT nonaliasing data cache, VIPT aliasing instruction cache
[    0.000000] OF: fdt: Machine model: TI AM335x BeagleBone Black
[    0.000000] Memory policy: Data cache writeback
[    0.000000] cma: Reserved 16 MiB at 0x9e800000 on node -1
[    0.000000] Zone ranges:
[    0.000000]   Normal   [mem 0x0000000080000000-0x000000009fdfffff]
[    0.000000]   HighMem  empty
[    0.000000] Movable zone start for each node
[    0.000000] Early memory node ranges
[    0.000000]   node   0: [mem 0x0000000080000000-0x000000009fdfffff]
[    0.000000] Initmem setup node 0 [mem 0x0000000080000000-0x000000009fdfffff]
[    0.000000] CPU: All CPU(s) started in SVC mode.
[    0.000000] AM335X ES2.1 (sgx neon)
[    0.000000] percpu: Embedded 17 pages/cpu s40268 r8192 d21172 u69632
[    0.000000] pcpu-alloc: s40268 r8192 d21172 u69632 alloc=17*4096
[    0.000000] pcpu-alloc: [0] 0 
[    0.000000] Kernel command line: console=ttyO0,115200n8 root=/dev/nfs rw nfsroot=192.168.255.126:/home/user01/nfs,nfsvers=3 ip=192.168.255.1:192.168.255.126::255.255.255.0:bbb1:eth0 nfsrootdebug
[    0.000000] Unknown kernel command line parameters "nfsrootdebug", will be passed to user space.
[    0.000000] Dentry cache hash table entries: 65536 (order: 6, 262144 bytes, linear)
[    0.000000] Inode-cache hash table entries: 32768 (order: 5, 131072 bytes, linear)
[    0.000000] Built 1 zonelists, mobility grouping on.  Total pages: 130560
[    0.000000] mem auto-init: stack:off, heap alloc:off, heap free:off
[    0.000000] SLUB: HWalign=64, Order=0-3, MinObjects=0, CPUs=1, Nodes=1
[    0.000000] trace event string verifier disabled
[    0.000000] rcu: Hierarchical RCU implementation.
[    0.000000] rcu: 	RCU event tracing is enabled.
[    0.000000] rcu: 	RCU restricting CPUs from NR_CPUS=2 to nr_cpu_ids=1.
[    0.000000] rcu: RCU calculated value of scheduler-enlistment delay is 10 jiffies.
[    0.000000] rcu: Adjusting geometry for rcu_fanout_leaf=16, nr_cpu_ids=1
[    0.000000] NR_IRQS: 16, nr_irqs: 16, preallocated irqs: 16
[    0.000000] IRQ: Found an INTC at 0x(ptrval) (revision 5.0) with 128 interrupts
[    0.000000] rcu: srcu_init: Setting srcu_struct sizes based on contention.
[    0.000000] TI gptimer clocksource: always-on /ocp/interconnect@44c00000/segment@200000/target-module@31000
[    0.000003] sched_clock: 32 bits at 24MHz, resolution 41ns, wraps every 89478484971ns
[    0.000028] clocksource: dmtimer: mask: 0xffffffff max_cycles: 0xffffffff, max_idle_ns: 79635851949 ns
[    0.000504] TI gptimer clockevent: 24000000 Hz at /ocp/interconnect@48000000/segment@0/target-module@40000
[    0.002156] Console: colour dummy device 80x30
[    0.002222] WARNING: Your 'console=ttyO0' has been replaced by 'ttyS0'
[    0.002230] This ensures that you still see kernel messages. Please
[    0.002235] update your kernel commandline.
[    0.002276] Calibrating delay loop... 996.14 BogoMIPS (lpj=4980736)
[    0.090558] CPU: Testing write buffer coherency: ok
[    0.090656] CPU0: Spectre v2: using BPIALL workaround
[    0.090667] pid_max: default: 32768 minimum: 301
[    0.090792] LSM: initializing lsm=capability
[    0.090965] Mount-cache hash table entries: 1024 (order: 0, 4096 bytes, linear)
[    0.090987] Mountpoint-cache hash table entries: 1024 (order: 0, 4096 bytes, linear)
[    0.092625] CPU0: thread -1, cpu 0, socket -1, mpidr 0
[    0.160733] Setting up static identity map for 0x80100000 - 0x80100078
[    0.170705] rcu: Hierarchical SRCU implementation.
[    0.170717] rcu: 	Max phase no-delay instances is 1000.
[    0.190768] smp: Bringing up secondary CPUs ...
[    0.190823] smp: Brought up 1 node, 1 CPU
[    0.190840] SMP: Total of 1 processors activated (996.14 BogoMIPS).
[    0.190853] CPU: All CPU(s) started in SVC mode.
[    0.191036] Memory: 480860K/522240K available (11264K kernel code, 1215K rwdata, 2876K rodata, 1024K init, 299K bss, 23368K reserved, 16384K cma-reserved, 0K highmem)
[    0.191894] devtmpfs: initialized
[    0.208932] VFP support v0.3: implementor 41 architecture 3 part 30 variant c rev 3
[    0.209287] clocksource: jiffies: mask: 0xffffffff max_cycles: 0xffffffff, max_idle_ns: 19112604462750000 ns
[    0.209324] futex hash table entries: 256 (order: 2, 16384 bytes, linear)
[    0.210833] pinctrl core: initialized pinctrl subsystem
[    0.213673] NET: Registered PF_NETLINK/PF_ROUTE protocol family
[    0.216462] DMA: preallocated 256 KiB pool for atomic coherent allocations
[    0.217365] audit: initializing netlink subsys (disabled)
[    0.218814] thermal_sys: Registered thermal governor 'fair_share'
[    0.218830] thermal_sys: Registered thermal governor 'step_wise'
[    0.218840] thermal_sys: Registered thermal governor 'user_space'
[    0.218985] audit: type=2000 audit(0.210:1): state=initialized audit_enabled=0 res=1
[    0.219023] cpuidle: using governor menu
[    0.238062] No ATAGs?
[    0.238087] hw-breakpoint: debug architecture 0x4 unsupported.
[    0.240965] kprobes: kprobe jump-optimization is enabled. All kprobes are optimized if possible.
[    0.254073] iommu: Default domain type: Translated
[    0.254098] iommu: DMA domain TLB invalidation policy: strict mode
[    0.255764] reg-fixed-voltage fixedregulator0: using DT '/fixedregulator0' for '(default)' GPIO lookup
[    0.255816] of_get_named_gpiod_flags: can't parse 'gpios' property of node '/fixedregulator0[0]'
[    0.255847] of_get_named_gpiod_flags: can't parse 'gpio' property of node '/fixedregulator0[0]'
[    0.255866] reg-fixed-voltage fixedregulator0: using lookup tables for GPIO lookup
[    0.255878] reg-fixed-voltage fixedregulator0: No GPIO consumer (default) found
[    0.261708] SCSI subsystem initialized
[    0.262201] libata version 3.00 loaded.
[    0.262569] pps_core: LinuxPPS API ver. 1 registered
[    0.262579] pps_core: Software ver. 5.3.6 - Copyright 2005-2007 Rodolfo Giometti <giometti@linux.it>
[    0.262608] PTP clock support registered
[    0.270854] vgaarb: loaded
[    0.271261] clocksource: Switched to clocksource dmtimer
[    0.271929] VFS: Disk quotas dquot_6.6.0
[    0.271973] VFS: Dquot-cache hash table entries: 1024 (order 0, 4096 bytes)
[    0.297385] NET: Registered PF_INET protocol family
[    0.297740] IP idents hash table entries: 8192 (order: 4, 65536 bytes, linear)
[    0.299139] tcp_listen_portaddr_hash hash table entries: 512 (order: 0, 4096 bytes, linear)
[    0.299178] Table-perturb hash table entries: 65536 (order: 6, 262144 bytes, linear)
[    0.299196] TCP established hash table entries: 4096 (order: 2, 16384 bytes, linear)
[    0.299240] TCP bind hash table entries: 4096 (order: 4, 65536 bytes, linear)
[    0.299342] TCP: Hash tables configured (established 4096 bind 4096)
[    0.299464] UDP hash table entries: 256 (order: 1, 8192 bytes, linear)
[    0.299494] UDP-Lite hash table entries: 256 (order: 1, 8192 bytes, linear)
[    0.299682] NET: Registered PF_UNIX/PF_LOCAL protocol family
[    0.302077] RPC: Registered named UNIX socket transport module.
[    0.302101] RPC: Registered udp transport module.
[    0.302107] RPC: Registered tcp transport module.
[    0.302112] RPC: Registered tcp-with-tls transport module.
[    0.302118] RPC: Registered tcp NFSv4.1 backchannel transport module.
[    0.302142] PCI: CLS 0 bytes, default 64
[    0.303655] Initialise system trusted keyrings
[    0.312106] workingset: timestamp_bits=14 max_order=17 bucket_order=3
[    0.313444] NFS: Registering the id_resolver key type
[    0.313532] Key type id_resolver registered
[    0.313541] Key type id_legacy registered
[    0.313590] jffs2: version 2.2. (NAND) (SUMMARY)  Â© 2001-2006 Red Hat, Inc.
[    0.313997] Key type asymmetric registered
[    0.314013] Asymmetric key parser 'x509' registered
[    0.314081] io scheduler mq-deadline registered
[    0.314094] io scheduler kyber registered
[    0.314166] io scheduler bfq registered
[    0.315819] ledtrig-cpu: registered to indicate activity on CPUs
[    0.321834] Serial: 8250/16550 driver, 6 ports, IRQ sharing enabled
[    0.372955] brd: module loaded
[    0.393221] loop: module loaded
[    0.394184] mtdoops: mtd device (mtddev=name/number) must be supplied
[    0.395952] mdio_bus fixed-0: using lookup tables for GPIO lookup
[    0.395976] mdio_bus fixed-0: No GPIO consumer reset found
[    0.397398] i2c_dev: i2c /dev entries driver
[    0.398408] cpuidle: enable-method property 'ti,am3352' found operations
[    0.398858] sdhci: Secure Digital Host Controller Interface driver
[    0.398867] sdhci: Copyright(c) Pierre Ossman
[    0.399048] sdhci-pltfm: SDHCI platform and OF driver helper
[    0.400099] Initializing XFRM netlink socket
[    0.400226] NET: Registered PF_INET6 protocol family
[    0.418160] Segment Routing with IPv6
[    0.418254] In-situ OAM (IOAM) with IPv6
[    0.418355] sit: IPv6, IPv4 and MPLS over IPv4 tunneling driver
[    0.419308] NET: Registered PF_PACKET protocol family
[    0.419346] NET: Registered PF_KEY protocol family
[    0.419477] Key type dns_resolver registered
[    0.419759] ThumbEE CPU extension supported.
[    0.419779] Registering SWP/SWPB emulation handler
[    0.420310] omap_voltage_late_init: Voltage driver support not added
[    0.420669] SmartReflex Class3 initialized
[    0.438353] Loading compiled-in X.509 certificates
[    0.493591] gpiochip_find_base_unlocked: found new base at 512
[    0.514644] platform 44e10800.pinmux: Fixed dependency cycle(s) with /ocp/interconnect@44c00000/segment@200000/target-module@10000/scm@0/pinmux@800/clkout2-pins
[    0.515201] pinctrl-single 44e10800.pinmux: 142 pins, size 568
[    0.520263] ti-sysc 44e31000.target-module: probe with driver ti-sysc failed with error -16
[    0.567848] ti-sysc 48040000.target-module: probe with driver ti-sysc failed with error -16
[    0.579031] gpiochip_find_base_unlocked: found new base at 512
[    0.579132] gpio gpiochip0: (gpio-0-31): created GPIO range 0->7 ==> 44e10800.pinmux PIN 0->7
[    0.579152] gpio gpiochip0: (gpio-0-31): created GPIO range 8->11 ==> 44e10800.pinmux PIN 90->93
[    0.579168] gpio gpiochip0: (gpio-0-31): created GPIO range 12->27 ==> 44e10800.pinmux PIN 12->27
[    0.579184] gpio gpiochip0: (gpio-0-31): created GPIO range 28->31 ==> 44e10800.pinmux PIN 30->33
[    0.619515] gpio gpiochip0: (gpio-0-31): added GPIO chardev (254:0)
[    0.619688] gpio gpiochip0: registered GPIOs 512 to 543 on gpio-0-31
[    0.619775] OMAP GPIO hardware version 0.1
[    0.642790] i2c i2c-2: using DT '/ocp/interconnect@48000000/segment@100000/target-module@9c000/i2c@0' for 'scl' GPIO lookup
[    0.642865] of_get_named_gpiod_flags: can't parse 'scl-gpios' property of node '/ocp/interconnect@48000000/segment@100000/target-module@9c000/i2c@0[0]'
[    0.642911] of_get_named_gpiod_flags: can't parse 'scl-gpio' property of node '/ocp/interconnect@48000000/segment@100000/target-module@9c000/i2c@0[0]'
[    0.642949] i2c i2c-2: using lookup tables for GPIO lookup
[    0.642959] i2c i2c-2: No GPIO consumer scl found
[    0.642983] i2c i2c-2: using DT '/ocp/interconnect@48000000/segment@100000/target-module@9c000/i2c@0' for 'sda' GPIO lookup
[    0.643019] of_get_named_gpiod_flags: can't parse 'sda-gpios' property of node '/ocp/interconnect@48000000/segment@100000/target-module@9c000/i2c@0[0]'
[    0.643058] of_get_named_gpiod_flags: can't parse 'sda-gpio' property of node '/ocp/interconnect@48000000/segment@100000/target-module@9c000/i2c@0[0]'
[    0.643091] i2c i2c-2: using lookup tables for GPIO lookup
[    0.643099] i2c i2c-2: No GPIO consumer sda found
[    0.643857] omap_i2c 4819c000.i2c: bus 2 rev0.11 at 100 kHz
[    0.649131] gpiochip_find_base_unlocked: found new base at 544
[    0.649228] gpio gpiochip1: (gpio-32-63): created GPIO range 0->17 ==> 44e10800.pinmux PIN 34->51
[    0.649248] gpio gpiochip1: (gpio-32-63): created GPIO range 18->21 ==> 44e10800.pinmux PIN 77->80
[    0.649266] gpio gpiochip1: (gpio-32-63): created GPIO range 22->31 ==> 44e10800.pinmux PIN 56->65
[    0.650966] gpio gpiochip1: (gpio-32-63): added GPIO chardev (254:1)
[    0.651120] gpio gpiochip1: registered GPIOs 544 to 575 on gpio-32-63
[    0.653575] gpiochip_find_base_unlocked: found new base at 576
[    0.653668] gpio gpiochip2: (gpio-64-95): created GPIO range 0->4 ==> 44e10800.pinmux PIN 66->70
[    0.653686] gpio gpiochip2: (gpio-64-95): created GPIO range 5->6 ==> 44e10800.pinmux PIN 98->99
[    0.653701] gpio gpiochip2: (gpio-64-95): created GPIO range 7->8 ==> 44e10800.pinmux PIN 75->76
[    0.653717] gpio gpiochip2: (gpio-64-95): created GPIO range 13->13 ==> 44e10800.pinmux PIN 141->141
[    0.653733] gpio gpiochip2: (gpio-64-95): created GPIO range 14->21 ==> 44e10800.pinmux PIN 100->107
[    0.668286] gpio gpiochip2: (gpio-64-95): added GPIO chardev (254:2)
[    0.668445] gpio gpiochip2: registered GPIOs 576 to 607 on gpio-64-95
[    0.674246] 48000000.interconnect:segment@200000:target-module@0:mpu@0:fck: device ID is greater than 24
[    0.678380] platform 4830e000.lcdc: Fixed dependency cycle(s) with /ocp/interconnect@44c00000/segment@200000/target-module@b000/i2c@0/tda19988@70
[    0.687829] mdio_bus 4a101000.mdio: using DT '/ocp/interconnect@4a000000/segment@0/target-module@100000/switch@0/mdio@1000' for 'reset' GPIO lookup
[    0.687902] of_get_named_gpiod_flags: can't parse 'reset-gpios' property of node '/ocp/interconnect@4a000000/segment@0/target-module@100000/switch@0/mdio@1000[0]'
[    0.687951] of_get_named_gpiod_flags: can't parse 'reset-gpio' property of node '/ocp/interconnect@4a000000/segment@0/target-module@100000/switch@0/mdio@1000[0]'
[    0.688001] mdio_bus 4a101000.mdio: using lookup tables for GPIO lookup
[    0.688011] mdio_bus 4a101000.mdio: No GPIO consumer reset found
[    0.689159] sdhci-omap 481d8000.mmc: using DT '/ocp/interconnect@48000000/segment@100000/target-module@d8000/mmc@0' for 'wp' GPIO lookup
[    0.689223] of_get_named_gpiod_flags: can't parse 'wp-gpios' property of node '/ocp/interconnect@48000000/segment@100000/target-module@d8000/mmc@0[0]'
[    0.689269] of_get_named_gpiod_flags: can't parse 'wp-gpio' property of node '/ocp/interconnect@48000000/segment@100000/target-module@d8000/mmc@0[0]'
[    0.689305] sdhci-omap 481d8000.mmc: using lookup tables for GPIO lookup
[    0.689315] sdhci-omap 481d8000.mmc: No GPIO consumer wp found
[    0.689509] sdhci-omap 481d8000.mmc: supply pbias not found, using dummy regulator
[    0.690020] sdhci-omap 481d8000.mmc: supply vqmmc not found, using dummy regulator
[    0.746305] davinci_mdio 4a101000.mdio: davinci mdio revision 1.6, bus freq 1000000
[    0.763748] mdio_bus 4a101000.mdio:00: using DT '/ocp/interconnect@4a000000/segment@0/target-module@100000/switch@0/mdio@1000/ethernet-phy@0' for 'reset' GPIO lookup
[    0.763851] of_get_named_gpiod_flags: parsed 'reset-gpios' property of node '/ocp/interconnect@4a000000/segment@0/target-module@100000/switch@0/mdio@1000/ethernet-phy@0[0]' - status (0)
[    0.764023] gpio gpiochip0: Persistence not supported for GPIO 8
[    0.861928] davinci_mdio 4a101000.mdio: phy[0]: device 4a101000.mdio:00, driver SMSC LAN8710/LAN8720
[    0.862715] ------------[ cut here ]------------
[    0.862733] WARNING: CPU: 0 PID: 33 at drivers/base/regmap/regmap.c:1208 regmap_field_init+0x90/0xa4
[    0.862780] invalid empty mask defined
[    0.862785] Modules linked in:
[    0.862806] CPU: 0 UID: 0 PID: 33 Comm: kworker/u4:3 Not tainted 6.12.0-rc1-next-20241001 #107
[    0.862821] Hardware name: Generic AM33XX (Flattened Device Tree)
[    0.862833] Workqueue: events_unbound deferred_probe_work_func
[    0.862859] Call trace: 
[    0.862875]  unwind_backtrace from show_stack+0x10/0x14
[    0.862908]  show_stack from dump_stack_lvl+0x50/0x64
[    0.862929]  dump_stack_lvl from __warn+0xf8/0x130
[    0.862957]  __warn from warn_slowpath_fmt+0x80/0x1a0
[    0.862978]  warn_slowpath_fmt from regmap_field_init+0x90/0xa4
[    0.863003]  regmap_field_init from devm_regmap_field_alloc+0x4c/0x60
[    0.863027]  devm_regmap_field_alloc from cpsw_ale_create+0x104/0x348
[    0.863047]  cpsw_ale_create from cpsw_init_common+0x224/0x35c
[    0.863062]  cpsw_init_common from cpsw_probe+0x4e4/0xbd4
[    0.863082]  cpsw_probe from platform_probe+0x7c/0xc0
[    0.863099]  platform_probe from really_probe+0x148/0x3a4
[    0.863119]  really_probe from __driver_probe_device+0x98/0x1d0
[    0.863139]  __driver_probe_device from driver_probe_device+0x2c/0xd4
[    0.863159]  driver_probe_device from __device_attach_driver+0xb4/0x118
[    0.863179]  __device_attach_driver from bus_for_each_drv+0x74/0xc4
[    0.863199]  bus_for_each_drv from __device_attach+0xe4/0x1b4
[    0.863218]  __device_attach from bus_probe_device+0x88/0x8c
[    0.863237]  bus_probe_device from device_add+0x528/0x758
[    0.863254]  device_add from of_platform_device_create_pdata+0xa0/0xf0
[    0.863288]  of_platform_device_create_pdata from of_platform_bus_create+0x178/0x33c
[    0.863312]  of_platform_bus_create from of_platform_populate+0x8c/0x134
[    0.863336]  of_platform_populate from sysc_probe+0x11fc/0x1474
[    0.863367]  sysc_probe from platform_probe+0x7c/0xc0
[    0.863382]  platform_probe from really_probe+0x148/0x3a4
[    0.863398]  really_probe from __driver_probe_device+0x98/0x1d0
[    0.863418]  __driver_probe_device from driver_probe_device+0x2c/0xd4
[    0.863438]  driver_probe_device from __device_attach_driver+0xb4/0x118
[    0.863458]  __device_attach_driver from bus_for_each_drv+0x74/0xc4
[    0.863478]  bus_for_each_drv from __device_attach+0xe4/0x1b4
[    0.863496]  __device_attach from bus_probe_device+0x88/0x8c
[    0.863515]  bus_probe_device from device_add+0x528/0x758
[    0.863531]  device_add from of_platform_device_create_pdata+0xa0/0xf0
[    0.863551]  of_platform_device_create_pdata from of_platform_bus_create+0x178/0x33c
[    0.863575]  of_platform_bus_create from of_platform_populate+0x8c/0x134
[    0.863598]  of_platform_populate from simple_pm_bus_probe+0xd4/0x128
[    0.863619]  simple_pm_bus_probe from platform_probe+0x7c/0xc0
[    0.863633]  platform_probe from really_probe+0x148/0x3a4
[    0.863649]  really_probe from __driver_probe_device+0x98/0x1d0
[    0.863669]  __driver_probe_device from driver_probe_device+0x2c/0xd4
[    0.863690]  driver_probe_device from __device_attach_driver+0xb4/0x118
[    0.863710]  __device_attach_driver from bus_for_each_drv+0x74/0xc4
[    0.863729]  bus_for_each_drv from __device_attach+0xe4/0x1b4
[    0.863747]  __device_attach from bus_probe_device+0x88/0x8c
[    0.863765]  bus_probe_device from device_add+0x528/0x758
[    0.863782]  device_add from of_platform_device_create_pdata+0xa0/0xf0
[    0.863802]  of_platform_device_create_pdata from of_platform_bus_create+0x178/0x33c
[    0.863826]  of_platform_bus_create from of_platform_populate+0x8c/0x134
[    0.863849]  of_platform_populate from simple_pm_bus_probe+0xd4/0x128
[    0.863869]  simple_pm_bus_probe from platform_probe+0x7c/0xc0
[    0.863884]  platform_probe from really_probe+0x148/0x3a4
[    0.863900]  really_probe from __driver_probe_device+0x98/0x1d0
[    0.863920]  __driver_probe_device from driver_probe_device+0x2c/0xd4
[    0.863940]  driver_probe_device from __device_attach_driver+0xb4/0x118
[    0.863960]  __device_attach_driver from bus_for_each_drv+0x74/0xc4
[    0.863979]  bus_for_each_drv from __device_attach+0xe4/0x1b4
[    0.863997]  __device_attach from bus_probe_device+0x88/0x8c
[    0.864016]  bus_probe_device from device_add+0x528/0x758
[    0.864032]  device_add from of_platform_device_create_pdata+0xa0/0xf0
[    0.864052]  of_platform_device_create_pdata from of_platform_bus_create+0x178/0x33c
[    0.864076]  of_platform_bus_create from of_platform_populate+0x8c/0x134
[    0.864099]  of_platform_populate from simple_pm_bus_probe+0xd4/0x128
[    0.864119]  simple_pm_bus_probe from platform_probe+0x7c/0xc0
[    0.864134]  platform_probe from really_probe+0x148/0x3a4
[    0.864150]  really_probe from __driver_probe_device+0x98/0x1d0
[    0.864170]  __driver_probe_device from driver_probe_device+0x2c/0xd4
[    0.864190]  driver_probe_device from __device_attach_driver+0xb4/0x118
[    0.864210]  __device_attach_driver from bus_for_each_drv+0x74/0xc4
[    0.864229]  bus_for_each_drv from __device_attach+0xe4/0x1b4
[    0.864247]  __device_attach from bus_probe_device+0x88/0x8c
[    0.864265]  bus_probe_device from deferred_probe_work_func+0x3c/0xdc
[    0.864284]  deferred_probe_work_func from process_scheduled_works+0xe4/0x420
[    0.864308]  process_scheduled_works from worker_thread+0x130/0x2f8
[    0.864323]  worker_thread from kthread+0xc8/0x100
[    0.864340]  kthread from ret_from_fork+0x14/0x20
[    0.864353] Exception stack(0xe008dfb0 to 0xe008dff8)
[    0.864365] dfa0:                                     00000000 00000000 00000000 00000000
[    0.864376] dfc0: 00000000 00000000 00000000 00000000 00000000 00000000 00000000 00000000
[    0.864385] dfe0: 00000000 00000000 00000000 00000000 00000013 00000000
[    0.864393] ---[ end trace 0000000000000000 ]---
[    0.864487] cpsw-switch 4a100000.switch: initialized cpsw ale version 1.4
[    0.864499] cpsw-switch 4a100000.switch: ALE Table size 1024, Policers 0
[    0.864658] cpsw-switch 4a100000.switch: cpts: overflow check period 500 (jiffies)
[    0.864677] cpsw-switch 4a100000.switch: CPTS: ref_clk_freq:250000000 calc_mult:2147483648 calc_shift:29 error:0 nsec/sec
[    0.864787] cpsw-switch 4a100000.switch: Detected MACID = 6c:ec:eb:68:de:78
[    0.866645] cpsw-switch 4a100000.switch: initialized (regs 0x4a100000, pool size 256) hw_ver:0019010C 1.12 (0)
[    0.877895] debugfs: Directory '49000000.dma' with parent 'dmaengine' already present!
[    0.877936] edma 49000000.dma: TI EDMA DMA engine driver
[    0.896578] target-module@4b000000:target-module@140000:pmu@0:fck: device ID is greater than 24
[    0.910000] hw perfevents: enabled with armv7_cortex_a8 PMU driver, 5 (8000000f) counters available
[    0.910967] gpio-clk clk_mcasp0: using DT '/clk_mcasp0' for 'enable' GPIO lookup
[    0.911043] of_get_named_gpiod_flags: parsed 'enable-gpios' property of node '/clk_mcasp0[0]' - status (0)
[    0.911089] gpio gpiochip0: Persistence not supported for GPIO 27
[    0.912107] gpiochip_find_base_unlocked: found new base at 608
[    0.912241] gpio gpiochip3: (gpio-96-127): created GPIO range 0->7 ==> 44e10800.pinmux PIN 82->89
[    0.912264] gpio gpiochip3: (gpio-96-127): created GPIO range 8->11 ==> 44e10800.pinmux PIN 52->55
[    0.912280] gpio gpiochip3: (gpio-96-127): created GPIO range 12->15 ==> 44e10800.pinmux PIN 94->97
[    0.912296] gpio gpiochip3: (gpio-96-127): created GPIO range 16->17 ==> 44e10800.pinmux PIN 71->72
[    0.912312] gpio gpiochip3: (gpio-96-127): created GPIO range 18->18 ==> 44e10800.pinmux PIN 135->135
[    0.912328] gpio gpiochip3: (gpio-96-127): created GPIO range 19->20 ==> 44e10800.pinmux PIN 108->109
[    0.912345] gpio gpiochip3: (gpio-96-127): created GPIO range 21->21 ==> 44e10800.pinmux PIN 73->73
[    0.912362] gpio gpiochip3: (gpio-96-127): created GPIO range 22->23 ==> 44e10800.pinmux PIN 8->9
[    0.912379] gpio gpiochip3: (gpio-96-127): created GPIO range 26->27 ==> 44e10800.pinmux PIN 10->11
[    0.912396] gpio gpiochip3: (gpio-96-127): created GPIO range 28->28 ==> 44e10800.pinmux PIN 74->74
[    0.912414] gpio gpiochip3: (gpio-96-127): created GPIO range 29->29 ==> 44e10800.pinmux PIN 81->81
[    0.912433] gpio gpiochip3: (gpio-96-127): created GPIO range 30->31 ==> 44e10800.pinmux PIN 28->29
[    0.926509] l3-aon-clkctrl:0000:0: failed to disable
[    0.926771] gpio gpiochip3: (gpio-96-127): added GPIO chardev (254:3)
