Labgrid Console Logfile for main
Logfile started at 2024-09-25 11:35:42.356417
=== Log starts here ===
reading args
spl_load_image_fat_os: error reading image args, err - -1
reading u-boot.img
reading u-boot.img


U-Boot 2014.04-00014-g47880f5 (Apr 22 2014 - 13:23:54)

I2C:   ready
DRAM:  512 MiB
NAND:  0 MiB
MMC:   OMAP SD/MMC: 0, OMAP SD/MMC: 1
*** Warning - readenv() failed, using default environment

Net:   <ethaddr> not set. Validating first E-fuse MAC
cpsw, usb_ether
Hit any key to stop autoboot:  1  0 
gpio: pin 53 (gpio 53) value is 1
mmc0 is current device
gpio: pin 54 (gpio 54) value is 1
SD/MMC found on device 0
reading uEnv.txt
569 bytes read in 4 ms (138.7 KiB/s)
gpio: pin 55 (gpio 55) value is 1
Loaded environment from uEnv.txt
Importing environment from mmc ...
Checking if uenvcmd is set ...
gpio: pin 56 (gpio 56) value is 1
Running uenvcmd ...
cpsw Waiting for PHY auto negotiation to complete. done
link up on port 0, speed 100, full duplex
Using cpsw device
TFTP from server 192.168.255.126; our IP address is 192.168.255.1
Filename 'zImage'.
Load address: 0x81000000
Loading: *T #################################################################
	 #################################################################
	 #################################################################
	 #################################################################
	 #################################################################
	 ##############################################
	 745.1 KiB/s
done
Bytes transferred = 5444560 (5313d0 hex)
link up on port 0, speed 100, full duplex
Using cpsw device
TFTP from server 192.168.255.126; our IP address is 192.168.255.1
Filename 'am335x-boneblack.dtb'.
Load address: 0x82000000
Loading: *#######
	 2.3 MiB/s
done
Bytes transferred = 97996 (17ecc hex)
Kernel image @ 0x81000000 [ 0x000000 - 0x5313d0 ]
## Flattened Device Tree blob at 82000000
   Booting using the fdt blob at 0x82000000
   Using Device Tree in place at 82000000, end 8201aecb

Starting kernel ...

[    0.000000] Booting Linux on physical CPU 0x0
[    0.000000] Linux version 6.11.0-g73ea23d406f1 (user01@drvtest01) (arm-linux-gnueabihf-gcc (Linaro GCC 6.4-2017.11) 6.4.1 20171012, GNU ld (Linaro_Binutils-2017.11) 2.27.0.20161229) #15 SMP Tue Sep 24 15:25:50 EEST 2024
[    0.000000] CPU: ARMv7 Processor [413fc082] revision 2 (ARMv7), cr=10c5387d
[    0.000000] CPU: PIPT / VIPT nonaliasing data cache, VIPT aliasing instruction cache
[    0.000000] OF: fdt: Machine model: TI AM335x BeagleBone Black
[    0.000000] Memory policy: Data cache writeback
[    0.000000] cma: Reserved 16 MiB at 0x9e800000 on node -1
[    0.000000] Zone ranges:
[    0.000000]   Normal   [mem 0x0000000080000000-0x000000009fdfffff]
[    0.000000]   HighMem  empty
[    0.000000] Movable zone start for each node
[    0.000000] Early memory node ranges
[    0.000000]   node   0: [mem 0x0000000080000000-0x000000009fdfffff]
[    0.000000] Initmem setup node 0 [mem 0x0000000080000000-0x000000009fdfffff]
[    0.000000] CPU: All CPU(s) started in SVC mode.
[    0.000000] AM335X ES2.1 (sgx neon)
[    0.000000] percpu: Embedded 17 pages/cpu s39628 r8192 d21812 u69632
[    0.000000] Kernel command line: console=ttyO0,115200n8 root=/dev/nfs rw nfsroot=192.168.255.126:/home/user01/nfs,nfsvers=3 ip=192.168.255.1:192.168.255.126::255.255.255.0:bbb1:eth0 nfsrootdebug
[    0.000000] Unknown kernel command line parameters "nfsrootdebug", will be passed to user space.
[    0.000000] Dentry cache hash table entries: 65536 (order: 6, 262144 bytes, linear)
[    0.000000] Inode-cache hash table entries: 32768 (order: 5, 131072 bytes, linear)
[    0.000000] Built 1 zonelists, mobility grouping on.  Total pages: 130560
[    0.000000] mem auto-init: stack:off, heap alloc:off, heap free:off
[    0.000000] SLUB: HWalign=64, Order=0-3, MinObjects=0, CPUs=1, Nodes=1
[    0.000000] trace event string verifier disabled
[    0.000000] rcu: Hierarchical RCU implementation.
[    0.000000] rcu: 	RCU event tracing is enabled.
[    0.000000] rcu: 	RCU restricting CPUs from NR_CPUS=2 to nr_cpu_ids=1.
[    0.000000] rcu: RCU calculated value of scheduler-enlistment delay is 10 jiffies.
[    0.000000] rcu: Adjusting geometry for rcu_fanout_leaf=16, nr_cpu_ids=1
[    0.000000] NR_IRQS: 16, nr_irqs: 16, preallocated irqs: 16
[    0.000000] IRQ: Found an INTC at 0x(ptrval) (revision 5.0) with 128 interrupts
[    0.000000] rcu: srcu_init: Setting srcu_struct sizes based on contention.
[    0.000000] TI gptimer clocksource: always-on /ocp/interconnect@44c00000/segment@200000/target-module@31000
[    0.000003] sched_clock: 32 bits at 24MHz, resolution 41ns, wraps every 89478484971ns
[    0.000030] clocksource: dmtimer: mask: 0xffffffff max_cycles: 0xffffffff, max_idle_ns: 79635851949 ns
[    0.000511] TI gptimer clockevent: 24000000 Hz at /ocp/interconnect@48000000/segment@0/target-module@40000
[    0.002141] Console: colour dummy device 80x30
[    0.002210] WARNING: Your 'console=ttyO0' has been replaced by 'ttyS0'
[    0.002220] This ensures that you still see kernel messages. Please
[    0.002226] update your kernel commandline.
[    0.002273] Calibrating delay loop... 996.14 BogoMIPS (lpj=4980736)
[    0.090568] CPU: Testing write buffer coherency: ok
[    0.090675] CPU0: Spectre v2: using BPIALL workaround
[    0.090688] pid_max: default: 32768 minimum: 301
[    0.090813] LSM: initializing lsm=capability
[    0.090980] Mount-cache hash table entries: 1024 (order: 0, 4096 bytes, linear)
[    0.091001] Mountpoint-cache hash table entries: 1024 (order: 0, 4096 bytes, linear)
[    0.092539] CPU0: thread -1, cpu 0, socket -1, mpidr 0
[    0.094253] Setting up static identity map for 0x80100000 - 0x80100078
[    0.094559] rcu: Hierarchical SRCU implementation.
[    0.094572] rcu: 	Max phase no-delay instances is 1000.
[    0.096237] smp: Bringing up secondary CPUs ...
[    0.096296] smp: Brought up 1 node, 1 CPU
[    0.096313] SMP: Total of 1 processors activated (996.14 BogoMIPS).
[    0.096327] CPU: All CPU(s) started in SVC mode.
[    0.096518] Memory: 480876K/522240K available (11264K kernel code, 1197K rwdata, 2856K rodata, 1024K init, 297K bss, 23344K reserved, 16384K cma-reserved, 0K highmem)
[    0.097322] devtmpfs: initialized
[    0.113700] VFP support v0.3: implementor 41 architecture 3 part 30 variant c rev 3
[    0.114051] clocksource: jiffies: mask: 0xffffffff max_cycles: 0xffffffff, max_idle_ns: 19112604462750000 ns
[    0.114087] futex hash table entries: 256 (order: 2, 16384 bytes, linear)
[    0.115357] pinctrl core: initialized pinctrl subsystem
[    0.118078] NET: Registered PF_NETLINK/PF_ROUTE protocol family
[    0.121083] DMA: preallocated 256 KiB pool for atomic coherent allocations
[    0.122049] audit: initializing netlink subsys (disabled)
[    0.123416] thermal_sys: Registered thermal governor 'fair_share'
[    0.123437] thermal_sys: Registered thermal governor 'step_wise'
[    0.123448] thermal_sys: Registered thermal governor 'user_space'
[    0.123567] audit: type=2000 audit(0.120:1): state=initialized audit_enabled=0 res=1
[    0.123639] cpuidle: using governor menu
[    0.142759] No ATAGs?
[    0.142793] hw-breakpoint: debug architecture 0x4 unsupported.
[    0.145686] kprobes: kprobe jump-optimization is enabled. All kprobes are optimized if possible.
[    0.163997] iommu: Default domain type: Translated
[    0.164024] iommu: DMA domain TLB invalidation policy: strict mode
[    0.171358] SCSI subsystem initialized
[    0.181368] pps_core: LinuxPPS API ver. 1 registered
[    0.181381] pps_core: Software ver. 5.3.6 - Copyright 2005-2007 Rodolfo Giometti <giometti@linux.it>
[    0.181407] PTP clock support registered
[    0.183319] vgaarb: loaded
[    0.183706] clocksource: Switched to clocksource dmtimer
[    0.184301] VFS: Disk quotas dquot_6.6.0
[    0.184347] VFS: Dquot-cache hash table entries: 1024 (order 0, 4096 bytes)
[    0.209769] NET: Registered PF_INET protocol family
[    0.210131] IP idents hash table entries: 8192 (order: 4, 65536 bytes, linear)
[    0.211527] tcp_listen_portaddr_hash hash table entries: 512 (order: 0, 4096 bytes, linear)
[    0.211570] Table-perturb hash table entries: 65536 (order: 6, 262144 bytes, linear)
[    0.211589] TCP established hash table entries: 4096 (order: 2, 16384 bytes, linear)
[    0.211633] TCP bind hash table entries: 4096 (order: 4, 65536 bytes, linear)
[    0.211735] TCP: Hash tables configured (established 4096 bind 4096)
[    0.211857] UDP hash table entries: 256 (order: 1, 8192 bytes, linear)
[    0.211886] UDP-Lite hash table entries: 256 (order: 1, 8192 bytes, linear)
[    0.212064] NET: Registered PF_UNIX/PF_LOCAL protocol family
[    0.224650] RPC: Registered named UNIX socket transport module.
[    0.224679] RPC: Registered udp transport module.
[    0.224687] RPC: Registered tcp transport module.
[    0.224694] RPC: Registered tcp-with-tls transport module.
[    0.224701] RPC: Registered tcp NFSv4.1 backchannel transport module.
[    0.224727] PCI: CLS 0 bytes, default 64
[    0.226165] Initialise system trusted keyrings
[    0.227237] workingset: timestamp_bits=14 max_order=17 bucket_order=3
[    0.228487] NFS: Registering the id_resolver key type
[    0.228558] Key type id_resolver registered
[    0.228568] Key type id_legacy registered
[    0.228618] jffs2: version 2.2. (NAND) (SUMMARY)  Â© 2001-2006 Red Hat, Inc.
[    0.229077] Key type asymmetric registered
[    0.229098] Asymmetric key parser 'x509' registered
[    0.229166] io scheduler mq-deadline registered
[    0.229179] io scheduler kyber registered
[    0.229247] io scheduler bfq registered
[    0.244162] Serial: 8250/16550 driver, 6 ports, IRQ sharing enabled
[    0.307039] brd: module loaded
[    0.318202] loop: module loaded
[    0.319137] mtdoops: mtd device (mtddev=name/number) must be supplied
[    0.336477] i2c_dev: i2c /dev entries driver
[    0.337461] cpuidle: enable-method property 'ti,am3352' found operations
[    0.337907] sdhci: Secure Digital Host Controller Interface driver
[    0.337919] sdhci: Copyright(c) Pierre Ossman
[    0.338095] sdhci-pltfm: SDHCI platform and OF driver helper
[    0.338409] ledtrig-cpu: registered to indicate activity on CPUs
[    0.339345] Initializing XFRM netlink socket
[    0.339470] NET: Registered PF_INET6 protocol family
[    0.341294] Segment Routing with IPv6
[    0.341392] In-situ OAM (IOAM) with IPv6
[    0.341490] sit: IPv6, IPv4 and MPLS over IPv4 tunneling driver
[    0.342432] NET: Registered PF_PACKET protocol family
[    0.342475] NET: Registered PF_KEY protocol family
[    0.342594] Key type dns_resolver registered
[    0.342863] ThumbEE CPU extension supported.
[    0.342889] Registering SWP/SWPB emulation handler
[    0.343416] omap_voltage_late_init: Voltage driver support not added
[    0.343958] SmartReflex Class3 initialized
[    0.364488] Loading compiled-in X.509 certificates
[    0.431989] platform 44e10800.pinmux: Fixed dependency cycle(s) with /ocp/interconnect@44c00000/segment@200000/target-module@10000/scm@0/pinmux@800/clkout2-pins
[    0.432548] pinctrl-single 44e10800.pinmux: 142 pins, size 568
[    0.437909] ti-sysc 44e31000.target-module: probe with driver ti-sysc failed with error -16
[    0.500383] ti-sysc 48040000.target-module: probe with driver ti-sysc failed with error -16
[    0.537463] OMAP GPIO hardware version 0.1
[    0.556101] omap_i2c 4819c000.i2c: bus 2 rev0.11 at 100 kHz
[    0.582569] 48000000.interconnect:segment@200000:target-module@0:mpu@0:fck: device ID is greater than 24
[    0.586995] platform 4830e000.lcdc: Fixed dependency cycle(s) with /ocp/interconnect@44c00000/segment@200000/target-module@b000/i2c@0/tda19988@70
[    0.598974] sdhci-omap 481d8000.mmc: supply pbias not found, using dummy regulator
[    0.599445] sdhci-omap 481d8000.mmc: supply vqmmc not found, using dummy regulator
[    0.674993] davinci_mdio 4a101000.mdio: davinci mdio revision 1.6, bus freq 1000000
[    0.792267] davinci_mdio 4a101000.mdio: phy[0]: device 4a101000.mdio:00, driver SMSC LAN8710/LAN8720
[    0.792913] cpsw-switch 4a100000.switch: initialized cpsw ale version 1.4
[    0.792938] cpsw-switch 4a100000.switch: ALE Table size 1024
[    0.824060] cpsw-switch 4a100000.switch: cpts: overflow check period 500 (jiffies)
[    0.824091] cpsw-switch 4a100000.switch: CPTS: ref_clk_freq:250000000 calc_mult:2147483648 calc_shift:29 error:0 nsec/sec
[    0.824215] cpsw-switch 4a100000.switch: Detected MACID = 6c:ec:eb:68:de:78
[    0.826040] cpsw-switch 4a100000.switch: initialized (regs 0x4a100000, pool size 256) hw_ver:0019010C 1.12 (0)
[    0.837036] debugfs: Directory '49000000.dma' with parent 'dmaengine' already present!
[    0.837086] edma 49000000.dma: TI EDMA DMA engine driver
[    0.877459] target-module@4b000000:target-module@140000:pmu@0:fck: device ID is greater than 24
[    0.906566] hw perfevents: enabled with armv7_cortex_a8 PMU driver, 5 counters available
[    0.914201] l3-aon-clkctrl:0000:0: failed to disable
[    0.917253] 44e09000.serial: ttyS0 at MMIO 0x44e09000 (irq = 34, base_baud = 3000000) is a 8250
[    0.917339] printk: legacy console [ttyS0] enabled
[    2.164743] tps65217-pmic: Failed to locate of_node [id: -1]
[    2.170814] tps65217-bl: Failed to locate of_node [id: -1]
[    2.181930] tps65217 0-0024: TPS65217 ID 0xe version 1.2
[    2.188083] platform 4830e000.lcdc: Fixed dependency cycle(s) with /ocp/interconnect@44c00000/segment@200000/target-module@b000/i2c@0/tda19988@70
[    2.201498] i2c 0-0070: Fixed dependency cycle(s) with /ocp/interconnect@48000000/segment@300000/target-module@e000/lcdc@0
[    2.212915] omap_i2c 44e0b000.i2c: bus 0 rev0.11 at 400 kHz
[    2.221517] omap_gpio 44e07000.gpio: Could not set line 6 debounce to 200000 microseconds (-22)
[    2.230434] sdhci-omap 48060000.mmc: Got CD GPIO
[    2.235498] sdhci-omap 48060000.mmc: supply pbias not found, using dummy regulator
[    2.245922] sdhci-omap 48060000.mmc: supply vqmmc not found, using dummy regulator
[    2.254421] sdhci-omap 481d8000.mmc: supply pbias not found, using dummy regulator
[    2.262417] sdhci-omap 481d8000.mmc: supply vqmmc not found, using dummy regulator
[    2.300767] mmc1: SDHCI controller on 481d8000.mmc [481d8000.mmc] using External DMA
[    2.309946] mmc0: SDHCI controller on 48060000.mmc [48060000.mmc] using External DMA
[    2.318650] cpsw-switch 4a100000.switch: starting ndev. mode: dual_mac
[    2.362907] mmc0: new high speed SDHC card at address 5048
[    2.369947] mmcblk0: mmc0:5048 SD16G 14.4 GiB
[    2.377936]  mmcblk0: p1 p2
[    2.381309] mmcblk0: p2 size 31221760 extends beyond EOD, truncated
[    2.395735] mmc1: new high speed MMC card at address 0001
[    2.402452] mmcblk1: mmc1:0001 MMC04G 3.60 GiB
[    2.410091]  mmcblk1: p1 p2
[    2.413836] SMSC LAN8710/LAN8720 4a101000.mdio:00: attached PHY driver (mii_bus:phy_addr=4a101000.mdio:00, irq=POLL)
[    2.430309] mmcblk1boot0: mmc1:0001 MMC04G 2.00 MiB
[    2.438127] mmcblk1boot1: mmc1:0001 MMC04G 2.00 MiB
[    2.445591] mmcblk1rpmb: mmc1:0001 MMC04G 128 KiB, chardev (250:0)
[    5.604472] cpsw-switch 4a100000.switch eth0: Link is Up - 100Mbps/Full - flow control off
[    5.663724] IP-Config: Complete:
[    5.667003]      device=eth0, hwaddr=6c:ec:eb:68:de:78, ipaddr=192.168.255.1, mask=255.255.255.0, gw=255.255.255.255
[    5.677630]      host=bbb1, domain=, nis-domain=(none)
[    5.682798]      bootserver=192.168.255.126, rootserver=192.168.255.126, rootpath=
[    5.683239] clk: Disabling unused clocks
[    5.695067] PM: genpd: Disabling unused power domains
[    5.700181] KTAP version 1
[    5.702902] 1..0
[    5.727417] VFS: Mounted root (nfs filesystem) on device 0:17.
[    5.734291] devtmpfs: mounted
[    5.738939] Freeing unused kernel image (initmem) memory: 1024K
[    5.745686] Run /sbin/init as init process
[    6.436180] systemd[1]: System time before build time, advancing clock.
[    7.883729] random: crng init done
[    7.944843] systemd[1]: systemd 232 running in system mode. (+PAM +AUDIT +SELINUX +IMA +APPARMOR +SMACK +SYSVINIT +UTMP +LIBCRYPTSETUP +GCRYPT +GNUTLS +ACL +XZ +LZ4 +SECCOMP +BLKID +ELFUTILS +KMOD +IDN)
[    7.963870] systemd[1]: Detected architecture arm.

Welcome to [1mDebian GNU/Linux 9 (stretch)[0m!

[    8.006752] systemd[1]: Set hostname to <arm>.
[    9.102173] systemd[1]: Listening on Journal Socket (/dev/log).
[[0;32m  OK  [0m] Listening on Journal Socket (/dev/log).
[    9.135314] systemd[1]: Created slice User and Session Slice.
[[0;32m  OK  [0m] Created slice User and Session Slice.
[    9.175386] systemd[1]: Set up automount Arbitrary Executable File Formats File System Automount Point.
[[0;32m  OK  [0m] Set up automount Arbitrary Executabâ€¦rmats File System Automount Point.
[    9.214466] systemd[1]: Listening on Syslog Socket.
[[0;32m  OK  [0m] Listening on Syslog Socket.
[    9.254072] systemd[1]: Reached target Swap.
[[0;32m  OK  [0m] Reached target Swap.
[    9.285665] systemd[1]: Listening on udev Control Socket.
[[0;32m  OK  [0m] Listening on udev Control Socket.
[    9.324327] systemd[1]: Listening on udev Kernel Socket.
[[0;32m  OK  [0m] Listening on udev Kernel Socket.
[[0;32m  OK  [0m] Started Forward Password Requests to Wall Directory Watch.
[[0;32m  OK  [0m] Created slice System Slice.
         Mounting POSIX Message Queue File System...
[[0;32m  OK  [0m] Reached target Slices.
[[0;32m  OK  [0m] Created slice system-serial\x2dgetty.slice.
[[0;32m  OK  [0m] Listening on Journal Socket.
         Starting Remount Root and Kernel File Systems...
         Starting Create list of required stâ€¦ce nodes for the current kernel...
         Starting Load Kernel Modules...
[[0;32m  OK  [0m] Listening on Journal Audit Socket.
         Starting Journal Service...
[[0;32m  OK  [0m] Listening on /dev/initctl Compatibility Named Pipe.
[[0;32m  OK  [0m] Reached target Remote File Systems.
[[0;32m  OK  [0m] Created slice system-getty.slice.
[[0;32m  OK  [0m] Started Dispatch Password Requests to Console Directory Watch.
[[0;32m  OK  [0m] Reached target Encrypted Volumes.
[[0;32m  OK  [0m] Reached target Paths.
         Mounting Debug File System...
[[0;32m  OK  [0m] Mounted POSIX Message Queue File System.
[[0;32m  OK  [0m] Started Remount Root and Kernel File Systems.
[[0;32m  OK  [0m] Started Create list of required staâ€¦vice nodes for the current kernel.
[[0;32m  OK  [0m] Started Load Kernel Modules.
[[0;32m  OK  [0m] Mounted Debug File System.
         Mounting Configuration File System...
         Starting Apply Kernel Variables...
         Starting Create Static Device Nodes in /dev...
         Starting udev Coldplug all Devices...
         Starting Load/Save Random Seed...
[[0;32m  OK  [0m] Mounted Configuration File System.
[[0;32m  OK  [0m] Started Apply Kernel Variables.
[[0;32m  OK  [0m] Started Load/Save Random Seed.
[[0;32m  OK  [0m] Started Journal Service.
         Starting Flush Journal to Persistent Storage...
[[0;32m  OK  [0m] Started Create Static Device Nodes in /dev.
         Starting udev Kernel Device Manager...
[[0;32m  OK  [0m] Reached target Local File Systems (Pre).
[[0;32m  OK  [0m] Reached target Local File Systems.
         Starting Raise network interfaces...
[   11.346559] systemd-journald[84]: Received request to flush runtime journal from PID 1
[[0;32m  OK  [0m] Started Flush Journal to Persistent Storage.
         Starting Create Volatile Files and Directories...
[[0;32m  OK  [0m] Started udev Kernel Device Manager.
[[0;32m  OK  [0m] Started Create Volatile Files and Directories.
         Starting Update UTMP about System Boot/Shutdown...
         Starting Network Time Synchronization...
[[0;32m  OK  [0m] Started Update UTMP about System Boot/Shutdown.
[[0;32m  OK  [0m] Started udev Coldplug all Devices.
[[0;32m  OK  [0m] Started Network Time Synchronization.
[[0;32m  OK  [0m] Reached target System Time Synchronized.
[[0;32m  OK  [0m] Reached target System Initialization.
[[0;32m  OK  [0m] Started Daily apt download activities.
[[0;32m  OK  [0m] Started Daily apt upgrade and clean activities.
[[0;32m  OK  [0m] Listening on Avahi mDNS/DNS-SD Stack Activation Socket.
[[0;32m  OK  [0m] Listening on D-Bus System Message Bus Socket.
[[0;32m  OK  [0m] Reached target Sockets.
[[0;32m  OK  [0m] Started Daily Cleanup of Temporary Directories.
[[0;32m  OK  [0m] Reached target Timers.
[   14.778664] remoteproc remoteproc0: wkup_m3 is available
[[0;32m  OK  [0m] Reached target Basic System.
[[0;32m  OK  [0m] Started D-Bus System Message Bus.
[   15.006250] omap_rtc 44e3e000.rtc: registered as rtc0
[   15.011458] omap_rtc 44e3e000.rtc: setting system clock to 2000-01-01T00:00:00 UTC (946684800)
[   15.186423] am335x-phy-driver 47401300.usb-phy: dummy supplies not allowed for exclusive requests (id=vbus)
[   15.266027] omap_wdt: OMAP Watchdog Timer Rev 0x01: initial timeout 60 sec
[   15.296722] at24 2-0054: supply vcc not found, using dummy regulator
[   15.439183] at24 2-0055: supply vcc not found, using dummy regulator
[   15.510483] at24 2-0056: supply vcc not found, using dummy regulator
[   15.634529] at24 2-0057: supply vcc not found, using dummy regulator
[   15.658883] am335x-phy-driver 47401b00.usb-phy: dummy supplies not allowed for exclusive requests (id=vbus)
[   15.748719] at24 0-0050: 32768 byte 24c256 EEPROM, writable, 1 bytes/write
[   15.974063] wkup_m3_ipc 44e11324.wkup_m3_ipc: IPC Request for A8->M3 Channel failed! -517
[   15.985557] tps6521x_pwrbutton tps65217-pwrbutton: DMA mask not set
[   16.106146] input: tps65217_pwrbutton as /devices/platform/ocp/44c00000.interconnect/44c00000.interconnect:segment@200000/44e0b000.target-module/44e0b000.i2c/i2c-0/0-0024/tps65217-pwrbutton/input/input0
[   16.138110] wkup_m3_ipc 44e11324.wkup_m3_ipc: IPC Request for A8->M3 Channel failed! -517
[   16.454502] usbcore: registered new interface driver usbfs
[   16.460145] usbcore: registered new interface driver hub
[   16.465757] usbcore: registered new device driver usb
[   16.849112] wkup_m3_ipc 44e11324.wkup_m3_ipc: IPC Request for A8->M3 Channel failed! -517
[   16.921359] musb-hdrc musb-hdrc.1: MUSB HDRC host driver
[   16.927015] musb-hdrc musb-hdrc.1: new USB bus registered, assigned bus number 1
[   16.945464] wkup_m3_ipc 44e11324.wkup_m3_ipc: IPC Request for A8->M3 Channel failed! -517
[   17.018877] tda998x 0-0070: found TDA19988
[   17.088446] wkup_m3_ipc 44e11324.wkup_m3_ipc: IPC Request for A8->M3 Channel failed! -517
[   17.097199] usb usb1: New USB device found, idVendor=1d6b, idProduct=0002, bcdDevice= 6.11
[   17.105656] usb usb1: New USB device strings: Mfr=3, Product=2, SerialNumber=1
[   17.112923] usb usb1: Product: MUSB HDRC host driver
[   17.117967] usb usb1: Manufacturer: Linux 6.11.0-g73ea23d406f1 musb-hcd
[   17.124670] usb usb1: SerialNumber: musb-hdrc.1
[   17.262750] hub 1-0:1.0: USB hub found
[   17.308539] omap-mailbox 480c8000.mailbox: omap mailbox rev 0x400
[   17.336046] hub 1-0:1.0: 1 port detected
[   17.406205] remoteproc remoteproc0: powering up wkup_m3
[   17.500431] remoteproc remoteproc0: Direct firmware load for am335x-pm-firmware.elf failed with error -2
[   17.510641] remoteproc remoteproc0: request_firmware failed: -2
[   17.516777] wkup_m3_ipc 44e11324.wkup_m3_ipc: rproc_boot failed
         Starting Connection service...
[   18.970191] omap_rng 48310000.rng: Random Number Generator ver. 20
         Starting System Logging Service...
[   19.155480] tilcdc 4830e000.lcdc: bound 0-0070 (ops tda998x_driver_exit [tda998x])
[   19.315515] [drm] Initialized tilcdc 1.0.0 for 4830e000.lcdc on minor 0
[[0;32m  OK  [0m] Started Regular background program processing daemon.
[   19.408940] tilcdc 4830e000.lcdc: [drm] Cannot find any crtc or sizes
         Starting Avahi mDNS/DNS-SD Stack...
         Starting LSB: Start busybox udhcpd at boot time...
[   19.606068] tilcdc 4830e000.lcdc: [drm] Cannot find any crtc or sizes
         Starting Generic Board Startup...
         Starting Telephony service...
         Starting Cape Manager Service...
         Starting DUN service...
         Starting Login Service...
         Starting LSB: Load kernel modules needed to enable cpufreq scaling...
[[0;32m  OK  [0m] Started System Logging Service.
[   21.122037] omap-sham 53100000.sham: hw accel on OMAP rev 4.3
[   21.161709] PM: Cannot get wkup_m3_ipc handle
[   21.285029] omap-sham 53100000.sham: will run requests pump with realtime priority
[   21.298698] PM: Cannot get wkup_m3_ipc handle
[   21.364879] omap-aes 53500000.aes: OMAP AES hw accel rev: 3.2
[[0;32m  OK  [0m] Found device /dev/ttyS0.
[   21.584065] omap-aes 53500000.aes: will run requests pump with realtime priority
[   21.594857] PM: Cannot get wkup_m3_ipc handle
[[0;32m  OK  [0m] Started Cape Manager Service.
[   23.270171] Bluetooth: Core ver 2.22
[   23.274130] NET: Registered PF_BLUETOOTH protocol family
[   23.279481] Bluetooth: HCI device and connection manager initialized
[   23.286013] Bluetooth: HCI socket layer initialized
[   23.290931] Bluetooth: L2CAP socket layer initialized
[   23.296083] Bluetooth: SCO socket layer initialized
[   25.035982] PM: Cannot get wkup_m3_ipc handle
[   25.166739] PM: Cannot get wkup_m3_ipc handle
[[0;32m  OK  [0m] Started LSB: Start busybox udhcpd at boot time.
[[0;32m  OK  [0m] Started Raise network interfaces.
[[0;32m  OK  [0m] Started LSB: Load kernel modules needed to enable cpufreq scaling.
[   28.533981] configfs-gadget.g_multi gadget.0: HOST MAC 1c:ba:8c:a2:ed:6c
[   28.540898] configfs-gadget.g_multi gadget.0: MAC 1c:ba:8c:a2:ed:70
[   28.548294] configfs-gadget.g_multi gadget.0: HOST MAC 1c:ba:8c:a2:ed:6c
[   28.555155] configfs-gadget.g_multi gadget.0: MAC 1c:ba:8c:a2:ed:6d
[   28.576242] PM: Cannot get wkup_m3_ipc handle
[[0;32m  OK  [0m] Started Telephony service.
[[0;32m  OK  [0m] Started DUN service.
[[0;32m  OK  [0m] Started Avahi mDNS/DNS-SD Stack.
[[0;32m  OK  [0m] Started Connection service.
[[0;32m  OK  [0m] Reached target Sound Card.
         Starting LSB: set CPUFreq kernel parameters...
[[0;32m  OK  [0m] Reached target Network.
         Starting OpenBSD Secure Shell server...
         Starting Permit User Sessions...
[[0;32m  OK  [0m] Reached target Network is Online.
         Starting LSB: Advanced IEEE 802.11 management daemon...
         Starting The Apache HTTP Server...
[[0;32m  OK  [0m] Started LSB: Advanced IEEE 802.11 management daemon.
[[0;32m  OK  [0m] Started Login Service.
[[0;32m  OK  [0m] Started Permit User Sessions.
         Starting Hostname Service...
         Starting WPA supplicant...
[[0;32m  OK  [0m] Started Serial Getty on ttyS0.
[[0;32m  OK  [0m] Started Getty on tty1.
[[0;32m  OK  [0m] Reached target Login Prompts.
[[0;32m  OK  [0m] Started LSB: set CPUFreq kernel parameters.
[[0;32m  OK  [0m] Started WPA supplicant.
[[0;32m  OK  [0m] Started Hostname Service.
[[0;32m  OK  [0m] Started OpenBSD Secure Shell server.
         Stopping LSB: Start busybox udhcpd at boot time...
[[0;32m  OK  [0m] Stopped LSB: Start busybox udhcpd at boot time.
[[0;32m  OK  [0m] Started The Apache HTTP Server.
         Starting dnsmasq - A lightweight DHCP and caching DNS server...
[[0;32m  OK  [0m] Started dnsmasq - A lightweight DHCP and caching DNS server.
[[0;32m  OK  [0m] Reached target Host and Network Name Lookups.
[[0;32m  OK  [0m] Started Serial Getty on ttyGS0.
[[0;32m  OK  [0m] Started Generic Board Startup.
[[0;32m  OK  [0m] Reached target Multi-User System.
[[0;32m  OK  [0m] Reached target Graphical Interface.
         Starting Update UTMP about System Runlevel Changes...
[[0;32m  OK  [0m] Started Update UTMP about System Runlevel Changes.

Debian GNU/Linux 9 arm ttyS0

default username:password is [debian:temppwd]

arm login: root
Password: 
Last login: Sat Jan  1 00:00:29 UTC 2000 on ttyS0
root
Linux arm 6.11.0-g73ea23d406f1 #15 SMP Tue Sep 24 15:25:50 EEST 2024 armv7l

The programs included with the Debian GNU/Linux system are free software;
the exact distribution terms for each program are described in the
individual files in /usr/share/doc/*/copyright.

Debian GNU/Linux comes with ABSOLUTELY NO WARRANTY, to the extent
permitted by applicable law.
root@arm:~# root
-bash: root: command not found
root@arm:~# dmesg -n 1
root@arm:~# echo 'AOXB''VQABLY'
AOXBVQABLY
root@arm:~# run() { echo -n "$MARKER"; sh -c "$@"; echo "$MARKER $?"; }
root@arm:~# echo 'NCZB''MWFJNP'
NCZBMWFJNP
root@arm:~# MARKER='QTGH''KXJNJT' run 'cat /proc/version'
QTGHKXJNJTLinux version 6.11.0-g73ea23d406f1 (user01@drvtest01) (arm-linux-gnueabihf-gcc (Linaro GCC 6.4-2017.11) 6.4.1 20171012, GNU ld (Linaro_Binutils-2017.11) 2.27.0.20161229) #15 SMP Tue Sep 24 15:25:50 EEST 2024
QTGHKXJNJT 0
root@arm:~# echo 'EFVB''QKBLJB'
EFVBQKBLJB
root@arm:~# MARKER='JMPN''QVPZTL' run false
JMPNQVPZTLJMPNQVPZTL 1
root@arm:~# Labgrid Console Logfile for main
Logfile started at 2024-09-25 11:36:52.281950
=== Log starts here ===

root@arm:~# run() { echo -n "$MARKER"; sh -c "$@"; echo "$MARKER $?"; }
root@arm:~# echo 'XJKK''MHZKZF'
XJKKMHZKZF
root@arm:~# MARKER='CNLW''AQWOQF' run 'insmod /mva_overlay.ko'
CNLWAQWOQFCNLWAQWOQF 0
root@arm:~# echo 'CSOZ''AUJYBS'
CSOZAUJYBS
root@arm:~# MARKER='SOGH''BFGUWV' run lsmod
SOGHBFGUWVModule                  Size  Used by
mva_overlay            65536  0
usb_f_acm              12288  2
u_serial               16384  3 usb_f_acm
usb_f_ecm              16384  2
usb_f_rndis            24576  2
u_ether                16384  2 usb_f_ecm,usb_f_rndis
libcomposite           57344  15 usb_f_ecm,usb_f_acm,u_ether,usb_f_rndis
iptable_nat            12288  0
nf_nat                 36864  1 iptable_nat
nf_conntrack          110592  1 nf_nat
nf_defrag_ipv6         16384  1 nf_conntrack
evdev                  20480  0
snd_soc_hdmi_codec     16384  1
nf_defrag_ipv4         12288  1 nf_conntrack
iptable_mangle         12288  0
iptable_filter         12288  0
bluetooth             610304  2
ecdh_generic           12288  1 bluetooth
ecc                    36864  1 ecdh_generic
snd_soc_simple_card    16384  0
snd_soc_simple_card_utils    20480  1 snd_soc_simple_card
omap_aes_driver        24576  0
omap_crypto            12288  1 omap_aes_driver
pm33xx                 12288  0
omap_sham              28672  0
libaes                 12288  2 omap_aes_driver,bluetooth
crypto_engine          12288  2 omap_aes_driver,omap_sham
ti_emif_sram           12288  1 pm33xx
tilcdc                 32768  0
omap_rng               12288  0
rng_core               16384  1 omap_rng
drm_dma_helper         16384  1 tilcdc
snd_soc_davinci_mcasp    32768  2
snd_soc_ti_udma        12288  1 snd_soc_davinci_mcasp
snd_soc_ti_edma        12288  1 snd_soc_davinci_mcasp
snd_soc_ti_sdma        12288  1 snd_soc_davinci_mcasp
snd_soc_core          192512  7 snd_soc_davinci_mcasp,snd_soc_hdmi_codec,snd_soc_simple_card_utils,snd_soc_ti_sdma,snd_soc_ti_edma,snd_soc_ti_udma,snd_soc_simple_card
snd_pcm_dmaengine      12288  1 snd_soc_core
snd_pcm               110592  5 snd_soc_davinci_mcasp,snd_pcm_dmaengine,snd_soc_hdmi_codec,snd_soc_simple_card_utils,snd_soc_core
omap_mailbox           12288  1
snd_timer              28672  1 snd_pcm
snd                    69632  4 snd_soc_hdmi_codec,snd_timer,snd_soc_core,snd_pcm
soundcore              12288  1 snd
musb_dsps              16384  0
tda998x                20480  0
musb_hdrc             131072  1 musb_dsps
udc_core               45056  7 usb_f_ecm,usb_f_acm,u_serial,musb_hdrc,u_ether,usb_f_rndis,libcomposite
drm_kms_helper        122880  3 drm_dma_helper,tda998x,tilcdc
usbcore               225280  1 musb_hdrc
drm                   417792  5 drm_dma_helper,tda998x,tilcdc,drm_kms_helper
tps65218_pwrbutton     12288  0
wkup_m3_ipc            12288  1 pm33xx
drm_panel_orientation_quirks    12288  1 drm
at24                   16384  0
omap_wdt               12288  0
phy_am335x             12288  2
phy_am335x_control     12288  1 phy_am335x
watchdog               24576  1 omap_wdt
phy_generic            12288  1 phy_am335x
rtc_omap               16384  2 pm33xx
usb_common             12288  6 phy_am335x,udc_core,musb_hdrc,libcomposite,musb_dsps,usbcore
cppi41                 16384  60
wkup_m3_rproc          12288  1
leds_gpio              12288  0
led_class              12288  1 leds_gpio
cpufreq_dt             12288  0
ip_tables              20480  3 iptable_mangle,iptable_filter,iptable_nat
x_tables               24576  4 iptable_mangle,ip_tables,iptable_filter,iptable_nat
autofs4                40960  2
SOGHBFGUWV 0
root@arm:~# Labgrid Console Logfile for main
Logfile started at 2024-09-25 11:36:56.114825
=== Log starts here ===

root@arm:~# run() { echo -n "$MARKER"; sh -c "$@"; echo "$MARKER $?"; }
root@arm:~# echo 'VHCF''MWZKSJ'
VHCFMWZKSJ
root@arm:~# MARKER='NFJS''QMEPCV' run 'dd if=/bd9576_test.dtbo of=/sys/kernel/mvaa_overlay/overlay_add bs=1M'
NFJSQMEPCV0+1 records in
0+1 records out
3397 bytes (3.4 kB, 3.3 KiB) copied, 0.0964142 s, 35.2 kB/s
NFJSQMEPCV 0
root@arm:~# echo 'MMBU''GYJTKN'
MMBUGYJTKN
root@arm:~# MARKER='CTEM''WTZFYK' run lsmod
CTEMWTZFYKModule                  Size  Used by
bd9576_regulator       16384  0
bd9576_wdt             12288  0
rohm_bd9576            12288  0
mva_overlay            65536  0
usb_f_acm              12288  2
u_serial               16384  3 usb_f_acm
usb_f_ecm              16384  2
usb_f_rndis            24576  2
u_ether                16384  2 usb_f_ecm,usb_f_rndis
libcomposite           57344  15 usb_f_ecm,usb_f_acm,u_ether,usb_f_rndis
iptable_nat            12288  0
nf_nat                 36864  1 iptable_nat
nf_conntrack          110592  1 nf_nat
nf_defrag_ipv6         16384  1 nf_conntrack
evdev                  20480  0
snd_soc_hdmi_codec     16384  1
nf_defrag_ipv4         12288  1 nf_conntrack
iptable_mangle         12288  0
iptable_filter         12288  0
bluetooth             610304  2
ecdh_generic           12288  1 bluetooth
ecc                    36864  1 ecdh_generic
snd_soc_simple_card    16384  0
snd_soc_simple_card_utils    20480  1 snd_soc_simple_card
omap_aes_driver        24576  0
omap_crypto            12288  1 omap_aes_driver
pm33xx                 12288  0
omap_sham              28672  0
libaes                 12288  2 omap_aes_driver,bluetooth
crypto_engine          12288  2 omap_aes_driver,omap_sham
ti_emif_sram           12288  1 pm33xx
tilcdc                 32768  0
omap_rng               12288  0
rng_core               16384  1 omap_rng
drm_dma_helper         16384  1 tilcdc
snd_soc_davinci_mcasp    32768  2
snd_soc_ti_udma        12288  1 snd_soc_davinci_mcasp
snd_soc_ti_edma        12288  1 snd_soc_davinci_mcasp
snd_soc_ti_sdma        12288  1 snd_soc_davinci_mcasp
snd_soc_core          192512  7 snd_soc_davinci_mcasp,snd_soc_hdmi_codec,snd_soc_simple_card_utils,snd_soc_ti_sdma,snd_soc_ti_edma,snd_soc_ti_udma,snd_soc_simple_card
snd_pcm_dmaengine      12288  1 snd_soc_core
snd_pcm               110592  5 snd_soc_davinci_mcasp,snd_pcm_dmaengine,snd_soc_hdmi_codec,snd_soc_simple_card_utils,snd_soc_core
omap_mailbox           12288  1
snd_timer              28672  1 snd_pcm
snd                    69632  4 snd_soc_hdmi_codec,snd_timer,snd_soc_core,snd_pcm
soundcore              12288  1 snd
musb_dsps              16384  0
tda998x                20480  0
musb_hdrc             131072  1 musb_dsps
udc_core               45056  7 usb_f_ecm,usb_f_acm,u_serial,musb_hdrc,u_ether,usb_f_rndis,libcomposite
drm_kms_helper        122880  3 drm_dma_helper,tda998x,tilcdc
usbcore               225280  1 musb_hdrc
drm                   417792  5 drm_dma_helper,tda998x,tilcdc,drm_kms_helper
tps65218_pwrbutton     12288  0
wkup_m3_ipc            12288  1 pm33xx
drm_panel_orientation_quirks    12288  1 drm
at24                   16384  0
omap_wdt               12288  0
phy_am335x             12288  2
phy_am335x_control     12288  1 phy_am335x
watchdog               24576  2 bd9576_wdt,omap_wdt
phy_generic            12288  1 phy_am335x
rtc_omap               16384  2 pm33xx
usb_common             12288  6 phy_am335x,udc_core,musb_hdrc,libcomposite,musb_dsps,usbcore
cppi41                 16384  60
wkup_m3_rproc          12288  1
leds_gpio              12288  0
led_class              12288  1 leds_gpio
cpufreq_dt             12288  0
ip_tables              20480  3 iptable_mangle,iptable_filter,iptable_nat
x_tables               24576  4 iptable_mangle,ip_tables,iptable_filter,iptable_nat
autofs4                40960  2
CTEMWTZFYK 0
root@arm:~# Labgrid Console Logfile for main
Logfile started at 2024-09-25 11:37:02.049833
=== Log starts here ===

root@arm:~# run() { echo -n "$MARKER"; sh -c "$@"; echo "$MARKER $?"; }
root@arm:~# echo 'ZOWE''TKFAWY'
ZOWETKFAWY
root@arm:~# MARKER='KKAY''GQUKFX' run 'insmod /bd9576-test.ko'
KKAYGQUKFXKKAYGQUKFX 0
root@arm:~# echo 'EZPY''SMCAQL'
EZPYSMCAQL
root@arm:~# MARKER='CEUQ''JMNYYA' run lsmod
CEUQJMNYYAModule                  Size  Used by
bd9576_test            12288  0
bd9576_regulator       16384  6
bd9576_wdt             12288  0
rohm_bd9576            12288  0
mva_overlay            65536  0
usb_f_acm              12288  2
u_serial               16384  3 usb_f_acm
usb_f_ecm              16384  2
usb_f_rndis            24576  2
u_ether                16384  2 usb_f_ecm,usb_f_rndis
libcomposite           57344  15 usb_f_ecm,usb_f_acm,u_ether,usb_f_rndis
iptable_nat            12288  0
nf_nat                 36864  1 iptable_nat
nf_conntrack          110592  1 nf_nat
nf_defrag_ipv6         16384  1 nf_conntrack
evdev                  20480  0
snd_soc_hdmi_codec     16384  1
nf_defrag_ipv4         12288  1 nf_conntrack
iptable_mangle         12288  0
iptable_filter         12288  0
bluetooth             610304  2
ecdh_generic           12288  1 bluetooth
ecc                    36864  1 ecdh_generic
snd_soc_simple_card    16384  0
snd_soc_simple_card_utils    20480  1 snd_soc_simple_card
omap_aes_driver        24576  0
omap_crypto            12288  1 omap_aes_driver
pm33xx                 12288  0
omap_sham              28672  0
libaes                 12288  2 omap_aes_driver,bluetooth
crypto_engine          12288  2 omap_aes_driver,omap_sham
ti_emif_sram           12288  1 pm33xx
tilcdc                 32768  0
omap_rng               12288  0
rng_core               16384  1 omap_rng
drm_dma_helper         16384  1 tilcdc
snd_soc_davinci_mcasp    32768  2
snd_soc_ti_udma        12288  1 snd_soc_davinci_mcasp
snd_soc_ti_edma        12288  1 snd_soc_davinci_mcasp
snd_soc_ti_sdma        12288  1 snd_soc_davinci_mcasp
snd_soc_core          192512  7 snd_soc_davinci_mcasp,snd_soc_hdmi_codec,snd_soc_simple_card_utils,snd_soc_ti_sdma,snd_soc_ti_edma,snd_soc_ti_udma,snd_soc_simple_card
snd_pcm_dmaengine      12288  1 snd_soc_core
snd_pcm               110592  5 snd_soc_davinci_mcasp,snd_pcm_dmaengine,snd_soc_hdmi_codec,snd_soc_simple_card_utils,snd_soc_core
omap_mailbox           12288  1
snd_timer              28672  1 snd_pcm
snd                    69632  4 snd_soc_hdmi_codec,snd_timer,snd_soc_core,snd_pcm
soundcore              12288  1 snd
musb_dsps              16384  0
tda998x                20480  0
musb_hdrc             131072  1 musb_dsps
udc_core               45056  7 usb_f_ecm,usb_f_acm,u_serial,musb_hdrc,u_ether,usb_f_rndis,libcomposite
drm_kms_helper        122880  3 drm_dma_helper,tda998x,tilcdc
usbcore               225280  1 musb_hdrc
drm                   417792  5 drm_dma_helper,tda998x,tilcdc,drm_kms_helper
tps65218_pwrbutton     12288  0
wkup_m3_ipc            12288  1 pm33xx
drm_panel_orientation_quirks    12288  1 drm
at24                   16384  0
omap_wdt               12288  0
phy_am335x             12288  2
phy_am335x_control     12288  1 phy_am335x
watchdog               24576  2 bd9576_wdt,omap_wdt
phy_generic            12288  1 phy_am335x
rtc_omap               16384  2 pm33xx
usb_common             12288  6 phy_am335x,udc_core,musb_hdrc,libcomposite,musb_dsps,usbcore
cppi41                 16384  60
wkup_m3_rproc          12288  1
leds_gpio              12288  0
led_class              12288  1 leds_gpio
cpufreq_dt             12288  0
ip_tables              20480  3 iptable_mangle,iptable_filter,iptable_nat
x_tables               24576  4 iptable_mangle,ip_tables,iptable_filter,iptable_nat
autofs4                40960  2
CEUQJMNYYA 0
root@arm:~# Labgrid Console Logfile for main
Logfile started at 2024-09-25 11:37:05.851004
=== Log starts here ===

root@arm:~# run() { echo -n "$MARKER"; sh -c "$@"; echo "$MARKER $?"; }
root@arm:~# echo 'JECU''ZQXOWE'
JECUZQXOWE
root@arm:~# MARKER='GZPB''QNKWOZ' run '/./init_regulator_test.sh bd9576'
GZPBQNKWOZboard bd9576 given
/./init_regulator_test.sh: line 38: buck10_en: command not found
/./init_regulator_test.sh: line 39: buck10_set: command not found
GZPBQNKWOZ 0
root@arm:~# Labgrid Console Logfile for main
Logfile started at 2024-09-25 11:37:15.721068
=== Log starts here ===

root@arm:~# run() { echo -n "$MARKER"; sh -c "$@"; echo "$MARKER $?"; }
root@arm:~# echo 'MCMT''BFWNEL'
MCMTBFWNEL
root@arm:~# MARKER='THSU''LBPUKU' run dmesg
THSULBPUKU[    0.000000] Booting Linux on physical CPU 0x0
[    0.000000] Linux version 6.11.0-g73ea23d406f1 (user01@drvtest01) (arm-linux-gnueabihf-gcc (Linaro GCC 6.4-2017.11) 6.4.1 20171012, GNU ld (Linaro_Binutils-2017.11) 2.27.0.20161229) #15 SMP Tue Sep 24 15:25:50 EEST 2024
[    0.000000] CPU: ARMv7 Processor [413fc082] revision 2 (ARMv7), cr=10c5387d
[    0.000000] CPU: PIPT / VIPT nonaliasing data cache, VIPT aliasing instruction cache
[    0.000000] OF: fdt: Machine model: TI AM335x BeagleBone Black
[    0.000000] Memory policy: Data cache writeback
[    0.000000] cma: Reserved 16 MiB at 0x9e800000 on node -1
[    0.000000] Zone ranges:
[    0.000000]   Normal   [mem 0x0000000080000000-0x000000009fdfffff]
[    0.000000]   HighMem  empty
[    0.000000] Movable zone start for each node
[    0.000000] Early memory node ranges
[    0.000000]   node   0: [mem 0x0000000080000000-0x000000009fdfffff]
[    0.000000] Initmem setup node 0 [mem 0x0000000080000000-0x000000009fdfffff]
[    0.000000] CPU: All CPU(s) started in SVC mode.
[    0.000000] AM335X ES2.1 (sgx neon)
[    0.000000] percpu: Embedded 17 pages/cpu s39628 r8192 d21812 u69632
[    0.000000] pcpu-alloc: s39628 r8192 d21812 u69632 alloc=17*4096
[    0.000000] pcpu-alloc: [0] 0 
[    0.000000] Kernel command line: console=ttyO0,115200n8 root=/dev/nfs rw nfsroot=192.168.255.126:/home/user01/nfs,nfsvers=3 ip=192.168.255.1:192.168.255.126::255.255.255.0:bbb1:eth0 nfsrootdebug
[    0.000000] Unknown kernel command line parameters "nfsrootdebug", will be passed to user space.
[    0.000000] Dentry cache hash table entries: 65536 (order: 6, 262144 bytes, linear)
[    0.000000] Inode-cache hash table entries: 32768 (order: 5, 131072 bytes, linear)
[    0.000000] Built 1 zonelists, mobility grouping on.  Total pages: 130560
[    0.000000] mem auto-init: stack:off, heap alloc:off, heap free:off
[    0.000000] SLUB: HWalign=64, Order=0-3, MinObjects=0, CPUs=1, Nodes=1
[    0.000000] trace event string verifier disabled
[    0.000000] rcu: Hierarchical RCU implementation.
[    0.000000] rcu: 	RCU event tracing is enabled.
[    0.000000] rcu: 	RCU restricting CPUs from NR_CPUS=2 to nr_cpu_ids=1.
[    0.000000] rcu: RCU calculated value of scheduler-enlistment delay is 10 jiffies.
[    0.000000] rcu: Adjusting geometry for rcu_fanout_leaf=16, nr_cpu_ids=1
[    0.000000] NR_IRQS: 16, nr_irqs: 16, preallocated irqs: 16
[    0.000000] IRQ: Found an INTC at 0x(ptrval) (revision 5.0) with 128 interrupts
[    0.000000] rcu: srcu_init: Setting srcu_struct sizes based on contention.
[    0.000000] TI gptimer clocksource: always-on /ocp/interconnect@44c00000/segment@200000/target-module@31000
[    0.000003] sched_clock: 32 bits at 24MHz, resolution 41ns, wraps every 89478484971ns
[    0.000030] clocksource: dmtimer: mask: 0xffffffff max_cycles: 0xffffffff, max_idle_ns: 79635851949 ns
[    0.000511] TI gptimer clockevent: 24000000 Hz at /ocp/interconnect@48000000/segment@0/target-module@40000
[    0.002141] Console: colour dummy device 80x30
[    0.002210] WARNING: Your 'console=ttyO0' has been replaced by 'ttyS0'
[    0.002220] This ensures that you still see kernel messages. Please
[    0.002226] update your kernel commandline.
[    0.002273] Calibrating delay loop... 996.14 BogoMIPS (lpj=4980736)
[    0.090568] CPU: Testing write buffer coherency: ok
[    0.090675] CPU0: Spectre v2: using BPIALL workaround
[    0.090688] pid_max: default: 32768 minimum: 301
[    0.090813] LSM: initializing lsm=capability
[    0.090980] Mount-cache hash table entries: 1024 (order: 0, 4096 bytes, linear)
[    0.091001] Mountpoint-cache hash table entries: 1024 (order: 0, 4096 bytes, linear)
[    0.092539] CPU0: thread -1, cpu 0, socket -1, mpidr 0
[    0.094253] Setting up static identity map for 0x80100000 - 0x80100078
[    0.094559] rcu: Hierarchical SRCU implementation.
[    0.094572] rcu: 	Max phase no-delay instances is 1000.
[    0.096237] smp: Bringing up secondary CPUs ...
[    0.096296] smp: Brought up 1 node, 1 CPU
[    0.096313] SMP: Total of 1 processors activated (996.14 BogoMIPS).
[    0.096327] CPU: All CPU(s) started in SVC mode.
[    0.096518] Memory: 480876K/522240K available (11264K kernel code, 1197K rwdata, 2856K rodata, 1024K init, 297K bss, 23344K reserved, 16384K cma-reserved, 0K highmem)
[    0.097322] devtmpfs: initialized
[    0.113700] VFP support v0.3: implementor 41 architecture 3 part 30 variant c rev 3
[    0.114051] clocksource: jiffies: mask: 0xffffffff max_cycles: 0xffffffff, max_idle_ns: 19112604462750000 ns
[    0.114087] futex hash table entries: 256 (order: 2, 16384 bytes, linear)
[    0.115357] pinctrl core: initialized pinctrl subsystem
[    0.118078] NET: Registered PF_NETLINK/PF_ROUTE protocol family
[    0.121083] DMA: preallocated 256 KiB pool for atomic coherent allocations
[    0.122049] audit: initializing netlink subsys (disabled)
[    0.123416] thermal_sys: Registered thermal governor 'fair_share'
[    0.123437] thermal_sys: Registered thermal governor 'step_wise'
[    0.123448] thermal_sys: Registered thermal governor 'user_space'
[    0.123567] audit: type=2000 audit(0.120:1): state=initialized audit_enabled=0 res=1
[    0.123639] cpuidle: using governor menu
[    0.142759] No ATAGs?
[    0.142793] hw-breakpoint: debug architecture 0x4 unsupported.
[    0.145686] kprobes: kprobe jump-optimization is enabled. All kprobes are optimized if possible.
[    0.163997] iommu: Default domain type: Translated
[    0.164024] iommu: DMA domain TLB invalidation policy: strict mode
[    0.165603] reg-fixed-voltage fixedregulator0: using DT '/fixedregulator0' for '(default)' GPIO lookup
[    0.165663] of_get_named_gpiod_flags: can't parse 'gpios' property of node '/fixedregulator0[0]'
[    0.165695] of_get_named_gpiod_flags: can't parse 'gpio' property of node '/fixedregulator0[0]'
[    0.165714] reg-fixed-voltage fixedregulator0: using lookup tables for GPIO lookup
[    0.165726] reg-fixed-voltage fixedregulator0: No GPIO consumer (default) found
[    0.171358] SCSI subsystem initialized
[    0.180995] libata version 3.00 loaded.
[    0.181368] pps_core: LinuxPPS API ver. 1 registered
[    0.181381] pps_core: Software ver. 5.3.6 - Copyright 2005-2007 Rodolfo Giometti <giometti@linux.it>
[    0.181407] PTP clock support registered
[    0.183319] vgaarb: loaded
[    0.183706] clocksource: Switched to clocksource dmtimer
[    0.184301] VFS: Disk quotas dquot_6.6.0
[    0.184347] VFS: Dquot-cache hash table entries: 1024 (order 0, 4096 bytes)
[    0.209769] NET: Registered PF_INET protocol family
[    0.210131] IP idents hash table entries: 8192 (order: 4, 65536 bytes, linear)
[    0.211527] tcp_listen_portaddr_hash hash table entries: 512 (order: 0, 4096 bytes, linear)
[    0.211570] Table-perturb hash table entries: 65536 (order: 6, 262144 bytes, linear)
[    0.211589] TCP established hash table entries: 4096 (order: 2, 16384 bytes, linear)
[    0.211633] TCP bind hash table entries: 4096 (order: 4, 65536 bytes, linear)
[    0.211735] TCP: Hash tables configured (established 4096 bind 4096)
[    0.211857] UDP hash table entries: 256 (order: 1, 8192 bytes, linear)
[    0.211886] UDP-Lite hash table entries: 256 (order: 1, 8192 bytes, linear)
[    0.212064] NET: Registered PF_UNIX/PF_LOCAL protocol family
[    0.224650] RPC: Registered named UNIX socket transport module.
[    0.224679] RPC: Registered udp transport module.
[    0.224687] RPC: Registered tcp transport module.
[    0.224694] RPC: Registered tcp-with-tls transport module.
[    0.224701] RPC: Registered tcp NFSv4.1 backchannel transport module.
[    0.224727] PCI: CLS 0 bytes, default 64
[    0.226165] Initialise system trusted keyrings
[    0.227237] workingset: timestamp_bits=14 max_order=17 bucket_order=3
[    0.228487] NFS: Registering the id_resolver key type
[    0.228558] Key type id_resolver registered
[    0.228568] Key type id_legacy registered
[    0.228618] jffs2: version 2.2. (NAND) (SUMMARY)  Â© 2001-2006 Red Hat, Inc.
[    0.229077] Key type asymmetric registered
[    0.229098] Asymmetric key parser 'x509' registered
[    0.229166] io scheduler mq-deadline registered
[    0.229179] io scheduler kyber registered
[    0.229247] io scheduler bfq registered
[    0.244162] Serial: 8250/16550 driver, 6 ports, IRQ sharing enabled
[    0.307039] brd: module loaded
[    0.318202] loop: module loaded
[    0.319137] mtdoops: mtd device (mtddev=name/number) must be supplied
[    0.335046] mdio_bus fixed-0: using lookup tables for GPIO lookup
[    0.335077] mdio_bus fixed-0: No GPIO consumer reset found
[    0.336477] i2c_dev: i2c /dev entries driver
[    0.337461] cpuidle: enable-method property 'ti,am3352' found operations
[    0.337907] sdhci: Secure Digital Host Controller Interface driver
[    0.337919] sdhci: Copyright(c) Pierre Ossman
[    0.338095] sdhci-pltfm: SDHCI platform and OF driver helper
[    0.338409] ledtrig-cpu: registered to indicate activity on CPUs
[    0.339345] Initializing XFRM netlink socket
[    0.339470] NET: Registered PF_INET6 protocol family
[    0.341294] Segment Routing with IPv6
[    0.341392] In-situ OAM (IOAM) with IPv6
[    0.341490] sit: IPv6, IPv4 and MPLS over IPv4 tunneling driver
[    0.342432] NET: Registered PF_PACKET protocol family
[    0.342475] NET: Registered PF_KEY protocol family
[    0.342594] Key type dns_resolver registered
[    0.342863] ThumbEE CPU extension supported.
[    0.342889] Registering SWP/SWPB emulation handler
[    0.343416] omap_voltage_late_init: Voltage driver support not added
[    0.343958] SmartReflex Class3 initialized
[    0.364488] Loading compiled-in X.509 certificates
[    0.423102] gpiochip_find_base_unlocked: found new base at 512
[    0.431989] platform 44e10800.pinmux: Fixed dependency cycle(s) with /ocp/interconnect@44c00000/segment@200000/target-module@10000/scm@0/pinmux@800/clkout2-pins
[    0.432548] pinctrl-single 44e10800.pinmux: 142 pins, size 568
[    0.437909] ti-sysc 44e31000.target-module: probe with driver ti-sysc failed with error -16
[    0.500383] ti-sysc 48040000.target-module: probe with driver ti-sysc failed with error -16
[    0.511365] gpiochip_find_base_unlocked: found new base at 512
[    0.511476] gpio gpiochip0: (gpio-0-31): created GPIO range 0->7 ==> 44e10800.pinmux PIN 0->7
[    0.511498] gpio gpiochip0: (gpio-0-31): created GPIO range 8->11 ==> 44e10800.pinmux PIN 90->93
[    0.511515] gpio gpiochip0: (gpio-0-31): created GPIO range 12->27 ==> 44e10800.pinmux PIN 12->27
[    0.511533] gpio gpiochip0: (gpio-0-31): created GPIO range 28->31 ==> 44e10800.pinmux PIN 30->33
[    0.537176] gpio gpiochip0: (gpio-0-31): added GPIO chardev (254:0)
[    0.537374] gpio gpiochip0: registered GPIOs 512 to 543 on gpio-0-31
[    0.537463] OMAP GPIO hardware version 0.1
[    0.555064] i2c i2c-2: using DT '/ocp/interconnect@48000000/segment@100000/target-module@9c000/i2c@0' for 'scl' GPIO lookup
[    0.555151] of_get_named_gpiod_flags: can't parse 'scl-gpios' property of node '/ocp/interconnect@48000000/segment@100000/target-module@9c000/i2c@0[0]'
[    0.555200] of_get_named_gpiod_flags: can't parse 'scl-gpio' property of node '/ocp/interconnect@48000000/segment@100000/target-module@9c000/i2c@0[0]'
[    0.555239] i2c i2c-2: using lookup tables for GPIO lookup
[    0.555251] i2c i2c-2: No GPIO consumer scl found
[    0.555275] i2c i2c-2: using DT '/ocp/interconnect@48000000/segment@100000/target-module@9c000/i2c@0' for 'sda' GPIO lookup
[    0.555315] of_get_named_gpiod_flags: can't parse 'sda-gpios' property of node '/ocp/interconnect@48000000/segment@100000/target-module@9c000/i2c@0[0]'
[    0.555357] of_get_named_gpiod_flags: can't parse 'sda-gpio' property of node '/ocp/interconnect@48000000/segment@100000/target-module@9c000/i2c@0[0]'
[    0.555391] i2c i2c-2: using lookup tables for GPIO lookup
[    0.555400] i2c i2c-2: No GPIO consumer sda found
[    0.556101] omap_i2c 4819c000.i2c: bus 2 rev0.11 at 100 kHz
[    0.561402] gpiochip_find_base_unlocked: found new base at 544
[    0.561513] gpio gpiochip1: (gpio-32-63): created GPIO range 0->17 ==> 44e10800.pinmux PIN 34->51
[    0.561536] gpio gpiochip1: (gpio-32-63): created GPIO range 18->21 ==> 44e10800.pinmux PIN 77->80
[    0.561554] gpio gpiochip1: (gpio-32-63): created GPIO range 22->31 ==> 44e10800.pinmux PIN 56->65
[    0.574006] gpio gpiochip1: (gpio-32-63): added GPIO chardev (254:1)
[    0.574163] gpio gpiochip1: registered GPIOs 544 to 575 on gpio-32-63
[    0.576320] gpiochip_find_base_unlocked: found new base at 576
[    0.576421] gpio gpiochip2: (gpio-64-95): created GPIO range 0->4 ==> 44e10800.pinmux PIN 66->70
[    0.576456] gpio gpiochip2: (gpio-64-95): created GPIO range 5->6 ==> 44e10800.pinmux PIN 98->99
[    0.576475] gpio gpiochip2: (gpio-64-95): created GPIO range 7->8 ==> 44e10800.pinmux PIN 75->76
[    0.576492] gpio gpiochip2: (gpio-64-95): created GPIO range 13->13 ==> 44e10800.pinmux PIN 141->141
[    0.576510] gpio gpiochip2: (gpio-64-95): created GPIO range 14->21 ==> 44e10800.pinmux PIN 100->107
[    0.577102] gpio gpiochip2: (gpio-64-95): added GPIO chardev (254:2)
[    0.577239] gpio gpiochip2: registered GPIOs 576 to 607 on gpio-64-95
[    0.582569] 48000000.interconnect:segment@200000:target-module@0:mpu@0:fck: device ID is greater than 24
[    0.586995] platform 4830e000.lcdc: Fixed dependency cycle(s) with /ocp/interconnect@44c00000/segment@200000/target-module@b000/i2c@0/tda19988@70
[    0.596268] mdio_bus 4a101000.mdio: using DT '/ocp/interconnect@4a000000/segment@0/target-module@100000/switch@0/mdio@1000' for 'reset' GPIO lookup
[    0.596349] of_get_named_gpiod_flags: can't parse 'reset-gpios' property of node '/ocp/interconnect@4a000000/segment@0/target-module@100000/switch@0/mdio@1000[0]'
[    0.596401] of_get_named_gpiod_flags: can't parse 'reset-gpio' property of node '/ocp/interconnect@4a000000/segment@0/target-module@100000/switch@0/mdio@1000[0]'
[    0.596452] mdio_bus 4a101000.mdio: using lookup tables for GPIO lookup
[    0.596464] mdio_bus 4a101000.mdio: No GPIO consumer reset found
[    0.598593] sdhci-omap 481d8000.mmc: using DT '/ocp/interconnect@48000000/segment@100000/target-module@d8000/mmc@0' for 'wp' GPIO lookup
[    0.598668] of_get_named_gpiod_flags: can't parse 'wp-gpios' property of node '/ocp/interconnect@48000000/segment@100000/target-module@d8000/mmc@0[0]'
[    0.598718] of_get_named_gpiod_flags: can't parse 'wp-gpio' property of node '/ocp/interconnect@48000000/segment@100000/target-module@d8000/mmc@0[0]'
[    0.598757] sdhci-omap 481d8000.mmc: using lookup tables for GPIO lookup
[    0.598769] sdhci-omap 481d8000.mmc: No GPIO consumer wp found
[    0.598974] sdhci-omap 481d8000.mmc: supply pbias not found, using dummy regulator
[    0.599445] sdhci-omap 481d8000.mmc: supply vqmmc not found, using dummy regulator
[    0.674993] davinci_mdio 4a101000.mdio: davinci mdio revision 1.6, bus freq 1000000
[    0.699364] mdio_bus 4a101000.mdio:00: using DT '/ocp/interconnect@4a000000/segment@0/target-module@100000/switch@0/mdio@1000/ethernet-phy@0' for 'reset' GPIO lookup
[    0.699475] of_get_named_gpiod_flags: parsed 'reset-gpios' property of node '/ocp/interconnect@4a000000/segment@0/target-module@100000/switch@0/mdio@1000/ethernet-phy@0[0]' - status (0)
[    0.699644] gpio gpiochip0: Persistence not supported for GPIO 8
[    0.792267] davinci_mdio 4a101000.mdio: phy[0]: device 4a101000.mdio:00, driver SMSC LAN8710/LAN8720
[    0.792913] cpsw-switch 4a100000.switch: initialized cpsw ale version 1.4
[    0.792938] cpsw-switch 4a100000.switch: ALE Table size 1024
[    0.824060] cpsw-switch 4a100000.switch: cpts: overflow check period 500 (jiffies)
[    0.824091] cpsw-switch 4a100000.switch: CPTS: ref_clk_freq:250000000 calc_mult:2147483648 calc_shift:29 error:0 nsec/sec
[    0.824215] cpsw-switch 4a100000.switch: Detected MACID = 6c:ec:eb:68:de:78
[    0.826040] cpsw-switch 4a100000.switch: initialized (regs 0x4a100000, pool size 256) hw_ver:0019010C 1.12 (0)
[    0.837036] debugfs: Directory '49000000.dma' with parent 'dmaengine' already present!
[    0.837086] edma 49000000.dma: TI EDMA DMA engine driver
[    0.877459] target-module@4b000000:target-module@140000:pmu@0:fck: device ID is greater than 24
[    0.906566] hw perfevents: enabled with armv7_cortex_a8 PMU driver, 5 counters available
[    0.907441] gpio-clk clk_mcasp0: using DT '/clk_mcasp0' for 'enable' GPIO lookup
[    0.907513] of_get_named_gpiod_flags: parsed 'enable-gpios' property of node '/clk_mcasp0[0]' - status (0)
[    0.907560] gpio gpiochip0: Persistence not supported for GPIO 27
[    0.908365] gpiochip_find_base_unlocked: found new base at 608
[    0.908488] gpio gpiochip3: (gpio-96-127): created GPIO range 0->7 ==> 44e10800.pinmux PIN 82->89
[    0.908510] gpio gpiochip3: (gpio-96-127): created GPIO range 8->11 ==> 44e10800.pinmux PIN 52->55
[    0.908528] gpio gpiochip3: (gpio-96-127): created GPIO range 12->15 ==> 44e10800.pinmux PIN 94->97
[    0.908545] gpio gpiochip3: (gpio-96-127): created GPIO range 16->17 ==> 44e10800.pinmux PIN 71->72
[    0.908562] gpio gpiochip3: (gpio-96-127): created GPIO range 18->18 ==> 44e10800.pinmux PIN 135->135
[    0.908580] gpio gpiochip3: (gpio-96-127): created GPIO range 19->20 ==> 44e10800.pinmux PIN 108->109
[    0.908598] gpio gpiochip3: (gpio-96-127): created GPIO range 21->21 ==> 44e10800.pinmux PIN 73->73
[    0.908617] gpio gpiochip3: (gpio-96-127): created GPIO range 22->23 ==> 44e10800.pinmux PIN 8->9
[    0.908635] gpio gpiochip3: (gpio-96-127): created GPIO range 26->27 ==> 44e10800.pinmux PIN 10->11
[    0.908654] gpio gpiochip3: (gpio-96-127): created GPIO range 28->28 ==> 44e10800.pinmux PIN 74->74
[    0.908674] gpio gpiochip3: (gpio-96-127): created GPIO range 29->29 ==> 44e10800.pinmux PIN 81->81
[    0.908694] gpio gpiochip3: (gpio-96-127): created GPIO range 30->31 ==> 44e10800.pinmux PIN 28->29
[    0.914201] l3-aon-clkctrl:0000:0: failed to disable
[    0.914522] gpio gpiochip3: (gpio-96-127): added GPIO chardev (254:3)
[    0.914664] gpio gpiochip3: registered GPIOs 608 to 639 on gpio-96-127
[    0.916564] omap8250 44e09000.serial: using DT '/ocp/interconnect@44c00000/segment@200000/target-module@9000/serial@0' for 'rs485-term' GPIO lookup
[    0.916640] of_get_named_gpiod_flags: can't parse 'rs485-term-gpios' property of node '/ocp/interconnect@44c00000/segment@200000/target-module@9000/serial@0[0]'
[    0.916686] of_get_named_gpiod_flags: can't parse 'rs485-term-gpio' property of node '/ocp/interconnect@44c00000/segment@200000/target-module@9000/serial@0[0]'
[    0.916727] omap8250 44e09000.serial: using lookup tables for GPIO lookup
[    0.916739] omap8250 44e09000.serial: No GPIO consumer rs485-term found
[    0.916750] omap8250 44e09000.serial: using DT '/ocp/interconnect@44c00000/segment@200000/target-module@9000/serial@0' for 'rs485-rx-during-tx' GPIO lookup
[    0.916788] of_get_named_gpiod_flags: can't parse 'rs485-rx-during-tx-gpios' property of node '/ocp/interconnect@44c00000/segment@200000/target-module@9000/serial@0[0]'
[    0.916828] of_get_named_gpiod_flags: can't parse 'rs485-rx-during-tx-gpio' property of node '/ocp/interconnect@44c00000/segment@200000/target-module@9000/serial@0[0]'
[    0.916862] omap8250 44e09000.serial: using lookup tables for GPIO lookup
[    0.916872] omap8250 44e09000.serial: No GPIO consumer rs485-rx-during-tx found
[    0.917253] 44e09000.serial: ttyS0 at MMIO 0x44e09000 (irq = 34, base_baud = 3000000) is a 8250
[    0.917339] printk: legacy console [ttyS0] enabled
[    2.140428] i2c i2c-0: using DT '/ocp/interconnect@44c00000/segment@200000/target-module@b000/i2c@0' for 'scl' GPIO lookup
[    2.140518] of_get_named_gpiod_flags: can't parse 'scl-gpios' property of node '/ocp/interconnect@44c00000/segment@200000/target-module@b000/i2c@0[0]'
[    2.140567] of_get_named_gpiod_flags: can't parse 'scl-gpio' property of node '/ocp/interconnect@44c00000/segment@200000/target-module@b000/i2c@0[0]'
[    2.140608] i2c i2c-0: using lookup tables for GPIO lookup
[    2.140622] i2c i2c-0: No GPIO consumer scl found
[    2.140648] i2c i2c-0: using DT '/ocp/interconnect@44c00000/segment@200000/target-module@b000/i2c@0' for 'sda' GPIO lookup
[    2.140689] of_get_named_gpiod_flags: can't parse 'sda-gpios' property of node '/ocp/interconnect@44c00000/segment@200000/target-module@b000/i2c@0[0]'
[    2.140731] of_get_named_gpiod_flags: can't parse 'sda-gpio' property of node '/ocp/interconnect@44c00000/segment@200000/target-module@b000/i2c@0[0]'
[    2.140769] i2c i2c-0: using lookup tables for GPIO lookup
[    2.140780] i2c i2c-0: No GPIO consumer sda found
[    2.164743] tps65217-pmic: Failed to locate of_node [id: -1]
[    2.170814] tps65217-bl: Failed to locate of_node [id: -1]
[    2.181930] tps65217 0-0024: TPS65217 ID 0xe version 1.2
[    2.188083] platform 4830e000.lcdc: Fixed dependency cycle(s) with /ocp/interconnect@44c00000/segment@200000/target-module@b000/i2c@0/tda19988@70
[    2.201498] i2c 0-0070: Fixed dependency cycle(s) with /ocp/interconnect@48000000/segment@300000/target-module@e000/lcdc@0
[    2.212915] omap_i2c 44e0b000.i2c: bus 0 rev0.11 at 400 kHz
[    2.221311] sdhci-omap 48060000.mmc: using DT '/ocp/interconnect@48000000/segment@0/target-module@60000/mmc@0' for 'cd' GPIO lookup
[    2.221424] of_get_named_gpiod_flags: parsed 'cd-gpios' property of node '/ocp/interconnect@48000000/segment@0/target-module@60000/mmc@0[0]' - status (0)
[    2.221492] gpio gpiochip3: Persistence not supported for GPIO 6
[    2.221517] omap_gpio 44e07000.gpio: Could not set line 6 debounce to 200000 microseconds (-22)
[    2.230434] sdhci-omap 48060000.mmc: Got CD GPIO
[    2.235133] sdhci-omap 48060000.mmc: using DT '/ocp/interconnect@48000000/segment@0/target-module@60000/mmc@0' for 'wp' GPIO lookup
[    2.235185] of_get_named_gpiod_flags: can't parse 'wp-gpios' property of node '/ocp/interconnect@48000000/segment@0/target-module@60000/mmc@0[0]'
[    2.235231] of_get_named_gpiod_flags: can't parse 'wp-gpio' property of node '/ocp/interconnect@48000000/segment@0/target-module@60000/mmc@0[0]'
[    2.235271] sdhci-omap 48060000.mmc: using lookup tables for GPIO lookup
[    2.235286] sdhci-omap 48060000.mmc: No GPIO consumer wp found
[    2.235498] sdhci-omap 48060000.mmc: supply pbias not found, using dummy regulator
[    2.244686] sdhci-omap 481d8000.mmc: using DT '/ocp/interconnect@48000000/segment@100000/target-module@d8000/mmc@0' for 'wp' GPIO lookup
[    2.244766] of_get_named_gpiod_flags: can't parse 'wp-gpios' property of node '/ocp/interconnect@48000000/segment@100000/target-module@d8000/mmc@0[0]'
[    2.244816] of_get_named_gpiod_flags: can't parse 'wp-gpio' property of node '/ocp/interconnect@48000000/segment@100000/target-module@d8000/mmc@0[0]'
[    2.244856] sdhci-omap 481d8000.mmc: using lookup tables for GPIO lookup
[    2.244870] sdhci-omap 481d8000.mmc: No GPIO consumer wp found
[    2.245922] sdhci-omap 48060000.mmc: supply vqmmc not found, using dummy regulator
[    2.254421] sdhci-omap 481d8000.mmc: supply pbias not found, using dummy regulator
[    2.262417] sdhci-omap 481d8000.mmc: supply vqmmc not found, using dummy regulator
[    2.300767] mmc1: SDHCI controller on 481d8000.mmc [481d8000.mmc] using External DMA
[    2.309946] mmc0: SDHCI controller on 48060000.mmc [48060000.mmc] using External DMA
[    2.318650] cpsw-switch 4a100000.switch: starting ndev. mode: dual_mac
[    2.362907] mmc0: new high speed SDHC card at address 5048
[    2.369947] mmcblk0: mmc0:5048 SD16G 14.4 GiB
[    2.377936]  mmcblk0: p1 p2
[    2.381309] mmcblk0: p2 size 31221760 extends beyond EOD, truncated
[    2.395735] mmc1: new high speed MMC card at address 0001
[    2.402452] mmcblk1: mmc1:0001 MMC04G 3.60 GiB
[    2.410091]  mmcblk1: p1 p2
[    2.413836] SMSC LAN8710/LAN8720 4a101000.mdio:00: attached PHY driver (mii_bus:phy_addr=4a101000.mdio:00, irq=POLL)
[    2.430309] mmcblk1boot0: mmc1:0001 MMC04G 2.00 MiB
[    2.438127] mmcblk1boot1: mmc1:0001 MMC04G 2.00 MiB
[    2.445591] mmcblk1rpmb: mmc1:0001 MMC04G 128 KiB, chardev (250:0)
[    5.604472] cpsw-switch 4a100000.switch eth0: Link is Up - 100Mbps/Full - flow control off
[    5.663724] IP-Config: Complete:
[    5.667003]      device=eth0, hwaddr=6c:ec:eb:68:de:78, ipaddr=192.168.255.1, mask=255.255.255.0, gw=255.255.255.255
[    5.677630]      host=bbb1, domain=, nis-domain=(none)
[    5.682798]      bootserver=192.168.255.126, rootserver=192.168.255.126, rootpath=
[    5.683239] clk: Disabling unused clocks
[    5.695067] PM: genpd: Disabling unused power domains
[    5.700181] KTAP version 1
[    5.702902] 1..0
[    5.727417] VFS: Mounted root (nfs filesystem) on device 0:17.
[    5.734291] devtmpfs: mounted
[    5.738939] Freeing unused kernel image (initmem) memory: 1024K
[    5.745686] Run /sbin/init as init process
[    5.749816]   with arguments:
[    5.749828]     /sbin/init
[    5.749837]     nfsrootdebug
[    5.749846]   with environment:
[    5.749855]     HOME=/
[    5.749864]     TERM=linux
[    6.436180] systemd[1]: System time before build time, advancing clock.
[    7.883729] random: crng init done
[    7.944843] systemd[1]: systemd 232 running in system mode. (+PAM +AUDIT +SELINUX +IMA +APPARMOR +SMACK +SYSVINIT +UTMP +LIBCRYPTSETUP +GCRYPT +GNUTLS +ACL +XZ +LZ4 +SECCOMP +BLKID +ELFUTILS +KMOD +IDN)
[    7.963870] systemd[1]: Detected architecture arm.
[    8.006752] systemd[1]: Set hostname to <arm>.
[    9.102173] systemd[1]: Listening on Journal Socket (/dev/log).
[    9.135314] systemd[1]: Created slice User and Session Slice.
[    9.175386] systemd[1]: Set up automount Arbitrary Executable File Formats File System Automount Point.
[    9.214466] systemd[1]: Listening on Syslog Socket.
[    9.254072] systemd[1]: Reached target Swap.
[    9.285665] systemd[1]: Listening on udev Control Socket.
[    9.324327] systemd[1]: Listening on udev Kernel Socket.
[   11.346559] systemd-journald[84]: Received request to flush runtime journal from PID 1
[   14.231989] leds-gpio leds: using DT '/leds/led2' for '(default)' GPIO lookup
[   14.232107] of_get_named_gpiod_flags: parsed 'gpios' property of node '/leds/led2[0]' - status (0)
[   14.232165] gpio gpiochip0: Persistence not supported for GPIO 21
[   14.232181] gpio-533 (?): no flags found for GPIO (default)
[   14.250800] leds-gpio leds: using DT '/leds/led3' for '(default)' GPIO lookup
[   14.251045] of_get_named_gpiod_flags: parsed 'gpios' property of node '/leds/led3[0]' - status (0)
[   14.251113] gpio gpiochip0: Persistence not supported for GPIO 22
[   14.251128] gpio-534 (?): no flags found for GPIO (default)
[   14.267573] leds-gpio leds: using DT '/leds/led4' for '(default)' GPIO lookup
[   14.267674] of_get_named_gpiod_flags: parsed 'gpios' property of node '/leds/led4[0]' - status (0)
[   14.267727] gpio gpiochip0: Persistence not supported for GPIO 23
[   14.267743] gpio-535 (?): no flags found for GPIO (default)
[   14.351667] leds-gpio leds: using DT '/leds/led5' for '(default)' GPIO lookup
[   14.351773] of_get_named_gpiod_flags: parsed 'gpios' property of node '/leds/led5[0]' - status (0)
[   14.351826] gpio gpiochip0: Persistence not supported for GPIO 24
[   14.351841] gpio-536 (?): no flags found for GPIO (default)
[   14.778664] remoteproc remoteproc0: wkup_m3 is available
[   15.006250] omap_rtc 44e3e000.rtc: registered as rtc0
[   15.011458] omap_rtc 44e3e000.rtc: setting system clock to 2000-01-01T00:00:00 UTC (946684800)
[   15.020343] omap_rtc 44e3e000.rtc: using DT '/ocp/interconnect@44c00000/segment@200000/target-module@3e000/rtc@0' for 'wp' GPIO lookup
[   15.020419] of_get_named_gpiod_flags: can't parse 'wp-gpios' property of node '/ocp/interconnect@44c00000/segment@200000/target-module@3e000/rtc@0[0]'
[   15.020471] of_get_named_gpiod_flags: can't parse 'wp-gpio' property of node '/ocp/interconnect@44c00000/segment@200000/target-module@3e000/rtc@0[0]'
[   15.020514] omap_rtc 44e3e000.rtc: using lookup tables for GPIO lookup
[   15.020529] omap_rtc 44e3e000.rtc: No GPIO consumer wp found
[   15.185958] am335x-phy-driver 47401300.usb-phy: using DT '/ocp/target-module@47400000/usb-phy@1300' for 'reset' GPIO lookup
[   15.186053] of_get_named_gpiod_flags: can't parse 'reset-gpios' property of node '/ocp/target-module@47400000/usb-phy@1300[0]'
[   15.186098] of_get_named_gpiod_flags: can't parse 'reset-gpio' property of node '/ocp/target-module@47400000/usb-phy@1300[0]'
[   15.186138] am335x-phy-driver 47401300.usb-phy: using lookup tables for GPIO lookup
[   15.186154] am335x-phy-driver 47401300.usb-phy: No GPIO consumer reset found
[   15.186169] am335x-phy-driver 47401300.usb-phy: using DT '/ocp/target-module@47400000/usb-phy@1300' for 'vbus-detect' GPIO lookup
[   15.186201] of_get_named_gpiod_flags: can't parse 'vbus-detect-gpios' property of node '/ocp/target-module@47400000/usb-phy@1300[0]'
[   15.186235] of_get_named_gpiod_flags: can't parse 'vbus-detect-gpio' property of node '/ocp/target-module@47400000/usb-phy@1300[0]'
[   15.186262] am335x-phy-driver 47401300.usb-phy: using lookup tables for GPIO lookup
[   15.186275] am335x-phy-driver 47401300.usb-phy: No GPIO consumer vbus-detect found
[   15.186423] am335x-phy-driver 47401300.usb-phy: dummy supplies not allowed for exclusive requests (id=vbus)
[   15.266027] omap_wdt: OMAP Watchdog Timer Rev 0x01: initial timeout 60 sec
[   15.296722] at24 2-0054: supply vcc not found, using dummy regulator
[   15.439183] at24 2-0055: supply vcc not found, using dummy regulator
[   15.510483] at24 2-0056: supply vcc not found, using dummy regulator
[   15.634529] at24 2-0057: supply vcc not found, using dummy regulator
[   15.658425] am335x-phy-driver 47401b00.usb-phy: using DT '/ocp/target-module@47400000/usb-phy@1b00' for 'reset' GPIO lookup
[   15.658515] of_get_named_gpiod_flags: can't parse 'reset-gpios' property of node '/ocp/target-module@47400000/usb-phy@1b00[0]'
[   15.658559] of_get_named_gpiod_flags: can't parse 'reset-gpio' property of node '/ocp/target-module@47400000/usb-phy@1b00[0]'
[   15.658599] am335x-phy-driver 47401b00.usb-phy: using lookup tables for GPIO lookup
[   15.658614] am335x-phy-driver 47401b00.usb-phy: No GPIO consumer reset found
[   15.658629] am335x-phy-driver 47401b00.usb-phy: using DT '/ocp/target-module@47400000/usb-phy@1b00' for 'vbus-detect' GPIO lookup
[   15.658661] of_get_named_gpiod_flags: can't parse 'vbus-detect-gpios' property of node '/ocp/target-module@47400000/usb-phy@1b00[0]'
[   15.658695] of_get_named_gpiod_flags: can't parse 'vbus-detect-gpio' property of node '/ocp/target-module@47400000/usb-phy@1b00[0]'
[   15.658722] am335x-phy-driver 47401b00.usb-phy: using lookup tables for GPIO lookup
[   15.658734] am335x-phy-driver 47401b00.usb-phy: No GPIO consumer vbus-detect found
[   15.658883] am335x-phy-driver 47401b00.usb-phy: dummy supplies not allowed for exclusive requests (id=vbus)
[   15.748247] at24 0-0050: using DT '/ocp/interconnect@44c00000/segment@200000/target-module@b000/i2c@0/baseboard_eeprom@50' for 'wp' GPIO lookup
[   15.748358] of_get_named_gpiod_flags: can't parse 'wp-gpios' property of node '/ocp/interconnect@44c00000/segment@200000/target-module@b000/i2c@0/baseboard_eeprom@50[0]'
[   15.748418] of_get_named_gpiod_flags: can't parse 'wp-gpio' property of node '/ocp/interconnect@44c00000/segment@200000/target-module@b000/i2c@0/baseboard_eeprom@50[0]'
[   15.748467] at24 0-0050: using lookup tables for GPIO lookup
[   15.748482] at24 0-0050: No GPIO consumer wp found
[   15.748719] at24 0-0050: 32768 byte 24c256 EEPROM, writable, 1 bytes/write
[   15.974063] wkup_m3_ipc 44e11324.wkup_m3_ipc: IPC Request for A8->M3 Channel failed! -517
[   15.985557] tps6521x_pwrbutton tps65217-pwrbutton: DMA mask not set
[   16.106146] input: tps65217_pwrbutton as /devices/platform/ocp/44c00000.interconnect/44c00000.interconnect:segment@200000/44e0b000.target-module/44e0b000.i2c/i2c-0/0-0024/tps65217-pwrbutton/input/input0
[   16.138110] wkup_m3_ipc 44e11324.wkup_m3_ipc: IPC Request for A8->M3 Channel failed! -517
[   16.454502] usbcore: registered new interface driver usbfs
[   16.460145] usbcore: registered new interface driver hub
[   16.465757] usbcore: registered new device driver usb
[   16.849112] wkup_m3_ipc 44e11324.wkup_m3_ipc: IPC Request for A8->M3 Channel failed! -517
[   16.921359] musb-hdrc musb-hdrc.1: MUSB HDRC host driver
[   16.927015] musb-hdrc musb-hdrc.1: new USB bus registered, assigned bus number 1
[   16.945464] wkup_m3_ipc 44e11324.wkup_m3_ipc: IPC Request for A8->M3 Channel failed! -517
[   17.018877] tda998x 0-0070: found TDA19988
[   17.088446] wkup_m3_ipc 44e11324.wkup_m3_ipc: IPC Request for A8->M3 Channel failed! -517
[   17.097199] usb usb1: New USB device found, idVendor=1d6b, idProduct=0002, bcdDevice= 6.11
[   17.105656] usb usb1: New USB device strings: Mfr=3, Product=2, SerialNumber=1
[   17.112923] usb usb1: Product: MUSB HDRC host driver
[   17.117967] usb usb1: Manufacturer: Linux 6.11.0-g73ea23d406f1 musb-hcd
[   17.124670] usb usb1: SerialNumber: musb-hdrc.1
[   17.262750] hub 1-0:1.0: USB hub found
[   17.308539] omap-mailbox 480c8000.mailbox: omap mailbox rev 0x400
[   17.336046] hub 1-0:1.0: 1 port detected
[   17.406205] remoteproc remoteproc0: powering up wkup_m3
[   17.500431] remoteproc remoteproc0: Direct firmware load for am335x-pm-firmware.elf failed with error -2
[   17.510641] remoteproc remoteproc0: request_firmware failed: -2
[   17.516777] wkup_m3_ipc 44e11324.wkup_m3_ipc: rproc_boot failed
[   18.970191] omap_rng 48310000.rng: Random Number Generator ver. 20
[   19.155480] tilcdc 4830e000.lcdc: bound 0-0070 (ops tda998x_driver_exit [tda998x])
[   19.315515] [drm] Initialized tilcdc 1.0.0 for 4830e000.lcdc on minor 0
[   19.408940] tilcdc 4830e000.lcdc: [drm] Cannot find any crtc or sizes
[   19.606068] tilcdc 4830e000.lcdc: [drm] Cannot find any crtc or sizes
[   21.122037] omap-sham 53100000.sham: hw accel on OMAP rev 4.3
[   21.161709] PM: Cannot get wkup_m3_ipc handle
[   21.285029] omap-sham 53100000.sham: will run requests pump with realtime priority
[   21.298698] PM: Cannot get wkup_m3_ipc handle
[   21.364879] omap-aes 53500000.aes: OMAP AES hw accel rev: 3.2
[   21.584065] omap-aes 53500000.aes: will run requests pump with realtime priority
[   21.594857] PM: Cannot get wkup_m3_ipc handle
[   23.270171] Bluetooth: Core ver 2.22
[   23.274130] NET: Registered PF_BLUETOOTH protocol family
[   23.279481] Bluetooth: HCI device and connection manager initialized
[   23.286013] Bluetooth: HCI socket layer initialized
[   23.290931] Bluetooth: L2CAP socket layer initialized
[   23.296083] Bluetooth: SCO socket layer initialized
[   25.035982] PM: Cannot get wkup_m3_ipc handle
[   25.041791] asoc-simple-card sound: using DT '/sound' for 'simple-audio-card,hp-det' GPIO lookup
[   25.041865] of_get_named_gpiod_flags: can't parse 'simple-audio-card,hp-det-gpios' property of node '/sound[0]'
[   25.041902] of_get_named_gpiod_flags: can't parse 'simple-audio-card,hp-det-gpio' property of node '/sound[0]'
[   25.041926] asoc-simple-card sound: using lookup tables for GPIO lookup
[   25.041941] asoc-simple-card sound: No GPIO consumer simple-audio-card,hp-det found
[   25.041955] asoc-simple-card sound: using DT '/sound' for 'simple-audio-card,mic-det' GPIO lookup
[   25.041979] of_get_named_gpiod_flags: can't parse 'simple-audio-card,mic-det-gpios' property of node '/sound[0]'
[   25.042005] of_get_named_gpiod_flags: can't parse 'simple-audio-card,mic-det-gpio' property of node '/sound[0]'
[   25.042026] asoc-simple-card sound: using lookup tables for GPIO lookup
[   25.042037] asoc-simple-card sound: No GPIO consumer simple-audio-card,mic-det found
[   25.166739] PM: Cannot get wkup_m3_ipc handle
[   28.289087] userial_init: registered 8 ttyGS* devices
[   28.460848] rndis_register: configNr = 0
[   28.532531] udc musb-hdrc.0: binding gadget driver [g_multi]
[   28.532624] configfs-gadget.g_multi gadget.0: adding 'rndis'/b699f50c to config 'c'/0264aab5
[   28.533981] configfs-gadget.g_multi gadget.0: HOST MAC 1c:ba:8c:a2:ed:6c
[   28.540898] configfs-gadget.g_multi gadget.0: MAC 1c:ba:8c:a2:ed:70
[   28.547348] rndis_set_param_medium: 0 0
[   28.547371] configfs-gadget.g_multi gadget.0: RNDIS: IN/ep1in OUT/ep1out NOTIFY/ep2in
[   28.547389] configfs-gadget.g_multi gadget.0: adding 'cdc_ethernet'/72489efe to config 'c'/0264aab5
[   28.548294] configfs-gadget.g_multi gadget.0: HOST MAC 1c:ba:8c:a2:ed:6c
[   28.555155] configfs-gadget.g_multi gadget.0: MAC 1c:ba:8c:a2:ed:6d
[   28.561485] configfs-gadget.g_multi gadget.0: CDC Ethernet: IN/ep3in OUT/ep2out NOTIFY/ep4in
[   28.561503] configfs-gadget.g_multi gadget.0: adding 'acm'/086f17a7 to config 'c'/0264aab5
[   28.561542] configfs-gadget.g_multi gadget.0: acm ttyGS0: IN/ep5in OUT/ep3out NOTIFY/ep6in
[   28.576242] PM: Cannot get wkup_m3_ipc handle
[   30.668616] configfs-gadget.g_multi gadget.0: eth_open
[   34.719461] gs_open: ttyGS0 (13fdfbcb,9d472d04)
[   34.719660] gs_close: ttyGS0 (13fdfbcb,9d472d04) ...
[   34.719697] gs_close: ttyGS0 (13fdfbcb,9d472d04) done!
[   34.744650] gs_open: ttyGS0 (37500469,99e464bd)
[   34.744809] gs_close: ttyGS0 (37500469,99e464bd) ...
[   34.744839] gs_close: ttyGS0 (37500469,99e464bd) done!
[   34.919013] gs_open: ttyGS0 (8a126590,dfda1ae2)
[   34.919245] gs_close: ttyGS0 (8a126590,dfda1ae2) ...
[   34.919274] gs_close: ttyGS0 (8a126590,dfda1ae2) done!
[   34.919596] gs_open: ttyGS0 (8a126590,dfda1ae2)
[   57.182476] mva_overlay: loading out-of-tree module taints kernel.
[   57.183198] mva_overlay_init: Hello Peeps
[   57.183238] create_sysfs_for_overlays: sysfs created
[   61.006595] overlay_modify_store: got overlay data (pos=0, size=3397
[   61.006672] overlay_modify_store: Writing 3397 byte overlay
[   61.007796] OF: overlay: WARNING: memory leak will occur if overlay removed, property: /ocp/interconnect@48000000/segment@100000/target-module@9c000/i2c@0/pinctrl-0
[   61.007871] OF: overlay: WARNING: memory leak will occur if overlay removed, property: /ocp/interconnect@48000000/segment@100000/target-module@9c000/i2c@0/clock-frequency
[   61.007916] OF: overlay: WARNING: memory leak will occur if overlay removed, property: /ocp/interconnect@48000000/segment@100000/target-module@9c000/i2c@0/status
[   61.008242] OF: overlay: WARNING: memory leak will occur if overlay removed, property: /__symbols__/i2c1_pins
[   61.008318] OF: overlay: WARNING: memory leak will occur if overlay removed, property: /__symbols__/pmic
[   61.008384] OF: overlay: WARNING: memory leak will occur if overlay removed, property: /__symbols__/boost1
[   61.008447] OF: overlay: WARNING: memory leak will occur if overlay removed, property: /__symbols__/buck1
[   61.008511] OF: overlay: WARNING: memory leak will occur if overlay removed, property: /__symbols__/buck2
[   61.008574] OF: overlay: WARNING: memory leak will occur if overlay removed, property: /__symbols__/buck3
[   61.008639] OF: overlay: WARNING: memory leak will occur if overlay removed, property: /__symbols__/ldo
[   61.008703] OF: overlay: WARNING: memory leak will occur if overlay removed, property: /__symbols__/sw
[   61.008743] OF: overlay: WARNING: memory leak will occur if overlay removed, property: /__symbols__/irqtest
[   61.117576] PM: Cannot get wkup_m3_ipc handle
[   61.157006] bd9576-wdt bd9576-wdt.3.auto: using DT '/ocp/interconnect@48000000/segment@100000/target-module@9c000/i2c@0/pmic@30' for 'rohm,watchdog-enable' GPIO lookup
[   61.157147] of_get_named_gpiod_flags: parsed 'rohm,watchdog-enable-gpios' property of node '/ocp/interconnect@48000000/segment@100000/target-module@9c000/i2c@0/pmic@30[0]' - status (0)
[   61.157229] gpio gpiochip0: Persistence not supported for GPIO 28
[   61.157255] bd9576-wdt bd9576-wdt.3.auto: using DT '/ocp/interconnect@48000000/segment@100000/target-module@9c000/i2c@0/pmic@30' for 'rohm,watchdog-ping' GPIO lookup
[   61.157320] of_get_named_gpiod_flags: parsed 'rohm,watchdog-ping-gpios' property of node '/ocp/interconnect@48000000/segment@100000/target-module@9c000/i2c@0/pmic@30[0]' - status (0)
[   61.157445] gpio gpiochip1: Persistence not supported for GPIO 8
[   61.163140] PM: Cannot get wkup_m3_ipc handle
[   61.197932] bd957x-pmic bd9576-regulator.2.auto: using DT '/ocp/interconnect@48000000/segment@100000/target-module@9c000/i2c@0/pmic@30' for 'rohm,vout1-en' GPIO lookup
[   61.198072] of_get_named_gpiod_flags: parsed 'rohm,vout1-en-gpios' property of node '/ocp/interconnect@48000000/segment@100000/target-module@9c000/i2c@0/pmic@30[0]' - status (0)
[   61.198149] gpio gpiochip1: Persistence not supported for GPIO 6
[   61.279292] PM: Cannot get wkup_m3_ipc handle
[   66.934911] mva_test_init: Hello Peeps
THSULBPUKU 0
root@arm:~# echo 'AAPB''PNCFTG'
AAPBPNCFTG
root@arm:~# MARKER='TZCA''OSYTPK' run 'modprobe test_linear_ranges'
TZCAOSYTPKTZCAOSYTPK 0
root@arm:~# echo 'ANOF''ZAVFMK'
ANOFZAVFMK
root@arm:~# MARKER='KUAG''NKEQUQ' run dmesg
KUAGNKEQUQ[    0.000000] Booting Linux on physical CPU 0x0
[    0.000000] Linux version 6.11.0-g73ea23d406f1 (user01@drvtest01) (arm-linux-gnueabihf-gcc (Linaro GCC 6.4-2017.11) 6.4.1 20171012, GNU ld (Linaro_Binutils-2017.11) 2.27.0.20161229) #15 SMP Tue Sep 24 15:25:50 EEST 2024
[    0.000000] CPU: ARMv7 Processor [413fc082] revision 2 (ARMv7), cr=10c5387d
[    0.000000] CPU: PIPT / VIPT nonaliasing data cache, VIPT aliasing instruction cache
[    0.000000] OF: fdt: Machine model: TI AM335x BeagleBone Black
[    0.000000] Memory policy: Data cache writeback
[    0.000000] cma: Reserved 16 MiB at 0x9e800000 on node -1
[    0.000000] Zone ranges:
[    0.000000]   Normal   [mem 0x0000000080000000-0x000000009fdfffff]
[    0.000000]   HighMem  empty
[    0.000000] Movable zone start for each node
[    0.000000] Early memory node ranges
[    0.000000]   node   0: [mem 0x0000000080000000-0x000000009fdfffff]
[    0.000000] Initmem setup node 0 [mem 0x0000000080000000-0x000000009fdfffff]
[    0.000000] CPU: All CPU(s) started in SVC mode.
[    0.000000] AM335X ES2.1 (sgx neon)
[    0.000000] percpu: Embedded 17 pages/cpu s39628 r8192 d21812 u69632
[    0.000000] pcpu-alloc: s39628 r8192 d21812 u69632 alloc=17*4096
[    0.000000] pcpu-alloc: [0] 0 
[    0.000000] Kernel command line: console=ttyO0,115200n8 root=/dev/nfs rw nfsroot=192.168.255.126:/home/user01/nfs,nfsvers=3 ip=192.168.255.1:192.168.255.126::255.255.255.0:bbb1:eth0 nfsrootdebug
[    0.000000] Unknown kernel command line parameters "nfsrootdebug", will be passed to user space.
[    0.000000] Dentry cache hash table entries: 65536 (order: 6, 262144 bytes, linear)
[    0.000000] Inode-cache hash table entries: 32768 (order: 5, 131072 bytes, linear)
[    0.000000] Built 1 zonelists, mobility grouping on.  Total pages: 130560
[    0.000000] mem auto-init: stack:off, heap alloc:off, heap free:off
[    0.000000] SLUB: HWalign=64, Order=0-3, MinObjects=0, CPUs=1, Nodes=1
[    0.000000] trace event string verifier disabled
[    0.000000] rcu: Hierarchical RCU implementation.
[    0.000000] rcu: 	RCU event tracing is enabled.
[    0.000000] rcu: 	RCU restricting CPUs from NR_CPUS=2 to nr_cpu_ids=1.
[    0.000000] rcu: RCU calculated value of scheduler-enlistment delay is 10 jiffies.
[    0.000000] rcu: Adjusting geometry for rcu_fanout_leaf=16, nr_cpu_ids=1
[    0.000000] NR_IRQS: 16, nr_irqs: 16, preallocated irqs: 16
[    0.000000] IRQ: Found an INTC at 0x(ptrval) (revision 5.0) with 128 interrupts
[    0.000000] rcu: srcu_init: Setting srcu_struct sizes based on contention.
[    0.000000] TI gptimer clocksource: always-on /ocp/interconnect@44c00000/segment@200000/target-module@31000
[    0.000003] sched_clock: 32 bits at 24MHz, resolution 41ns, wraps every 89478484971ns
[    0.000030] clocksource: dmtimer: mask: 0xffffffff max_cycles: 0xffffffff, max_idle_ns: 79635851949 ns
[    0.000511] TI gptimer clockevent: 24000000 Hz at /ocp/interconnect@48000000/segment@0/target-module@40000
[    0.002141] Console: colour dummy device 80x30
[    0.002210] WARNING: Your 'console=ttyO0' has been replaced by 'ttyS0'
[    0.002220] This ensures that you still see kernel messages. Please
[    0.002226] update your kernel commandline.
[    0.002273] Calibrating delay loop... 996.14 BogoMIPS (lpj=4980736)
[    0.090568] CPU: Testing write buffer coherency: ok
[    0.090675] CPU0: Spectre v2: using BPIALL workaround
[    0.090688] pid_max: default: 32768 minimum: 301
[    0.090813] LSM: initializing lsm=capability
[    0.090980] Mount-cache hash table entries: 1024 (order: 0, 4096 bytes, linear)
[    0.091001] Mountpoint-cache hash table entries: 1024 (order: 0, 4096 bytes, linear)
[    0.092539] CPU0: thread -1, cpu 0, socket -1, mpidr 0
[    0.094253] Setting up static identity map for 0x80100000 - 0x80100078
[    0.094559] rcu: Hierarchical SRCU implementation.
[    0.094572] rcu: 	Max phase no-delay instances is 1000.
[    0.096237] smp: Bringing up secondary CPUs ...
[    0.096296] smp: Brought up 1 node, 1 CPU
[    0.096313] SMP: Total of 1 processors activated (996.14 BogoMIPS).
[    0.096327] CPU: All CPU(s) started in SVC mode.
[    0.096518] Memory: 480876K/522240K available (11264K kernel code, 1197K rwdata, 2856K rodata, 1024K init, 297K bss, 23344K reserved, 16384K cma-reserved, 0K highmem)
[    0.097322] devtmpfs: initialized
[    0.113700] VFP support v0.3: implementor 41 architecture 3 part 30 variant c rev 3
[    0.114051] clocksource: jiffies: mask: 0xffffffff max_cycles: 0xffffffff, max_idle_ns: 19112604462750000 ns
[    0.114087] futex hash table entries: 256 (order: 2, 16384 bytes, linear)
[    0.115357] pinctrl core: initialized pinctrl subsystem
[    0.118078] NET: Registered PF_NETLINK/PF_ROUTE protocol family
[    0.121083] DMA: preallocated 256 KiB pool for atomic coherent allocations
[    0.122049] audit: initializing netlink subsys (disabled)
[    0.123416] thermal_sys: Registered thermal governor 'fair_share'
[    0.123437] thermal_sys: Registered thermal governor 'step_wise'
[    0.123448] thermal_sys: Registered thermal governor 'user_space'
[    0.123567] audit: type=2000 audit(0.120:1): state=initialized audit_enabled=0 res=1
[    0.123639] cpuidle: using governor menu
[    0.142759] No ATAGs?
[    0.142793] hw-breakpoint: debug architecture 0x4 unsupported.
[    0.145686] kprobes: kprobe jump-optimization is enabled. All kprobes are optimized if possible.
[    0.163997] iommu: Default domain type: Translated
[    0.164024] iommu: DMA domain TLB invalidation policy: strict mode
[    0.165603] reg-fixed-voltage fixedregulator0: using DT '/fixedregulator0' for '(default)' GPIO lookup
[    0.165663] of_get_named_gpiod_flags: can't parse 'gpios' property of node '/fixedregulator0[0]'
[    0.165695] of_get_named_gpiod_flags: can't parse 'gpio' property of node '/fixedregulator0[0]'
[    0.165714] reg-fixed-voltage fixedregulator0: using lookup tables for GPIO lookup
[    0.165726] reg-fixed-voltage fixedregulator0: No GPIO consumer (default) found
[    0.171358] SCSI subsystem initialized
[    0.180995] libata version 3.00 loaded.
[    0.181368] pps_core: LinuxPPS API ver. 1 registered
[    0.181381] pps_core: Software ver. 5.3.6 - Copyright 2005-2007 Rodolfo Giometti <giometti@linux.it>
[    0.181407] PTP clock support registered
[    0.183319] vgaarb: loaded
[    0.183706] clocksource: Switched to clocksource dmtimer
[    0.184301] VFS: Disk quotas dquot_6.6.0
[    0.184347] VFS: Dquot-cache hash table entries: 1024 (order 0, 4096 bytes)
[    0.209769] NET: Registered PF_INET protocol family
[    0.210131] IP idents hash table entries: 8192 (order: 4, 65536 bytes, linear)
[    0.211527] tcp_listen_portaddr_hash hash table entries: 512 (order: 0, 4096 bytes, linear)
[    0.211570] Table-perturb hash table entries: 65536 (order: 6, 262144 bytes, linear)
[    0.211589] TCP established hash table entries: 4096 (order: 2, 16384 bytes, linear)
[    0.211633] TCP bind hash table entries: 4096 (order: 4, 65536 bytes, linear)
[    0.211735] TCP: Hash tables configured (established 4096 bind 4096)
[    0.211857] UDP hash table entries: 256 (order: 1, 8192 bytes, linear)
[    0.211886] UDP-Lite hash table entries: 256 (order: 1, 8192 bytes, linear)
[    0.212064] NET: Registered PF_UNIX/PF_LOCAL protocol family
[    0.224650] RPC: Registered named UNIX socket transport module.
[    0.224679] RPC: Registered udp transport module.
[    0.224687] RPC: Registered tcp transport module.
[    0.224694] RPC: Registered tcp-with-tls transport module.
[    0.224701] RPC: Registered tcp NFSv4.1 backchannel transport module.
[    0.224727] PCI: CLS 0 bytes, default 64
[    0.226165] Initialise system trusted keyrings
[    0.227237] workingset: timestamp_bits=14 max_order=17 bucket_order=3
[    0.228487] NFS: Registering the id_resolver key type
[    0.228558] Key type id_resolver registered
[    0.228568] Key type id_legacy registered
[    0.228618] jffs2: version 2.2. (NAND) (SUMMARY)  Â© 2001-2006 Red Hat, Inc.
[    0.229077] Key type asymmetric registered
[    0.229098] Asymmetric key parser 'x509' registered
[    0.229166] io scheduler mq-deadline registered
[    0.229179] io scheduler kyber registered
[    0.229247] io scheduler bfq registered
[    0.244162] Serial: 8250/16550 driver, 6 ports, IRQ sharing enabled
[    0.307039] brd: module loaded
[    0.318202] loop: module loaded
[    0.319137] mtdoops: mtd device (mtddev=name/number) must be supplied
[    0.335046] mdio_bus fixed-0: using lookup tables for GPIO lookup
[    0.335077] mdio_bus fixed-0: No GPIO consumer reset found
[    0.336477] i2c_dev: i2c /dev entries driver
[    0.337461] cpuidle: enable-method property 'ti,am3352' found operations
[    0.337907] sdhci: Secure Digital Host Controller Interface driver
[    0.337919] sdhci: Copyright(c) Pierre Ossman
[    0.338095] sdhci-pltfm: SDHCI platform and OF driver helper
[    0.338409] ledtrig-cpu: registered to indicate activity on CPUs
[    0.339345] Initializing XFRM netlink socket
[    0.339470] NET: Registered PF_INET6 protocol family
[    0.341294] Segment Routing with IPv6
[    0.341392] In-situ OAM (IOAM) with IPv6
[    0.341490] sit: IPv6, IPv4 and MPLS over IPv4 tunneling driver
[    0.342432] NET: Registered PF_PACKET protocol family
[    0.342475] NET: Registered PF_KEY protocol family
[    0.342594] Key type dns_resolver registered
[    0.342863] ThumbEE CPU extension supported.
[    0.342889] Registering SWP/SWPB emulation handler
[    0.343416] omap_voltage_late_init: Voltage driver support not added
[    0.343958] SmartReflex Class3 initialized
[    0.364488] Loading compiled-in X.509 certificates
[    0.423102] gpiochip_find_base_unlocked: found new base at 512
[    0.431989] platform 44e10800.pinmux: Fixed dependency cycle(s) with /ocp/interconnect@44c00000/segment@200000/target-module@10000/scm@0/pinmux@800/clkout2-pins
[    0.432548] pinctrl-single 44e10800.pinmux: 142 pins, size 568
[    0.437909] ti-sysc 44e31000.target-module: probe with driver ti-sysc failed with error -16
[    0.500383] ti-sysc 48040000.target-module: probe with driver ti-sysc failed with error -16
[    0.511365] gpiochip_find_base_unlocked: found new base at 512
[    0.511476] gpio gpiochip0: (gpio-0-31): created GPIO range 0->7 ==> 44e10800.pinmux PIN 0->7
[    0.511498] gpio gpiochip0: (gpio-0-31): created GPIO range 8->11 ==> 44e10800.pinmux PIN 90->93
[    0.511515] gpio gpiochip0: (gpio-0-31): created GPIO range 12->27 ==> 44e10800.pinmux PIN 12->27
[    0.511533] gpio gpiochip0: (gpio-0-31): created GPIO range 28->31 ==> 44e10800.pinmux PIN 30->33
[    0.537176] gpio gpiochip0: (gpio-0-31): added GPIO chardev (254:0)
[    0.537374] gpio gpiochip0: registered GPIOs 512 to 543 on gpio-0-31
[    0.537463] OMAP GPIO hardware version 0.1
[    0.555064] i2c i2c-2: using DT '/ocp/interconnect@48000000/segment@100000/target-module@9c000/i2c@0' for 'scl' GPIO lookup
[    0.555151] of_get_named_gpiod_flags: can't parse 'scl-gpios' property of node '/ocp/interconnect@48000000/segment@100000/target-module@9c000/i2c@0[0]'
[    0.555200] of_get_named_gpiod_flags: can't parse 'scl-gpio' property of node '/ocp/interconnect@48000000/segment@100000/target-module@9c000/i2c@0[0]'
[    0.555239] i2c i2c-2: using lookup tables for GPIO lookup
[    0.555251] i2c i2c-2: No GPIO consumer scl found
[    0.555275] i2c i2c-2: using DT '/ocp/interconnect@48000000/segment@100000/target-module@9c000/i2c@0' for 'sda' GPIO lookup
[    0.555315] of_get_named_gpiod_flags: can't parse 'sda-gpios' property of node '/ocp/interconnect@48000000/segment@100000/target-module@9c000/i2c@0[0]'
[    0.555357] of_get_named_gpiod_flags: can't parse 'sda-gpio' property of node '/ocp/interconnect@48000000/segment@100000/target-module@9c000/i2c@0[0]'
[    0.555391] i2c i2c-2: using lookup tables for GPIO lookup
[    0.555400] i2c i2c-2: No GPIO consumer sda found
[    0.556101] omap_i2c 4819c000.i2c: bus 2 rev0.11 at 100 kHz
[    0.561402] gpiochip_find_base_unlocked: found new base at 544
[    0.561513] gpio gpiochip1: (gpio-32-63): created GPIO range 0->17 ==> 44e10800.pinmux PIN 34->51
[    0.561536] gpio gpiochip1: (gpio-32-63): created GPIO range 18->21 ==> 44e10800.pinmux PIN 77->80
[    0.561554] gpio gpiochip1: (gpio-32-63): created GPIO range 22->31 ==> 44e10800.pinmux PIN 56->65
[    0.574006] gpio gpiochip1: (gpio-32-63): added GPIO chardev (254:1)
[    0.574163] gpio gpiochip1: registered GPIOs 544 to 575 on gpio-32-63
[    0.576320] gpiochip_find_base_unlocked: found new base at 576
[    0.576421] gpio gpiochip2: (gpio-64-95): created GPIO range 0->4 ==> 44e10800.pinmux PIN 66->70
[    0.576456] gpio gpiochip2: (gpio-64-95): created GPIO range 5->6 ==> 44e10800.pinmux PIN 98->99
[    0.576475] gpio gpiochip2: (gpio-64-95): created GPIO range 7->8 ==> 44e10800.pinmux PIN 75->76
[    0.576492] gpio gpiochip2: (gpio-64-95): created GPIO range 13->13 ==> 44e10800.pinmux PIN 141->141
[    0.576510] gpio gpiochip2: (gpio-64-95): created GPIO range 14->21 ==> 44e10800.pinmux PIN 100->107
[    0.577102] gpio gpiochip2: (gpio-64-95): added GPIO chardev (254:2)
[    0.577239] gpio gpiochip2: registered GPIOs 576 to 607 on gpio-64-95
[    0.582569] 48000000.interconnect:segment@200000:target-module@0:mpu@0:fck: device ID is greater than 24
[    0.586995] platform 4830e000.lcdc: Fixed dependency cycle(s) with /ocp/interconnect@44c00000/segment@200000/target-module@b000/i2c@0/tda19988@70
[    0.596268] mdio_bus 4a101000.mdio: using DT '/ocp/interconnect@4a000000/segment@0/target-module@100000/switch@0/mdio@1000' for 'reset' GPIO lookup
[    0.596349] of_get_named_gpiod_flags: can't parse 'reset-gpios' property of node '/ocp/interconnect@4a000000/segment@0/target-module@100000/switch@0/mdio@1000[0]'
[    0.596401] of_get_named_gpiod_flags: can't parse 'reset-gpio' property of node '/ocp/interconnect@4a000000/segment@0/target-module@100000/switch@0/mdio@1000[0]'
[    0.596452] mdio_bus 4a101000.mdio: using lookup tables for GPIO lookup
[    0.596464] mdio_bus 4a101000.mdio: No GPIO consumer reset found
[    0.598593] sdhci-omap 481d8000.mmc: using DT '/ocp/interconnect@48000000/segment@100000/target-module@d8000/mmc@0' for 'wp' GPIO lookup
[    0.598668] of_get_named_gpiod_flags: can't parse 'wp-gpios' property of node '/ocp/interconnect@48000000/segment@100000/target-module@d8000/mmc@0[0]'
[    0.598718] of_get_named_gpiod_flags: can't parse 'wp-gpio' property of node '/ocp/interconnect@48000000/segment@100000/target-module@d8000/mmc@0[0]'
[    0.598757] sdhci-omap 481d8000.mmc: using lookup tables for GPIO lookup
[    0.598769] sdhci-omap 481d8000.mmc: No GPIO consumer wp found
[    0.598974] sdhci-omap 481d8000.mmc: supply pbias not found, using dummy regulator
[    0.599445] sdhci-omap 481d8000.mmc: supply vqmmc not found, using dummy regulator
[    0.674993] davinci_mdio 4a101000.mdio: davinci mdio revision 1.6, bus freq 1000000
[    0.699364] mdio_bus 4a101000.mdio:00: using DT '/ocp/interconnect@4a000000/segment@0/target-module@100000/switch@0/mdio@1000/ethernet-phy@0' for 'reset' GPIO lookup
[    0.699475] of_get_named_gpiod_flags: parsed 'reset-gpios' property of node '/ocp/interconnect@4a000000/segment@0/target-module@100000/switch@0/mdio@1000/ethernet-phy@0[0]' - status (0)
[    0.699644] gpio gpiochip0: Persistence not supported for GPIO 8
[    0.792267] davinci_mdio 4a101000.mdio: phy[0]: device 4a101000.mdio:00, driver SMSC LAN8710/LAN8720
[    0.792913] cpsw-switch 4a100000.switch: initialized cpsw ale version 1.4
[    0.792938] cpsw-switch 4a100000.switch: ALE Table size 1024
[    0.824060] cpsw-switch 4a100000.switch: cpts: overflow check period 500 (jiffies)
[    0.824091] cpsw-switch 4a100000.switch: CPTS: ref_clk_freq:250000000 calc_mult:2147483648 calc_shift:29 error:0 nsec/sec
[    0.824215] cpsw-switch 4a100000.switch: Detected MACID = 6c:ec:eb:68:de:78
[    0.826040] cpsw-switch 4a100000.switch: initialized (regs 0x4a100000, pool size 256) hw_ver:0019010C 1.12 (0)
[    0.837036] debugfs: Directory '49000000.dma' with parent 'dmaengine' already present!
[    0.837086] edma 49000000.dma: TI EDMA DMA engine driver
[    0.877459] target-module@4b000000:target-module@140000:pmu@0:fck: device ID is greater than 24
[    0.906566] hw perfevents: enabled with armv7_cortex_a8 PMU driver, 5 counters available
