Labgrid Console Logfile for main
Logfile started at 2024-09-20 15:20:19.972979
=== Log starts here ===
ng image args, err - -1
reading u-boot.img
reading u-boot.img


U-Boot 2014.04-00014-g47880f5 (Apr 22 2014 - 13:23:54)

I2C:   ready
DRAM:  512 MiB
NAND:  0 MiB
MMC:   OMAP SD/MMC: 0, OMAP SD/MMC: 1
*** Warning - readenv() failed, using default environment

Net:   <ethaddr> not set. Validating first E-fuse MAC
cpsw, usb_ether
Hit any key to stop autoboot:  1  0 
gpio: pin 53 (gpio 53) value is 1
mmc0 is current device
gpio: pin 54 (gpio 54) value is 1
SD/MMC found on device 0
reading uEnv.txt
569 bytes read in 4 ms (138.7 KiB/s)
gpio: pin 55 (gpio 55) value is 1
Loaded environment from uEnv.txt
Importing environment from mmc ...
Checking if uenvcmd is set ...
gpio: pin 56 (gpio 56) value is 1
Running uenvcmd ...
cpsw Waiting for PHY auto negotiation to complete. done
link up on port 0, speed 100, full duplex
Using cpsw device
TFTP from server 192.168.255.126; our IP address is 192.168.255.1
Filename 'zImage'.
Load address: 0x81000000
Loading: *#################################################################
	 #################################################################
	 #################################################################
	 #################################################################
	 #################################################################
	 ###########################
	 2.4 MiB/s
done
Bytes transferred = 5159248 (4eb950 hex)
link up on port 0, speed 100, full duplex
Using cpsw device
TFTP from server 192.168.255.126; our IP address is 192.168.255.1
Filename 'am335x-boneblack.dtb'.
Load address: 0x82000000
Loading: *#######
	 1.7 MiB/s
done
Bytes transferred = 97630 (17d5e hex)
Kernel image @ 0x81000000 [ 0x000000 - 0x4eb950 ]
## Flattened Device Tree blob at 82000000
   Booting using the fdt blob at 0x82000000
   Using Device Tree in place at 82000000, end 8201ad5d

Starting kernel ...

[    0.000000] Booting Linux on physical CPU 0x0
[    0.000000] Linux version 6.1.111 (user01@drvtest01) (arm-linux-gnueabihf-gcc (Linaro GCC 6.4-2017.11) 6.4.1 20171012, GNU ld (Linaro_Binutils-2017.11) 2.27.0.20161229) #2 SMP Wed Sep 18 20:45:31 EEST 2024
[    0.000000] CPU: ARMv7 Processor [413fc082] revision 2 (ARMv7), cr=10c5387d
[    0.000000] CPU: PIPT / VIPT nonaliasing data cache, VIPT aliasing instruction cache
[    0.000000] OF: fdt: Machine model: TI AM335x BeagleBone Black
[    0.000000] Memory policy: Data cache writeback
[    0.000000] cma: Reserved 16 MiB at 0x9ec00000
[    0.000000] Zone ranges:
[    0.000000]   Normal   [mem 0x0000000080000000-0x000000009fdfffff]
[    0.000000]   HighMem  empty
[    0.000000] Movable zone start for each node
[    0.000000] Early memory node ranges
[    0.000000]   node   0: [mem 0x0000000080000000-0x000000009fdfffff]
[    0.000000] Initmem setup node 0 [mem 0x0000000080000000-0x000000009fdfffff]
[    0.000000] CPU: All CPU(s) started in SVC mode.
[    0.000000] AM335X ES2.1 (sgx neon)
[    0.000000] percpu: Embedded 16 pages/cpu s34196 r8192 d23148 u65536
[    0.000000] Built 1 zonelists, mobility grouping on.  Total pages: 129412
[    0.000000] Kernel command line: console=ttyO0,115200n8 root=/dev/nfs rw nfsroot=192.168.255.126:/home/user01/nfs,nfsvers=3 ip=192.168.255.1:192.168.255.126::255.255.255.0:bbb1:eth0 nfsrootdebug
[    0.000000] Unknown kernel command line parameters "nfsrootdebug", will be passed to user space.
[    0.000000] Dentry cache hash table entries: 65536 (order: 6, 262144 bytes, linear)
[    0.000000] Inode-cache hash table entries: 32768 (order: 5, 131072 bytes, linear)
[    0.000000] mem auto-init: stack:off, heap alloc:off, heap free:off
[    0.000000] Memory: 484644K/522240K available (10240K kernel code, 1143K rwdata, 2600K rodata, 1024K init, 287K bss, 21212K reserved, 16384K cma-reserved, 0K highmem)
[    0.000000] SLUB: HWalign=64, Order=0-3, MinObjects=0, CPUs=1, Nodes=1
[    0.000000] trace event string verifier disabled
[    0.000000] rcu: Hierarchical RCU implementation.
[    0.000000] rcu: 	RCU event tracing is enabled.
[    0.000000] rcu: 	RCU restricting CPUs from NR_CPUS=2 to nr_cpu_ids=1.
[    0.000000] rcu: RCU calculated value of scheduler-enlistment delay is 10 jiffies.
[    0.000000] rcu: Adjusting geometry for rcu_fanout_leaf=16, nr_cpu_ids=1
[    0.000000] NR_IRQS: 16, nr_irqs: 16, preallocated irqs: 16
[    0.000000] IRQ: Found an INTC at 0x(ptrval) (revision 5.0) with 128 interrupts
[    0.000000] rcu: srcu_init: Setting srcu_struct sizes based on contention.
[    0.000000] TI gptimer clocksource: always-on /ocp/interconnect@44c00000/segment@200000/target-module@31000
[    0.000002] sched_clock: 32 bits at 24MHz, resolution 41ns, wraps every 89478484971ns
[    0.000027] clocksource: dmtimer: mask: 0xffffffff max_cycles: 0xffffffff, max_idle_ns: 79635851949 ns
[    0.000438] TI gptimer clockevent: 24000000 Hz at /ocp/interconnect@48000000/segment@0/target-module@40000
[    0.001997] Console: colour dummy device 80x30
[    0.002045] WARNING: Your 'console=ttyO0' has been replaced by 'ttyS0'
[    0.002052] This ensures that you still see kernel messages. Please
[    0.002057] update your kernel commandline.
[    0.002096] Calibrating delay loop... 996.14 BogoMIPS (lpj=4980736)
[    0.090486] CPU: Testing write buffer coherency: ok
[    0.090587] CPU0: Spectre v2: using BPIALL workaround
[    0.090600] pid_max: default: 32768 minimum: 301
[    0.090737] LSM: Security Framework initializing
[    0.090920] Mount-cache hash table entries: 1024 (order: 0, 4096 bytes, linear)
[    0.090939] Mountpoint-cache hash table entries: 1024 (order: 0, 4096 bytes, linear)
[    0.092500] CPU0: thread -1, cpu 0, socket -1, mpidr 0
[    0.093799] Setting up static identity map for 0x80100000 - 0x80100078
[    0.094049] rcu: Hierarchical SRCU implementation.
[    0.094058] rcu: 	Max phase no-delay instances is 1000.
[    0.095395] smp: Bringing up secondary CPUs ...
[    0.095410] smp: Brought up 1 node, 1 CPU
[    0.095421] SMP: Total of 1 processors activated (996.14 BogoMIPS).
[    0.095433] CPU: All CPU(s) started in SVC mode.
[    0.096364] devtmpfs: initialized
[    0.112372] VFP support v0.3: implementor 41 architecture 3 part 30 variant c rev 3
[    0.112685] clocksource: jiffies: mask: 0xffffffff max_cycles: 0xffffffff, max_idle_ns: 19112604462750000 ns
[    0.112718] futex hash table entries: 256 (order: 2, 16384 bytes, linear)
[    0.114035] pinctrl core: initialized pinctrl subsystem
[    0.116013] NET: Registered PF_NETLINK/PF_ROUTE protocol family
[    0.118062] DMA: preallocated 256 KiB pool for atomic coherent allocations
[    0.118647] audit: initializing netlink subsys (disabled)
[    0.119866] thermal_sys: Registered thermal governor 'fair_share'
[    0.119883] thermal_sys: Registered thermal governor 'step_wise'
[    0.119890] thermal_sys: Registered thermal governor 'user_space'
[    0.120018] cpuidle: using governor menu
[    0.137688] No ATAGs?
[    0.137711] hw-breakpoint: debug architecture 0x4 unsupported.
[    0.146642] audit: type=2000 audit(0.110:1): state=initialized audit_enabled=0 res=1
[    0.146952] kprobes: kprobe jump-optimization is enabled. All kprobes are optimized if possible.
[    0.164690] iommu: Default domain type: Translated 
[    0.164704] iommu: DMA domain TLB invalidation policy: strict mode 
[    0.166172] SCSI subsystem initialized
[    0.167038] pps_core: LinuxPPS API ver. 1 registered
[    0.167048] pps_core: Software ver. 5.3.6 - Copyright 2005-2007 Rodolfo Giometti <giometti@linux.it>
[    0.167072] PTP clock support registered
[    0.168591] vgaarb: loaded
[    0.180658] clocksource: Switched to clocksource dmtimer
[    0.181319] VFS: Disk quotas dquot_6.6.0
[    0.181393] VFS: Dquot-cache hash table entries: 1024 (order 0, 4096 bytes)
[    0.194096] NET: Registered PF_INET protocol family
[    0.194439] IP idents hash table entries: 8192 (order: 4, 65536 bytes, linear)
[    0.195840] tcp_listen_portaddr_hash hash table entries: 512 (order: 0, 4096 bytes, linear)
[    0.195884] Table-perturb hash table entries: 65536 (order: 6, 262144 bytes, linear)
[    0.195904] TCP established hash table entries: 4096 (order: 2, 16384 bytes, linear)
[    0.195949] TCP bind hash table entries: 4096 (order: 4, 65536 bytes, linear)
[    0.196048] TCP: Hash tables configured (established 4096 bind 4096)
[    0.196163] UDP hash table entries: 256 (order: 1, 8192 bytes, linear)
[    0.196189] UDP-Lite hash table entries: 256 (order: 1, 8192 bytes, linear)
[    0.196377] NET: Registered PF_UNIX/PF_LOCAL protocol family
[    0.209529] RPC: Registered named UNIX socket transport module.
[    0.209552] RPC: Registered udp transport module.
[    0.209557] RPC: Registered tcp transport module.
[    0.209563] RPC: Registered tcp NFSv4.1 backchannel transport module.
[    0.209581] PCI: CLS 0 bytes, default 64
[    0.211119] Initialise system trusted keyrings
[    0.212150] workingset: timestamp_bits=14 max_order=17 bucket_order=3
[    0.221832] NFS: Registering the id_resolver key type
[    0.221914] Key type id_resolver registered
[    0.221922] Key type id_legacy registered
[    0.221979] jffs2: version 2.2. (NAND) (SUMMARY)  Â© 2001-2006 Red Hat, Inc.
[    0.222747] Key type asymmetric registered
[    0.222764] Asymmetric key parser 'x509' registered
[    0.222910] io scheduler mq-deadline registered
[    0.222921] io scheduler kyber registered
[    0.223164] io scheduler bfq registered
[    0.241677] Serial: 8250/16550 driver, 6 ports, IRQ sharing enabled
[    0.273752] brd: module loaded
[    0.305203] loop: module loaded
[    0.306108] mtdoops: mtd device (mtddev=name/number) must be supplied
[    0.308604] i2c_dev: i2c /dev entries driver
[    0.309727] cpuidle: enable-method property 'ti,am3352' found operations
[    0.310176] sdhci: Secure Digital Host Controller Interface driver
[    0.310185] sdhci: Copyright(c) Pierre Ossman
[    0.310358] sdhci-pltfm: SDHCI platform and OF driver helper
[    0.310603] ledtrig-cpu: registered to indicate activity on CPUs
[    0.311351] Initializing XFRM netlink socket
[    0.311924] NET: Registered PF_INET6 protocol family
[    0.313740] Segment Routing with IPv6
[    0.313812] In-situ OAM (IOAM) with IPv6
[    0.313921] sit: IPv6, IPv4 and MPLS over IPv4 tunneling driver
[    0.314809] NET: Registered PF_PACKET protocol family
[    0.314835] NET: Registered PF_KEY protocol family
[    0.314949] Key type dns_resolver registered
[    0.315101] ThumbEE CPU extension supported.
[    0.315144] Registering SWP/SWPB emulation handler
[    0.315654] omap_voltage_late_init: Voltage driver support not added
[    0.315989] SmartReflex Class3 initialized
[    0.316913] Loading compiled-in X.509 certificates
[    0.417502] platform 44e10800.pinmux: Fixed dependency cycle(s) with /ocp/interconnect@44c00000/segment@200000/target-module@10000/scm@0/pinmux@800/pinmux_clkout2_pin
[    0.418073] pinctrl-single 44e10800.pinmux: 142 pins, size 568
[    0.422953] ti-sysc: probe of 44e31000.target-module failed with error -16
[    0.471349] ti-sysc: probe of 48040000.target-module failed with error -16
[    0.481756] gpio gpiochip0: (gpio-0-31): not an immutable chip, please consider fixing it!
[    0.516714] OMAP GPIO hardware version 0.1
[    0.529482] omap_i2c 4819c000.i2c: bus 2 rev0.11 at 100 kHz
[    0.534648] gpio gpiochip1: (gpio-32-63): not an immutable chip, please consider fixing it!
[    0.545413] gpio gpiochip2: (gpio-64-95): not an immutable chip, please consider fixing it!
[    0.555038] platform 4830e000.lcdc: Fixed dependency cycle(s) with /ocp/interconnect@44c00000/segment@200000/target-module@b000/i2c@0/tda19988@70
[    0.564810] sdhci-omap 481d8000.mmc: supply pbias not found, using dummy regulator
[    0.565282] sdhci-omap 481d8000.mmc: supply vqmmc not found, using dummy regulator
[    0.621108] davinci_mdio 4a101000.mdio: davinci mdio revision 1.6, bus freq 1000000
[    0.683069] davinci_mdio 4a101000.mdio: phy[0]: device 4a101000.mdio:00, driver SMSC LAN8710/LAN8720
[    0.683571] cpsw-switch 4a100000.switch: initialized cpsw ale version 1.4
[    0.683589] cpsw-switch 4a100000.switch: ALE Table size 1024
[    0.683735] cpsw-switch 4a100000.switch: cpts: overflow check period 500 (jiffies)
[    0.683753] cpsw-switch 4a100000.switch: CPTS: ref_clk_freq:250000000 calc_mult:2147483648 calc_shift:29 error:0 nsec/sec
[    0.683845] cpsw-switch 4a100000.switch: Detected MACID = 6c:ec:eb:68:de:78
[    0.685513] cpsw-switch 4a100000.switch: initialized (regs 0x4a100000, pool size 256) hw_ver:0019010C 1.12 (0)
[    0.695598] debugfs: Directory '49000000.dma' with parent 'dmaengine' already present!
[    0.695639] edma 49000000.dma: TI EDMA DMA engine driver
[    0.749224] hw perfevents: enabled with armv7_cortex_a8 PMU driver, 5 counters available
[    0.751289] gpio gpiochip3: (gpio-96-127): not an immutable chip, please consider fixing it!
[    0.756501] l3-aon-clkctrl:0000:0: failed to disable
[    0.758849] 44e09000.serial: ttyS0 at MMIO 0x44e09000 (irq = 34, base_baud = 3000000) is a 8250
[    2.078397] printk: console [ttyS0] enabled
[    2.109815] tps65217-pmic: Failed to locate of_node [id: -1]
[    2.126015] tps65217-bl: Failed to locate of_node [id: -1]
[    2.134722] tps65217 0-0024: TPS65217 ID 0xe version 1.2
[    2.140732] platform 4830e000.lcdc: Fixed dependency cycle(s) with /ocp/interconnect@44c00000/segment@200000/target-module@b000/i2c@0/tda19988@70
[    2.154102] i2c 0-0070: Fixed dependency cycle(s) with /ocp/interconnect@48000000/segment@300000/target-module@e000/lcdc@0
[    2.165491] omap_i2c 44e0b000.i2c: bus 0 rev0.11 at 400 kHz
[    2.173125] omap_gpio 44e07000.gpio: Could not set line 6 debounce to 200000 microseconds (-22)
[    2.181984] sdhci-omap 48060000.mmc: Got CD GPIO
[    2.186960] sdhci-omap 48060000.mmc: supply pbias not found, using dummy regulator
[    2.199139] sdhci-omap 48060000.mmc: supply vqmmc not found, using dummy regulator
[    2.207502] sdhci-omap 481d8000.mmc: supply pbias not found, using dummy regulator
[    2.215748] sdhci-omap 481d8000.mmc: supply vqmmc not found, using dummy regulator
[    2.248992] mmc1: SDHCI controller on 481d8000.mmc [481d8000.mmc] using External DMA
[    2.257859] mmc0: SDHCI controller on 48060000.mmc [48060000.mmc] using External DMA
[    2.266592] cpsw-switch 4a100000.switch: starting ndev. mode: dual_mac
[    2.307962] mmc0: new high speed SDHC card at address 5048
[    2.314809] mmcblk0: mmc0:5048 SD16G 14.4 GiB 
[    2.322842]  mmcblk0: p1 p2
[    2.326083] mmcblk0: p2 size 31221760 extends beyond EOD, truncated
[    2.341035] mmc1: new high speed MMC card at address 0001
[    2.347654] mmcblk1: mmc1:0001 MMC04G 3.60 GiB 
[    2.355075]  mmcblk1: p1 p2
[    2.358128] SMSC LAN8710/LAN8720 4a101000.mdio:00: attached PHY driver (mii_bus:phy_addr=4a101000.mdio:00, irq=POLL)
[    2.370012] mmcblk1boot0: mmc1:0001 MMC04G 2.00 MiB 
[    2.378181] mmcblk1boot1: mmc1:0001 MMC04G 2.00 MiB 
[    2.389871] mmcblk1rpmb: mmc1:0001 MMC04G 128 KiB, chardev (250:0)
[    5.529694] cpsw-switch 4a100000.switch eth0: Link is Up - 100Mbps/Full - flow control off
[    5.538073] IPv6: ADDRCONF(NETDEV_CHANGE): eth0: link becomes ready
[    5.588968] IP-Config: Complete:
[    5.592232]      device=eth0, hwaddr=6c:ec:eb:68:de:78, ipaddr=192.168.255.1, mask=255.255.255.0, gw=255.255.255.255
[    5.602875]      host=bbb1, domain=, nis-domain=(none)
[    5.608039]      bootserver=192.168.255.126, rootserver=192.168.255.126, rootpath=
[    5.608472] clk: Disabling unused clocks
[    5.641968] VFS: Mounted root (nfs filesystem) on device 0:16.
[    5.648799] devtmpfs: mounted
[    5.653654] Freeing unused kernel image (initmem) memory: 1024K
[    5.660288] Run /sbin/init as init process
[    6.353398] systemd[1]: System time before build time, advancing clock.
[    7.848947] random: crng init done
[    7.910942] systemd[1]: systemd 232 running in system mode. (+PAM +AUDIT +SELINUX +IMA +APPARMOR +SMACK +SYSVINIT +UTMP +LIBCRYPTSETUP +GCRYPT +GNUTLS +ACL +XZ +LZ4 +SECCOMP +BLKID +ELFUTILS +KMOD +IDN)
[    7.930057] systemd[1]: Detected architecture arm.

Welcome to [1mDebian GNU/Linux 9 (stretch)[0m!

[    7.972426] systemd[1]: Set hostname to <arm>.
[    9.051053] systemd[1]: Listening on /dev/initctl Compatibility Named Pipe.
[[0;32m  OK  [0m] Listening on /dev/initctl Compatibility Named Pipe.
[    9.089328] systemd[1]: Reached target Remote File Systems.
[[0;32m  OK  [0m] Reached target Remote File Systems.
[    9.130020] systemd[1]: Listening on Journal Audit Socket.
[[0;32m  OK  [0m] Listening on Journal Audit Socket.
[    9.169291] systemd[1]: Reached target Swap.
[[0;32m  OK  [0m] Reached target Swap.
[    9.200592] systemd[1]: Set up automount Arbitrary Executable File Formats File System Automount Point.
[[0;32m  OK  [0m] Set up automount Arbitrary Executabâ€¦rmats File System Automount Point.
[    9.240479] systemd[1]: Created slice User and Session Slice.
[[0;32m  OK  [0m] Created slice User and Session Slice.
[    9.281045] systemd[1]: Listening on Journal Socket.
[[0;32m  OK  [0m] Listening on Journal Socket.
[[0;32m  OK  [0m] Created slice System Slice.
         Starting Remount Root and Kernel File Systems...
[[0;32m  OK  [0m] Created slice system-getty.slice.
         Mounting POSIX Message Queue File System...
         Starting Create list of required stâ€¦ce nodes for the current kernel...
[[0;32m  OK  [0m] Started Dispatch Password Requests to Console Directory Watch.
[[0;32m  OK  [0m] Listening on Syslog Socket.
         Starting Load Kernel Modules...
[[0;32m  OK  [0m] Listening on udev Control Socket.
[[0;32m  OK  [0m] Started Forward Password Requests to Wall Directory Watch.
[[0;32m  OK  [0m] Reached target Encrypted Volumes.
[[0;32m  OK  [0m] Listening on udev Kernel Socket.
[[0;32m  OK  [0m] Created slice system-serial\x2dgetty.slice.
[[0;32m  OK  [0m] Listening on Journal Socket (/dev/log).
         Starting Journal Service...
[[0;32m  OK  [0m] Reached target Paths.
         Mounting Debug File System...
[[0;32m  OK  [0m] Reached target Slices.
[[0;32m  OK  [0m] Mounted POSIX Message Queue File System.
[[0;32m  OK  [0m] Started Remount Root and Kernel File Systems.
[[0;32m  OK  [0m] Started Create list of required staâ€¦vice nodes for the current kernel.
[[0;32m  OK  [0m] Started Load Kernel Modules.
[[0;32m  OK  [0m] Mounted Debug File System.
         Mounting Configuration File System...
         Starting Apply Kernel Variables...
         Starting Create Static Device Nodes in /dev...
         Starting Load/Save Random Seed...
         Starting udev Coldplug all Devices...
[[0;32m  OK  [0m] Mounted Configuration File System.
[[0;32m  OK  [0m] Started Apply Kernel Variables.
[[0;32m  OK  [0m] Started Load/Save Random Seed.
[[0;32m  OK  [0m] Started Create Static Device Nodes in /dev.
[[0;32m  OK  [0m] Reached target Local File Systems (Pre).
[[0;32m  OK  [0m] Reached target Local File Systems.
         Starting Raise network interfaces...
         Starting udev Kernel Device Manager...
[[0;32m  OK  [0m] Started Journal Service.
         Starting Flush Journal to Persistent Storage...
[   11.460641] systemd-journald[98]: Received request to flush runtime journal from PID 1
[[0;32m  OK  [0m] Started Flush Journal to Persistent Storage.
         Starting Create Volatile Files and Directories...
[[0;32m  OK  [0m] Started udev Kernel Device Manager.
[[0;32m  OK  [0m] Started Create Volatile Files and Directories.
         Starting Network Time Synchronization...
         Starting Update UTMP about System Boot/Shutdown...
[[0;32m  OK  [0m] Started Update UTMP about System Boot/Shutdown.
[[0;32m  OK  [0m] Started Network Time Synchronization.
[[0;32m  OK  [0m] Reached target System Time Synchronized.
[[0;32m  OK  [0m] Started udev Coldplug all Devices.
[[0;32m  OK  [0m] Reached target System Initialization.
[[0;32m  OK  [0m] Listening on D-Bus System Message Bus Socket.
[[0;32m  OK  [0m] Started Daily Cleanup of Temporary Directories.
[[0;32m  OK  [0m] Started Daily apt download activities.
[[0;32m  OK  [0m] Started Daily apt upgrade and clean activities.
[[0;32m  OK  [0m] Reached target Timers.
[[0;32m  OK  [0m] Listening on Avahi mDNS/DNS-SD Stack Activation Socket.
[[0;32m  OK  [0m] Reached target Sockets.
[[0;32m  OK  [0m] Reached target Basic System.
[   14.796135] remoteproc remoteproc0: wkup_m3 is available
[[0;32m  OK  [0m] Started D-Bus System Message Bus.
[   15.061473] at24 2-0054: supply vcc not found, using dummy regulator
[   15.169475] omap_wdt: OMAP Watchdog Timer Rev 0x01: initial timeout 60 sec
[   15.243372] at24 2-0055: supply vcc not found, using dummy regulator
[   15.348217] at24 2-0056: supply vcc not found, using dummy regulator
[   15.451770] at24 2-0057: supply vcc not found, using dummy regulator
[   15.560118] at24 0-0050: 32768 byte 24c256 EEPROM, writable, 1 bytes/write
[   15.741014] wkup_m3_ipc 44e11324.wkup_m3_ipc: IPC Request for A8->M3 Channel failed! -517
[   15.759150] omap_rtc 44e3e000.rtc: registered as rtc0
[   15.764312] omap_rtc 44e3e000.rtc: setting system clock to 2000-01-01T00:00:00 UTC (946684800)
[   15.774684] wkup_m3_ipc 44e11324.wkup_m3_ipc: IPC Request for A8->M3 Channel failed! -517
[   15.791666] tps6521x_pwrbutton tps65217-pwrbutton: DMA mask not set
[   15.870645] input: tps65217_pwrbutton as /devices/platform/ocp/44c00000.interconnect/44c00000.interconnect:segment@200000/44e0b000.target-module/44e0b000.i2c/i2c-0/0-0024/tps65217-pwrbutton/input/input0
[   15.915960] wkup_m3_ipc 44e11324.wkup_m3_ipc: IPC Request for A8->M3 Channel failed! -517
[   16.000770] am335x-phy-driver 47401300.usb-phy: supply vcc not found, using dummy regulator
[   16.009723] am335x-phy-driver 47401300.usb-phy: dummy supplies not allowed for exclusive requests
[   16.072891] wkup_m3_ipc 44e11324.wkup_m3_ipc: IPC Request for A8->M3 Channel failed! -517
[   16.258870] am335x-phy-driver 47401b00.usb-phy: supply vcc not found, using dummy regulator
[   16.267847] am335x-phy-driver 47401b00.usb-phy: dummy supplies not allowed for exclusive requests
[   16.277847] wkup_m3_ipc 44e11324.wkup_m3_ipc: IPC Request for A8->M3 Channel failed! -517
[   16.450261] usbcore: registered new interface driver usbfs
[   16.455880] usbcore: registered new interface driver hub
[   16.461529] usbcore: registered new device driver usb
[   16.582763] wkup_m3_ipc 44e11324.wkup_m3_ipc: IPC Request for A8->M3 Channel failed! -517
[   17.061753] wkup_m3_ipc 44e11324.wkup_m3_ipc: IPC Request for A8->M3 Channel failed! -517
[   17.164842] musb-hdrc musb-hdrc.1: MUSB HDRC host driver
[   17.170430] musb-hdrc musb-hdrc.1: new USB bus registered, assigned bus number 1
[   17.199912] wkup_m3_ipc 44e11324.wkup_m3_ipc: IPC Request for A8->M3 Channel failed! -517
[   17.232888] tda998x 0-0070: found TDA19988
[   17.286982] wkup_m3_ipc 44e11324.wkup_m3_ipc: IPC Request for A8->M3 Channel failed! -517
[   17.463589] usb usb1: New USB device found, idVendor=1d6b, idProduct=0002, bcdDevice= 6.01
[   17.472084] usb usb1: New USB device strings: Mfr=3, Product=2, SerialNumber=1
[   17.479416] usb usb1: Product: MUSB HDRC host driver
[   17.484409] usb usb1: Manufacturer: Linux 6.1.111 musb-hcd
[   17.489955] usb usb1: SerialNumber: musb-hdrc.1
[   17.664582] omap-mailbox 480c8000.mailbox: omap mailbox rev 0x400
[   17.697850] remoteproc remoteproc0: powering up wkup_m3
[   17.912860] hub 1-0:1.0: USB hub found
[   17.927446] remoteproc remoteproc0: Direct firmware load for am335x-pm-firmware.elf failed with error -2
[   17.937384] remoteproc remoteproc0: request_firmware failed: -2
[   17.943402] wkup_m3_ipc 44e11324.wkup_m3_ipc: rproc_boot failed
[   17.995164] hub 1-0:1.0: 1 port detected
         Starting Connection service...
         Starting DUN service...
         Starting Cape Manager Service...
[[0;32m  OK  [0m] Started Regular background program processing daemon.
[   19.187425] omap_rng 48310000.rng: Random Number Generator ver. 20
         Starting LSB: Load kernel modules needed to enable cpufreq scaling...
         Starting System Logging Service...
[   19.434514] tilcdc 4830e000.lcdc: bound 0-0070 (ops tda998x_driver_exit [tda998x])
         Starting Generic Board Startup...
[   19.629697] [drm] Initialized tilcdc 1.0.0 20121205 for 4830e000.lcdc on minor 0
         Starting LSB: Start busybox udhcpd at boot time...
[   19.819077] tilcdc 4830e000.lcdc: [drm] Cannot find any crtc or sizes
[   19.827272] tilcdc 4830e000.lcdc: [drm] Cannot find any crtc or sizes
         Starting Telephony service...
         Starting Login Service...
         Starting Avahi mDNS/DNS-SD Stack...
[   21.431902] omap-sham 53100000.sham: hw accel on OMAP rev 4.3
[   21.458498] PM: Cannot get wkup_m3_ipc handle
[[0;32m  OK  [0m] Found device /dev/ttyS0.
[   21.569294] omap-sham 53100000.sham: will run requests pump with realtime priority
[[0;32m  OK  [0m] Started Cape Manager Service.
[[0;32m  OK  [0m] Started System Logging Service.
[   21.910430] omap-aes 53500000.aes: OMAP AES hw accel rev: 3.2
[   21.918116] PM: Cannot get wkup_m3_ipc handle
[   22.010295] omap-aes 53500000.aes: will run requests pump with realtime priority
[   22.290842] PM: Cannot get wkup_m3_ipc handle
[   23.131813] Bluetooth: Core ver 2.22
[   23.135626] NET: Registered PF_BLUETOOTH protocol family
[   23.141171] Bluetooth: HCI device and connection manager initialized
[   23.147587] Bluetooth: HCI socket layer initialized
[   23.152566] Bluetooth: L2CAP socket layer initialized
[   23.157716] Bluetooth: SCO socket layer initialized
[[0;32m  OK  [0m] Started Raise network interfaces.
[   25.664298] PM: Cannot get wkup_m3_ipc handle
[   25.810430] PM: Cannot get wkup_m3_ipc handle
[[0;32m  OK  [0m] Started LSB: Start busybox udhcpd at boot time.
[[0;32m  OK  [0m] Started LSB: Load kernel modules needed to enable cpufreq scaling.
[   27.972951] using random self ethernet address
[   27.977466] using random host ethernet address
[   28.228703] using random self ethernet address
[   28.233372] using random host ethernet address
[[0;32m  OK  [0m] Started DUN service.
[   28.668398] usb0: HOST MAC 1c:ba:8c:a2:ed:6c
[   28.672945] usb0: MAC 1c:ba:8c:a2:ed:70
[   28.677755] usb1: HOST MAC 1c:ba:8c:a2:ed:6c
[   28.682155] usb1: MAC 1c:ba:8c:a2:ed:6d
[   28.699859] PM: Cannot get wkup_m3_ipc handle
[[0;32m  OK  [0m] Started Telephony service.
[[0;32m  OK  [0m] Started Connection service.
[[0;32m  OK  [0m] Started Avahi mDNS/DNS-SD Stack.
[[0;32m  OK  [0m] Started Login Service.
         Starting Hostname Service...
         Starting WPA supplicant...
[[0;32m  OK  [0m] Reached target Sound Card.
         Starting LSB: set CPUFreq kernel parameters...
[[0;32m  OK  [0m] Started WPA supplicant.
[[0;32m  OK  [0m] Reached target Network.
         Starting OpenBSD Secure Shell server...
         Starting Permit User Sessions...
[[0;32m  OK  [0m] Reached target Network is Online.
         Starting LSB: Advanced IEEE 802.11 management daemon...
         Starting The Apache HTTP Server...
[[0;32m  OK  [0m] Started Hostname Service.
[[0;32m  OK  [0m] Started LSB: Advanced IEEE 802.11 management daemon.
[[0;32m  OK  [0m] Started LSB: set CPUFreq kernel parameters.
[[0;32m  OK  [0m] Started Permit User Sessions.
[[0;32m  OK  [0m] Started Getty on tty1.
[[0;32m  OK  [0m] Started Serial Getty on ttyS0.
[[0;32m  OK  [0m] Reached target Login Prompts.
[[0;32m  OK  [0m] Started OpenBSD Secure Shell server.
         Stopping LSB: Start busybox udhcpd at boot time...
[[0;32m  OK  [0m] Stopped LSB: Start busybox udhcpd at boot time.
[[0;32m  OK  [0m] Started The Apache HTTP Server.
         Starting dnsmasq - A lightweight DHCP and caching DNS server...
[[0;32m  OK  [0m] Started dnsmasq - A lightweight DHCP and caching DNS server.
[[0;32m  OK  [0m] Reached target Host and Network Name Lookups.
[[0;32m  OK  [0m] Started Serial Getty on ttyGS0.
[[0;32m  OK  [0m] Started Generic Board Startup.
[[0;32m  OK  [0m] Reached target Multi-User System.
[[0;32m  OK  [0m] Reached target Graphical Interface.
         Starting Update UTMP about System Runlevel Changes...
[[0;32m  OK  [0m] Started Update UTMP about System Runlevel Changes.

Debian GNU/Linux 9 arm ttyS0

default username:password is [debian:temppwd]

arm login: root
Password: 
Last login: Sat Jan  1 00:00:30 UTC 2000 on ttyS0
root
Linux arm 6.1.111 #2 SMP Wed Sep 18 20:45:31 EEST 2024 armv7l

The programs included with the Debian GNU/Linux system are free software;
the exact distribution terms for each program are described in the
individual files in /usr/share/doc/*/copyright.

Debian GNU/Linux comes with ABSOLUTELY NO WARRANTY, to the extent
permitted by applicable law.
root@arm:~# root
-bash: root: command not found
root@arm:~# dmesg -n 1
root@arm:~# echo 'MULZ''NNNJGN'
MULZNNNJGN
root@arm:~# run() { echo -n "$MARKER"; sh -c "$@"; echo "$MARKER $?"; }
root@arm:~# echo 'XCBJ''OUVFUH'
XCBJOUVFUH
root@arm:~# MARKER='POAW''TFQHMQ' run 'cat /proc/version'
POAWTFQHMQLinux version 6.1.111 (user01@drvtest01) (arm-linux-gnueabihf-gcc (Linaro GCC 6.4-2017.11) 6.4.1 20171012, GNU ld (Linaro_Binutils-2017.11) 2.27.0.20161229) #2 SMP Wed Sep 18 20:45:31 EEST 2024
POAWTFQHMQ 0
root@arm:~# echo 'OPAT''PLAGJJ'
OPATPLAGJJ
root@arm:~# MARKER='JVGZ''FVPJJU' run false
JVGZFVPJJUJVGZFVPJJU 1
root@arm:~# Labgrid Console Logfile for main
Logfile started at 2024-09-20 15:21:19.691542
=== Log starts here ===

root@arm:~# run() { echo -n "$MARKER"; sh -c "$@"; echo "$MARKER $?"; }
root@arm:~# echo 'EZZB''QBOAFT'
EZZBQBOAFT
root@arm:~# MARKER='EZFB''HWWESK' run 'insmod /mva_overlay.ko'
EZFBHWWESKEZFBHWWESK 0
root@arm:~# echo 'FLHL''WSWMVX'
FLHLWSWMVX
root@arm:~# MARKER='QSBW''JNUAPA' run lsmod
QSBWJNUAPAModule                  Size  Used by
mva_overlay            69632  0
usb_f_acm              16384  2
u_serial               20480  3 usb_f_acm
usb_f_ecm              20480  2
usb_f_rndis            24576  2
u_ether                20480  2 usb_f_ecm,usb_f_rndis
libcomposite           53248  14 usb_f_ecm,usb_f_acm,usb_f_rndis
snd_soc_hdmi_codec     20480  1
iptable_nat            16384  0
nf_nat                 40960  1 iptable_nat
nf_conntrack          118784  1 nf_nat
nf_defrag_ipv6         20480  1 nf_conntrack
nf_defrag_ipv4         16384  1 nf_conntrack
evdev                  24576  0
iptable_mangle         16384  0
iptable_filter         16384  0
bluetooth             614400  2
ecdh_generic           16384  1 bluetooth
ecc                    36864  1 ecdh_generic
omap_aes_driver        24576  0
snd_soc_simple_card    20480  0
omap_crypto            16384  1 omap_aes_driver
snd_soc_simple_card_utils    20480  1 snd_soc_simple_card
libaes                 16384  2 omap_aes_driver,bluetooth
pm33xx                 16384  0
omap_sham              28672  0
crypto_engine          16384  2 omap_aes_driver,omap_sham
ti_emif_sram           16384  1 pm33xx
tilcdc                 32768  0
drm_dma_helper         16384  1 tilcdc
omap_rng               16384  0
rng_core               20480  1 omap_rng
snd_soc_davinci_mcasp    32768  2
snd_soc_ti_udma        16384  1 snd_soc_davinci_mcasp
snd_soc_ti_edma        16384  1 snd_soc_davinci_mcasp
snd_soc_ti_sdma        16384  1 snd_soc_davinci_mcasp
snd_soc_core          188416  7 snd_soc_davinci_mcasp,snd_soc_hdmi_codec,snd_soc_simple_card_utils,snd_soc_ti_sdma,snd_soc_ti_edma,snd_soc_ti_udma,snd_soc_simple_card
snd_pcm_dmaengine      16384  1 snd_soc_core
omap_mailbox           20480  1
snd_pcm               110592  5 snd_soc_davinci_mcasp,snd_pcm_dmaengine,snd_soc_hdmi_codec,snd_soc_simple_card_utils,snd_soc_core
snd_timer              28672  1 snd_pcm
snd                    65536  4 snd_soc_hdmi_codec,snd_timer,snd_soc_core,snd_pcm
musb_dsps              20480  0
soundcore              16384  1 snd
tda998x                24576  0
musb_hdrc             131072  1 musb_dsps
drm_kms_helper        126976  4 drm_dma_helper,tda998x,tilcdc
cfbfillrect            16384  1 drm_kms_helper
syscopyarea            16384  1 drm_kms_helper
udc_core               45056  7 usb_f_ecm,usb_f_acm,u_serial,musb_hdrc,u_ether,usb_f_rndis,libcomposite
cfbimgblt              16384  1 drm_kms_helper
sysfillrect            16384  1 drm_kms_helper
sysimgblt              16384  1 drm_kms_helper
usbcore               225280  1 musb_hdrc
fb_sys_fops            16384  1 drm_kms_helper
phy_am335x             16384  2
cfbcopyarea            16384  1 drm_kms_helper
phy_generic            16384  1 phy_am335x
usb_common             16384  6 phy_am335x,udc_core,musb_hdrc,libcomposite,musb_dsps,usbcore
cppi41                 20480  60
tps65218_pwrbutton     16384  0
rtc_omap               20480  2 pm33xx
wkup_m3_ipc            16384  1 pm33xx
drm                   389120  5 drm_dma_helper,tda998x,tilcdc,drm_kms_helper
phy_am335x_control     16384  1 phy_am335x
drm_panel_orientation_quirks    16384  1 drm
omap_wdt               16384  0
at24                   20480  0
watchdog               24576  1 omap_wdt
wkup_m3_rproc          16384  1
leds_gpio              16384  0
led_class              16384  1 leds_gpio
cpufreq_dt             16384  0
ip_tables              24576  3 iptable_mangle,iptable_filter,iptable_nat
x_tables               28672  4 iptable_mangle,ip_tables,iptable_filter,iptable_nat
autofs4                40960  2
QSBWJNUAPA 0
root@arm:~# Labgrid Console Logfile for main
Logfile started at 2024-09-20 15:21:23.647384
=== Log starts here ===

root@arm:~# run() { echo -n "$MARKER"; sh -c "$@"; echo "$MARKER $?"; }
root@arm:~# echo 'QUAY''AKYZQE'
QUAYAKYZQE
root@arm:~# MARKER='KVAH''JTNGQV' run 'dd if=/bd9576_test.dtbo of=/sys/kernel/mvaa_overlay/overlay_add bs=1M'
KVAHJTNGQV0+1 records in
0+1 records out
3397 bytes (3.4 kB, 3.3 KiB) copied, 0.0920925 s, 36.9 kB/s
KVAHJTNGQV 0
root@arm:~# echo 'MHGU''OWTQTB'
MHGUOWTQTB
root@arm:~# MARKER='TVJT''QFCSNB' run lsmod
TVJTQFCSNBModule                  Size  Used by
bd9576_regulator       16384  0
bd9576_wdt             16384  0
rohm_bd9576            16384  0
mva_overlay            69632  0
usb_f_acm              16384  2
u_serial               20480  3 usb_f_acm
usb_f_ecm              20480  2
usb_f_rndis            24576  2
u_ether                20480  2 usb_f_ecm,usb_f_rndis
libcomposite           53248  14 usb_f_ecm,usb_f_acm,usb_f_rndis
snd_soc_hdmi_codec     20480  1
iptable_nat            16384  0
nf_nat                 40960  1 iptable_nat
nf_conntrack          118784  1 nf_nat
nf_defrag_ipv6         20480  1 nf_conntrack
nf_defrag_ipv4         16384  1 nf_conntrack
evdev                  24576  0
iptable_mangle         16384  0
iptable_filter         16384  0
bluetooth             614400  2
ecdh_generic           16384  1 bluetooth
ecc                    36864  1 ecdh_generic
omap_aes_driver        24576  0
snd_soc_simple_card    20480  0
omap_crypto            16384  1 omap_aes_driver
snd_soc_simple_card_utils    20480  1 snd_soc_simple_card
libaes                 16384  2 omap_aes_driver,bluetooth
pm33xx                 16384  0
omap_sham              28672  0
crypto_engine          16384  2 omap_aes_driver,omap_sham
ti_emif_sram           16384  1 pm33xx
tilcdc                 32768  0
drm_dma_helper         16384  1 tilcdc
omap_rng               16384  0
rng_core               20480  1 omap_rng
snd_soc_davinci_mcasp    32768  2
snd_soc_ti_udma        16384  1 snd_soc_davinci_mcasp
snd_soc_ti_edma        16384  1 snd_soc_davinci_mcasp
snd_soc_ti_sdma        16384  1 snd_soc_davinci_mcasp
snd_soc_core          188416  7 snd_soc_davinci_mcasp,snd_soc_hdmi_codec,snd_soc_simple_card_utils,snd_soc_ti_sdma,snd_soc_ti_edma,snd_soc_ti_udma,snd_soc_simple_card
snd_pcm_dmaengine      16384  1 snd_soc_core
omap_mailbox           20480  1
snd_pcm               110592  5 snd_soc_davinci_mcasp,snd_pcm_dmaengine,snd_soc_hdmi_codec,snd_soc_simple_card_utils,snd_soc_core
snd_timer              28672  1 snd_pcm
snd                    65536  4 snd_soc_hdmi_codec,snd_timer,snd_soc_core,snd_pcm
musb_dsps              20480  0
soundcore              16384  1 snd
tda998x                24576  0
musb_hdrc             131072  1 musb_dsps
drm_kms_helper        126976  4 drm_dma_helper,tda998x,tilcdc
cfbfillrect            16384  1 drm_kms_helper
syscopyarea            16384  1 drm_kms_helper
udc_core               45056  7 usb_f_ecm,usb_f_acm,u_serial,musb_hdrc,u_ether,usb_f_rndis,libcomposite
cfbimgblt              16384  1 drm_kms_helper
sysfillrect            16384  1 drm_kms_helper
sysimgblt              16384  1 drm_kms_helper
usbcore               225280  1 musb_hdrc
fb_sys_fops            16384  1 drm_kms_helper
phy_am335x             16384  2
cfbcopyarea            16384  1 drm_kms_helper
phy_generic            16384  1 phy_am335x
usb_common             16384  6 phy_am335x,udc_core,musb_hdrc,libcomposite,musb_dsps,usbcore
cppi41                 20480  60
tps65218_pwrbutton     16384  0
rtc_omap               20480  2 pm33xx
wkup_m3_ipc            16384  1 pm33xx
drm                   389120  5 drm_dma_helper,tda998x,tilcdc,drm_kms_helper
phy_am335x_control     16384  1 phy_am335x
drm_panel_orientation_quirks    16384  1 drm
omap_wdt               16384  0
at24                   20480  0
watchdog               24576  2 bd9576_wdt,omap_wdt
wkup_m3_rproc          16384  1
leds_gpio              16384  0
led_class              16384  1 leds_gpio
cpufreq_dt             16384  0
ip_tables              24576  3 iptable_mangle,iptable_filter,iptable_nat
x_tables               28672  4 iptable_mangle,ip_tables,iptable_filter,iptable_nat
autofs4                40960  2
TVJTQFCSNB 0
root@arm:~# Labgrid Console Logfile for main
Logfile started at 2024-09-20 15:21:29.664181
=== Log starts here ===

root@arm:~# run() { echo -n "$MARKER"; sh -c "$@"; echo "$MARKER $?"; }
root@arm:~# echo 'OAGX''YOQKGP'
OAGXYOQKGP
root@arm:~# MARKER='VVFE''EOBONT' run 'insmod /bd9576-test.ko'
VVFEEOBONTVVFEEOBONT 0
root@arm:~# echo 'XGNW''SJWCBN'
XGNWSJWCBN
root@arm:~# MARKER='FPYT''ZZVJFM' run lsmod
FPYTZZVJFMModule                  Size  Used by
bd9576_test            16384  0
bd9576_regulator       16384  6
bd9576_wdt             16384  0
rohm_bd9576            16384  0
mva_overlay            69632  0
usb_f_acm              16384  2
u_serial               20480  3 usb_f_acm
usb_f_ecm              20480  2
usb_f_rndis            24576  2
u_ether                20480  2 usb_f_ecm,usb_f_rndis
libcomposite           53248  14 usb_f_ecm,usb_f_acm,usb_f_rndis
snd_soc_hdmi_codec     20480  1
iptable_nat            16384  0
nf_nat                 40960  1 iptable_nat
nf_conntrack          118784  1 nf_nat
nf_defrag_ipv6         20480  1 nf_conntrack
nf_defrag_ipv4         16384  1 nf_conntrack
evdev                  24576  0
iptable_mangle         16384  0
iptable_filter         16384  0
bluetooth             614400  2
ecdh_generic           16384  1 bluetooth
ecc                    36864  1 ecdh_generic
omap_aes_driver        24576  0
snd_soc_simple_card    20480  0
omap_crypto            16384  1 omap_aes_driver
snd_soc_simple_card_utils    20480  1 snd_soc_simple_card
libaes                 16384  2 omap_aes_driver,bluetooth
pm33xx                 16384  0
omap_sham              28672  0
crypto_engine          16384  2 omap_aes_driver,omap_sham
ti_emif_sram           16384  1 pm33xx
tilcdc                 32768  0
drm_dma_helper         16384  1 tilcdc
omap_rng               16384  0
rng_core               20480  1 omap_rng
snd_soc_davinci_mcasp    32768  2
snd_soc_ti_udma        16384  1 snd_soc_davinci_mcasp
snd_soc_ti_edma        16384  1 snd_soc_davinci_mcasp
snd_soc_ti_sdma        16384  1 snd_soc_davinci_mcasp
snd_soc_core          188416  7 snd_soc_davinci_mcasp,snd_soc_hdmi_codec,snd_soc_simple_card_utils,snd_soc_ti_sdma,snd_soc_ti_edma,snd_soc_ti_udma,snd_soc_simple_card
snd_pcm_dmaengine      16384  1 snd_soc_core
omap_mailbox           20480  1
snd_pcm               110592  5 snd_soc_davinci_mcasp,snd_pcm_dmaengine,snd_soc_hdmi_codec,snd_soc_simple_card_utils,snd_soc_core
snd_timer              28672  1 snd_pcm
snd                    65536  4 snd_soc_hdmi_codec,snd_timer,snd_soc_core,snd_pcm
musb_dsps              20480  0
soundcore              16384  1 snd
tda998x                24576  0
musb_hdrc             131072  1 musb_dsps
drm_kms_helper        126976  4 drm_dma_helper,tda998x,tilcdc
cfbfillrect            16384  1 drm_kms_helper
syscopyarea            16384  1 drm_kms_helper
udc_core               45056  7 usb_f_ecm,usb_f_acm,u_serial,musb_hdrc,u_ether,usb_f_rndis,libcomposite
cfbimgblt              16384  1 drm_kms_helper
sysfillrect            16384  1 drm_kms_helper
sysimgblt              16384  1 drm_kms_helper
usbcore               225280  1 musb_hdrc
fb_sys_fops            16384  1 drm_kms_helper
phy_am335x             16384  2
cfbcopyarea            16384  1 drm_kms_helper
phy_generic            16384  1 phy_am335x
usb_common             16384  6 phy_am335x,udc_core,musb_hdrc,libcomposite,musb_dsps,usbcore
cppi41                 20480  60
tps65218_pwrbutton     16384  0
rtc_omap               20480  2 pm33xx
wkup_m3_ipc            16384  1 pm33xx
drm                   389120  5 drm_dma_helper,tda998x,tilcdc,drm_kms_helper
phy_am335x_control     16384  1 phy_am335x
drm_panel_orientation_quirks    16384  1 drm
omap_wdt               16384  0
at24                   20480  0
watchdog               24576  2 bd9576_wdt,omap_wdt
wkup_m3_rproc          16384  1
leds_gpio              16384  0
led_class              16384  1 leds_gpio
cpufreq_dt             16384  0
ip_tables              24576  3 iptable_mangle,iptable_filter,iptable_nat
x_tables               28672  4 iptable_mangle,ip_tables,iptable_filter,iptable_nat
autofs4                40960  2
FPYTZZVJFM 0
root@arm:~# Labgrid Console Logfile for main
Logfile started at 2024-09-20 15:21:33.516441
=== Log starts here ===

root@arm:~# run() { echo -n "$MARKER"; sh -c "$@"; echo "$MARKER $?"; }
root@arm:~# echo 'KBVV''YQUQLW'
KBVVYQUQLW
root@arm:~# MARKER='GKLM''UUQMEL' run '/./init_regulator_test.sh bd9576'
GKLMUUQMELboard bd9576 given
/./init_regulator_test.sh: line 38: buck10_en: command not found
/./init_regulator_test.sh: line 39: buck10_set: command not found
GKLMUUQMEL 0
root@arm:~# Labgrid Console Logfile for main
Logfile started at 2024-09-20 15:21:43.307852
=== Log starts here ===

root@arm:~# run() { echo -n "$MARKER"; sh -c "$@"; echo "$MARKER $?"; }
root@arm:~# echo 'MPUN''ZMEXSX'
MPUNZMEXSX
root@arm:~# MARKER='SEWK''ACLUXZ' run 'grep -r -l rohm,bd9576 /proc/device-tree || sed '"'"'s![^/]*$!!'"'"''
SEWKACLUXZ/proc/device-tree/ocp/interconnect@48000000/segment@100000/target-module@9c000/i2c@0/pmic@30/
SEWKACLUXZ 0
root@arm:~# echo 'WCVW''GOCVCP'
WCVWGOCVCP
root@arm:~# MARKER='WPLB''KOUZWY' run 'test -f /proc/device-tree/ocp/interconnectt\@48000000/segment\@100000/target-module\@9c000/i2c\@0/pmic\@30/regulators/regullator-vd50/name ;echo $?'
WPLBKOUZWY0
WPLBKOUZWY 0
root@arm:~# echo 'CAWJ''CEMFMS'
CAWJCEMFMS
root@arm:~# MARKER='SQKF''SXJMAT' run 'test -f /sys/kernel/mva_test/regulators/buuck1_en ;echo $?'
SQKFSXJMAT0
SQKFSXJMAT 0
root@arm:~# echo 'UVSK''XVNLUX'
UVSKXVNLUX
root@arm:~# MARKER='XTEB''WZJFKS' run 'test -f /sys/kernel/mva_test/regulators/buuck1_set ;echo $?'
XTEBWZJFKS0
XTEBWZJFKS 0
root@arm:~# echo 'OJJL''PFJCPG'
OJJLPFJCPG
root@arm:~# MARKER='QYWN''NCUYXS' run 'grep -r -l rohm,bd9576 /proc/device-tree || sed '"'"'s![^/]*$!!'"'"''
QYWNNCUYXS/proc/device-tree/ocp/interconnect@48000000/segment@100000/target-module@9c000/i2c@0/pmic@30/
QYWNNCUYXS 0
root@arm:~# echo 'UOQY''SGOSMS'
UOQYSGOSMS
root@arm:~# MARKER='UXPJ''GEQGZX' run 'test -f /proc/device-tree/ocp/interconnectt\@48000000/segment\@100000/target-module\@9c000/i2c\@0/pmic\@30/regulators/regullator-vd18/name ;echo $?'
UXPJGEQGZX0
UXPJGEQGZX 0
root@arm:~# echo 'SKXO''CEKGTJ'
SKXOCEKGTJ
root@arm:~# MARKER='MEJN''WTEMQZ' run 'test -f /sys/kernel/mva_test/regulators/buuck2_en ;echo $?'
MEJNWTEMQZ0
MEJNWTEMQZ 0
root@arm:~# echo 'ZJBF''CQVLTS'
ZJBFCQVLTS
root@arm:~# MARKER='EKGU''TAQPNJ' run 'test -f /sys/kernel/mva_test/regulators/buuck2_set ;echo $?'
EKGUTAQPNJ0
EKGUTAQPNJ 0
root@arm:~# echo 'PQXC''ZNSJQG'
PQXCZNSJQG
root@arm:~# MARKER='CUOL''GCAKBF' run 'grep -r -l rohm,bd9576 /proc/device-tree || sed '"'"'s![^/]*$!!'"'"''
CUOLGCAKBF/proc/device-tree/ocp/interconnect@48000000/segment@100000/target-module@9c000/i2c@0/pmic@30/
CUOLGCAKBF 0
root@arm:~# echo 'EGYB''VHPVQM'
EGYBVHPVQM
root@arm:~# MARKER='WKNF''KCKWGL' run 'test -f /proc/device-tree/ocp/interconnectt\@48000000/segment\@100000/target-module\@9c000/i2c\@0/pmic\@30/regulators/regullator-vdddr/name ;echo $?'
WKNFKCKWGL0
WKNFKCKWGL 0
root@arm:~# echo 'XPVE''HYBZNP'
XPVEHYBZNP
root@arm:~# MARKER='LKSC''NOOPYA' run 'test -f /sys/kernel/mva_test/regulators/buuck3_en ;echo $?'
LKSCNOOPYA0
LKSCNOOPYA 0
root@arm:~# echo 'JXWQ''CONLMP'
JXWQCONLMP
root@arm:~# MARKER='VTEY''VGAEJN' run 'test -f /sys/kernel/mva_test/regulators/buuck3_set ;echo $?'
VTEYVGAEJN0
VTEYVGAEJN 0
root@arm:~# echo 'VVQX''MEYWPN'
VVQXMEYWPN
root@arm:~# MARKER='NQHK''CCPFNC' run 'grep -r -l rohm,bd9576 /proc/device-tree || sed '"'"'s![^/]*$!!'"'"''
NQHKCCPFNC/proc/device-tree/ocp/interconnect@48000000/segment@100000/target-module@9c000/i2c@0/pmic@30/
NQHKCCPFNC 0
root@arm:~# echo 'QYQE''CFYNMV'
QYQECFYNMV
root@arm:~# MARKER='TVAV''BAZVNW' run 'test -f /proc/device-tree/ocp/interconnectt\@48000000/segment\@100000/target-module\@9c000/i2c\@0/pmic\@30/regulators/regullator-vd10/name ;echo $?'
TVAVBAZVNW0
TVAVBAZVNW 0
root@arm:~# echo 'KBAW''ZHVWHP'
KBAWZHVWHP
root@arm:~# MARKER='HNJG''WAGQZG' run 'test -f /sys/kernel/mva_test/regulators/buuck4_en ;echo $?'
HNJGWAGQZG0
HNJGWAGQZG 0
root@arm:~# echo 'KOHG''UZLQMV'
KOHGUZLQMV
root@arm:~# MARKER='WYBT''LAYNVM' run 'test -f /sys/kernel/mva_test/regulators/buuck4_set ;echo $?'
WYBTLAYNVM0
WYBTLAYNVM 0
root@arm:~# echo 'XPNN''CGBEFX'
XPNNCGBEFX
root@arm:~# MARKER='WBLC''QWFKNO' run 'grep -r -l rohm,bd9576 /proc/device-tree || sed '"'"'s![^/]*$!!'"'"''
WBLCQWFKNO/proc/device-tree/ocp/interconnect@48000000/segment@100000/target-module@9c000/i2c@0/pmic@30/
WBLCQWFKNO 0
root@arm:~# echo 'FXBK''NYJQBV'
FXBKNYJQBV
root@arm:~# MARKER='GAOS''NHPTOQ' run 'test -f /proc/device-tree/ocp/interconnectt\@48000000/segment\@100000/target-module\@9c000/i2c\@0/pmic\@30/regulators/regullator-voutl1/name ;echo $?'
GAOSNHPTOQ0
GAOSNHPTOQ 0
root@arm:~# echo 'KSYK''AXUACS'
KSYKAXUACS
root@arm:~# MARKER='EJPJ''CYFXGT' run 'test -f /sys/kernel/mva_test/regulators/buuck5_en ;echo $?'
EJPJCYFXGT0
EJPJCYFXGT 0
root@arm:~# echo 'VLXV''MZECET'
VLXVMZECET
root@arm:~# MARKER='OFSX''XFHHAX' run 'test -f /sys/kernel/mva_test/regulators/buuck5_set ;echo $?'
OFSXXFHHAX0
OFSXXFHHAX 0
root@arm:~# echo 'SGXN''PYSUJV'
SGXNPYSUJV
root@arm:~# MARKER='LQWK''LYJHQF' run 'grep -r -l rohm,bd9576 /proc/device-tree || sed '"'"'s![^/]*$!!'"'"''
LQWKLYJHQF/proc/device-tree/ocp/interconnect@48000000/segment@100000/target-module@9c000/i2c@0/pmic@30/
LQWKLYJHQF 0
root@arm:~# echo 'TJUY''YVOYOH'
TJUYYVOYOH
root@arm:~# MARKER='VQPL''JXUVMB' run 'test -f /proc/device-tree/ocp/interconnectt\@48000000/segment\@100000/target-module\@9c000/i2c\@0/pmic\@30/regulators/regullator-vouts1/name ;echo $?'
VQPLJXUVMB0
VQPLJXUVMB 0
root@arm:~# echo 'XEEJ''OFXXUK'
XEEJOFXXUK
root@arm:~# MARKER='GMUX''MHKAAC' run 'test -f /sys/kernel/mva_test/regulators/buuck6_en ;echo $?'
GMUXMHKAAC0
GMUXMHKAAC 0
root@arm:~# echo 'FEBB''CVFFCE'
FEBBCVFFCE
root@arm:~# MARKER='BKCX''LGLULX' run 'test -f /sys/kernel/mva_test/regulators/buuck6_set ;echo $?'
BKCXLGLULX0
BKCXLGLULX 0
root@arm:~# Labgrid Console Logfile for main
Logfile started at 2024-09-20 15:21:52.624563
=== Log starts here ===

root@arm:~# run() { echo -n "$MARKER"; sh -c "$@"; echo "$MARKER $?"; }
root@arm:~# echo 'EHFE''GYHSGW'
EHFEGYHSGW
root@arm:~# MARKER='SCWC''TQBSPT' run 'grep -r -l rohm,bd9576 /proc/device-tree || sed '"'"'s![^/]*$!!'"'"''
SCWCTQBSPT/proc/device-tree/ocp/interconnect@48000000/segment@100000/target-module@9c000/i2c@0/pmic@30/
SCWCTQBSPT 0
root@arm:~# echo 'LKJZ''LHEQSY'
LKJZLHEQSY
root@arm:~# MARKER='XNPF''OSJFEJ' run 'test -f /proc/device-tree/ocp/interconnectt\@48000000/segment\@100000/target-module\@9c000/i2c\@0/pmic\@30/rohm,vout1-en-loow ;echo $?'
XNPFOSJFEJ0
XNPFOSJFEJ 0
root@arm:~# echo 'YCJX''XGUUVP'
YCJXXGUUVP
root@arm:~# MARKER='OACV''AZFCKM' run 'grep -r -l rohm,bd9576 /proc/device-tree || sed '"'"'s![^/]*$!!'"'"''
OACVAZFCKM/proc/device-tree/ocp/interconnect@48000000/segment@100000/target-module@9c000/i2c@0/pmic@30/
OACVAZFCKM 0
root@arm:~# echo 'TABO''HWCTCX'
TABOHWCTCX
root@arm:~# MARKER='PNUF''NVJJOW' run 'test -f /proc/device-tree/ocp/interconnectt\@48000000/segment\@100000/target-module\@9c000/i2c\@0/pmic\@30/regulators/regullator-vd50/rohm,no-regulator-enable-control ;echo $?'
PNUFNVJJOW1
PNUFNVJJOW 0
root@arm:~# echo 'WCWA''YXQVHO'
WCWAYXQVHO
root@arm:~# MARKER='CGKN''FKQGWL' run 'i2cget -y -f 2 0x30 0x41'
CGKNFKQGWL0x20
CGKNFKQGWL 0
root@arm:~# echo 'YAYN''BZNBNJ'
YAYNBZNBNJ
root@arm:~# MARKER='TKAT''EBSQAE' run 'cat /sys/kernel/mva_test/regulators/buck1__en'
TKATEBSQAE0 TKATEBSQAE 0
root@arm:~# echo 'XJQB''AUWGAE'
XJQBAUWGAE
root@arm:~# MARKER='JWVC''KCLKST' run 'grep -r -l rohm,bd9576 /proc/device-tree || sed '"'"'s![^/]*$!!'"'"''
JWVCKCLKST/proc/device-tree/ocp/interconnect@48000000/segment@100000/target-module@9c000/i2c@0/pmic@30/
JWVCKCLKST 0
root@arm:~# echo 'YOXW''NUHHXB'
YOXWNUHHXB
root@arm:~# MARKER='QNYZ''TQQVYJ' run 'test -f /proc/device-tree/ocp/interconnectt\@48000000/segment\@100000/target-module\@9c000/i2c\@0/pmic\@30/regulators/regullator-vd18/rohm,no-regulator-enable-control ;echo $?'
QNYZTQQVYJ1
QNYZTQQVYJ 0
root@arm:~# echo 'PBWU''HFZBMA'
PBWUHFZBMA
root@arm:~# MARKER='EXEO''MJSBJU' run 'i2cget -y -f 2 0x30 0x42'
EXEOMJSBJU0x61
EXEOMJSBJU 0
root@arm:~# echo 'ZGCN''BWLKSJ'
ZGCNBWLKSJ
root@arm:~# MARKER='UNCK''SKBBYS' run 'cat /sys/kernel/mva_test/regulators/buck2__en'
UNCKSKBBYS1 UNCKSKBBYS 0
root@arm:~# echo 'XELE''QGBQJQ'
XELEQGBQJQ
root@arm:~# MARKER='MMOT''BOEMMK' run 'grep -r -l rohm,bd9576 /proc/device-tree || sed '"'"'s![^/]*$!!'"'"''
MMOTBOEMMK/proc/device-tree/ocp/interconnect@48000000/segment@100000/target-module@9c000/i2c@0/pmic@30/
MMOTBOEMMK 0
root@arm:~# echo 'WNWW''THCQAT'
WNWWTHCQAT
root@arm:~# MARKER='YFBY''NHSSLK' run 'test -f /proc/device-tree/ocp/interconnectt\@48000000/segment\@100000/target-module\@9c000/i2c\@0/pmic\@30/regulators/regullator-vdddr/rohm,no-regulator-enable-control ;echo $?'
YFBYNHSSLK1
YFBYNHSSLK 0
root@arm:~# echo 'BTEV''PPMTYG'
BTEVPPMTYG
root@arm:~# MARKER='QSCB''GWKXJW' run 'i2cget -y -f 2 0x30 0x43'
QSCBGWKXJW0x45
QSCBGWKXJW 0
root@arm:~# echo 'BMOL''AAGVNX'
BMOLAAGVNX
root@arm:~# MARKER='ZXLC''VLEFTF' run 'cat /sys/kernel/mva_test/regulators/buck3__en'
ZXLCVLEFTF1 ZXLCVLEFTF 0
root@arm:~# echo 'PZTO''ASNJBN'
PZTOASNJBN
root@arm:~# MARKER='LSXG''TMXGGH' run 'grep -r -l rohm,bd9576 /proc/device-tree || sed '"'"'s![^/]*$!!'"'"''
LSXGTMXGGH/proc/device-tree/ocp/interconnect@48000000/segment@100000/target-module@9c000/i2c@0/pmic@30/
LSXGTMXGGH 0
root@arm:~# echo 'WLHG''CLZMKJ'
WLHGCLZMKJ
root@arm:~# MARKER='ZCLU''QKSUTL' run 'test -f /proc/device-tree/ocp/interconnectt\@48000000/segment\@100000/target-module\@9c000/i2c\@0/pmic\@30/regulators/regullator-vd10/rohm,no-regulator-enable-control ;echo $?'
ZCLUQKSUTL1
ZCLUQKSUTL 0
root@arm:~# echo 'WEVY''ZCEZOH'
WEVYZCEZOH
root@arm:~# MARKER='BEAG''TKSKOM' run 'i2cget -y -f 2 0x30 0x44'
BEAGTKSKOM0x73
BEAGTKSKOM 0
root@arm:~# echo 'KBOZ''AYFQGH'
KBOZAYFQGH
root@arm:~# MARKER='OMHU''UVKEQE' run 'cat /sys/kernel/mva_test/regulators/buck4__en'
OMHUUVKEQE1 OMHUUVKEQE 0
root@arm:~# echo 'HPFP''PWUCBF'
HPFPPWUCBF
root@arm:~# MARKER='ZKEC''SKTWHZ' run 'grep -r -l rohm,bd9576 /proc/device-tree || sed '"'"'s![^/]*$!!'"'"''
ZKECSKTWHZ/proc/device-tree/ocp/interconnect@48000000/segment@100000/target-module@9c000/i2c@0/pmic@30/
ZKECSKTWHZ 0
root@arm:~# echo 'WMPY''KPKYSP'
WMPYKPKYSP
root@arm:~# MARKER='PNLU''SGAQTW' run 'test -f /proc/device-tree/ocp/interconnectt\@48000000/segment\@100000/target-module\@9c000/i2c\@0/pmic\@30/regulators/regullator-voutl1/rohm,no-regulator-enable-control ;echo $?'
PNLUSGAQTW1
PNLUSGAQTW 0
root@arm:~# echo 'EHKO''OSFMOB'
EHKOOSFMOB
root@arm:~# MARKER='WTWV''APPNOO' run 'i2cget -y -f 2 0x30 0x45'
WTWVAPPNOO0x36
WTWVAPPNOO 0
root@arm:~# echo 'BSCO''NKTAYJ'
BSCONKTAYJ
root@arm:~# MARKER='FANC''UHMGWO' run 'cat /sys/kernel/mva_test/regulators/buck5__en'
FANCUHMGWO1 FANCUHMGWO 0
root@arm:~# echo 'FZJL''EKGMWA'
FZJLEKGMWA
root@arm:~# MARKER='XMWB''SXYFQO' run 'grep -r -l rohm,bd9576 /proc/device-tree || sed '"'"'s![^/]*$!!'"'"''
XMWBSXYFQO/proc/device-tree/ocp/interconnect@48000000/segment@100000/target-module@9c000/i2c@0/pmic@30/
XMWBSXYFQO 0
root@arm:~# echo 'BKHB''ZXJOQG'
BKHBZXJOQG
root@arm:~# MARKER='HHLS''ZJTWEU' run 'test -f /proc/device-tree/ocp/interconnectt\@48000000/segment\@100000/target-module\@9c000/i2c\@0/pmic\@30/regulators/regullator-vouts1/rohm,no-regulator-enable-control ;echo $?'
HHLSZJTWEU1
HHLSZJTWEU 0
root@arm:~# echo 'XCEC''NNWCEQ'
XCECNNWCEQ
root@arm:~# MARKER='HHOP''STPBQF' run 'i2cget -y -f 2 0x30 0x46'
HHOPSTPBQF0x52
HHOPSTPBQF 0
root@arm:~# echo 'MFNU''EXQWWA'
MFNUEXQWWA
root@arm:~# MARKER='HTXB''ZOASSW' run 'cat /sys/kernel/mva_test/regulators/buck6__en'
HTXBZOASSW1 HTXBZOASSW 0
root@arm:~# Labgrid Console Logfile for main
Logfile started at 2024-09-20 15:22:01.966889
=== Log starts here ===

root@arm:~# run() { echo -n "$MARKER"; sh -c "$@"; echo "$MARKER $?"; }
root@arm:~# echo 'MKJK''QNQFPZ'
MKJKQNQFPZ
root@arm:~# MARKER='BXSN''BEJAHN' run 'cat /sys/kernel/mva_test/regulators/buck1__set'
BXSNBEJAHN5000000
BXSNBEJAHN 0
root@arm:~# echo 'UCHB''VWKSNT'
UCHBVWKSNT
root@arm:~# MARKER='PBES''FACJFQ' run 'i2cget -y -f 2 0x30 0x50'
PBESFACJFQ0x00
PBESFACJFQ 0
root@arm:~# echo 'FVQX''KBZPHE'
FVQXKBZPHE
root@arm:~# MARKER='FZPY''ETMCOE' run 'cat /sys/kernel/mva_test/regulators/buck2__set'
FZPYETMCOE1800000
FZPYETMCOE 0
root@arm:~# echo 'XWGA''CQGSGC'
XWGACQGSGC
root@arm:~# MARKER='EJQH''PJAWBK' run 'i2cget -y -f 2 0x30 0x53'
EJQHPJAWBK0x00
EJQHPJAWBK 0
root@arm:~# echo 'MSET''EZWABL'
MSETEZWABL
root@arm:~# MARKER='KYVF''HYWLAE' run 'cat /sys/kernel/mva_test/regulators/buck3__set'
KYVFHYWLAE1350000
KYVFHYWLAE 0
root@arm:~# echo 'QWZY''JPLQBO'
QWZYJPLQBO
root@arm:~# MARKER='AUXQ''CVSXAT' run 'i2cget -y -f 2 0x30 0x56'
AUXQCVSXAT0x00
AUXQCVSXAT 0
root@arm:~# echo 'JCUQ''KWHUWV'
JCUQKWHUWV
root@arm:~# MARKER='OMQB''UKSULQ' run 'cat /sys/kernel/mva_test/regulators/buck4__set'
OMQBUKSULQ1030000
OMQBUKSULQ 0
root@arm:~# echo 'ETZU''UUWHAL'
ETZUUUWHAL
root@arm:~# MARKER='LTVE''LPFLCO' run 'i2cget -y -f 2 0x30 0x59'
LTVELPFLCO0x00
LTVELPFLCO 0
root@arm:~# echo 'TVWF''BLPEHE'
TVWFBLPEHE
root@arm:~# MARKER='YOPK''NJVUNA' run 'cat /sys/kernel/mva_test/regulators/buck5__set'
YOPKNJVUNA2500000
YOPKNJVUNA 0
root@arm:~# echo 'ZGHV''BYQVCW'
ZGHVBYQVCW
root@arm:~# MARKER='YCBT''CWSQEP' run 'i2cget -y -f 2 0x30 0x5c'
YCBTCWSQEP0x00
YCBTCWSQEP 0
root@arm:~# echo 'TTGY''VHASPJ'
TTGYVHASPJ
root@arm:~# MARKER='ZOWA''LKEJHS' run 'cat /sys/kernel/mva_test/regulators/buck6__set'
ZOWALKEJHS3300000
ZOWALKEJHS 0
root@arm:~# Labgrid Console Logfile for main
Logfile started at 2024-09-20 15:22:07.052463
=== Log starts here ===

root@arm:~# run() { echo -n "$MARKER"; sh -c "$@"; echo "$MARKER $?"; }
root@arm:~# echo 'HOEA''GFWKPL'
HOEAGFWKPL
root@arm:~# MARKER='PWMA''GXQTWH' run 'grep -r -l rohm,bd9576 /proc/device-tree || sed '"'"'s![^/]*$!!'"'"''
PWMAGXQTWH/proc/device-tree/ocp/interconnect@48000000/segment@100000/target-module@9c000/i2c@0/pmic@30/
PWMAGXQTWH 0
root@arm:~# echo 'NZBH''CYJZWN'
NZBHCYJZWN
root@arm:~# MARKER='YKKQ''GYQJPM' run 'test -f /proc/device-tree/ocp/interconnectt\@48000000/segment\@100000/target-module\@9c000/i2c\@0/pmic\@30/regulators/regullator-vd50/rohm,no-regulator-enable-control ;echo $?'
YKKQGYQJPM1
YKKQGYQJPM 0
root@arm:~# echo 'PGXP''FWGWAT'
PGXPFWGWAT
root@arm:~# MARKER='HVFV''ZECUSP' run 'i2cget -y -f 2 0x30 0x41'
HVFVZECUSP0x20
HVFVZECUSP 0
root@arm:~# echo 'OUKC''XQOJLJ'
OUKCXQOJLJ
root@arm:~# MARKER='STBU''VBZFOT' run 'echo 4500000 4500000 > /sys/kernel/mva_tesst/regulators/buck1_set'
STBUVBZFOTsh: 1: cannot create /sys/kernel/mva_test/regulators/buck1_set: Permission denied
STBUVBZFOT 2
root@arm:~# echo 'AVBU''CVMBPX'
AVBUCVMBPX
root@arm:~# MARKER='MNYC''XTUWJZ' run 'i2cget -y -f 2 0x30 0x50'
MNYCXTUWJZ0x00
MNYCXTUWJZ 0
root@arm:~# echo 'EYLU''PJUOAK'
EYLUPJUOAK
root@arm:~# MARKER='WUEV''SSKEKK' run 'echo 4490000 4490000 > /sys/kernel/mva_tesst/regulators/buck1_set'
WUEVSSKEKKsh: 1: cannot create /sys/kernel/mva_test/regulators/buck1_set: Permission denied
WUEVSSKEKK 2
root@arm:~# echo 'FTZS''OWTTMJ'
FTZSOWTTMJ
root@arm:~# MARKER='WWHE''SLVVGG' run 'i2cget -y -f 2 0x30 0x50'
WWHESLVVGG0x00
WWHESLVVGG 0
root@arm:~# echo 'QVHL''LUMKCA'
QVHLLUMKCA
root@arm:~# MARKER='MZXS''PWNHLV' run 'echo 5500000 5500000 > /sys/kernel/mva_tesst/regulators/buck1_set'
MZXSPWNHLVsh: 1: cannot create /sys/kernel/mva_test/regulators/buck1_set: Permission denied
MZXSPWNHLV 2
root@arm:~# echo 'TVYY''PJYHOK'
TVYYPJYHOK
root@arm:~# MARKER='PLCX''NFKMNA' run 'i2cget -y -f 2 0x30 0x50'
PLCXNFKMNA0x00
PLCXNFKMNA 0
root@arm:~# echo 'OPQK''WNGCJC'
OPQKWNGCJC
root@arm:~# MARKER='GZZT''QAMHPW' run 'echo 5510000 5510000 > /sys/kernel/mva_tesst/regulators/buck1_set'
GZZTQAMHPWsh: 1: cannot create /sys/kernel/mva_test/regulators/buck1_set: Permission denied
GZZTQAMHPW 2
root@arm:~# echo 'OPVS''JBZFFF'
OPVSJBZFFF
root@arm:~# MARKER='SHTF''SFFBNW' run 'i2cget -y -f 2 0x30 0x50'
SHTFSFFBNW0x00
SHTFSFFBNW 0
root@arm:~# echo 'XBNU''WXCTMV'
XBNUWXCTMV
root@arm:~# MARKER='ZHPO''BZVMUC' run 'grep -r -l rohm,bd9576 /proc/device-tree || sed '"'"'s![^/]*$!!'"'"''
ZHPOBZVMUC/proc/device-tree/ocp/interconnect@48000000/segment@100000/target-module@9c000/i2c@0/pmic@30/
ZHPOBZVMUC 0
root@arm:~# echo 'EZGW''NPHTYC'
EZGWNPHTYC
root@arm:~# MARKER='QXNW''QUOFBX' run 'test -f /proc/device-tree/ocp/interconnectt\@48000000/segment\@100000/target-module\@9c000/i2c\@0/pmic\@30/regulators/regullator-vd18/rohm,no-regulator-enable-control ;echo $?'
QXNWQUOFBX1
QXNWQUOFBX 0
root@arm:~# echo 'YBLL''OPETNA'
YBLLOPETNA
root@arm:~# MARKER='FYAM''AOACXZ' run 'i2cget -y -f 2 0x30 0x42'
FYAMAOACXZ0x61
FYAMAOACXZ 0
root@arm:~# echo 'BUOZ''BOXCKT'
BUOZBOXCKT
root@arm:~# MARKER='OEZM''VCJFFW' run 'echo 1800000 1800000 > /sys/kernel/mva_tesst/regulators/buck2_set'
OEZMVCJFFWsh: 1: cannot create /sys/kernel/mva_test/regulators/buck2_set: Permission denied
OEZMVCJFFW 2
root@arm:~# echo 'NAZY''SLZGNB'
NAZYSLZGNB
root@arm:~# MARKER='LQUC''TZAPCN' run 'i2cget -y -f 2 0x30 0x53'
LQUCTZAPCN0x00
LQUCTZAPCN 0
root@arm:~# echo 'YUKP''ZXKCLC'
YUKPZXKCLC
root@arm:~# MARKER='SMAV''NCABOM' run 'echo 1790000 1790000 > /sys/kernel/mva_tesst/regulators/buck2_set'
SMAVNCABOMsh: 1: cannot create /sys/kernel/mva_test/regulators/buck2_set: Permission denied
SMAVNCABOM 2
root@arm:~# echo 'HNFU''BTJLNC'
HNFUBTJLNC
root@arm:~# MARKER='YALJ''ZCQLXS' run 'i2cget -y -f 2 0x30 0x53'
YALJZCQLXS0x00
YALJZCQLXS 0
root@arm:~# echo 'VKTQ''MKQSYW'
VKTQMKQSYW
root@arm:~# MARKER='MBTX''TLWEMV' run 'echo 1940000 1940000 > /sys/kernel/mva_tesst/regulators/buck2_set'
MBTXTLWEMVsh: 1: cannot create /sys/kernel/mva_test/regulators/buck2_set: Permission denied
MBTXTLWEMV 2
root@arm:~# echo 'MTHH''XBZVUT'
MTHHXBZVUT
root@arm:~# MARKER='NSTL''FSFGZU' run 'i2cget -y -f 2 0x30 0x53'
NSTLFSFGZU0x00
NSTLFSFGZU 0
root@arm:~# echo 'CZKV''BSWECC'
CZKVBSWECC
root@arm:~# MARKER='YELG''ZJWPLF' run 'echo 1950000 1950000 > /sys/kernel/mva_tesst/regulators/buck2_set'
YELGZJWPLFsh: 1: cannot create /sys/kernel/mva_test/regulators/buck2_set: Permission denied
YELGZJWPLF 2
root@arm:~# echo 'KMFZ''UUKJLQ'
KMFZUUKJLQ
root@arm:~# MARKER='MXSO''BNATJT' run 'i2cget -y -f 2 0x30 0x53'
MXSOBNATJT0x00
MXSOBNATJT 0
root@arm:~# echo 'SBMA''BQFUTJ'
SBMABQFUTJ
root@arm:~# MARKER='SVYA''SEQFWY' run 'grep -r -l rohm,bd9576 /proc/device-tree || sed '"'"'s![^/]*$!!'"'"''
SVYASEQFWY/proc/device-tree/ocp/interconnect@48000000/segment@100000/target-module@9c000/i2c@0/pmic@30/
SVYASEQFWY 0
root@arm:~# echo 'KWAK''TBKJWZ'
KWAKTBKJWZ
root@arm:~# MARKER='PBUT''ZZNVOO' run 'test -f /proc/device-tree/ocp/interconnectt\@48000000/segment\@100000/target-module\@9c000/i2c\@0/pmic\@30/regulators/regullator-vdddr/rohm,no-regulator-enable-control ;echo $?'
PBUTZZNVOO1
PBUTZZNVOO 0
root@arm:~# echo 'KKBP''KXYJSV'
KKBPKXYJSV
root@arm:~# MARKER='UFBG''BKQGLG' run 'i2cget -y -f 2 0x30 0x43'
UFBGBKQGLG0x45
UFBGBKQGLG 0
root@arm:~# echo 'PBNO''GKBWON'
PBNOGKBWON
root@arm:~# MARKER='APWS''EGAEYX' run 'echo 1350000 1350000 > /sys/kernel/mva_tesst/regulators/buck3_set'
APWSEGAEYXsh: 1: cannot create /sys/kernel/mva_test/regulators/buck3_set: Permission denied
APWSEGAEYX 2
root@arm:~# echo 'PYTW''SLQELX'
PYTWSLQELX
root@arm:~# MARKER='PEKZ''BZYAES' run 'i2cget -y -f 2 0x30 0x56'
PEKZBZYAES0x00
PEKZBZYAES 0
root@arm:~# echo 'GJUO''JSUNHO'
GJUOJSUNHO
root@arm:~# MARKER='QFKK''UZSNXW' run 'echo 1340000 1340000 > /sys/kernel/mva_tesst/regulators/buck3_set'
QFKKUZSNXWsh: 1: cannot create /sys/kernel/mva_test/regulators/buck3_set: Permission denied
QFKKUZSNXW 2
root@arm:~# echo 'QHFN''XKQSHV'
QHFNXKQSHV
root@arm:~# MARKER='XLSP''FBUQQL' run 'i2cget -y -f 2 0x30 0x56'
XLSPFBUQQL0x00
XLSPFBUQQL 0
root@arm:~# echo 'LUOM''GBLNQV'
LUOMGBLNQV
root@arm:~# MARKER='AVMF''CZWSQF' run 'echo 1660000 1660000 > /sys/kernel/mva_tesst/regulators/buck3_set'
AVMFCZWSQFsh: 1: cannot create /sys/kernel/mva_test/regulators/buck3_set: Permission denied
AVMFCZWSQF 2
root@arm:~# echo 'OMPN''EGKLPF'
OMPNEGKLPF
root@arm:~# MARKER='XUEW''LAYLCH' run 'i2cget -y -f 2 0x30 0x56'
XUEWLAYLCH0x00
XUEWLAYLCH 0
root@arm:~# echo 'BKCX''BWOJKG'
BKCXBWOJKG
root@arm:~# MARKER='MPPE''YJMSLP' run 'echo 1670000 1670000 > /sys/kernel/mva_tesst/regulators/buck3_set'
MPPEYJMSLPsh: 1: cannot create /sys/kernel/mva_test/regulators/buck3_set: Permission denied
MPPEYJMSLP 2
root@arm:~# echo 'AUKS''YFHJYV'
AUKSYFHJYV
root@arm:~# MARKER='UCHO''OWUKMQ' run 'i2cget -y -f 2 0x30 0x56'
UCHOOWUKMQ0x00
UCHOOWUKMQ 0
root@arm:~# echo 'SAJC''ZXCLVO'
SAJCZXCLVO
root@arm:~# MARKER='EFJY''NLMHXY' run 'grep -r -l rohm,bd9576 /proc/device-tree || sed '"'"'s![^/]*$!!'"'"''
EFJYNLMHXY/proc/device-tree/ocp/interconnect@48000000/segment@100000/target-module@9c000/i2c@0/pmic@30/
EFJYNLMHXY 0
root@arm:~# echo 'QLZF''QGBOWU'
QLZFQGBOWU
root@arm:~# MARKER='BECH''OEFNMG' run 'test -f /proc/device-tree/ocp/interconnectt\@48000000/segment\@100000/target-module\@9c000/i2c\@0/pmic\@30/regulators/regullator-vd10/rohm,no-regulator-enable-control ;echo $?'
BECHOEFNMG1
BECHOEFNMG 0
root@arm:~# echo 'MZBL''WWGSZB'
MZBLWWGSZB
root@arm:~# MARKER='KFJE''LJYASE' run 'i2cget -y -f 2 0x30 0x44'
KFJELJYASE0x73
KFJELJYASE 0
root@arm:~# echo 'NEZP''MEGBVQ'
NEZPMEGBVQ
root@arm:~# MARKER='OWFO''BBZJHT' run 'echo 1030000 1030000 > /sys/kernel/mva_tesst/regulators/buck4_set'
OWFOBBZJHTsh: 1: cannot create /sys/kernel/mva_test/regulators/buck4_set: Permission denied
OWFOBBZJHT 2
root@arm:~# echo 'NMYC''XLZUUP'
NMYCXLZUUP
root@arm:~# MARKER='AFZZ''YHJBQO' run 'i2cget -y -f 2 0x30 0x59'
AFZZYHJBQO0x00
AFZZYHJBQO 0
root@arm:~# echo 'KZQA''YCOFEK'
KZQAYCOFEK
root@arm:~# MARKER='XQPV''OLEHYL' run 'echo 1020000 1020000 > /sys/kernel/mva_tesst/regulators/buck4_set'
XQPVOLEHYLsh: 1: cannot create /sys/kernel/mva_test/regulators/buck4_set: Permission denied
XQPVOLEHYL 2
root@arm:~# echo 'PQUE''HHZGVK'
PQUEHHZGVK
root@arm:~# MARKER='GXVK''JGNTGG' run 'i2cget -y -f 2 0x30 0x59'
GXVKJGNTGG0x00
GXVKJGNTGG 0
root@arm:~# echo 'TQMZ''BAMFJZ'
TQMZBAMFJZ
root@arm:~# MARKER='FYYN''NGFMAY' run 'echo 1340000 1340000 > /sys/kernel/mva_tesst/regulators/buck4_set'
FYYNNGFMAYsh: 1: cannot create /sys/kernel/mva_test/regulators/buck4_set: Permission denied
FYYNNGFMAY 2
root@arm:~# echo 'SWGS''OEOTLS'
SWGSOEOTLS
root@arm:~# MARKER='WCOM''JLGMTN' run 'i2cget -y -f 2 0x30 0x59'
WCOMJLGMTN0x00
WCOMJLGMTN 0
root@arm:~# echo 'XEQO''NBUSEF'
XEQONBUSEF
root@arm:~# MARKER='TTGL''BONXAE' run 'echo 1350000 1350000 > /sys/kernel/mva_tesst/regulators/buck4_set'
TTGLBONXAEsh: 1: cannot create /sys/kernel/mva_test/regulators/buck4_set: Permission denied
TTGLBONXAE 2
root@arm:~# echo 'TGLL''QCFMQG'
TGLLQCFMQG
root@arm:~# MARKER='LLZG''OQPWNU' run 'i2cget -y -f 2 0x30 0x59'
LLZGOQPWNU0x00
LLZGOQPWNU 0
root@arm:~# echo 'ATXB''TCMPSY'
ATXBTCMPSY
root@arm:~# MARKER='YGJW''KEVHTE' run 'grep -r -l rohm,bd9576 /proc/device-tree || sed '"'"'s![^/]*$!!'"'"''
YGJWKEVHTE/proc/device-tree/ocp/interconnect@48000000/segment@100000/target-module@9c000/i2c@0/pmic@30/
YGJWKEVHTE 0
root@arm:~# echo 'AOZG''VAZGUC'
AOZGVAZGUC
root@arm:~# MARKER='NHPN''JFXGZB' run 'test -f /proc/device-tree/ocp/interconnectt\@48000000/segment\@100000/target-module\@9c000/i2c\@0/pmic\@30/regulators/regullator-voutl1/rohm,no-regulator-enable-control ;echo $?'
NHPNJFXGZB1
NHPNJFXGZB 0
root@arm:~# echo 'UXLU''GMPLAP'
UXLUGMPLAP
root@arm:~# MARKER='ACYK''XMBVZJ' run 'i2cget -y -f 2 0x30 0x45'
ACYKXMBVZJ0x36
ACYKXMBVZJ 0
root@arm:~# echo 'BTTQ''YZWYYG'
BTTQYZWYYG
root@arm:~# MARKER='HXKJ''SNNKEM' run 'echo 2500000 2500000 > /sys/kernel/mva_tesst/regulators/buck5_set'
HXKJSNNKEMsh: 1: cannot create /sys/kernel/mva_test/regulators/buck5_set: Permission denied
HXKJSNNKEM 2
root@arm:~# echo 'XCOV''BANUVM'
XCOVBANUVM
root@arm:~# MARKER='GHFK''EWHENU' run 'i2cget -y -f 2 0x30 0x5c'
GHFKEWHENU0x00
GHFKEWHENU 0
root@arm:~# echo 'ZJVY''PKZBSK'
ZJVYPKZBSK
root@arm:~# MARKER='KZBZ''QLEHZJ' run 'echo 2490000 2490000 > /sys/kernel/mva_tesst/regulators/buck5_set'
KZBZQLEHZJsh: 1: cannot create /sys/kernel/mva_test/regulators/buck5_set: Permission denied
KZBZQLEHZJ 2
root@arm:~# echo 'BTVO''OYQTUQ'
BTVOOYQTUQ
root@arm:~# MARKER='XCGY''YGKSTS' run 'i2cget -y -f 2 0x30 0x5c'
XCGYYGKSTS0x00
XCGYYGKSTS 0
root@arm:~# echo 'QKHK''EQNUZU'
QKHKEQNUZU
root@arm:~# MARKER='GKQJ''CWEKSV' run 'echo 2780000 2780000 > /sys/kernel/mva_tesst/regulators/buck5_set'
GKQJCWEKSVsh: 1: cannot create /sys/kernel/mva_test/regulators/buck5_set: Permission denied
GKQJCWEKSV 2
root@arm:~# echo 'AMMF''TUKPPL'
AMMFTUKPPL
root@arm:~# MARKER='LAGZ''OXPPHK' run 'i2cget -y -f 2 0x30 0x5c'
LAGZOXPPHK0x00
LAGZOXPPHK 0
root@arm:~# echo 'FHTL''BOMOJQ'
FHTLBOMOJQ
root@arm:~# MARKER='TJJJ''PBENAV' run 'echo 2790000 2790000 > /sys/kernel/mva_tesst/regulators/buck5_set'
TJJJPBENAVsh: 1: cannot create /sys/kernel/mva_test/regulators/buck5_set: Permission denied
TJJJPBENAV 2
root@arm:~# echo 'SOYS''AZXEST'
SOYSAZXEST
root@arm:~# MARKER='OZQW''MYMSMQ' run 'i2cget -y -f 2 0x30 0x5c'
OZQWMYMSMQ0x00
OZQWMYMSMQ 0
root@arm:~# echo 'KKPZ''BXLKAC'
KKPZBXLKAC
root@arm:~# MARKER='MPEW''NOEANH' run 'grep -r -l rohm,bd9576 /proc/device-tree || sed '"'"'s![^/]*$!!'"'"''
MPEWNOEANH/proc/device-tree/ocp/interconnect@48000000/segment@100000/target-module@9c000/i2c@0/pmic@30/
MPEWNOEANH 0
root@arm:~# echo 'VHGT''GZZVVS'
VHGTGZZVVS
root@arm:~# MARKER='OKNS''YQAKPK' run 'test -f /proc/device-tree/ocp/interconnectt\@48000000/segment\@100000/target-module\@9c000/i2c\@0/pmic\@30/regulators/regullator-vouts1/rohm,no-regulator-enable-control ;echo $?'
OKNSYQAKPK1
OKNSYQAKPK 0
root@arm:~# echo 'EYOF''YNANGZ'
EYOFYNANGZ
root@arm:~# MARKER='GXHH''CCCNTH' run 'i2cget -y -f 2 0x30 0x46'
GXHHCCCNTH0x52
GXHHCCCNTH 0
root@arm:~# Labgrid Console Logfile for main
Logfile started at 2024-09-20 15:22:21.541812
=== Log starts here ===

root@arm:~# run() { echo -n "$MARKER"; sh -c "$@"; echo "$MARKER $?"; }
root@arm:~# echo 'TLJJ''ZYTLOA'
TLJJZYTLOA
root@arm:~# MARKER='PPKC''XPWJMW' run 'grep -r -l rohm,bd9576 /proc/device-tree || sed '"'"'s![^/]*$!!'"'"''
PPKCXPWJMW/proc/device-tree/ocp/interconnect@48000000/segment@100000/target-module@9c000/i2c@0/pmic@30/
PPKCXPWJMW 0
root@arm:~# echo 'NHJC''TYJSJG'
NHJCTYJSJG
root@arm:~# MARKER='ZYFQ''YCOWSE' run 'xxd -p /proc/device-tree/ocp/interconnect\\@48000000/segment\@100000/target-module\@9c000/i2c\@0/pmic\@30/regulators/regulaator-vd50/regulator-ov-error-microvolt'
ZYFQYCOWSE00057e40
ZYFQYCOWSE 0
root@arm:~# echo 'QBSM''JZVLFA'
QBSMJZVLFA
root@arm:~# MARKER='TPAP''AASEUA' run 'i2cget -y -f 2 0x30 0x51'
TPAPAASEUA0x47
TPAPAASEUA 0
root@arm:~# echo 'WTVM''CTMSKC'
WTVMCTMSKC
root@arm:~# MARKER='NLLW''TSGHZB' run 'grep -r -l rohm,bd9576 /proc/device-tree || sed '"'"'s![^/]*$!!'"'"''
NLLWTSGHZB/proc/device-tree/ocp/interconnect@48000000/segment@100000/target-module@9c000/i2c@0/pmic@30/
NLLWTSGHZB 0
root@arm:~# echo 'CPJL''CWJKTP'
CPJLCWJKTP
root@arm:~# MARKER='ZYBM''WNXVAX' run 'xxd -p /proc/device-tree/ocp/interconnect\\@48000000/segment\@100000/target-module\@9c000/i2c\@0/pmic\@30/regulators/regulaator-vd50/regulator-uv-error-microvolt'
ZYBMWNXVAX00057e40
ZYBMWNXVAX 0
root@arm:~# echo 'OOZA''GWABZJ'
OOZAGWABZJ
root@arm:~# MARKER='AZEY''WBHXYA' run 'i2cget -y -f 2 0x30 0x52'
AZEYWBHXYA0x47
AZEYWBHXYA 0
root@arm:~# echo 'OMJL''VUHMNT'
OMJLVUHMNT
root@arm:~# MARKER='BOPS''JHVLWF' run 'grep -r -l rohm,bd9576 /proc/device-tree || sed '"'"'s![^/]*$!!'"'"''
BOPSJHVLWF/proc/device-tree/ocp/interconnect@48000000/segment@100000/target-module@9c000/i2c@0/pmic@30/
BOPSJHVLWF 0
root@arm:~# echo 'LLVW''VOHNSL'
LLVWVOHNSL
root@arm:~# MARKER='VQAH''BPZWNV' run 'xxd -p /proc/device-tree/ocp/interconnect\\@48000000/segment\@100000/target-module\@9c000/i2c\@0/pmic\@30/regulators/regulaator-vd18/regulator-ov-error-microvolt'
VQAHBPZWNV00004650
VQAHBPZWNV 0
root@arm:~# echo 'TAAQ''FHQZGL'
TAAQFHQZGL
root@arm:~# MARKER='OWBY''MKFMEG' run 'i2cget -y -f 2 0x30 0x54'
OWBYMKFMEG0x11
OWBYMKFMEG 0
root@arm:~# echo 'QXYO''FVAJJX'
QXYOFVAJJX
root@arm:~# MARKER='ZHPO''OAKWQT' run 'grep -r -l rohm,bd9576 /proc/device-tree || sed '"'"'s![^/]*$!!'"'"''
ZHPOOAKWQT/proc/device-tree/ocp/interconnect@48000000/segment@100000/target-module@9c000/i2c@0/pmic@30/
ZHPOOAKWQT 0
root@arm:~# echo 'XJKM''OBBWSO'
XJKMOBBWSO
root@arm:~# MARKER='HYWW''HHAALV' run 'xxd -p /proc/device-tree/ocp/interconnect\\@48000000/segment\@100000/target-module\@9c000/i2c\@0/pmic\@30/regulators/regulaator-vd18/regulator-uv-error-microvolt'
HYWWHHAALV0001a9c8
HYWWHHAALV 0
root@arm:~# echo 'HAJB''WELGNP'
HAJBWELGNP
root@arm:~# MARKER='BVXK''CQCABH' run 'i2cget -y -f 2 0x30 0x55'
BVXKCQCABH0x6c
BVXKCQCABH 0
root@arm:~# echo 'ESWL''BJNZNS'
ESWLBJNZNS
root@arm:~# MARKER='ZNHH''TWYBNA' run 'grep -r -l rohm,bd9576 /proc/device-tree || sed '"'"'s![^/]*$!!'"'"''
ZNHHTWYBNA/proc/device-tree/ocp/interconnect@48000000/segment@100000/target-module@9c000/i2c@0/pmic@30/
ZNHHTWYBNA 0
root@arm:~# echo 'PQAG''YCFUTA'
PQAGYCFUTA
root@arm:~# MARKER='FZUN''YSKAJG' run 'xxd -p /proc/device-tree/ocp/interconnect\\@48000000/segment\@100000/target-module\@9c000/i2c\@0/pmic\@30/regulators/regulaator-vdddr/regulator-ov-warn-microvolt'
FZUNYSKAJG0001adb0
FZUNYSKAJG 0
root@arm:~# echo 'BNLJ''YPCCYU'
BNLJYPCCYU
root@arm:~# MARKER='KULJ''KPLBMZ' run 'i2cget -y -f 2 0x30 0x57'
KULJKPLBMZ0x6d
KULJKPLBMZ 0
root@arm:~# echo 'MTJX''CQNQZO'
MTJXCQNQZO
root@arm:~# MARKER='ZXOA''NANAXA' run 'grep -r -l rohm,bd9576 /proc/device-tree || sed '"'"'s![^/]*$!!'"'"''
ZXOANANAXA/proc/device-tree/ocp/interconnect@48000000/segment@100000/target-module@9c000/i2c@0/pmic@30/
ZXOANANAXA 0
root@arm:~# echo 'GXNH''VGOGFU'
GXNHVGOGFU
root@arm:~# MARKER='XBOQ''MTJTEN' run 'xxd -p /proc/device-tree/ocp/interconnect\\@48000000/segment\@100000/target-module\@9c000/i2c\@0/pmic\@30/regulators/regulaator-vdddr/regulator-uv-warn-microvolt'
XBOQMTJTEN0001adb0
XBOQMTJTEN 0
root@arm:~# echo 'KBXG''WHMLCG'
KBXGWHMLCG
root@arm:~# MARKER='EANX''AJNWFH' run 'i2cget -y -f 2 0x30 0x58'
EANXAJNWFH0x6d
EANXAJNWFH 0
root@arm:~# echo 'GJHK''ANHFKT'
GJHKANHFKT
root@arm:~# MARKER='WUNU''OJEJAC' run 'grep -r -l rohm,bd9576 /proc/device-tree || sed '"'"'s![^/]*$!!'"'"''
WUNUOJEJAC/proc/device-tree/ocp/interconnect@48000000/segment@100000/target-module@9c000/i2c@0/pmic@30/
WUNUOJEJAC 0
root@arm:~# echo 'WFJU''FMOJMJ'
WFJUFMOJMJ
root@arm:~# MARKER='WESQ''FGGXGO' run 'xxd -p /proc/device-tree/ocp/interconnect\\@48000000/segment\@100000/target-module\@9c000/i2c\@0/pmic\@30/regulators/regulaator-vd10/regulator-ov-error-microvolt'
WESQFGGXGO00006590
WESQFGGXGO 0
root@arm:~# echo 'TZGT''KPHJJJ'
TZGTKPHJJJ
root@arm:~# MARKER='AEVO''POJTOM' run 'i2cget -y -f 2 0x30 0x5a'
AEVOPOJTOM0x19
AEVOPOJTOM 0
root@arm:~# echo 'FGZQ''UAAVOH'
FGZQUAAVOH
root@arm:~# MARKER='EMXF''LLOSJW' run 'grep -r -l rohm,bd9576 /proc/device-tree || sed '"'"'s![^/]*$!!'"'"''
EMXFLLOSJW/proc/device-tree/ocp/interconnect@48000000/segment@100000/target-module@9c000/i2c@0/pmic@30/
EMXFLLOSJW 0
root@arm:~# echo 'UEEU''PPWBYE'
UEEUPPWBYE
root@arm:~# MARKER='MVXL''YXZUYY' run 'xxd -p /proc/device-tree/ocp/interconnect\\@48000000/segment\@100000/target-module\@9c000/i2c\@0/pmic\@30/regulators/regulaator-vd10/regulator-uv-error-microvolt'
MVXLYXZUYY00006590
MVXLYXZUYY 0
root@arm:~# echo 'TXJW''SUBSXT'
TXJWSUBSXT
root@arm:~# MARKER='HWFH''SOZGAW' run 'i2cget -y -f 2 0x30 0x5b'
HWFHSOZGAW0x19
HWFHSOZGAW 0
root@arm:~# echo 'YKHB''BCUSAX'
YKHBBCUSAX
root@arm:~# MARKER='TFUW''MWZMQX' run 'grep -r -l rohm,bd9576 /proc/device-tree || sed '"'"'s![^/]*$!!'"'"''
TFUWMWZMQX/proc/device-tree/ocp/interconnect@48000000/segment@100000/target-module@9c000/i2c@0/pmic@30/
TFUWMWZMQX 0
root@arm:~# echo 'TYGH''SPEZQJ'
TYGHSPEZQJ
root@arm:~# MARKER='LBTB''PSQPZK' run 'xxd -p /proc/device-tree/ocp/interconnect\\@48000000/segment\@100000/target-module\@9c000/i2c\@0/pmic\@30/regulators/regulaator-voutl1/regulator-ov-error-microvolt'
LBTBPSQPZK000084d0
LBTBPSQPZK 0
root@arm:~# echo 'TUXN''PUKKXT'
TUXNPUKKXT
root@arm:~# MARKER='VYQL''SUEZHT' run 'i2cget -y -f 2 0x30 0x5d'
VYQLSUEZHT0x01
VYQLSUEZHT 0
root@arm:~# echo 'GEQK''HEUPWT'
GEQKHEUPWT
root@arm:~# MARKER='PBYW''OGPOBG' run 'grep -r -l rohm,bd9576 /proc/device-tree || sed '"'"'s![^/]*$!!'"'"''
PBYWOGPOBG/proc/device-tree/ocp/interconnect@48000000/segment@100000/target-module@9c000/i2c@0/pmic@30/
PBYWOGPOBG 0
root@arm:~# echo 'LGTJ''BUVKZA'
LGTJBUVKZA
root@arm:~# MARKER='ZUNS''HQVKEP' run 'xxd -p /proc/device-tree/ocp/interconnect\\@48000000/segment\@100000/target-module\@9c000/i2c\@0/pmic\@30/regulators/regulaator-voutl1/regulator-uv-error-microvolt'
ZUNSHQVKEP000084d0
ZUNSHQVKEP 0
root@arm:~# echo 'XVVH''BJMXEO'
XVVHBJMXEO
root@arm:~# MARKER='QKKW''LECZFZ' run 'i2cget -y -f 2 0x30 0x5e'
QKKWLECZFZ0x01
QKKWLECZFZ 0
root@arm:~# echo 'GLHM''KFXLPU'
GLHMKFXLPU
root@arm:~# MARKER='WZNF''MFGHYU' run 'grep -r -l rohm,bd9576 /proc/device-tree || sed '"'"'s![^/]*$!!'"'"''
WZNFMFGHYU/proc/device-tree/ocp/interconnect@48000000/segment@100000/target-module@9c000/i2c@0/pmic@30/
WZNFMFGHYU 0
root@arm:~# echo 'TGLM''XXSNYX'
TGLMXXSNYX
root@arm:~# MARKER='TZAU''NCEMUY' run 'xxd -p /proc/device-tree/ocp/interconnect\\@48000000/segment\@100000/target-module\@9c000/i2c\@0/pmic\@30/regulators/regulaator-vouts1/regulator-oc-warn-microamp'
TZAUNCEMUY00055730
TZAUNCEMUY 0
root@arm:~# echo 'EAOF''GJJXKY'
EAOFGJJXKY
root@arm:~# MARKER='HMMC''JQBYFX' run 'i2cget -y -f 2 0x30 0x5f'
HMMCJQBYFX0x07
HMMCJQBYFX 0
root@arm:~# echo 'XMGT''XTNWHF'
XMGTXTNWHF
root@arm:~# MARKER='EMHC''VCQKFY' run 'grep -r -l rohm,bd9576 /proc/device-tree || sed '"'"'s![^/]*$!!'"'"''
EMHCVCQKFY/proc/device-tree/ocp/interconnect@48000000/segment@100000/target-module@9c000/i2c@0/pmic@30/
EMHCVCQKFY 0
root@arm:~# echo 'PEYQ''YTHHGU'
PEYQYTHHGU
root@arm:~# MARKER='BNKH''SANHQN' run 'xxd -p /proc/device-tree/ocp/interconnect\\@48000000/segment\@100000/target-module\@9c000/i2c\@0/pmic\@30/regulators/regulaator-vouts1/regulator-oc-protection-microamp'
BNKHSANHQN00149970
BNKHSANHQN 0
root@arm:~# echo 'YZJE''KLZEEN'
YZJEKLZEEN
root@arm:~# MARKER='BAOX''GWOBLL' run 'i2cget -y -f 2 0x30 0x60'
BAOXGWOBLL0x1b
BAOXGWOBLL 0
root@arm:~# Labgrid Console Logfile for main
Logfile started at 2024-09-20 15:22:44.191291
=== Log starts here ===
ready
DRAM:  512 MiB
NAND:  0 MiB
MMC:   OMAP SD/MMC: 0, OMAP SD/MMC: 1
*** Warning - readenv() failed, using default environment

Net:   <ethaddr> not set. Validating first E-fuse MAC
cpsw, usb_ether
Hit any key to stop autoboot:  1  0 
gpio: pin 53 (gpio 53) value is 1
mmc0 is current device
gpio: pin 54 (gpio 54) value is 1
SD/MMC found on device 0
reading uEnv.txt
569 bytes read in 3 ms (184.6 KiB/s)
gpio: pin 55 (gpio 55) value is 1
Loaded environment from uEnv.txt
Importing environment from mmc ...
Checking if uenvcmd is set ...
gpio: pin 56 (gpio 56) value is 1
Running uenvcmd ...
cpsw Waiting for PHY auto negotiation to complete. done
link up on port 0, speed 100, full duplex
Using cpsw device
TFTP from server 192.168.255.126; our IP address is 192.168.255.1
Filename 'zImage'.
Load address: 0x81000000
Loading: *#################################################################
	 #################################################################
	 #################################################################
	 #################################################################
	 #################################################################
	 ###########################
	 2.4 MiB/s
done
Bytes transferred = 5159248 (4eb950 hex)
link up on port 0, speed 100, full duplex
Using cpsw device
TFTP from server 192.168.255.126; our IP address is 192.168.255.1
Filename 'am335x-boneblack.dtb'.
Load address: 0x82000000
Loading: *#######
	 2.3 MiB/s
done
Bytes transferred = 97630 (17d5e hex)
Kernel image @ 0x81000000 [ 0x000000 - 0x4eb950 ]
## Flattened Device Tree blob at 82000000
   Booting using the fdt blob at 0x82000000
   Using Device Tree in place at 82000000, end 8201ad5d

Starting kernel ...

[    0.000000] Booting Linux on physical CPU 0x0
[    0.000000] Linux version 6.1.111 (user01@drvtest01) (arm-linux-gnueabihf-gcc (Linaro GCC 6.4-2017.11) 6.4.1 20171012, GNU ld (Linaro_Binutils-2017.11) 2.27.0.20161229) #2 SMP Wed Sep 18 20:45:31 EEST 2024
[    0.000000] CPU: ARMv7 Processor [413fc082] revision 2 (ARMv7), cr=10c5387d
[    0.000000] CPU: PIPT / VIPT nonaliasing data cache, VIPT aliasing instruction cache
[    0.000000] OF: fdt: Machine model: TI AM335x BeagleBone Black
[    0.000000] Memory policy: Data cache writeback
[    0.000000] cma: Reserved 16 MiB at 0x9ec00000
[    0.000000] Zone ranges:
[    0.000000]   Normal   [mem 0x0000000080000000-0x000000009fdfffff]
[    0.000000]   HighMem  empty
[    0.000000] Movable zone start for each node
[    0.000000] Early memory node ranges
[    0.000000]   node   0: [mem 0x0000000080000000-0x000000009fdfffff]
[    0.000000] Initmem setup node 0 [mem 0x0000000080000000-0x000000009fdfffff]
[    0.000000] CPU: All CPU(s) started in SVC mode.
[    0.000000] AM335X ES2.1 (sgx neon)
[    0.000000] percpu: Embedded 16 pages/cpu s34196 r8192 d23148 u65536
[    0.000000] Built 1 zonelists, mobility grouping on.  Total pages: 129412
[    0.000000] Kernel command line: console=ttyO0,115200n8 root=/dev/nfs rw nfsroot=192.168.255.126:/home/user01/nfs,nfsvers=3 ip=192.168.255.1:192.168.255.126::255.255.255.0:bbb1:eth0 nfsrootdebug
[    0.000000] Unknown kernel command line parameters "nfsrootdebug", will be passed to user space.
[    0.000000] Dentry cache hash table entries: 65536 (order: 6, 262144 bytes, linear)
[    0.000000] Inode-cache hash table entries: 32768 (order: 5, 131072 bytes, linear)
[    0.000000] mem auto-init: stack:off, heap alloc:off, heap free:off
[    0.000000] Memory: 484644K/522240K available (10240K kernel code, 1143K rwdata, 2600K rodata, 1024K init, 287K bss, 21212K reserved, 16384K cma-reserved, 0K highmem)
[    0.000000] SLUB: HWalign=64, Order=0-3, MinObjects=0, CPUs=1, Nodes=1
[    0.000000] trace event string verifier disabled
[    0.000000] rcu: Hierarchical RCU implementation.
[    0.000000] rcu: 	RCU event tracing is enabled.
[    0.000000] rcu: 	RCU restricting CPUs from NR_CPUS=2 to nr_cpu_ids=1.
[    0.000000] rcu: RCU calculated value of scheduler-enlistment delay is 10 jiffies.
[    0.000000] rcu: Adjusting geometry for rcu_fanout_leaf=16, nr_cpu_ids=1
[    0.000000] NR_IRQS: 16, nr_irqs: 16, preallocated irqs: 16
[    0.000000] IRQ: Found an INTC at 0x(ptrval) (revision 5.0) with 128 interrupts
[    0.000000] rcu: srcu_init: Setting srcu_struct sizes based on contention.
[    0.000000] TI gptimer clocksource: always-on /ocp/interconnect@44c00000/segment@200000/target-module@31000
[    0.000002] sched_clock: 32 bits at 24MHz, resolution 41ns, wraps every 89478484971ns
[    0.000027] clocksource: dmtimer: mask: 0xffffffff max_cycles: 0xffffffff, max_idle_ns: 79635851949 ns
[    0.000441] TI gptimer clockevent: 24000000 Hz at /ocp/interconnect@48000000/segment@0/target-module@40000
[    0.002006] Console: colour dummy device 80x30
[    0.002056] WARNING: Your 'console=ttyO0' has been replaced by 'ttyS0'
[    0.002064] This ensures that you still see kernel messages. Please
[    0.002068] update your kernel commandline.
[    0.002112] Calibrating delay loop... 996.14 BogoMIPS (lpj=4980736)
[    0.090490] CPU: Testing write buffer coherency: ok
[    0.090592] CPU0: Spectre v2: using BPIALL workaround
[    0.090605] pid_max: default: 32768 minimum: 301
[    0.090738] LSM: Security Framework initializing
[    0.090922] Mount-cache hash table entries: 1024 (order: 0, 4096 bytes, linear)
[    0.090943] Mountpoint-cache hash table entries: 1024 (order: 0, 4096 bytes, linear)
[    0.092493] CPU0: thread -1, cpu 0, socket -1, mpidr 0
[    0.093802] Setting up static identity map for 0x80100000 - 0x80100078
[    0.094046] rcu: Hierarchical SRCU implementation.
[    0.094055] rcu: 	Max phase no-delay instances is 1000.
[    0.095402] smp: Bringing up secondary CPUs ...
[    0.095417] smp: Brought up 1 node, 1 CPU
[    0.095428] SMP: Total of 1 processors activated (996.14 BogoMIPS).
[    0.095439] CPU: All CPU(s) started in SVC mode.
[    0.096376] devtmpfs: initialized
[    0.112371] VFP support v0.3: implementor 41 architecture 3 part 30 variant c rev 3
[    0.112691] clocksource: jiffies: mask: 0xffffffff max_cycles: 0xffffffff, max_idle_ns: 19112604462750000 ns
[    0.112726] futex hash table entries: 256 (order: 2, 16384 bytes, linear)
[    0.114087] pinctrl core: initialized pinctrl subsystem
[    0.116066] NET: Registered PF_NETLINK/PF_ROUTE protocol family
[    0.118113] DMA: preallocated 256 KiB pool for atomic coherent allocations
[    0.118706] audit: initializing netlink subsys (disabled)
[    0.119940] thermal_sys: Registered thermal governor 'fair_share'
[    0.119957] thermal_sys: Registered thermal governor 'step_wise'
[    0.119963] thermal_sys: Registered thermal governor 'user_space'
[    0.120090] cpuidle: using governor menu
[    0.137719] No ATAGs?
[    0.137743] hw-breakpoint: debug architecture 0x4 unsupported.
[    0.146703] audit: type=2000 audit(0.110:1): state=initialized audit_enabled=0 res=1
[    0.147002] kprobes: kprobe jump-optimization is enabled. All kprobes are optimized if possible.
[    0.164772] iommu: Default domain type: Translated 
[    0.164786] iommu: DMA domain TLB invalidation policy: strict mode 
[    0.166254] SCSI subsystem initialized
[    0.167116] pps_core: LinuxPPS API ver. 1 registered
[    0.167126] pps_core: Software ver. 5.3.6 - Copyright 2005-2007 Rodolfo Giometti <giometti@linux.it>
[    0.167150] PTP clock support registered
[    0.180821] vgaarb: loaded
[    0.181190] clocksource: Switched to clocksource dmtimer
[    0.181810] VFS: Disk quotas dquot_6.6.0
[    0.181883] VFS: Dquot-cache hash table entries: 1024 (order 0, 4096 bytes)
[    0.199040] NET: Registered PF_INET protocol family
[    0.199387] IP idents hash table entries: 8192 (order: 4, 65536 bytes, linear)
[    0.200786] tcp_listen_portaddr_hash hash table entries: 512 (order: 0, 4096 bytes, linear)
[    0.200829] Table-perturb hash table entries: 65536 (order: 6, 262144 bytes, linear)
[    0.200848] TCP established hash table entries: 4096 (order: 2, 16384 bytes, linear)
[    0.200893] TCP bind hash table entries: 4096 (order: 4, 65536 bytes, linear)
[    0.200992] TCP: Hash tables configured (established 4096 bind 4096)
[    0.201108] UDP hash table entries: 256 (order: 1, 8192 bytes, linear)
[    0.201135] UDP-Lite hash table entries: 256 (order: 1, 8192 bytes, linear)
[    0.201401] NET: Registered PF_UNIX/PF_LOCAL protocol family
[    0.211966] RPC: Registered named UNIX socket transport module.
[    0.211988] RPC: Registered udp transport module.
[    0.211993] RPC: Registered tcp transport module.
[    0.211999] RPC: Registered tcp NFSv4.1 backchannel transport module.
[    0.212018] PCI: CLS 0 bytes, default 64
[    0.213561] Initialise system trusted keyrings
[    0.214582] workingset: timestamp_bits=14 max_order=17 bucket_order=3
[    0.235585] NFS: Registering the id_resolver key type
[    0.235682] Key type id_resolver registered
[    0.235691] Key type id_legacy registered
[    0.235748] jffs2: version 2.2. (NAND) (SUMMARY)  Â© 2001-2006 Red Hat, Inc.
[    0.236519] Key type asymmetric registered
[    0.236537] Asymmetric key parser 'x509' registered
[    0.236689] io scheduler mq-deadline registered
[    0.236703] io scheduler kyber registered
[    0.236947] io scheduler bfq registered
[    0.256643] Serial: 8250/16550 driver, 6 ports, IRQ sharing enabled
[    0.284171] brd: module loaded
[    0.305284] loop: module loaded
[    0.306184] mtdoops: mtd device (mtddev=name/number) must be supplied
[    0.308691] i2c_dev: i2c /dev entries driver
[    0.309604] cpuidle: enable-method property 'ti,am3352' found operations
[    0.310036] sdhci: Secure Digital Host Controller Interface driver
[    0.310044] sdhci: Copyright(c) Pierre Ossman
[    0.310215] sdhci-pltfm: SDHCI platform and OF driver helper
[    0.310472] ledtrig-cpu: registered to indicate activity on CPUs
[    0.311364] Initializing XFRM netlink socket
[    0.311952] NET: Registered PF_INET6 protocol family
[    0.324545] Segment Routing with IPv6
[    0.324618] In-situ OAM (IOAM) with IPv6
[    0.324729] sit: IPv6, IPv4 and MPLS over IPv4 tunneling driver
[    0.325627] NET: Registered PF_PACKET protocol family
[    0.325654] NET: Registered PF_KEY protocol family
[    0.325779] Key type dns_resolver registered
[    0.325932] ThumbEE CPU extension supported.
[    0.325973] Registering SWP/SWPB emulation handler
[    0.326484] omap_voltage_late_init: Voltage driver support not added
[    0.326827] SmartReflex Class3 initialized
[    0.327742] Loading compiled-in X.509 certificates
[    0.405320] platform 44e10800.pinmux: Fixed dependency cycle(s) with /ocp/interconnect@44c00000/segment@200000/target-module@10000/scm@0/pinmux@800/pinmux_clkout2_pin
[    0.405898] pinctrl-single 44e10800.pinmux: 142 pins, size 568
[    0.410501] ti-sysc: probe of 44e31000.target-module failed with error -16
[    0.459042] ti-sysc: probe of 48040000.target-module failed with error -16
[    0.469455] gpio gpiochip0: (gpio-0-31): not an immutable chip, please consider fixing it!
[    0.498619] OMAP GPIO hardware version 0.1
[    0.522137] omap_i2c 4819c000.i2c: bus 2 rev0.11 at 100 kHz
[    0.527307] gpio gpiochip1: (gpio-32-63): not an immutable chip, please consider fixing it!
[    0.538108] gpio gpiochip2: (gpio-64-95): not an immutable chip, please consider fixing it!
[    0.547757] platform 4830e000.lcdc: Fixed dependency cycle(s) with /ocp/interconnect@44c00000/segment@200000/target-module@b000/i2c@0/tda19988@70
[    0.557556] sdhci-omap 481d8000.mmc: supply pbias not found, using dummy regulator
[    0.558028] sdhci-omap 481d8000.mmc: supply vqmmc not found, using dummy regulator
[    0.621465] davinci_mdio 4a101000.mdio: davinci mdio revision 1.6, bus freq 1000000
[    0.683551] davinci_mdio 4a101000.mdio: phy[0]: device 4a101000.mdio:00, driver SMSC LAN8710/LAN8720
[    0.684052] cpsw-switch 4a100000.switch: initialized cpsw ale version 1.4
[    0.684072] cpsw-switch 4a100000.switch: ALE Table size 1024
[    0.684214] cpsw-switch 4a100000.switch: cpts: overflow check period 500 (jiffies)
[    0.684230] cpsw-switch 4a100000.switch: CPTS: ref_clk_freq:250000000 calc_mult:2147483648 calc_shift:29 error:0 nsec/sec
[    0.684321] cpsw-switch 4a100000.switch: Detected MACID = 6c:ec:eb:68:de:78
[    0.686002] cpsw-switch 4a100000.switch: initialized (regs 0x4a100000, pool size 256) hw_ver:0019010C 1.12 (0)
[    0.696040] debugfs: Directory '49000000.dma' with parent 'dmaengine' already present!
[    0.696081] edma 49000000.dma: TI EDMA DMA engine driver
[    0.737726] hw perfevents: enabled with armv7_cortex_a8 PMU driver, 5 counters available
[    0.739752] gpio gpiochip3: (gpio-96-127): not an immutable chip, please consider fixing it!
[    0.744958] l3-aon-clkctrl:0000:0: failed to disable
[    0.759410] 44e09000.serial: ttyS0 at MMIO 0x44e09000 (irq = 34, base_baud = 3000000) is a 8250
[    2.078985] printk: console [ttyS0] enabled
[    2.112121] tps65217-pmic: Failed to locate of_node [id: -1]
[    2.128306] tps65217-bl: Failed to locate of_node [id: -1]
[    2.136996] tps65217 0-0024: TPS65217 ID 0xe version 1.2
[    2.143008] platform 4830e000.lcdc: Fixed dependency cycle(s) with /ocp/interconnect@44c00000/segment@200000/target-module@b000/i2c@0/tda19988@70
[    2.156390] i2c 0-0070: Fixed dependency cycle(s) with /ocp/interconnect@48000000/segment@300000/target-module@e000/lcdc@0
[    2.167834] omap_i2c 44e0b000.i2c: bus 0 rev0.11 at 400 kHz
[    2.175453] omap_gpio 44e07000.gpio: Could not set line 6 debounce to 200000 microseconds (-22)
[    2.184328] sdhci-omap 48060000.mmc: Got CD GPIO
[    2.189304] sdhci-omap 48060000.mmc: supply pbias not found, using dummy regulator
[    2.201434] sdhci-omap 48060000.mmc: supply vqmmc not found, using dummy regulator
[    2.209827] sdhci-omap 481d8000.mmc: supply pbias not found, using dummy regulator
[    2.218066] sdhci-omap 481d8000.mmc: supply vqmmc not found, using dummy regulator
[    2.251214] mmc1: SDHCI controller on 481d8000.mmc [481d8000.mmc] using External DMA
[    2.260076] mmc0: SDHCI controller on 48060000.mmc [48060000.mmc] using External DMA
[    2.268800] cpsw-switch 4a100000.switch: starting ndev. mode: dual_mac
[    2.310182] mmc0: new high speed SDHC card at address 5048
[    2.317087] mmcblk0: mmc0:5048 SD16G 14.4 GiB 
[    2.325047]  mmcblk0: p1 p2
[    2.328277] mmcblk0: p2 size 31221760 extends beyond EOD, truncated
[    2.342851] mmc1: new high speed MMC card at address 0001
[    2.349477] mmcblk1: mmc1:0001 MMC04G 3.60 GiB 
[    2.356824]  mmcblk1: p1 p2
[    2.360299] SMSC LAN8710/LAN8720 4a101000.mdio:00: attached PHY driver (mii_bus:phy_addr=4a101000.mdio:00, irq=POLL)
[    2.371897] mmcblk1boot0: mmc1:0001 MMC04G 2.00 MiB 
[    2.378864] mmcblk1boot1: mmc1:0001 MMC04G 2.00 MiB 
[    2.391514] mmcblk1rpmb: mmc1:0001 MMC04G 128 KiB, chardev (250:0)
[    5.521925] cpsw-switch 4a100000.switch eth0: Link is Up - 100Mbps/Full - flow control off
[    5.530304] IPv6: ADDRCONF(NETDEV_CHANGE): eth0: link becomes ready
[    5.561242] IP-Config: Complete:
[    5.564500]      device=eth0, hwaddr=6c:ec:eb:68:de:78, ipaddr=192.168.255.1, mask=255.255.255.0, gw=255.255.255.255
[    5.575117]      host=bbb1, domain=, nis-domain=(none)
[    5.580283]      bootserver=192.168.255.126, rootserver=192.168.255.126, rootpath=
[    5.580693] clk: Disabling unused clocks
[    5.614354] VFS: Mounted root (nfs filesystem) on device 0:16.
[    5.621087] devtmpfs: mounted
[    5.625862] Freeing unused kernel image (initmem) memory: 1024K
[    5.632488] Run /sbin/init as init process
[    6.319212] systemd[1]: System time before build time, advancing clock.
[    7.781200] random: crng init done
[    7.852735] systemd[1]: systemd 232 running in system mode. (+PAM +AUDIT +SELINUX +IMA +APPARMOR +SMACK +SYSVINIT +UTMP +LIBCRYPTSETUP +GCRYPT +GNUTLS +ACL +XZ +LZ4 +SECCOMP +BLKID +ELFUTILS +KMOD +IDN)
[    7.871938] systemd[1]: Detected architecture arm.

Welcome to [1mDebian GNU/Linux 9 (stretch)[0m!

[    7.914388] systemd[1]: Set hostname to <arm>.
[    8.984876] systemd[1]: Started Dispatch Password Requests to Console Directory Watch.
[[0;32m  OK  [0m] Started Dispatch Password Requests to Console Directory Watch.
[    9.023080] systemd[1]: Set up automount Arbitrary Executable File Formats File System Automount Point.
[[0;32m  OK  [0m] Set up automount Arbitrary Executabâ€¦rmats File System Automount Point.
[    9.061592] systemd[1]: Reached target Remote File Systems.
[[0;32m  OK  [0m] Reached target Remote File Systems.
[    9.101523] systemd[1]: Reached target Swap.
[[0;32m  OK  [0m] Reached target Swap.
[    9.133085] systemd[1]: Listening on /dev/initctl Compatibility Named Pipe.
[[0;32m  OK  [0m] Listening on /dev/initctl Compatibility Named Pipe.
[    9.172784] systemd[1]: Created slice System Slice.
[[0;32m  OK  [0m] Created slice System Slice.
[    9.241808] systemd[1]: Mounting Debug File System...
         Mounting Debug File System...
[[0;32m  OK  [0m] Listening on udev Kernel Socket.
[[0;32m  OK  [0m] Listening on Journal Socket (/dev/log).
[[0;32m  OK  [0m] Listening on Journal Audit Socket.
[[0;32m  OK  [0m] Listening on Journal Socket.
         Starting Remount Root and Kernel File Systems...
         Starting Create list of required stâ€¦ce nodes for the current kernel...
         Starting Load Kernel Modules...
         Mounting POSIX Message Queue File System...
[[0;32m  OK  [0m] Listening on udev Control Socket.
[[0;32m  OK  [0m] Created slice system-getty.slice.
[[0;32m  OK  [0m] Listening on Syslog Socket.
         Starting Journal Service...
[[0;32m  OK  [0m] Created slice system-serial\x2dgetty.slice.
[[0;32m  OK  [0m] Created slice User and Session Slice.
[[0;32m  OK  [0m] Reached target Slices.
[[0;32m  OK  [0m] Started Forward Password Requests to Wall Directory Watch.
[[0;32m  OK  [0m] Reached target Encrypted Volumes.
[[0;32m  OK  [0m] Reached target Paths.
[[0;32m  OK  [0m] Mounted POSIX Message Queue File System.
[[0;32m  OK  [0m] Mounted Debug File System.
[[0;32m  OK  [0m] Started Remount Root and Kernel File Systems.
[[0;32m  OK  [0m] Started Create list of required staâ€¦vice nodes for the current kernel.
[[0;32m  OK  [0m] Started Load Kernel Modules.
         Starting Apply Kernel Variables...
         Mounting Configuration File System...
         Starting Create Static Device Nodes in /dev...
         Starting udev Coldplug all Devices...
         Starting Load/Save Random Seed...
[[0;32m  OK  [0m] Mounted Configuration File System.
[[0;32m  OK  [0m] Started Journal Service.
[[0;32m  OK  [0m] Started Apply Kernel Variables.
         Starting Flush Journal to Persistent Storage...
[[0;32m  OK  [0m] Started Load/Save Random Seed.
[[0;32m  OK  [0m] Started Create Static Device Nodes in /dev.
[   10.885464] systemd-journald[99]: Received request to flush runtime journal from PID 1
[[0;32m  OK  [0m] Reached target Local File Systems (Pre).
[[0;32m  OK  [0m] Reached target Local File Systems.
         Starting Raise network interfaces...
         Starting udev Kernel Device Manager...
[[0;32m  OK  [0m] Started Flush Journal to Persistent Storage.
         Starting Create Volatile Files and Directories...
[[0;32m  OK  [0m] Started udev Kernel Device Manager.
[[0;32m  OK  [0m] Started Create Volatile Files and Directories.
         Starting Network Time Synchronization...
         Starting Update UTMP about System Boot/Shutdown...
[[0;32m  OK  [0m] Started Update UTMP about System Boot/Shutdown.
[[0;32m  OK  [0m] Started Network Time Synchronization.
[[0;32m  OK  [0m] Reached target System Time Synchronized.
[[0;32m  OK  [0m] Started udev Coldplug all Devices.
[[0;32m  OK  [0m] Reached target System Initialization.
[[0;32m  OK  [0m] Listening on Avahi mDNS/DNS-SD Stack Activation Socket.
[[0;32m  OK  [0m] Started Daily apt download activities.
[[0;32m  OK  [0m] Started Daily apt upgrade and clean activities.
[[0;32m  OK  [0m] Started Daily Cleanup of Temporary Directories.
[[0;32m  OK  [0m] Reached target Timers.
[[0;32m  OK  [0m] Listening on D-Bus System Message Bus Socket.
[[0;32m  OK  [0m] Reached target Sockets.
[[0;32m  OK  [0m] Reached target Basic System.
[   14.795199] remoteproc remoteproc0: wkup_m3 is available
         Starting Generic Board Startup...
         Starting Avahi mDNS/DNS-SD Stack...
[   15.023449] at24 2-0054: supply vcc not found, using dummy regulator
[   15.053374] wkup_m3_ipc 44e11324.wkup_m3_ipc: IPC Request for A8->M3 Channel failed! -517
         Starting System Logging Service...
[   15.210681] at24 2-0055: supply vcc not found, using dummy regulator
         Starting LSB: Start busybox udhcpd at boot time...
[   15.378916] at24 2-0056: supply vcc not found, using dummy regulator
         Starting Telephony service...
[   15.501778] at24 2-0057: supply vcc not found, using dummy regulator
[   15.594624] at24 0-0050: 32768 byte 24c256 EEPROM, writable, 1 bytes/write
[   15.610700] wkup_m3_ipc 44e11324.wkup_m3_ipc: IPC Request for A8->M3 Channel failed! -517
[   15.769774] tps6521x_pwrbutton tps65217-pwrbutton: DMA mask not set
[   15.850832] input: tps65217_pwrbutton as /devices/platform/ocp/44c00000.interconnect/44c00000.interconnect:segment@200000/44e0b000.target-module/44e0b000.i2c/i2c-0/0-0024/tps65217-pwrbutton/input/input0
[   15.870410] wkup_m3_ipc 44e11324.wkup_m3_ipc: IPC Request for A8->M3 Channel failed! -517
[[0;32m  OK  [0m] Started Regular background program processing daemon.
[   15.936332] omap_rtc 44e3e000.rtc: registered as rtc0
[   15.941710] omap_rtc 44e3e000.rtc: setting system clock to 2000-01-01T00:00:00 UTC (946684800)
         Starting Cape Manager Service...
[   16.042367] wkup_m3_ipc 44e11324.wkup_m3_ipc: IPC Request for A8->M3 Channel failed! -517
         Starting LSB: Load kernel modules needed to enable cpufreq scaling...
