Labgrid Console Logfile for main
Logfile started at 2024-09-27 10:44:27.006312
=== Log starts here ===

U-Boot SPL 2019.04-00002-g31a8ae0206 (May 13 2020 - 09:26:17 -0500)
Trying to boot from MMC2
Loading Environment from EXT4... 
** Unable to use mmc 0:1 for loading the env **


U-Boot 2019.04-00002-g31a8ae0206 (May 13 2020 - 09:26:17 -0500), Build: jenkins-github_Bootloader-Builder-139

CPU  : AM335X-GP rev 2.1
I2C:   ready
DRAM:  512 MiB
No match for driver 'omap_hsmmc'
No match for driver 'omap_hsmmc'
Some drivers were not found
Reset Source: Power-on reset has occurred.
RTC 32KCLK Source: External.
MMC:   OMAP SD/MMC: 0, OMAP SD/MMC: 1
Loading Environment from EXT4... 
** Unable to use mmc 0:1 for loading the env **
Board: BeagleBone Black
<ethaddr> not set. Validating first E-fuse MAC
BeagleBone Black:
BeagleBone: cape eeprom: i2c_probe: 0x54:
BeagleBone: cape eeprom: i2c_probe: 0x55:
BeagleBone: cape eeprom: i2c_probe: 0x56:
BeagleBone: cape eeprom: i2c_probe: 0x57:
Net:   eth0: MII MODE
cpsw, usb_ether
Press SPACE to abort autoboot in 0 seconds
board_name=[A335BNLT] ...
board_rev=[00C0] ...
switch to partitions #0, OK
mmc0 is current device
SD/MMC found on device 0
switch to partitions #0, OK
mmc0 is current device
Scanning mmc 0:1...
gpio: pin 56 (gpio 56) value is 0
gpio: pin 55 (gpio 55) value is 0
gpio: pin 54 (gpio 54) value is 0
gpio: pin 53 (gpio 53) value is 1
switch to partitions #0, OK
mmc0 is current device
gpio: pin 54 (gpio 54) value is 1
Checking for: /uEnv.txt ...
569 bytes read in 3 ms (184.6 KiB/s)
gpio: pin 55 (gpio 55) value is 1
Loaded environment from /uEnv.txt
Importing environment from mmc ...
Checking if uenvcmd is set ...
gpio: pin 56 (gpio 56) value is 1
Running uenvcmd ...
cpsw Waiting for PHY auto negotiation to complete.... done
link up on port 0, speed 100, full duplex
Using cpsw device
TFTP from server 192.168.255.126; our IP address is 192.168.255.2
Filename 'zImage'.
Load address: 0x81000000
Loading: *#################################################################
	 #################################################################
	 #################################################################
	 #################################################################
	 #################################################################
	 ##############################################
	 3 MiB/s
done
Bytes transferred = 5443688 (531068 hex)
link up on port 0, speed 100, full duplex
Using cpsw device
TFTP from server 192.168.255.126; our IP address is 192.168.255.2
Filename 'am335x-boneblack.dtb'.
Load address: 0x82000000
Loading: *#######
	 2.7 MiB/s
done
Bytes transferred = 97996 (17ecc hex)
## Flattened Device Tree blob at 82000000
   Booting using the fdt blob at 0x82000000
   Loading Device Tree to 8ffe5000, end 8ffffecb ... OK

Starting kernel ...

[    0.000000] Booting Linux on physical CPU 0x0
[    0.000000] Linux version 6.11.0-g1c5903bb178f (user01@drvtest01) (arm-linux-gnueabihf-gcc (Linaro GCC 6.4-2017.11) 6.4.1 20171012, GNU ld (Linaro_Binutils-2017.11) 2.27.0.20161229) #3 SMP Fri Sep 27 09:31:50 EEST 2024
[    0.000000] CPU: ARMv7 Processor [413fc082] revision 2 (ARMv7), cr=10c5387d
[    0.000000] CPU: PIPT / VIPT nonaliasing data cache, VIPT aliasing instruction cache
[    0.000000] OF: fdt: Machine model: TI AM335x BeagleBone Black
[    0.000000] Memory policy: Data cache writeback
[    0.000000] cma: Reserved 16 MiB at 0x9e800000 on node -1
[    0.000000] Zone ranges:
[    0.000000]   Normal   [mem 0x0000000080000000-0x000000009fdfffff]
[    0.000000]   HighMem  empty
[    0.000000] Movable zone start for each node
[    0.000000] Early memory node ranges
[    0.000000]   node   0: [mem 0x0000000080000000-0x000000009fdfffff]
[    0.000000] Initmem setup node 0 [mem 0x0000000080000000-0x000000009fdfffff]
[    0.000000] CPU: All CPU(s) started in SVC mode.
[    0.000000] AM335X ES2.1 (sgx neon)
[    0.000000] percpu: Embedded 17 pages/cpu s39628 r8192 d21812 u69632
[    0.000000] Kernel command line: console=ttyO0,115200n8 root=/dev/nfs rw nfsroot=192.168.255.126:/home/user01/nfs,nfsvers=3 ip=192.168.255.2:192.168.255.126::255.255.255.0:bbb1:eth0 nfsrootdebug
[    0.000000] Unknown kernel command line parameters "nfsrootdebug", will be passed to user space.
[    0.000000] Dentry cache hash table entries: 65536 (order: 6, 262144 bytes, linear)
[    0.000000] Inode-cache hash table entries: 32768 (order: 5, 131072 bytes, linear)
[    0.000000] Built 1 zonelists, mobility grouping on.  Total pages: 130560
[    0.000000] mem auto-init: stack:off, heap alloc:off, heap free:off
[    0.000000] SLUB: HWalign=64, Order=0-3, MinObjects=0, CPUs=1, Nodes=1
[    0.000000] trace event string verifier disabled
[    0.000000] rcu: Hierarchical RCU implementation.
[    0.000000] rcu: 	RCU event tracing is enabled.
[    0.000000] rcu: 	RCU restricting CPUs from NR_CPUS=2 to nr_cpu_ids=1.
[    0.000000] rcu: RCU calculated value of scheduler-enlistment delay is 10 jiffies.
[    0.000000] rcu: Adjusting geometry for rcu_fanout_leaf=16, nr_cpu_ids=1
[    0.000000] NR_IRQS: 16, nr_irqs: 16, preallocated irqs: 16
[    0.000000] IRQ: Found an INTC at 0x(ptrval) (revision 5.0) with 128 interrupts
[    0.000000] rcu: srcu_init: Setting srcu_struct sizes based on contention.
[    0.000000] TI gptimer clocksource: always-on /ocp/interconnect@44c00000/segment@200000/target-module@31000
[    0.000002] sched_clock: 32 bits at 24MHz, resolution 41ns, wraps every 89478484971ns
[    0.000028] clocksource: dmtimer: mask: 0xffffffff max_cycles: 0xffffffff, max_idle_ns: 79635851949 ns
[    0.000510] TI gptimer clockevent: 24000000 Hz at /ocp/interconnect@48000000/segment@0/target-module@40000
[    0.002145] Console: colour dummy device 80x30
[    0.002213] WARNING: Your 'console=ttyO0' has been replaced by 'ttyS0'
[    0.002223] This ensures that you still see kernel messages. Please
[    0.002229] update your kernel commandline.
[    0.002275] Calibrating delay loop... 996.14 BogoMIPS (lpj=4980736)
[    0.090566] CPU: Testing write buffer coherency: ok
[    0.090670] CPU0: Spectre v2: using BPIALL workaround
[    0.090683] pid_max: default: 32768 minimum: 301
[    0.090809] LSM: initializing lsm=capability
[    0.090983] Mount-cache hash table entries: 1024 (order: 0, 4096 bytes, linear)
[    0.091006] Mountpoint-cache hash table entries: 1024 (order: 0, 4096 bytes, linear)
[    0.092546] CPU0: thread -1, cpu 0, socket -1, mpidr 0
[    0.094240] Setting up static identity map for 0x80100000 - 0x80100078
[    0.094546] rcu: Hierarchical SRCU implementation.
[    0.094558] rcu: 	Max phase no-delay instances is 1000.
[    0.096230] smp: Bringing up secondary CPUs ...
[    0.096291] smp: Brought up 1 node, 1 CPU
[    0.096307] SMP: Total of 1 processors activated (996.14 BogoMIPS).
[    0.096321] CPU: All CPU(s) started in SVC mode.
[    0.096515] Memory: 480876K/522240K available (11264K kernel code, 1197K rwdata, 2856K rodata, 1024K init, 297K bss, 23344K reserved, 16384K cma-reserved, 0K highmem)
[    0.097305] devtmpfs: initialized
[    0.113685] VFP support v0.3: implementor 41 architecture 3 part 30 variant c rev 3
[    0.114044] clocksource: jiffies: mask: 0xffffffff max_cycles: 0xffffffff, max_idle_ns: 19112604462750000 ns
[    0.114081] futex hash table entries: 256 (order: 2, 16384 bytes, linear)
[    0.115341] pinctrl core: initialized pinctrl subsystem
[    0.118083] NET: Registered PF_NETLINK/PF_ROUTE protocol family
[    0.121078] DMA: preallocated 256 KiB pool for atomic coherent allocations
[    0.122043] audit: initializing netlink subsys (disabled)
[    0.123418] thermal_sys: Registered thermal governor 'fair_share'
[    0.123439] thermal_sys: Registered thermal governor 'step_wise'
[    0.123451] thermal_sys: Registered thermal governor 'user_space'
[    0.123570] audit: type=2000 audit(0.120:1): state=initialized audit_enabled=0 res=1
[    0.123643] cpuidle: using governor menu
[    0.142813] No ATAGs?
[    0.142846] hw-breakpoint: debug architecture 0x4 unsupported.
[    0.145739] kprobes: kprobe jump-optimization is enabled. All kprobes are optimized if possible.
[    0.164028] iommu: Default domain type: Translated
[    0.164056] iommu: DMA domain TLB invalidation policy: strict mode
[    0.171389] SCSI subsystem initialized
[    0.181403] pps_core: LinuxPPS API ver. 1 registered
[    0.181417] pps_core: Software ver. 5.3.6 - Copyright 2005-2007 Rodolfo Giometti <giometti@linux.it>
[    0.181443] PTP clock support registered
[    0.183373] vgaarb: loaded
[    0.183762] clocksource: Switched to clocksource dmtimer
[    0.184354] VFS: Disk quotas dquot_6.6.0
[    0.184398] VFS: Dquot-cache hash table entries: 1024 (order 0, 4096 bytes)
[    0.209816] NET: Registered PF_INET protocol family
[    0.210172] IP idents hash table entries: 8192 (order: 4, 65536 bytes, linear)
[    0.211571] tcp_listen_portaddr_hash hash table entries: 512 (order: 0, 4096 bytes, linear)
[    0.211612] Table-perturb hash table entries: 65536 (order: 6, 262144 bytes, linear)
[    0.211632] TCP established hash table entries: 4096 (order: 2, 16384 bytes, linear)
[    0.211676] TCP bind hash table entries: 4096 (order: 4, 65536 bytes, linear)
[    0.211777] TCP: Hash tables configured (established 4096 bind 4096)
[    0.211902] UDP hash table entries: 256 (order: 1, 8192 bytes, linear)
[    0.211933] UDP-Lite hash table entries: 256 (order: 1, 8192 bytes, linear)
[    0.212105] NET: Registered PF_UNIX/PF_LOCAL protocol family
[    0.224710] RPC: Registered named UNIX socket transport module.
[    0.224736] RPC: Registered udp transport module.
[    0.224743] RPC: Registered tcp transport module.
[    0.224750] RPC: Registered tcp-with-tls transport module.
[    0.224757] RPC: Registered tcp NFSv4.1 backchannel transport module.
[    0.224783] PCI: CLS 0 bytes, default 64
[    0.226221] Initialise system trusted keyrings
[    0.227302] workingset: timestamp_bits=14 max_order=17 bucket_order=3
[    0.228571] NFS: Registering the id_resolver key type
[    0.228655] Key type id_resolver registered
[    0.228666] Key type id_legacy registered
[    0.228715] jffs2: version 2.2. (NAND) (SUMMARY)  Â© 2001-2006 Red Hat, Inc.
[    0.229174] Key type asymmetric registered
[    0.229193] Asymmetric key parser 'x509' registered
[    0.229259] io scheduler mq-deadline registered
[    0.229273] io scheduler kyber registered
[    0.229343] io scheduler bfq registered
[    0.244233] Serial: 8250/16550 driver, 6 ports, IRQ sharing enabled
[    0.307232] brd: module loaded
[    0.318403] loop: module loaded
[    0.319332] mtdoops: mtd device (mtddev=name/number) must be supplied
[    0.336678] i2c_dev: i2c /dev entries driver
[    0.337651] cpuidle: enable-method property 'ti,am3352' found operations
[    0.338100] sdhci: Secure Digital Host Controller Interface driver
[    0.338111] sdhci: Copyright(c) Pierre Ossman
[    0.338287] sdhci-pltfm: SDHCI platform and OF driver helper
[    0.338599] ledtrig-cpu: registered to indicate activity on CPUs
[    0.339535] Initializing XFRM netlink socket
[    0.339659] NET: Registered PF_INET6 protocol family
[    0.341500] Segment Routing with IPv6
[    0.341596] In-situ OAM (IOAM) with IPv6
[    0.341690] sit: IPv6, IPv4 and MPLS over IPv4 tunneling driver
[    0.342624] NET: Registered PF_PACKET protocol family
[    0.342665] NET: Registered PF_KEY protocol family
[    0.342786] Key type dns_resolver registered
[    0.343050] ThumbEE CPU extension supported.
[    0.343073] Registering SWP/SWPB emulation handler
[    0.343598] omap_voltage_late_init: Voltage driver support not added
[     0.344163] SmartReflex Class3 initialized
[    0.364719] Loadi ng compiled-in X.509 certificates
[    0.431638] platform 44e10800.pinmux: Fixed dependency cycle(s) with /ocp/interconnect@44c00000/segment@200000/target-module@10000/scm@0/pinmux@800/clkout2-19988@70
[    0.583426] sdhci-omap 481d8000.mmc: supply pbias not found, using dummy regulator
[    0.584582] sdhci-omap 481d8000.mmc: supply vqmmc not found, using dummy regulator
[    0.656307] davinci_mdio 4a101000.mdio: davinci mdio revision 1.6, bus freq 1000000
[    0.772049] davinci_mdio 4a101000.mdio: phy[0]: device 4a101000.mdio:00, driver SMSC LAN8710/LAN8720
[    0.772690] cpsw-switch 4a100000.switch: initialized cpsw ale version 1.4
[    0.772717] cpsw-switch 4a100000.switch: ALE Table size 1024
[    0.773030] cpsw-switch 4a100000.switch: cpts: overflow check period 500 (jiffies)
[    0.773055] cpsw-switch 4a100000.switch: CPTS: ref_clk_freq:250000000 calc_mult:2147483648 calc_shift:29 error:0 nsec/sec
[    0.773162] cpsw-switch 4a100000.switch: Detected MACID = 18:2c:65:25:41:ce
[    0.775130] cpsw-switch 4a100000.switch: initialized (regs 0x4a100000, pool size 256) hw_ver:0019010C 1.12 (0)
[    0.786007] debugfs: Directory '49000000.dma' with parent 'dmaengine' already present!
[    0.786056] edma 49000000.dma: TI EDMA DMA engine driver
[    0.827024] target-module@4b000000:target-module@140000:pmu@0:fck: device ID is greater than 24
[    0.860043] hw perfevents: enabled with armv7_cortex_a8 PMU driver, 5 counters available
[    0.867709] l3-aon-clkctrl:0000:0: failed to disable
[    0.871067] 44e09000.serial: ttyS0 at MMIO 0x44e09000 (irq = 34, base_baud = 3000000) is a 8250
[    0.871154] printk: legacy console [ttyS0] enabled
[    2.125689] tps65217-pmic: Failed to locate of_node [id: -1]
[    2.131770] tps65217-bl: Failed to locate of_node [id: -1]
[    2.161076] tps65217 0-0024: TPS65217 ID 0xe version 1.2
[    2.167283] platform 4830e000.lcdc: Fixed dependency cycle(s) with /ocp/interconnect@44c00000/segment@200000/target-module@b000/i2c@0/tda19988@70
[    2.180713] i2c 0-0070: Fixed dependency cycle(s) with /ocp/interconnect@48000000/segment@300000/target-module@e000/lcdc@0
[    2.192118] omap_i2c 44e0b000.i2c: bus 0 rev0.11 at 400 kHz
[    2.200305] omap_gpio 44e07000.gpio: Could not set line 6 debounce to 200000 microseconds (-22)
[    2.209218] sdhci-omap 48060000.mmc: Got CD GPIO
[    2.214277] sdhci-omap 48060000.mmc: supply pbias not found, using dummy regulator
[    2.225258] sdhci-omap 48060000.mmc: supply vqmmc not found, using dummy regulator
[    2.233922] sdhci-omap 481d8000.mmc: supply pbias not found, using dummy regulator
[    2.241954] sdhci-omap 481d8000.mmc: supply vqmmc not found, using dummy regulator
[    2.280327] mmc1: SDHCI controller on 481d8000.mmc [481d8000.mmc] using External DMA
[    2.289512] mmc0: SDHCI controller on 48060000.mmc [48060000.mmc] using External DMA
[    2.298311] cpsw-switch 4a100000.switch: starting ndev. mode: dual_mac
 [    2.343174] mmc0: new high speed SDHC card at address 59b4 
[    2.350288] mmcblk0: mmc0:59b4 USD   14.9 GiB
[    2.3579 58]  mmcblk0: p1 p2
[    2.365224] mmc1: new high speed MMC c ard at address 0001
[    2.371902] mmcblk1: mmc1:0001 MK2704  3.53 GiB
[    5.524507] cpsw-switch 4a100000.switch eth0: Link is Up - 100Mbps/Full - flow control off
[    5.564000] IP-Config: Complete:
[    5.567275]      device=eth0, hwaddr=18:2c:65:25:41:ce, ipaddr=192.168.255.2, mask=255.255.255.0, gw=255.255.255.255
[    5.577936]      host=bbb1, domain=, nis-domain=(none)
[    5.583105]      bootserver=192.168.255.126, rootserver=192.168.255.126, rootpath=
[    5.583531] clk: Disabling unused clocks
[    5.595370] PM: genpd: Disabling unused power domains
[    5.600489] KTAP version 1
[    5.603210] 1..0
[    5.627375] VFS: Mounted root (nfs filesystem) on device 0:17.
[    5.634299] devtmpfs: mounted
[    5.638943] Freeing unused kernel image (initmem) memory: 1024K
[    5.645764] Run /sbin/init as init process
[    6.329761] systemd[1]: System time before build time, advancing clock.
[    7.783782] random: crng init done
[    7.846285] systemd[1]: systemd 232 running in system mode. (+PAM +AUDIT +SELINUX +IMA +APPARMOR +SMACK +SYSVINIT +UTMP +LIBCRYPTSETUP +GCRYPT +GNUTLS +ACL +XZ +LZ4 +SECCOMP +BLKID +ELFUTILS +KMOD +IDN)
[    7.865292] systemd[1]: Detected architecture arm.

Welcome to [1mDebian GNU/Linux 9 (stretch)[0m!

[    7.906803] systemd[1]: Set hostname to <arm>.
[    8.991292] systemd[1]: Created slice System Slice.
[[0;32m  OK  [0m] Created slice System Slice.
[    9.024651] systemd[1]: Listening on udev Kernel Socket.
[[0;32m  OK  [0m] Listening on udev Kernel Socket.
[    9.065632] systemd[1]: Listening on /dev/initctl Compatibility Named Pipe.
[[0;32m  OK  [0m] Listening on /dev/initctl Compatibility Named Pipe.
[    9.137832] systemd[1]: Mounting POSIX Message Queue File System...
         Mounting POSIX Message Queue File System...
[    9.181397] systemd[1]: Listening on Journal Socket (/dev/log).
[[0;32m  OK  [0m] Listening on Journal Socket (/dev/log).
[    9.201771] systemd[1]: Created slice system-serial\x2dgetty.slice.
[[0;32m  OK  [0m] Created slice system-serial\x2dgetty.slice.
[    9.239378] systemd[1]: Started Dispatch Password Requests to Console Directory Watch.
[[0;32m  OK  [0m] Started Dispatch Password Requests to Console Directory Watch.
[[0;32m  OK  [0m] Reached target Swap.
         Mounting Debug File System...
[[0;32m  OK  [0m] Listening on udev Control Socket.
[[0;32m  OK  [0m] Reached target Remote File Systems.
[[0;32m  OK  [0m] Set up automount Arbitrary Executabâ€¦rmats File System Automount Point.
[[0;32m  OK  [0m] Started Forward Password Requests to Wall Directory Watch.
[[0;32m  OK  [0m] Reached target Paths.
[[0;32m  OK  [0m] Created slice system-getty.slice.
[[0;32m  OK  [0m] Created slice User and Session Slice.
[[0;32m  OK  [0m] Reached target Slices.
[[0;32m  OK  [0m] Listening on Journal Audit Socket.
[[0;32m  OK  [0m] Listening on Journal Socket.
         Starting Create list of required stâ€¦ce nodes for the current kernel...
         Starting Load Kernel Modules...
         Starting Remount Root and Kernel File Systems...
[[0;32m  OK  [0m] Listening on Syslog Socket.
         Starting Journal Service...
[[0;32m  OK  [0m] Reached target Encrypted Volumes.
[[0;32m  OK  [0m] Mounted POSIX Message Queue File System.
[[0;32m  OK  [0m] Mounted Debug File System.
[[0;32m  OK  [0m] Started Create list of required staâ€¦vice nodes for the current kernel.
[[0;32m  OK  [0m] Started Load Kernel Modules.
[[0;32m  OK  [0m] Started Remount Root and Kernel File Systems.
         Starting Load/Save Random Seed...
         Starting udev Coldplug all Devices...
         Mounting Configuration File System...
         Starting Apply Kernel Variables...
         Starting Create Static Device Nodes in /dev...
[[0;32m  OK  [0m] Mounted Configuration File System.
[[0;32m  OK  [0m] Started Load/Save Random Seed.
[[0;32m  OK  [0m] Started Apply Kernel Variables.
[[0;32m  OK  [0m] Started Journal Service.
         Starting Flush Journal to Persistent Storage...
[[0;32m  OK  [0m] Started Create Static Device Nodes in /dev.
         Starting udev Kernel Device Manager...
[[0;32m  OK  [0m] Reached target Local File Systems (Pre).
[[0;32m  OK  [0m] Reached target Local File Systems.
         Starting Raise network interfaces...
[   11.377343] systemd-journald[86]: Received request to flush runtime journal from PID 1
[[0;32m  OK  [0m] Started Flush Journal to Persistent Storage.
         Starting Create Volatile Files and Directories...
[[0;32m  OK  [0m] Started udev Kernel Device Manager.
[[0;32m  OK  [0m] Started Create Volatile Files and Directories.
         Starting Network Time Synchronization...
         Starting Update UTMP about System Boot/Shutdown...
[[0;32m  OK  [0m] Started Update UTMP about System Boot/Shutdown.
[[0;32m  OK  [0m] Started udev Coldplug all Devices.
[   14.440301] remoteproc remoteproc0: wkup_m3 is available
[   14.735693] wkup_m3_ipc 44e11324.wkup_m3_ipc: IPC Request for A8->M3 Channel failed! -517
[   14.794790] am335x-phy-driver 47401300.usb-phy: dummy supplies not allowed for exclusive requests (id=vbus)
[   14.922633] at24 2-0054: supply vcc not found, using dummy regulator
[   14.997210] am335x-phy-driver 47401b00.usb-phy: dummy supplies not allowed for exclusive requests (id=vbus)
[   15.009092] wkup_m3_ipc 44e11324.wkup_m3_ipc: IPC Request for A8->M3 Channel failed! -517
[   15.081132] at24 2-0055: supply vcc not found, using dummy regulator
[[0;32m  OK  [0m] Found device /dev/ttyS0.
[   15.184237] at24 2-0056: supply vcc not found, using dummy regulator
[[0;32m  OK  [0m] Started Network Time Synchronization.
[[0;32m  OK  [0m] Reached target System Time Synchronized.
[[0;32m  OK  [0m] Reached target System Initialization.
[   15.252512] wkup_m3_ipc 44e11324.wkup_m3_ipc: IPC Request for A8->M3 Channel failed! -517
[   15.273287] at24 2-0057: supply vcc not found, using dummy regulator
[[0;32m  OK  [0m] Listening on Avahi mDNS/DNS-SD Stack Activation Socket.
[   15.391114] tps6521x_pwrbutton tps65217-pwrbutton: DMA mask not set
[   15.457044] input: tps65217_pwrbutton as /devices/platform/ocp/44c00000.interconnect/44c00000.interconnect:segment@200000/44e0b000.target-module/44e0b000.i2c/i2c-0/0-0024/tps65217-pwrbutton/input/input0
[   15.483429] wkup_m3_ipc 44e11324.wkup_m3_ipc: IPC Request for A8->M3 Channel failed! -517
[   15.497110] at24 0-0050: 32768 byte 24c256 EEPROM, writable, 1 bytes/write
[   15.516015] omap_rtc 44e3e000.rtc: registered as rtc0
[   15.521194] omap_rtc 44e3e000.rtc: setting system clock to 2000-01-01T00:00:00 UTC (946684800)
[[0;32m  OK  [0m] Started Daily apt download activities.
[   15.585572] wkup_m3_ipc 44e11324.wkup_m3_ipc: IPC Request for A8->M3 Channel failed! -517
[[0;32m  OK  [0m] Started Daily apt upgrade and clean activities.
[[0;32m  OK  [0m] Started Daily Cleanup of Temporary Directories.
[[0;32m  OK  [0m] Reached target Timers.
[   15.787180] omap_wdt: OMAP Watchdog Timer Rev 0x01: initial timeout 60 sec
[   15.814654] wkup_m3_ipc 44e11324.wkup_m3_ipc: IPC Request for A8->M3 Channel failed! -517
[[0;32m  OK  [0m] Listening on D-Bus System Message Bus Socket.
[[0;32m  OK  [0m] Reached target Sockets.
[[0;32m  OK  [0m] Reached target Basic System.
         Starting LSB: Load kernel modules needed to enable cpufreq scaling...
         Starting Telephony service...
         Starting LSB: Start busybox udhcpd at boot time...[   16.311099] usbcore: registered new interface driver usbfs

[   16.317061] usbcore: registered new interface driver hub
[   16.322515] usbcore: registered new device driver usb
         Starting Generic Board Startup...
[[0;32m  OK  [0m] Started D-Bus System Message Bus.
[   16.910160] tda998x 0-0070: found TDA19988
[   16.987857] wkup_m3_ipc 44e11324.wkup_m3_ipc: IPC Request for A8->M3 Channel failed! -517
[   17.044811] omap-mailbox 480c8000.mailbox: omap mailbox rev 0x400
[   17.160726] remoteproc remoteproc0: powering up wkup_m3
[   17.177991] musb-hdrc musb-hdrc.1: MUSB HDRC host driver
[   17.183418] musb-hdrc musb-hdrc.1: new USB bus registered, assigned bus number 1
[   17.345480] usb usb1: New USB device found, idVendor=1d6b, idProduct=0002, bcdDevice= 6.11
[   17.353931] usb usb1: New USB device strings: Mfr=3, Product=2, SerialNumber=1
[   17.361197] usb usb1: Product: MUSB HDRC host driver
[   17.366253] usb usb1: Manufacturer: Linux 6.11.0-g1c5903bb178f musb-hcd
[   17.372903] usb usb1: SerialNumber: musb-hdrc.1
[   17.395965] remoteproc remoteproc0: Direct firmware load for am335x-pm-firmware.elf failed with error -2
[   17.405823] remoteproc remoteproc0: request_firmware failed: -2
[   17.411970] wkup_m3_ipc 44e11324.wkup_m3_ipc: rproc_boot failed
[   17.565745] hub 1-0:1.0: USB hub found
[   17.618963] hub 1-0:1.0: 1 port detected
[   19.465343] tilcdc 4830e000.lcdc: bound 0-0070 (ops tda998x_driver_exit [tda998x])
[   19.484116] omap_rng 48310000.rng: Random Number Generator ver. 20
[   19.599546] [drm] Initialized tilcdc 1.0.0 for 4830e000.lcdc on minor 0
[   19.702785] tilcdc 4830e000.lcdc: [drm] Cannot find any crtc or sizes
[   19.721618] tilcdc 4830e000.lcdc: [drm] Cannot find any crtc or sizes
[[0;32m  OK  [0m] Started Telephony service.
         Starting Avahi mDNS/DNS-SD Stack...
         Starting System Logging Service...
[[0;32m  OK  [0m] Started Regular background program processing daemon.
         Starting Cape Manager Service...
         Starting Connection service...
         Starting DUN service...
[   21.039066] omap-sham 53100000.sham: hw accel on OMAP rev 4.3
         Starting Login Service...
[   21.136150] PM: Cannot get wkup_m3_ipc handle
[   21.168918] omap-sham 53100000.sham: will run requests pump with realtime priority
[   21.177855] PM: Cannot get wkup_m3_ipc handle
[   21.468990] omap-aes 53500000.aes: OMAP AES hw accel rev: 3.2
[   21.629650] omap-aes 53500000.aes: will run requests pump with realtime priority
[   21.643246] PM: Cannot get wkup_m3_ipc handle
[   21.988417] Bluetooth: Core ver 2.22
[   21.992230] NET: Registered PF_BLUETOOTH protocol family
[   21.997792] Bluetooth: HCI device and connection manager initialized
[   22.004275] Bluetooth: HCI socket layer initialized
[   22.009190] Bluetooth: L2CAP socket layer initialized
[   22.014355] Bluetooth: SCO socket layer initialized
[[0;32m  OK  [0m] Started System Logging Service.
[[0;32m  OK  [0m] Started Cape Manager Service.
[   25.392292] PM: Cannot get wkup_m3_ipc handle
[   25.504025] PM: Cannot get wkup_m3_ipc handle
[[0;32m  OK  [0m] Started LSB: Start busybox udhcpd at boot time.
[[0;32m  OK  [0m] Started Raise network interfaces.
[[0;32m  OK  [0m] Started LSB: Load kernel modules needed to enable cpufreq scaling.
[   28.161225] configfs-gadget.g_multi gadget.0: HOST MAC 1c:ba:8c:a2:ed:6c
[   28.168214] configfs-gadget.g_multi gadget.0: MAC 1c:ba:8c:a2:ed:70
[   28.175576] configfs-gadget.g_multi gadget.0: HOST MAC 1c:ba:8c:a2:ed:6c
[   28.182339] configfs-gadget.g_multi gadget.0: MAC 1c:ba:8c:a2:ed:6d
[   28.204374] PM: Cannot get wkup_m3_ipc handle
[[0;32m  OK  [0m] Started DUN service.
[[0;32m  OK  [0m] Started Avahi mDNS/DNS-SD Stack.
[[0;32m  OK  [0m] Started Connection service.
[[0;32m  OK  [0m] Started Login Service.
[[0;32m  OK  [0m] Reached target Sound Card.
         Starting LSB: set CPUFreq kernel parameters...
[[0;32m  OK  [0m] Reached target Network.
         Starting OpenBSD Secure Shell server...
         Starting Permit User Sessions...
[[0;32m  OK  [0m] Reached target Network is Online.
         Starting LSB: Advanced IEEE 802.11 management daemon...
         Starting The Apache HTTP Server...
[[0;32m  OK  [0m] Started LSB: Advanced IEEE 802.11 management daemon.
[[0;32m  OK  [0m] Started Permit User Sessions.
         Starting Hostname Service...
         Starting WPA supplicant...
[[0;32m  OK  [0m] Started Serial Getty on ttyS0.
[[0;32m  OK  [0m] Started Getty on tty1.
[[0;32m  OK  [0m] Reached target Login Prompts.
[[0;32m  OK  [0m] Started LSB: set CPUFreq kernel parameters.
[[0;32m  OK  [0m] Started WPA supplicant.
[[0;32m  OK  [0m] Started Hostname Service.
[[0;32m  OK  [0m] Started OpenBSD Secure Shell server.
         Stopping LSB: Start busybox udhcpd at boot time...
[[0;32m  OK  [0m] Stopped LSB: Start busybox udhcpd at boot time.
[[0;32m  OK  [0m] Started The Apache HTTP Server.
         Starting dnsmasq - A lightweight DHCP and caching DNS server...
[[0;32m  OK  [0m] Started dnsmasq - A lightweight DHCP and caching DNS server.
[[0;32m  OK  [0m] Reached target Host and Network Name Lookups.
[[0;32m  OK  [0m] Started Serial Getty on ttyGS0.
[[0;32m  OK  [0m] Started Generic Board Startup.
[[0;32m  OK  [0m] Reached target Multi-User System.
[[0;32m  OK  [0m] Reached target Graphical Interface.
         Starting Update UTMP about System Runlevel Changes...
[[0;32m  OK  [0m] Started Update UTMP about System Runlevel Changes.

Debian GNU/Linux 9 arm ttyS0

default username:password is [debian:temppwd]

arm login: root
Password: 
Last login: Sat Jan  1 00:00:34 UTC 2000 on ttyS0
root
Linux arm 6.11.0-g1c5903bb178f #3 SMP Fri Sep 27 09:31:50 EEST 2024 armv7l

The programs included with the Debian GNU/Linux system are free software;
the exact distribution terms for each program are described in the
individual files in /usr/share/doc/*/copyright.

Debian GNU/Linux comes with ABSOLUTELY NO WARRANTY, to the extent
permitted by applicable law.
root@arm:~# root
-bash: root: command not found
root@arm:~# dmesg -n 1
root@arm:~# echo 'YOFO''MLCVSO'
YOFOMLCVSO
root@arm:~# run() { echo -n "$MARKER"; sh -c "$@"; echo "$MARKER $?"; }
root@arm:~# echo 'YQYX''KKMMFF'
YQYXKKMMFF
root@arm:~# MARKER='KOGZ''NYQFMA' run 'cat /proc/version'
KOGZNYQFMALinux version 6.11.0-g1c5903bb178f (user01@drvtest01) (arm-linux-gnueabihf-gcc (Linaro GCC 6.4-2017.11) 6.4.1 20171012, GNU ld (Linaro_Binutils-2017.11) 2.27.0.20161229) #3 SMP Fri Sep 27 09:31:50 EEST 2024
KOGZNYQFMA 0
root@arm:~# echo 'OBQM''YSXPGG'
OBQMYSXPGG
root@arm:~# MARKER='TQGY''OMAOYA' run false
TQGYOMAOYATQGYOMAOYA 1
root@arm:~# Labgrid Console Logfile for main
Logfile started at 2024-09-27 10:45:29.271428
=== Log starts here ===

root@arm:~# run() { echo -n "$MARKER"; sh -c "$@"; echo "$MARKER $?"; }
root@arm:~# echo 'LNQM''LXFCGN'
LNQMLXFCGN
root@arm:~# MARKER='BJPS''XQWJVG' run dmesg
BJPSXQWJVG[    0.000000] Booting Linux on physical CPU 0x0
[    0.000000] Linux version 6.11.0-g1c5903bb178f (user01@drvtest01) (arm-linux-gnueabihf-gcc (Linaro GCC 6.4-2017.11) 6.4.1 20171012, GNU ld (Linaro_Binutils-2017.11) 2.27.0.20161229) #3 SMP Fri Sep 27 09:31:50 EEST 2024
[    0.000000] CPU: ARMv7 Processor [413fc082] revision 2 (ARMv7), cr=10c5387d
[    0.000000] CPU: PIPT / VIPT nonaliasing data cache, VIPT aliasing instruction cache
[    0.000000] OF: fdt: Machine model: TI AM335x BeagleBone Black
[    0.000000] Memory policy: Data cache writeback
[    0.000000] cma: Reserved 16 MiB at 0x9e800000 on node -1
[    0.000000] Zone ranges:
[    0.000000]   Normal   [mem 0x0000000080000000-0x000000009fdfffff]
[    0.000000]   HighMem  empty
[    0.000000] Movable zone start for each node
[    0.000000] Early memory node ranges
[    0.000000]   node   0: [mem 0x0000000080000000-0x000000009fdfffff]
[    0.000000] Initmem setup node 0 [mem 0x0000000080000000-0x000000009fdfffff]
[    0.000000] CPU: All CPU(s) started in SVC mode.
[    0.000000] AM335X ES2.1 (sgx neon)
[    0.000000] percpu: Embedded 17 pages/cpu s39628 r8192 d21812 u69632
[    0.000000] pcpu-alloc: s39628 r8192 d21812 u69632 alloc=17*4096
[    0.000000] pcpu-alloc: [0] 0 
[    0.000000] Kernel command line: console=ttyO0,115200n8 root=/dev/nfs rw nfsroot=192.168.255.126:/home/user01/nfs,nfsvers=3 ip=192.168.255.2:192.168.255.126::255.255.255.0:bbb1:eth0 nfsrootdebug
[    0.000000] Unknown kernel command line parameters "nfsrootdebug", will be passed to user space.
[    0.000000] Dentry cache hash table entries: 65536 (order: 6, 262144 bytes, linear)
[    0.000000] Inode-cache hash table entries: 32768 (order: 5, 131072 bytes, linear)
[    0.000000] Built 1 zonelists, mobility grouping on.  Total pages: 130560
[    0.000000] mem auto-init: stack:off, heap alloc:off, heap free:off
[    0.000000] SLUB: HWalign=64, Order=0-3, MinObjects=0, CPUs=1, Nodes=1
[    0.000000] trace event string verifier disabled
[    0.000000] rcu: Hierarchical RCU implementation.
[    0.000000] rcu: 	RCU event tracing is enabled.
[    0.000000] rcu: 	RCU restricting CPUs from NR_CPUS=2 to nr_cpu_ids=1.
[    0.000000] rcu: RCU calculated value of scheduler-enlistment delay is 10 jiffies.
[    0.000000] rcu: Adjusting geometry for rcu_fanout_leaf=16, nr_cpu_ids=1
[    0.000000] NR_IRQS: 16, nr_irqs: 16, preallocated irqs: 16
[    0.000000] IRQ: Found an INTC at 0x(ptrval) (revision 5.0) with 128 interrupts
[    0.000000] rcu: srcu_init: Setting srcu_struct sizes based on contention.
[    0.000000] TI gptimer clocksource: always-on /ocp/interconnect@44c00000/segment@200000/target-module@31000
[    0.000002] sched_clock: 32 bits at 24MHz, resolution 41ns, wraps every 89478484971ns
[    0.000028] clocksource: dmtimer: mask: 0xffffffff max_cycles: 0xffffffff, max_idle_ns: 79635851949 ns
[    0.000510] TI gptimer clockevent: 24000000 Hz at /ocp/interconnect@48000000/segment@0/target-module@40000
[    0.002145] Console: colour dummy device 80x30
[    0.002213] WARNING: Your 'console=ttyO0' has been replaced by 'ttyS0'
[    0.002223] This ensures that you still see kernel messages. Please
[    0.002229] update your kernel commandline.
[    0.002275] Calibrating delay loop... 996.14 BogoMIPS (lpj=4980736)
[    0.090566] CPU: Testing write buffer coherency: ok
[    0.090670] CPU0: Spectre v2: using BPIALL workaround
[    0.090683] pid_max: default: 32768 minimum: 301
[    0.090809] LSM: initializing lsm=capability
[    0.090983] Mount-cache hash table entries: 1024 (order: 0, 4096 bytes, linear)
[    0.091006] Mountpoint-cache hash table entries: 1024 (order: 0, 4096 bytes, linear)
[    0.092546] CPU0: thread -1, cpu 0, socket -1, mpidr 0
[    0.094240] Setting up static identity map for 0x80100000 - 0x80100078
[    0.094546] rcu: Hierarchical SRCU implementation.
[    0.094558] rcu: 	Max phase no-delay instances is 1000.
[    0.096230] smp: Bringing up secondary CPUs ...
[    0.096291] smp: Brought up 1 node, 1 CPU
[    0.096307] SMP: Total of 1 processors activated (996.14 BogoMIPS).
[    0.096321] CPU: All CPU(s) started in SVC mode.
[    0.096515] Memory: 480876K/522240K available (11264K kernel code, 1197K rwdata, 2856K rodata, 1024K init, 297K bss, 23344K reserved, 16384K cma-reserved, 0K highmem)
[    0.097305] devtmpfs: initialized
[    0.113685] VFP support v0.3: implementor 41 architecture 3 part 30 variant c rev 3
[    0.114044] clocksource: jiffies: mask: 0xffffffff max_cycles: 0xffffffff, max_idle_ns: 19112604462750000 ns
[    0.114081] futex hash table entries: 256 (order: 2, 16384 bytes, linear)
[    0.115341] pinctrl core: initialized pinctrl subsystem
[    0.118083] NET: Registered PF_NETLINK/PF_ROUTE protocol family
[    0.121078] DMA: preallocated 256 KiB pool for atomic coherent allocations
[    0.122043] audit: initializing netlink subsys (disabled)
[    0.123418] thermal_sys: Registered thermal governor 'fair_share'
[    0.123439] thermal_sys: Registered thermal governor 'step_wise'
[    0.123451] thermal_sys: Registered thermal governor 'user_space'
[    0.123570] audit: type=2000 audit(0.120:1): state=initialized audit_enabled=0 res=1
[    0.123643] cpuidle: using governor menu
[    0.142813] No ATAGs?
[    0.142846] hw-breakpoint: debug architecture 0x4 unsupported.
[    0.145739] kprobes: kprobe jump-optimization is enabled. All kprobes are optimized if possible.
[    0.164028] iommu: Default domain type: Translated
[    0.164056] iommu: DMA domain TLB invalidation policy: strict mode
[    0.165645] reg-fixed-voltage fixedregulator0: using DT '/fixedregulator0' for '(default)' GPIO lookup
[    0.165705] of_get_named_gpiod_flags: can't parse 'gpios' property of node '/fixedregulator0[0]'
[    0.165736] of_get_named_gpiod_flags: can't parse 'gpio' property of node '/fixedregulator0[0]'
[    0.165756] reg-fixed-voltage fixedregulator0: using lookup tables for GPIO lookup
[    0.165769] reg-fixed-voltage fixedregulator0: No GPIO consumer (default) found
[    0.171389] SCSI subsystem initialized
[    0.181025] libata version 3.00 loaded.
[    0.181403] pps_core: LinuxPPS API ver. 1 registered
[    0.181417] pps_core: Software ver. 5.3.6 - Copyright 2005-2007 Rodolfo Giometti <giometti@linux.it>
[    0.181443] PTP clock support registered
[    0.183373] vgaarb: loaded
[    0.183762] clocksource: Switched to clocksource dmtimer
[    0.184354] VFS: Disk quotas dquot_6.6.0
[    0.184398] VFS: Dquot-cache hash table entries: 1024 (order 0, 4096 bytes)
[    0.209816] NET: Registered PF_INET protocol family
[    0.210172] IP idents hash table entries: 8192 (order: 4, 65536 bytes, linear)
[    0.211571] tcp_listen_portaddr_hash hash table entries: 512 (order: 0, 4096 bytes, linear)
[    0.211612] Table-perturb hash table entries: 65536 (order: 6, 262144 bytes, linear)
[    0.211632] TCP established hash table entries: 4096 (order: 2, 16384 bytes, linear)
[    0.211676] TCP bind hash table entries: 4096 (order: 4, 65536 bytes, linear)
[    0.211777] TCP: Hash tables configured (established 4096 bind 4096)
[    0.211902] UDP hash table entries: 256 (order: 1, 8192 bytes, linear)
[    0.211933] UDP-Lite hash table entries: 256 (order: 1, 8192 bytes, linear)
[    0.212105] NET: Registered PF_UNIX/PF_LOCAL protocol family
[    0.224710] RPC: Registered named UNIX socket transport module.
[    0.224736] RPC: Registered udp transport module.
[    0.224743] RPC: Registered tcp transport module.
[    0.224750] RPC: Registered tcp-with-tls transport module.
[    0.224757] RPC: Registered tcp NFSv4.1 backchannel transport module.
[    0.224783] PCI: CLS 0 bytes, default 64
[    0.226221] Initialise system trusted keyrings
[    0.227302] workingset: timestamp_bits=14 max_order=17 bucket_order=3
[    0.228571] NFS: Registering the id_resolver key type
[    0.228655] Key type id_resolver registered
[    0.228666] Key type id_legacy registered
[    0.228715] jffs2: version 2.2. (NAND) (SUMMARY)  Â© 2001-2006 Red Hat, Inc.
[    0.229174] Key type asymmetric registered
[    0.229193] Asymmetric key parser 'x509' registered
[    0.229259] io scheduler mq-deadline registered
[    0.229273] io scheduler kyber registered
[    0.229343] io scheduler bfq registered
[    0.244233] Serial: 8250/16550 driver, 6 ports, IRQ sharing enabled
[    0.307232] brd: module loaded
[    0.318403] loop: module loaded
[    0.319332] mtdoops: mtd device (mtddev=name/number) must be supplied
[    0.335248] mdio_bus fixed-0: using lookup tables for GPIO lookup
[    0.335280] mdio_bus fixed-0: No GPIO consumer reset found
[    0.336678] i2c_dev: i2c /dev entries driver
[    0.337651] cpuidle: enable-method property 'ti,am3352' found operations
[    0.338100] sdhci: Secure Digital Host Controller Interface driver
[    0.338111] sdhci: Copyright(c) Pierre Ossman
[    0.338287] sdhci-pltfm: SDHCI platform and OF driver helper
[    0.338599] ledtrig-cpu: registered to indicate activity on CPUs
[    0.339535] Initializing XFRM netlink socket
[    0.339659] NET: Registered PF_INET6 protocol family
[    0.341500] Segment Routing with IPv6
[    0.341596] In-situ OAM (IOAM) with IPv6
[    0.341690] sit: IPv6, IPv4 and MPLS over IPv4 tunneling driver
[    0.342624] NET: Registered PF_PACKET protocol family
[    0.342665] NET: Registered PF_KEY protocol family
[    0.342786] Key type dns_resolver registered
[    0.343050] ThumbEE CPU extension supported.
[    0.343073] Registering SWP/SWPB emulation handler
[    0.343598] omap_voltage_late_init: Voltage driver support not added
[    0.344163] SmartReflex Class3 initialized
[    0.364719] Loading compiled-in X.509 certificates
[    0.423297] gpiochip_find_base_unlocked: found new base at 512
[    0.431638] platform 44e10800.pinmux: Fixed dependency cycle(s) with /ocp/interconnect@44c00000/segment@200000/target-module@10000/scm@0/pinmux@800/clkout2-pins
[    0.432207] pinctrl-single 44e10800.pinmux: 142 pins, size 568
[    0.437518] ti-sysc 44e31000.target-module: probe with driver ti-sysc failed with error -16
[    0.474163] ti-sysc 48040000.target-module: probe with driver ti-sysc failed with error -16
[    0.485005] gpiochip_find_base_unlocked: found new base at 512
[    0.485121] gpio gpiochip0: (gpio-0-31): created GPIO range 0->7 ==> 44e10800.pinmux PIN 0->7
[    0.485142] gpio gpiochip0: (gpio-0-31): created GPIO range 8->11 ==> 44e10800.pinmux PIN 90->93
[    0.485160] gpio gpiochip0: (gpio-0-31): created GPIO range 12->27 ==> 44e10800.pinmux PIN 12->27
[    0.485178] gpio gpiochip0: (gpio-0-31): created GPIO range 28->31 ==> 44e10800.pinmux PIN 30->33
[    0.514254] gpio gpiochip0: (gpio-0-31): added GPIO chardev (254:0)
[    0.514440] gpio gpiochip0: registered GPIOs 512 to 543 on gpio-0-31
[    0.514530] OMAP GPIO hardware version 0.1
[    0.537491] i2c i2c-2: using DT '/ocp/interconnect@48000000/segment@100000/target-module@9c000/i2c@0' for 'scl' GPIO lookup
[    0.537594] of_get_named_gpiod_flags: can't parse 'scl-gpios' property of node '/ocp/interconnect@48000000/segment@100000/target-module@9c000/i2c@0[0]'
[    0.537641] of_get_named_gpiod_flags: can't parse 'scl-gpio' property of node '/ocp/interconnect@48000000/segment@100000/target-module@9c000/i2c@0[0]'
[    0.537681] i2c i2c-2: using lookup tables for GPIO lookup
[    0.537694] i2c i2c-2: No GPIO consumer scl found
[    0.537717] i2c i2c-2: using DT '/ocp/interconnect@48000000/segment@100000/target-module@9c000/i2c@0' for 'sda' GPIO lookup
[    0.537755] of_get_named_gpiod_flags: can't parse 'sda-gpios' property of node '/ocp/interconnect@48000000/segment@100000/target-module@9c000/i2c@0[0]'
[    0.537795] of_get_named_gpiod_flags: can't parse 'sda-gpio' property of node '/ocp/interconnect@48000000/segment@100000/target-module@9c000/i2c@0[0]'
[    0.537829] i2c i2c-2: using lookup tables for GPIO lookup
[    0.537838] i2c i2c-2: No GPIO consumer sda found
[    0.538537] omap_i2c 4819c000.i2c: bus 2 rev0.11 at 100 kHz
[    0.544002] gpiochip_find_base_unlocked: found new base at 544
[    0.544122] gpio gpiochip1: (gpio-32-63): created GPIO range 0->17 ==> 44e10800.pinmux PIN 34->51
[    0.544145] gpio gpiochip1: (gpio-32-63): created GPIO range 18->21 ==> 44e10800.pinmux PIN 77->80
[    0.544163] gpio gpiochip1: (gpio-32-63): created GPIO range 22->31 ==> 44e10800.pinmux PIN 56->65
[    0.558646] gpio gpiochip1: (gpio-32-63): added GPIO chardev (254:1)
[    0.558804] gpio gpiochip1: registered GPIOs 544 to 575 on gpio-32-63
[    0.560987] gpiochip_find_base_unlocked: found new base at 576
[    0.561102] gpio gpiochip2: (gpio-64-95): created GPIO range 0->4 ==> 44e10800.pinmux PIN 66->70
[    0.561124] gpio gpiochip2: (gpio-64-95): created GPIO range 5->6 ==> 44e10800.pinmux PIN 98->99
[    0.561141] gpio gpiochip2: (gpio-64-95): created GPIO range 7->8 ==> 44e10800.pinmux PIN 75->76
[    0.561158] gpio gpiochip2: (gpio-64-95): created GPIO range 13->13 ==> 44e10800.pinmux PIN 141->141
[    0.561176] gpio gpiochip2: (gpio-64-95): created GPIO range 14->21 ==> 44e10800.pinmux PIN 100->107
[    0.561765] gpio gpiochip2: (gpio-64-95): added GPIO chardev (254:2)
[    0.561914] gpio gpiochip2: registered GPIOs 576 to 607 on gpio-64-95
[    0.567611] 48000000.interconnect:segment@200000:target-module@0:mpu@0:fck: device ID is greater than 24
[    0.571665] platform 4830e000.lcdc: Fixed dependency cycle(s) with /ocp/interconnect@44c00000/segment@200000/target-module@b000/i2c@0/tda19988@70
[    0.580969] mdio_bus 4a101000.mdio: using DT '/ocp/interconnect@4a000000/segment@0/target-module@100000/switch@0/mdio@1000' for 'reset' GPIO lookup
[    0.581051] of_get_named_gpiod_flags: can't parse 'reset-gpios' property of node '/ocp/interconnect@4a000000/segment@0/target-module@100000/switch@0/mdio@1000[0]'
[    0.581103] of_get_named_gpiod_flags: can't parse 'reset-gpio' property of node '/ocp/interconnect@4a000000/segment@0/target-module@100000/switch@0/mdio@1000[0]'
[    0.581153] mdio_bus 4a101000.mdio: using lookup tables for GPIO lookup
[    0.581165] mdio_bus 4a101000.mdio: No GPIO consumer reset found
[    0.583051] sdhci-omap 481d8000.mmc: using DT '/ocp/interconnect@48000000/segment@100000/target-module@d8000/mmc@0' for 'wp' GPIO lookup
[    0.583125] of_get_named_gpiod_flags: can't parse 'wp-gpios' property of node '/ocp/interconnect@48000000/segment@100000/target-module@d8000/mmc@0[0]'
[    0.583172] of_get_named_gpiod_flags: can't parse 'wp-gpio' property of node '/ocp/interconnect@48000000/segment@100000/target-module@d8000/mmc@0[0]'
[    0.583211] sdhci-omap 481d8000.mmc: using lookup tables for GPIO lookup
[    0.583223] sdhci-omap 481d8000.mmc: No GPIO consumer wp found
[    0.583426] sdhci-omap 481d8000.mmc: supply pbias not found, using dummy regulator
[    0.584582] sdhci-omap 481d8000.mmc: supply vqmmc not found, using dummy regulator
[    0.656307] davinci_mdio 4a101000.mdio: davinci mdio revision 1.6, bus freq 1000000
[    0.676880] mdio_bus 4a101000.mdio:00: using DT '/ocp/interconnect@4a000000/segment@0/target-module@100000/switch@0/mdio@1000/ethernet-phy@0' for 'reset' GPIO lookup
[    0.676989] of_get_named_gpiod_flags: parsed 'reset-gpios' property of node '/ocp/interconnect@4a000000/segment@0/target-module@100000/switch@0/mdio@1000/ethernet-phy@0[0]' - status (0)
[    0.677159] gpio gpiochip0: Persistence not supported for GPIO 8
[    0.772049] davinci_mdio 4a101000.mdio: phy[0]: device 4a101000.mdio:00, driver SMSC LAN8710/LAN8720
[    0.772690] cpsw-switch 4a100000.switch: initialized cpsw ale version 1.4
[    0.772717] cpsw-switch 4a100000.switch: ALE Table size 1024
[    0.773030] cpsw-switch 4a100000.switch: cpts: overflow check period 500 (jiffies)
[    0.773055] cpsw-switch 4a100000.switch: CPTS: ref_clk_freq:250000000 calc_mult:2147483648 calc_shift:29 error:0 nsec/sec
[    0.773162] cpsw-switch 4a100000.switch: Detected MACID = 18:2c:65:25:41:ce
[    0.775130] cpsw-switch 4a100000.switch: initialized (regs 0x4a100000, pool size 256) hw_ver:0019010C 1.12 (0)
[    0.786007] debugfs: Directory '49000000.dma' with parent 'dmaengine' already present!
[    0.786056] edma 49000000.dma: TI EDMA DMA engine driver
[    0.827024] target-module@4b000000:target-module@140000:pmu@0:fck: device ID is greater than 24
[    0.860043] hw perfevents: enabled with armv7_cortex_a8 PMU driver, 5 counters available
[    0.860944] gpio-clk clk_mcasp0: using DT '/clk_mcasp0' for 'enable' GPIO lookup
[    0.861018] of_get_named_gpiod_flags: parsed 'enable-gpios' property of node '/clk_mcasp0[0]' - status (0)
[    0.861063] gpio gpiochip0: Persistence not supported for GPIO 27
[    0.861870] gpiochip_find_base_unlocked: found new base at 608
[    0.861991] gpio gpiochip3: (gpio-96-127): created GPIO range 0->7 ==> 44e10800.pinmux PIN 82->89
[    0.862016] gpio gpiochip3: (gpio-96-127): created GPIO range 8->11 ==> 44e10800.pinmux PIN 52->55
[    0.862035] gpio gpiochip3: (gpio-96-127): created GPIO range 12->15 ==> 44e10800.pinmux PIN 94->97
[    0.862052] gpio gpiochip3: (gpio-96-127): created GPIO range 16->17 ==> 44e10800.pinmux PIN 71->72
[    0.862069] gpio gpiochip3: (gpio-96-127): created GPIO range 18->18 ==> 44e10800.pinmux PIN 135->135
[    0.862087] gpio gpiochip3: (gpio-96-127): created GPIO range 19->20 ==> 44e10800.pinmux PIN 108->109
[    0.862106] gpio gpiochip3: (gpio-96-127): created GPIO range 21->21 ==> 44e10800.pinmux PIN 73->73
[    0.862124] gpio gpiochip3: (gpio-96-127): created GPIO range 22->23 ==> 44e10800.pinmux PIN 8->9
[    0.862143] gpio gpiochip3: (gpio-96-127): created GPIO range 26->27 ==> 44e10800.pinmux PIN 10->11
[    0.862162] gpio gpiochip3: (gpio-96-127): created GPIO range 28->28 ==> 44e10800.pinmux PIN 74->74
[    0.862182] gpio gpiochip3: (gpio-96-127): created GPIO range 29->29 ==> 44e10800.pinmux PIN 81->81
[    0.862202] gpio gpiochip3: (gpio-96-127): created GPIO range 30->31 ==> 44e10800.pinmux PIN 28->29
[    0.867709] l3-aon-clkctrl:0000:0: failed to disable
[    0.868094] gpio gpiochip3: (gpio-96-127): added GPIO chardev (254:3)
[    0.868236] gpio gpiochip3: registered GPIOs 608 to 639 on gpio-96-127
[    0.870376] omap8250 44e09000.serial: using DT '/ocp/interconnect@44c00000/segment@200000/target-module@9000/serial@0' for 'rs485-term' GPIO lookup
[    0.870458] of_get_named_gpiod_flags: can't parse 'rs485-term-gpios' property of node '/ocp/interconnect@44c00000/segment@200000/target-module@9000/serial@0[0]'
[    0.870507] of_get_named_gpiod_flags: can't parse 'rs485-term-gpio' property of node '/ocp/interconnect@44c00000/segment@200000/target-module@9000/serial@0[0]'
[    0.870547] omap8250 44e09000.serial: using lookup tables for GPIO lookup
[    0.870559] omap8250 44e09000.serial: No GPIO consumer rs485-term found
[    0.870571] omap8250 44e09000.serial: using DT '/ocp/interconnect@44c00000/segment@200000/target-module@9000/serial@0' for 'rs485-rx-during-tx' GPIO lookup
[    0.870611] of_get_named_gpiod_flags: can't parse 'rs485-rx-during-tx-gpios' property of node '/ocp/interconnect@44c00000/segment@200000/target-module@9000/serial@0[0]'
[    0.870653] of_get_named_gpiod_flags: can't parse 'rs485-rx-during-tx-gpio' property of node '/ocp/interconnect@44c00000/segment@200000/target-module@9000/serial@0[0]'
[    0.870688] omap8250 44e09000.serial: using lookup tables for GPIO lookup
[    0.870697] omap8250 44e09000.serial: No GPIO consumer rs485-rx-during-tx found
[    0.871067] 44e09000.serial: ttyS0 at MMIO 0x44e09000 (irq = 34, base_baud = 3000000) is a 8250
[    0.871154] printk: legacy console [ttyS0] enabled
[    2.086728] i2c i2c-0: using DT '/ocp/interconnect@44c00000/segment@200000/target-module@b000/i2c@0' for 'scl' GPIO lookup
[    2.086822] of_get_named_gpiod_flags: can't parse 'scl-gpios' property of node '/ocp/interconnect@44c00000/segment@200000/target-module@b000/i2c@0[0]'
[    2.086873] of_get_named_gpiod_flags: can't parse 'scl-gpio' property of node '/ocp/interconnect@44c00000/segment@200000/target-module@b000/i2c@0[0]'
[    2.086914] i2c i2c-0: using lookup tables for GPIO lookup
[    2.086928] i2c i2c-0: No GPIO consumer scl found
[    2.086954] i2c i2c-0: using DT '/ocp/interconnect@44c00000/segment@200000/target-module@b000/i2c@0' for 'sda' GPIO lookup
[    2.086996] of_get_named_gpiod_flags: can't parse 'sda-gpios' property of node '/ocp/interconnect@44c00000/segment@200000/target-module@b000/i2c@0[0]'
[    2.087040] of_get_named_gpiod_flags: can't parse 'sda-gpio' property of node '/ocp/interconnect@44c00000/segment@200000/target-module@b000/i2c@0[0]'
[    2.087077] i2c i2c-0: using lookup tables for GPIO lookup
[    2.087088] i2c i2c-0: No GPIO consumer sda found
[    2.125689] tps65217-pmic: Failed to locate of_node [id: -1]
[    2.131770] tps65217-bl: Failed to locate of_node [id: -1]
[    2.161076] tps65217 0-0024: TPS65217 ID 0xe version 1.2
[    2.167283] platform 4830e000.lcdc: Fixed dependency cycle(s) with /ocp/interconnect@44c00000/segment@200000/target-module@b000/i2c@0/tda19988@70
[    2.180713] i2c 0-0070: Fixed dependency cycle(s) with /ocp/interconnect@48000000/segment@300000/target-module@e000/lcdc@0
[    2.192118] omap_i2c 44e0b000.i2c: bus 0 rev0.11 at 400 kHz
[    2.200101] sdhci-omap 48060000.mmc: using DT '/ocp/interconnect@48000000/segment@0/target-module@60000/mmc@0' for 'cd' GPIO lookup
[    2.200212] of_get_named_gpiod_flags: parsed 'cd-gpios' property of node '/ocp/interconnect@48000000/segment@0/target-module@60000/mmc@0[0]' - status (0)
[    2.200282] gpio gpiochip3: Persistence not supported for GPIO 6
[    2.200305] omap_gpio 44e07000.gpio: Could not set line 6 debounce to 200000 microseconds (-22)
[    2.209218] sdhci-omap 48060000.mmc: Got CD GPIO
[    2.213914] sdhci-omap 48060000.mmc: using DT '/ocp/interconnect@48000000/segment@0/target-module@60000/mmc@0' for 'wp' GPIO lookup
[    2.213967] of_get_named_gpiod_flags: can't parse 'wp-gpios' property of node '/ocp/interconnect@48000000/segment@0/target-module@60000/mmc@0[0]'
[    2.214012] of_get_named_gpiod_flags: can't parse 'wp-gpio' property of node '/ocp/interconnect@48000000/segment@0/target-module@60000/mmc@0[0]'
[    2.214053] sdhci-omap 48060000.mmc: using lookup tables for GPIO lookup
[    2.214067] sdhci-omap 48060000.mmc: No GPIO consumer wp found
[    2.214277] sdhci-omap 48060000.mmc: supply pbias not found, using dummy regulator
[    2.223986] sdhci-omap 481d8000.mmc: using DT '/ocp/interconnect@48000000/segment@100000/target-module@d8000/mmc@0' for 'wp' GPIO lookup
[    2.224070] of_get_named_gpiod_flags: can't parse 'wp-gpios' property of node '/ocp/interconnect@48000000/segment@100000/target-module@d8000/mmc@0[0]'
[    2.224120] of_get_named_gpiod_flags: can't parse 'wp-gpio' property of node '/ocp/interconnect@48000000/segment@100000/target-module@d8000/mmc@0[0]'
[    2.224162] sdhci-omap 481d8000.mmc: using lookup tables for GPIO lookup
[    2.224177] sdhci-omap 481d8000.mmc: No GPIO consumer wp found
[    2.225258] sdhci-omap 48060000.mmc: supply vqmmc not found, using dummy regulator
[    2.233922] sdhci-omap 481d8000.mmc: supply pbias not found, using dummy regulator
[    2.241954] sdhci-omap 481d8000.mmc: supply vqmmc not found, using dummy regulator
[    2.280327] mmc1: SDHCI controller on 481d8000.mmc [481d8000.mmc] using External DMA
[    2.289512] mmc0: SDHCI controller on 48060000.mmc [48060000.mmc] using External DMA
[    2.298311] cpsw-switch 4a100000.switch: starting ndev. mode: dual_mac
[    2.343174] mmc0: new high speed SDHC card at address 59b4
[    2.350288] mmcblk0: mmc0:59b4 USD   14.9 GiB
[    2.357958]  mmcblk0: p1 p2
[    2.365224] mmc1: new high speed MMC card at address 0001
[    2.371902] mmcblk1: mmc1:0001 MK2704 3.53 GiB
[    2.379497]  mmcblk1: p1
[    2.383180] mmcblk1boot0: mmc1:0001 MK2704 2.00 MiB
[    2.390487] mmcblk1boot1: mmc1:0001 MK2704 2.00 MiB
[    2.397779] mmcblk1rpmb: mmc1:0001 MK2704 512 KiB, chardev (250:0)
[    2.404319] SMSC LAN8710/LAN8720 4a101000.mdio:00: attached PHY driver (mii_bus:phy_addr=4a101000.mdio:00, irq=POLL)
[    5.524507] cpsw-switch 4a100000.switch eth0: Link is Up - 100Mbps/Full - flow control off
[    5.564000] IP-Config: Complete:
[    5.567275]      device=eth0, hwaddr=18:2c:65:25:41:ce, ipaddr=192.168.255.2, mask=255.255.255.0, gw=255.255.255.255
[    5.577936]      host=bbb1, domain=, nis-domain=(none)
[    5.583105]      bootserver=192.168.255.126, rootserver=192.168.255.126, rootpath=
[    5.583531] clk: Disabling unused clocks
[    5.595370] PM: genpd: Disabling unused power domains
[    5.600489] KTAP version 1
[    5.603210] 1..0
[    5.627375] VFS: Mounted root (nfs filesystem) on device 0:17.
[    5.634299] devtmpfs: mounted
[    5.638943] Freeing unused kernel image (initmem) memory: 1024K
[    5.645764] Run /sbin/init as init process
[    5.649895]   with arguments:
[    5.649907]     /sbin/init
[    5.649916]     nfsrootdebug
[    5.649925]   with environment:
[    5.649934]     HOME=/
[    5.649943]     TERM=linux
[    6.329761] systemd[1]: System time before build time, advancing clock.
[    7.783782] random: crng init done
[    7.846285] systemd[1]: systemd 232 running in system mode. (+PAM +AUDIT +SELINUX +IMA +APPARMOR +SMACK +SYSVINIT +UTMP +LIBCRYPTSETUP +GCRYPT +GNUTLS +ACL +XZ +LZ4 +SECCOMP +BLKID +ELFUTILS +KMOD +IDN)
[    7.865292] systemd[1]: Detected architecture arm.
[    7.906803] systemd[1]: Set hostname to <arm>.
[    8.991292] systemd[1]: Created slice System Slice.
[    9.024651] systemd[1]: Listening on udev Kernel Socket.
[    9.065632] systemd[1]: Listening on /dev/initctl Compatibility Named Pipe.
[    9.137832] systemd[1]: Mounting POSIX Message Queue File System...
[    9.181397] systemd[1]: Listening on Journal Socket (/dev/log).
[    9.201771] systemd[1]: Created slice system-serial\x2dgetty.slice.
[    9.239378] systemd[1]: Started Dispatch Password Requests to Console Directory Watch.
[   11.377343] systemd-journald[86]: Received request to flush runtime journal from PID 1
[   13.960785] leds-gpio leds: using DT '/leds/led2' for '(default)' GPIO lookup
[   13.960887] of_get_named_gpiod_flags: parsed 'gpios' property of node '/leds/led2[0]' - status (0)
[   13.960946] gpio gpiochip0: Persistence not supported for GPIO 21
[   13.960962] gpio-533 (?): no flags found for GPIO (default)
[   14.024231] leds-gpio leds: using DT '/leds/led3' for '(default)' GPIO lookup
[   14.024346] of_get_named_gpiod_flags: parsed 'gpios' property of node '/leds/led3[0]' - status (0)
[   14.024402] gpio gpiochip0: Persistence not supported for GPIO 22
[   14.024418] gpio-534 (?): no flags found for GPIO (default)
[   14.054360] leds-gpio leds: using DT '/leds/led4' for '(default)' GPIO lookup
[   14.054464] of_get_named_gpiod_flags: parsed 'gpios' property of node '/leds/led4[0]' - status (0)
[   14.054518] gpio gpiochip0: Persistence not supported for GPIO 23
[   14.054534] gpio-535 (?): no flags found for GPIO (default)
[   14.074326] leds-gpio leds: using DT '/leds/led5' for '(default)' GPIO lookup
[   14.074426] of_get_named_gpiod_flags: parsed 'gpios' property of node '/leds/led5[0]' - status (0)
[   14.074479] gpio gpiochip0: Persistence not supported for GPIO 24
[   14.074494] gpio-536 (?): no flags found for GPIO (default)
[   14.440301] remoteproc remoteproc0: wkup_m3 is available
[   14.735693] wkup_m3_ipc 44e11324.wkup_m3_ipc: IPC Request for A8->M3 Channel failed! -517
[   14.794324] am335x-phy-driver 47401300.usb-phy: using DT '/ocp/target-module@47400000/usb-phy@1300' for 'reset' GPIO lookup
[   14.794419] of_get_named_gpiod_flags: can't parse 'reset-gpios' property of node '/ocp/target-module@47400000/usb-phy@1300[0]'
[   14.794466] of_get_named_gpiod_flags: can't parse 'reset-gpio' property of node '/ocp/target-module@47400000/usb-phy@1300[0]'
[   14.794507] am335x-phy-driver 47401300.usb-phy: using lookup tables for GPIO lookup
[   14.794522] am335x-phy-driver 47401300.usb-phy: No GPIO consumer reset found
[   14.794536] am335x-phy-driver 47401300.usb-phy: using DT '/ocp/target-module@47400000/usb-phy@1300' for 'vbus-detect' GPIO lookup
[   14.794569] of_get_named_gpiod_flags: can't parse 'vbus-detect-gpios' property of node '/ocp/target-module@47400000/usb-phy@1300[0]'
[   14.794601] of_get_named_gpiod_flags: can't parse 'vbus-detect-gpio' property of node '/ocp/target-module@47400000/usb-phy@1300[0]'
[   14.794629] am335x-phy-driver 47401300.usb-phy: using lookup tables for GPIO lookup
[   14.794641] am335x-phy-driver 47401300.usb-phy: No GPIO consumer vbus-detect found
[   14.794790] am335x-phy-driver 47401300.usb-phy: dummy supplies not allowed for exclusive requests (id=vbus)
[   14.922633] at24 2-0054: supply vcc not found, using dummy regulator
[   14.996757] am335x-phy-driver 47401b00.usb-phy: using DT '/ocp/target-module@47400000/usb-phy@1b00' for 'reset' GPIO lookup
[   14.996846] of_get_named_gpiod_flags: can't parse 'reset-gpios' property of node '/ocp/target-module@47400000/usb-phy@1b00[0]'
[   14.996891] of_get_named_gpiod_flags: can't parse 'reset-gpio' property of node '/ocp/target-module@47400000/usb-phy@1b00[0]'
[   14.996930] am335x-phy-driver 47401b00.usb-phy: using lookup tables for GPIO lookup
[   14.996945] am335x-phy-driver 47401b00.usb-phy: No GPIO consumer reset found
[   14.996959] am335x-phy-driver 47401b00.usb-phy: using DT '/ocp/target-module@47400000/usb-phy@1b00' for 'vbus-detect' GPIO lookup
[   14.996990] of_get_named_gpiod_flags: can't parse 'vbus-detect-gpios' property of node '/ocp/target-module@47400000/usb-phy@1b00[0]'
[   14.997024] of_get_named_gpiod_flags: can't parse 'vbus-detect-gpio' property of node '/ocp/target-module@47400000/usb-phy@1b00[0]'
[   14.997051] am335x-phy-driver 47401b00.usb-phy: using lookup tables for GPIO lookup
[   14.997063] am335x-phy-driver 47401b00.usb-phy: No GPIO consumer vbus-detect found
[   14.997210] am335x-phy-driver 47401b00.usb-phy: dummy supplies not allowed for exclusive requests (id=vbus)
[   15.009092] wkup_m3_ipc 44e11324.wkup_m3_ipc: IPC Request for A8->M3 Channel failed! -517
[   15.081132] at24 2-0055: supply vcc not found, using dummy regulator
[   15.184237] at24 2-0056: supply vcc not found, using dummy regulator
[   15.252512] wkup_m3_ipc 44e11324.wkup_m3_ipc: IPC Request for A8->M3 Channel failed! -517
[   15.273287] at24 2-0057: supply vcc not found, using dummy regulator
[   15.391114] tps6521x_pwrbutton tps65217-pwrbutton: DMA mask not set
[   15.457044] input: tps65217_pwrbutton as /devices/platform/ocp/44c00000.interconnect/44c00000.interconnect:segment@200000/44e0b000.target-module/44e0b000.i2c/i2c-0/0-0024/tps65217-pwrbutton/input/input0
[   15.483429] wkup_m3_ipc 44e11324.wkup_m3_ipc: IPC Request for A8->M3 Channel failed! -517
[   15.496572] at24 0-0050: using DT '/ocp/interconnect@44c00000/segment@200000/target-module@b000/i2c@0/baseboard_eeprom@50' for 'wp' GPIO lookup
[   15.496684] of_get_named_gpiod_flags: can't parse 'wp-gpios' property of node '/ocp/interconnect@44c00000/segment@200000/target-module@b000/i2c@0/baseboard_eeprom@50[0]'
[   15.496746] of_get_named_gpiod_flags: can't parse 'wp-gpio' property of node '/ocp/interconnect@44c00000/segment@200000/target-module@b000/i2c@0/baseboard_eeprom@50[0]'
[   15.496795] at24 0-0050: using lookup tables for GPIO lookup
[   15.496810] at24 0-0050: No GPIO consumer wp found
[   15.497110] at24 0-0050: 32768 byte 24c256 EEPROM, writable, 1 bytes/write
[   15.516015] omap_rtc 44e3e000.rtc: registered as rtc0
[   15.521194] omap_rtc 44e3e000.rtc: setting system clock to 2000-01-01T00:00:00 UTC (946684800)
[   15.530045] omap_rtc 44e3e000.rtc: using DT '/ocp/interconnect@44c00000/segment@200000/target-module@3e000/rtc@0' for 'wp' GPIO lookup
[   15.530120] of_get_named_gpiod_flags: can't parse 'wp-gpios' property of node '/ocp/interconnect@44c00000/segment@200000/target-module@3e000/rtc@0[0]'
[   15.530172] of_get_named_gpiod_flags: can't parse 'wp-gpio' property of node '/ocp/interconnect@44c00000/segment@200000/target-module@3e000/rtc@0[0]'
[   15.530215] omap_rtc 44e3e000.rtc: using lookup tables for GPIO lookup
[   15.530230] omap_rtc 44e3e000.rtc: No GPIO consumer wp found
[   15.585572] wkup_m3_ipc 44e11324.wkup_m3_ipc: IPC Request for A8->M3 Channel failed! -517
[   15.787180] omap_wdt: OMAP Watchdog Timer Rev 0x01: initial timeout 60 sec
[   15.814654] wkup_m3_ipc 44e11324.wkup_m3_ipc: IPC Request for A8->M3 Channel failed! -517
[   16.311099] usbcore: registered new interface driver usbfs
[   16.317061] usbcore: registered new interface driver hub
[   16.322515] usbcore: registered new device driver usb
[   16.910160] tda998x 0-0070: found TDA19988
[   16.987857] wkup_m3_ipc 44e11324.wkup_m3_ipc: IPC Request for A8->M3 Channel failed! -517
[   17.044811] omap-mailbox 480c8000.mailbox: omap mailbox rev 0x400
[   17.160726] remoteproc remoteproc0: powering up wkup_m3
[   17.177991] musb-hdrc musb-hdrc.1: MUSB HDRC host driver
[   17.183418] musb-hdrc musb-hdrc.1: new USB bus registered, assigned bus number 1
[   17.345480] usb usb1: New USB device found, idVendor=1d6b, idProduct=0002, bcdDevice= 6.11
[   17.353931] usb usb1: New USB device strings: Mfr=3, Product=2, SerialNumber=1
[   17.361197] usb usb1: Product: MUSB HDRC host driver
[   17.366253] usb usb1: Manufacturer: Linux 6.11.0-g1c5903bb178f musb-hcd
[   17.372903] usb usb1: SerialNumber: musb-hdrc.1
[   17.395965] remoteproc remoteproc0: Direct firmware load for am335x-pm-firmware.elf failed with error -2
[   17.405823] remoteproc remoteproc0: request_firmware failed: -2
[   17.411970] wkup_m3_ipc 44e11324.wkup_m3_ipc: rproc_boot failed
[   17.565745] hub 1-0:1.0: USB hub found
[   17.618963] hub 1-0:1.0: 1 port detected
[   19.465343] tilcdc 4830e000.lcdc: bound 0-0070 (ops tda998x_driver_exit [tda998x])
[   19.484116] omap_rng 48310000.rng: Random Number Generator ver. 20
[   19.599546] [drm] Initialized tilcdc 1.0.0 for 4830e000.lcdc on minor 0
[   19.702785] tilcdc 4830e000.lcdc: [drm] Cannot find any crtc or sizes
[   19.721618] tilcdc 4830e000.lcdc: [drm] Cannot find any crtc or sizes
[   21.039066] omap-sham 53100000.sham: hw accel on OMAP rev 4.3
[   21.136150] PM: Cannot get wkup_m3_ipc handle
[   21.168918] omap-sham 53100000.sham: will run requests pump with realtime priority
[   21.177855] PM: Cannot get wkup_m3_ipc handle
[   21.468990] omap-aes 53500000.aes: OMAP AES hw accel rev: 3.2
[   21.629650] omap-aes 53500000.aes: will run requests pump with realtime priority
[   21.643246] PM: Cannot get wkup_m3_ipc handle
[   21.988417] Bluetooth: Core ver 2.22
[   21.992230] NET: Registered PF_BLUETOOTH protocol family
[   21.997792] Bluetooth: HCI device and connection manager initialized
[   22.004275] Bluetooth: HCI socket layer initialized
[   22.009190] Bluetooth: L2CAP socket layer initialized
[   22.014355] Bluetooth: SCO socket layer initialized
[   25.392292] PM: Cannot get wkup_m3_ipc handle
[   25.398301] asoc-simple-card sound: using DT '/sound' for 'simple-audio-card,hp-det' GPIO lookup
[   25.398372] of_get_named_gpiod_flags: can't parse 'simple-audio-card,hp-det-gpios' property of node '/sound[0]'
[   25.398409] of_get_named_gpiod_flags: can't parse 'simple-audio-card,hp-det-gpio' property of node '/sound[0]'
[   25.398436] asoc-simple-card sound: using lookup tables for GPIO lookup
[   25.398450] asoc-simple-card sound: No GPIO consumer simple-audio-card,hp-det found
[   25.398465] asoc-simple-card sound: using DT '/sound' for 'simple-audio-card,mic-det' GPIO lookup
[   25.398490] of_get_named_gpiod_flags: can't parse 'simple-audio-card,mic-det-gpios' property of node '/sound[0]'
[   25.398517] of_get_named_gpiod_flags: can't parse 'simple-audio-card,mic-det-gpio' property of node '/sound[0]'
[   25.398537] asoc-simple-card sound: using lookup tables for GPIO lookup
[   25.398549] asoc-simple-card sound: No GPIO consumer simple-audio-card,mic-det found
[   25.504025] PM: Cannot get wkup_m3_ipc handle
[   27.876019] userial_init: registered 8 ttyGS* devices
[   28.094729] rndis_register: configNr = 0
[   28.160021] udc musb-hdrc.0: binding gadget driver [g_multi]
[   28.160114] configfs-gadget.g_multi gadget.0: adding 'rndis'/959a05a7 to config 'c'/d9264426
[   28.161225] configfs-gadget.g_multi gadget.0: HOST MAC 1c:ba:8c:a2:ed:6c
[   28.168214] configfs-gadget.g_multi gadget.0: MAC 1c:ba:8c:a2:ed:70
[   28.174631] rndis_set_param_medium: 0 0
[   28.174652] configfs-gadget.g_multi gadget.0: RNDIS: IN/ep1in OUT/ep1out NOTIFY/ep2in
[   28.174669] configfs-gadget.g_multi gadget.0: adding 'cdc_ethernet'/a4d66a6c to config 'c'/d9264426
[   28.175576] configfs-gadget.g_multi gadget.0: HOST MAC 1c:ba:8c:a2:ed:6c
[   28.182339] configfs-gadget.g_multi gadget.0: MAC 1c:ba:8c:a2:ed:6d
[   28.188803] configfs-gadget.g_multi gadget.0: CDC Ethernet: IN/ep3in OUT/ep2out NOTIFY/ep4in
[   28.188823] configfs-gadget.g_multi gadget.0: adding 'acm'/032a47e5 to config 'c'/d9264426
[   28.188861] configfs-gadget.g_multi gadget.0: acm ttyGS0: IN/ep5in OUT/ep3out NOTIFY/ep6in
[   28.204374] PM: Cannot get wkup_m3_ipc handle
[   29.392270] configfs-gadget.g_multi gadget.0: eth_open
[   30.513121] configfs-gadget.g_multi gadget.0: stop stats: rx/tx 0/0, errs 0/0
[   34.696259] gs_open: ttyGS0 (04847551,32828570)
[   34.696416] gs_close: ttyGS0 (04847551,32828570) ...
[   34.696442] gs_close: ttyGS0 (04847551,32828570) done!
[   34.696611] gs_open: ttyGS0 (d97de134,32828570)
[   34.696683] gs_close: ttyGS0 (d97de134,32828570) ...
[   34.696703] gs_close: ttyGS0 (d97de134,32828570) done!
[   34.900322] gs_open: ttyGS0 (10fadecf,e52bdd63)
[   34.900554] gs_close: ttyGS0 (10fadecf,e52bdd63) ...
[   34.900582] gs_close: ttyGS0 (10fadecf,e52bdd63) done!
[   34.901434] gs_open: ttyGS0 (10fadecf,e52bdd63)
BJPSXQWJVG 0
root@arm:~# echo 'WBBX''HKXWWW'
WBBXHKXWWW
root@arm:~# MARKER='OLAH''JGWFFM' run 'modprobe test_linear_ranges'
OLAHJGWFFMOLAHJGWFFM 0
root@arm:~# echo 'CSAB''HGFXYZ'
CSABHGFXYZ
root@arm:~# MARKER='QUAO''KFZWYV' run dmesg
QUAOKFZWYV[    0.000000] Booting Linux on physical CPU 0x0
[    0.000000] Linux version 6.11.0-g1c5903bb178f (user01@drvtest01) (arm-linux-gnueabihf-gcc (Linaro GCC 6.4-2017.11) 6.4.1 20171012, GNU ld (Linaro_Binutils-2017.11) 2.27.0.20161229) #3 SMP Fri Sep 27 09:31:50 EEST 2024
[    0.000000] CPU: ARMv7 Processor [413fc082] revision 2 (ARMv7), cr=10c5387d
[    0.000000] CPU: PIPT / VIPT nonaliasing data cache, VIPT aliasing instruction cache
[    0.000000] OF: fdt: Machine model: TI AM335x BeagleBone Black
[    0.000000] Memory policy: Data cache writeback
[    0.000000] cma: Reserved 16 MiB at 0x9e800000 on node -1
[    0.000000] Zone ranges:
[    0.000000]   Normal   [mem 0x0000000080000000-0x000000009fdfffff]
[    0.000000]   HighMem  empty
[    0.000000] Movable zone start for each node
[    0.000000] Early memory node ranges
[    0.000000]   node   0: [mem 0x0000000080000000-0x000000009fdfffff]
[    0.000000] Initmem setup node 0 [mem 0x0000000080000000-0x000000009fdfffff]
[    0.000000] CPU: All CPU(s) started in SVC mode.
[    0.000000] AM335X ES2.1 (sgx neon)
[    0.000000] percpu: Embedded 17 pages/cpu s39628 r8192 d21812 u69632
[    0.000000] pcpu-alloc: s39628 r8192 d21812 u69632 alloc=17*4096
[    0.000000] pcpu-alloc: [0] 0 
[    0.000000] Kernel command line: console=ttyO0,115200n8 root=/dev/nfs rw nfsroot=192.168.255.126:/home/user01/nfs,nfsvers=3 ip=192.168.255.2:192.168.255.126::255.255.255.0:bbb1:eth0 nfsrootdebug
[    0.000000] Unknown kernel command line parameters "nfsrootdebug", will be passed to user space.
[    0.000000] Dentry cache hash table entries: 65536 (order: 6, 262144 bytes, linear)
[    0.000000] Inode-cache hash table entries: 32768 (order: 5, 131072 bytes, linear)
[    0.000000] Built 1 zonelists, mobility grouping on.  Total pages: 130560
[    0.000000] mem auto-init: stack:off, heap alloc:off, heap free:off
[    0.000000] SLUB: HWalign=64, Order=0-3, MinObjects=0, CPUs=1, Nodes=1
[    0.000000] trace event string verifier disabled
[    0.000000] rcu: Hierarchical RCU implementation.
[    0.000000] rcu: 	RCU event tracing is enabled.
[    0.000000] rcu: 	RCU restricting CPUs from NR_CPUS=2 to nr_cpu_ids=1.
[    0.000000] rcu: RCU calculated value of scheduler-enlistment delay is 10 jiffies.
[    0.000000] rcu: Adjusting geometry for rcu_fanout_leaf=16, nr_cpu_ids=1
[    0.000000] NR_IRQS: 16, nr_irqs: 16, preallocated irqs: 16
[    0.000000] IRQ: Found an INTC at 0x(ptrval) (revision 5.0) with 128 interrupts
[    0.000000] rcu: srcu_init: Setting srcu_struct sizes based on contention.
[    0.000000] TI gptimer clocksource: always-on /ocp/interconnect@44c00000/segment@200000/target-module@31000
[    0.000002] sched_clock: 32 bits at 24MHz, resolution 41ns, wraps every 89478484971ns
[    0.000028] clocksource: dmtimer: mask: 0xffffffff max_cycles: 0xffffffff, max_idle_ns: 79635851949 ns
[    0.000510] TI gptimer clockevent: 24000000 Hz at /ocp/interconnect@48000000/segment@0/target-module@40000
[    0.002145] Console: colour dummy device 80x30
[    0.002213] WARNING: Your 'console=ttyO0' has been replaced by 'ttyS0'
[    0.002223] This ensures that you still see kernel messages. Please
[    0.002229] update your kernel commandline.
[    0.002275] Calibrating delay loop... 996.14 BogoMIPS (lpj=4980736)
[    0.090566] CPU: Testing write buffer coherency: ok
[    0.090670] CPU0: Spectre v2: using BPIALL workaround
[    0.090683] pid_max: default: 32768 minimum: 301
[    0.090809] LSM: initializing lsm=capability
[    0.090983] Mount-cache hash table entries: 1024 (order: 0, 4096 bytes, linear)
[    0.091006] Mountpoint-cache hash table entries: 1024 (order: 0, 4096 bytes, linear)
[    0.092546] CPU0: thread -1, cpu 0, socket -1, mpidr 0
[    0.094240] Setting up static identity map for 0x80100000 - 0x80100078
[    0.094546] rcu: Hierarchical SRCU implementation.
[    0.094558] rcu: 	Max phase no-delay instances is 1000.
[    0.096230] smp: Bringing up secondary CPUs ...
[    0.096291] smp: Brought up 1 node, 1 CPU
[    0.096307] SMP: Total of 1 processors activated (996.14 BogoMIPS).
[    0.096321] CPU: All CPU(s) started in SVC mode.
[    0.096515] Memory: 480876K/522240K available (11264K kernel code, 1197K rwdata, 2856K rodata, 1024K init, 297K bss, 23344K reserved, 16384K cma-reserved, 0K highmem)
[    0.097305] devtmpfs: initialized
[    0.113685] VFP support v0.3: implementor 41 architecture 3 part 30 variant c rev 3
[    0.114044] clocksource: jiffies: mask: 0xffffffff max_cycles: 0xffffffff, max_idle_ns: 19112604462750000 ns
[    0.114081] futex hash table entries: 256 (order: 2, 16384 bytes, linear)
[    0.115341] pinctrl core: initialized pinctrl subsystem
[    0.118083] NET: Registered PF_NETLINK/PF_ROUTE protocol family
[    0.121078] DMA: preallocated 256 KiB pool for atomic coherent allocations
[    0.122043] audit: initializing netlink subsys (disabled)
[    0.123418] thermal_sys: Registered thermal governor 'fair_share'
[    0.123439] thermal_sys: Registered thermal governor 'step_wise'
[    0.123451] thermal_sys: Registered thermal governor 'user_space'
[    0.123570] audit: type=2000 audit(0.120:1): state=initialized audit_enabled=0 res=1
[    0.123643] cpuidle: using governor menu
[    0.142813] No ATAGs?
[    0.142846] hw-breakpoint: debug architecture 0x4 unsupported.
[    0.145739] kprobes: kprobe jump-optimization is enabled. All kprobes are optimized if possible.
[    0.164028] iommu: Default domain type: Translated
[    0.164056] iommu: DMA domain TLB invalidation policy: strict mode
[    0.165645] reg-fixed-voltage fixedregulator0: using DT '/fixedregulator0' for '(default)' GPIO lookup
[    0.165705] of_get_named_gpiod_flags: can't parse 'gpios' property of node '/fixedregulator0[0]'
[    0.165736] of_get_named_gpiod_flags: can't parse 'gpio' property of node '/fixedregulator0[0]'
[    0.165756] reg-fixed-voltage fixedregulator0: using lookup tables for GPIO lookup
[    0.165769] reg-fixed-voltage fixedregulator0: No GPIO consumer (default) found
[    0.171389] SCSI subsystem initialized
[    0.181025] libata version 3.00 loaded.
[    0.181403] pps_core: LinuxPPS API ver. 1 registered
[    0.181417] pps_core: Software ver. 5.3.6 - Copyright 2005-2007 Rodolfo Giometti <giometti@linux.it>
[    0.181443] PTP clock support registered
[    0.183373] vgaarb: loaded
[    0.183762] clocksource: Switched to clocksource dmtimer
[    0.184354] VFS: Disk quotas dquot_6.6.0
[    0.184398] VFS: Dquot-cache hash table entries: 1024 (order 0, 4096 bytes)
[    0.209816] NET: Registered PF_INET protocol family
[    0.210172] IP idents hash table entries: 8192 (order: 4, 65536 bytes, linear)
[    0.211571] tcp_listen_portaddr_hash hash table entries: 512 (order: 0, 4096 bytes, linear)
[    0.211612] Table-perturb hash table entries: 65536 (order: 6, 262144 bytes, linear)
[    0.211632] TCP established hash table entries: 4096 (order: 2, 16384 bytes, linear)
[    0.211676] TCP bind hash table entries: 4096 (order: 4, 65536 bytes, linear)
[    0.211777] TCP: Hash tables configured (established 4096 bind 4096)
[    0.211902] UDP hash table entries: 256 (order: 1, 8192 bytes, linear)
[    0.211933] UDP-Lite hash table entries: 256 (order: 1, 8192 bytes, linear)
[    0.212105] NET: Registered PF_UNIX/PF_LOCAL protocol family
[    0.224710] RPC: Registered named UNIX socket transport module.
[    0.224736] RPC: Registered udp transport module.
[    0.224743] RPC: Registered tcp transport module.
[    0.224750] RPC: Registered tcp-with-tls transport module.
[    0.224757] RPC: Registered tcp NFSv4.1 backchannel transport module.
[    0.224783] PCI: CLS 0 bytes, default 64
[    0.226221] Initialise system trusted keyrings
[    0.227302] workingset: timestamp_bits=14 max_order=17 bucket_order=3
[    0.228571] NFS: Registering the id_resolver key type
[    0.228655] Key type id_resolver registered
[    0.228666] Key type id_legacy registered
[    0.228715] jffs2: version 2.2. (NAND) (SUMMARY)  Â© 2001-2006 Red Hat, Inc.
[    0.229174] Key type asymmetric registered
[    0.229193] Asymmetric key parser 'x509' registered
[    0.229259] io scheduler mq-deadline registered
[    0.229273] io scheduler kyber registered
[    0.229343] io scheduler bfq registered
[    0.244233] Serial: 8250/16550 driver, 6 ports, IRQ sharing enabled
[    0.307232] brd: module loaded
[    0.318403] loop: module loaded
[    0.319332] mtdoops: mtd device (mtddev=name/number) must be supplied
[    0.335248] mdio_bus fixed-0: using lookup tables for GPIO lookup
[    0.335280] mdio_bus fixed-0: No GPIO consumer reset found
[    0.336678] i2c_dev: i2c /dev entries driver
[    0.337651] cpuidle: enable-method property 'ti,am3352' found operations
[    0.338100] sdhci: Secure Digital Host Controller Interface driver
[    0.338111] sdhci: Copyright(c) Pierre Ossman
[    0.338287] sdhci-pltfm: SDHCI platform and OF driver helper
[    0.338599] ledtrig-cpu: registered to indicate activity on CPUs
[    0.339535] Initializing XFRM netlink socket
[    0.339659] NET: Registered PF_INET6 protocol family
[    0.341500] Segment Routing with IPv6
[    0.341596] In-situ OAM (IOAM) with IPv6
[    0.341690] sit: IPv6, IPv4 and MPLS over IPv4 tunneling driver
[    0.342624] NET: Registered PF_PACKET protocol family
[    0.342665] NET: Registered PF_KEY protocol family
[    0.342786] Key type dns_resolver registered
[    0.343050] ThumbEE CPU extension supported.
[    0.343073] Registering SWP/SWPB emulation handler
[    0.343598] omap_voltage_late_init: Voltage driver support not added
[    0.344163] SmartReflex Class3 initialized
[    0.364719] Loading compiled-in X.509 certificates
[    0.423297] gpiochip_find_base_unlocked: found new base at 512
[    0.431638] platform 44e10800.pinmux: Fixed dependency cycle(s) with /ocp/interconnect@44c00000/segment@200000/target-module@10000/scm@0/pinmux@800/clkout2-pins
[    0.432207] pinctrl-single 44e10800.pinmux: 142 pins, size 568
[    0.437518] ti-sysc 44e31000.target-module: probe with driver ti-sysc failed with error -16
[    0.474163] ti-sysc 48040000.target-module: probe with driver ti-sysc failed with error -16
[    0.485005] gpiochip_find_base_unlocked: found new base at 512
[    0.485121] gpio gpiochip0: (gpio-0-31): created GPIO range 0->7 ==> 44e10800.pinmux PIN 0->7
[    0.485142] gpio gpiochip0: (gpio-0-31): created GPIO range 8->11 ==> 44e10800.pinmux PIN 90->93
[    0.485160] gpio gpiochip0: (gpio-0-31): created GPIO range 12->27 ==> 44e10800.pinmux PIN 12->27
[    0.485178] gpio gpiochip0: (gpio-0-31): created GPIO range 28->31 ==> 44e10800.pinmux PIN 30->33
[    0.514254] gpio gpiochip0: (gpio-0-31): added GPIO chardev (254:0)
[    0.514440] gpio gpiochip0: registered GPIOs 512 to 543 on gpio-0-31
[    0.514530] OMAP GPIO hardware version 0.1
[    0.537491] i2c i2c-2: using DT '/ocp/interconnect@48000000/segment@100000/target-module@9c000/i2c@0' for 'scl' GPIO lookup
[    0.537594] of_get_named_gpiod_flags: can't parse 'scl-gpios' property of node '/ocp/interconnect@48000000/segment@100000/target-module@9c000/i2c@0[0]'
[    0.537641] of_get_named_gpiod_flags: can't parse 'scl-gpio' property of node '/ocp/interconnect@48000000/segment@100000/target-module@9c000/i2c@0[0]'
[    0.537681] i2c i2c-2: using lookup tables for GPIO lookup
[    0.537694] i2c i2c-2: No GPIO consumer scl found
[    0.537717] i2c i2c-2: using DT '/ocp/interconnect@48000000/segment@100000/target-module@9c000/i2c@0' for 'sda' GPIO lookup
[    0.537755] of_get_named_gpiod_flags: can't parse 'sda-gpios' property of node '/ocp/interconnect@48000000/segment@100000/target-module@9c000/i2c@0[0]'
[    0.537795] of_get_named_gpiod_flags: can't parse 'sda-gpio' property of node '/ocp/interconnect@48000000/segment@100000/target-module@9c000/i2c@0[0]'
[    0.537829] i2c i2c-2: using lookup tables for GPIO lookup
[    0.537838] i2c i2c-2: No GPIO consumer sda found
[    0.538537] omap_i2c 4819c000.i2c: bus 2 rev0.11 at 100 kHz
[    0.544002] gpiochip_find_base_unlocked: found new base at 544
[    0.544122] gpio gpiochip1: (gpio-32-63): created GPIO range 0->17 ==> 44e10800.pinmux PIN 34->51
[    0.544145] gpio gpiochip1: (gpio-32-63): created GPIO range 18->21 ==> 44e10800.pinmux PIN 77->80
[    0.544163] gpio gpiochip1: (gpio-32-63): created GPIO range 22->31 ==> 44e10800.pinmux PIN 56->65
[    0.558646] gpio gpiochip1: (gpio-32-63): added GPIO chardev (254:1)
[    0.558804] gpio gpiochip1: registered GPIOs 544 to 575 on gpio-32-63
[    0.560987] gpiochip_find_base_unlocked: found new base at 576
[    0.561102] gpio gpiochip2: (gpio-64-95): created GPIO range 0->4 ==> 44e10800.pinmux PIN 66->70
[    0.561124] gpio gpiochip2: (gpio-64-95): created GPIO range 5->6 ==> 44e10800.pinmux PIN 98->99
[    0.561141] gpio gpiochip2: (gpio-64-95): created GPIO range 7->8 ==> 44e10800.pinmux PIN 75->76
[    0.561158] gpio gpiochip2: (gpio-64-95): created GPIO range 13->13 ==> 44e10800.pinmux PIN 141->141
[    0.561176] gpio gpiochip2: (gpio-64-95): created GPIO range 14->21 ==> 44e10800.pinmux PIN 100->107
[    0.561765] gpio gpiochip2: (gpio-64-95): added GPIO chardev (254:2)
[    0.561914] gpio gpiochip2: registered GPIOs 576 to 607 on gpio-64-95
[    0.567611] 48000000.interconnect:segment@200000:target-module@0:mpu@0:fck: device ID is greater than 24
[    0.571665] platform 4830e000.lcdc: Fixed dependency cycle(s) with /ocp/interconnect@44c00000/segment@200000/target-module@b000/i2c@0/tda19988@70
[    0.580969] mdio_bus 4a101000.mdio: using DT '/ocp/interconnect@4a000000/segment@0/target-module@100000/switch@0/mdio@1000' for 'reset' GPIO lookup
[    0.581051] of_get_named_gpiod_flags: can't parse 'reset-gpios' property of node '/ocp/interconnect@4a000000/segment@0/target-module@100000/switch@0/mdio@1000[0]'
[    0.581103] of_get_named_gpiod_flags: can't parse 'reset-gpio' property of node '/ocp/interconnect@4a000000/segment@0/target-module@100000/switch@0/mdio@1000[0]'
[    0.581153] mdio_bus 4a101000.mdio: using lookup tables for GPIO lookup
[    0.581165] mdio_bus 4a101000.mdio: No GPIO consumer reset found
[    0.583051] sdhci-omap 481d8000.mmc: using DT '/ocp/interconnect@48000000/segment@100000/target-module@d8000/mmc@0' for 'wp' GPIO lookup
[    0.583125] of_get_named_gpiod_flags: can't parse 'wp-gpios' property of node '/ocp/interconnect@48000000/segment@100000/target-module@d8000/mmc@0[0]'
[    0.583172] of_get_named_gpiod_flags: can't parse 'wp-gpio' property of node '/ocp/interconnect@48000000/segment@100000/target-module@d8000/mmc@0[0]'
[    0.583211] sdhci-omap 481d8000.mmc: using lookup tables for GPIO lookup
[    0.583223] sdhci-omap 481d8000.mmc: No GPIO consumer wp found
[    0.583426] sdhci-omap 481d8000.mmc: supply pbias not found, using dummy regulator
[    0.584582] sdhci-omap 481d8000.mmc: supply vqmmc not found, using dummy regulator
[    0.656307] davinci_mdio 4a101000.mdio: davinci mdio revision 1.6, bus freq 1000000
[    0.676880] mdio_bus 4a101000.mdio:00: using DT '/ocp/interconnect@4a000000/segment@0/target-module@100000/switch@0/mdio@1000/ethernet-phy@0' for 'reset' GPIO lookup
[    0.676989] of_get_named_gpiod_flags: parsed 'reset-gpios' property of node '/ocp/interconnect@4a000000/segment@0/target-module@100000/switch@0/mdio@1000/ethernet-phy@0[0]' - status (0)
[    0.677159] gpio gpiochip0: Persistence not supported for GPIO 8
[    0.772049] davinci_mdio 4a101000.mdio: phy[0]: device 4a101000.mdio:00, driver SMSC LAN8710/LAN8720
[    0.772690] cpsw-switch 4a100000.switch: initialized cpsw ale version 1.4
[    0.772717] cpsw-switch 4a100000.switch: ALE Table size 1024
[    0.773030] cpsw-switch 4a100000.switch: cpts: overflow check period 500 (jiffies)
[    0.773055] cpsw-switch 4a100000.switch: CPTS: ref_clk_freq:250000000 calc_mult:2147483648 calc_shift:29 error:0 nsec/sec
[    0.773162] cpsw-switch 4a100000.switch: Detected MACID = 18:2c:65:25:41:ce
[    0.775130] cpsw-switch 4a100000.switch: initialized (regs 0x4a100000, pool size 256) hw_ver:0019010C 1.12 (0)
[    0.786007] debugfs: Directory '49000000.dma' with parent 'dmaengine' already present!
[    0.786056] edma 49000000.dma: TI EDMA DMA engine driver
[    0.827024] target-module@4b000000:target-module@140000:pmu@0:fck: device ID is greater than 24
[    0.860043] hw perfevents: enabled with armv7_cortex_a8 PMU driver, 5 counters available
[    0.860944] gpio-clk clk_mcasp0: using DT '/clk_mcasp0' for 'enable' GPIO lookup
[    0.861018] of_get_named_gpiod_flags: parsed 'enable-gpios' property of node '/clk_mcasp0[0]' - status (0)
[    0.861063] gpio gpiochip0: Persistence not supported for GPIO 27
[    0.861870] gpiochip_find_base_unlocked: found new base at 608
[    0.861991] gpio gpiochip3: (gpio-96-127): created GPIO range 0->7 ==> 44e10800.pinmux PIN 82->89
[    0.862016] gpio gpiochip3: (gpio-96-127): created GPIO range 8->11 ==> 44e10800.pinmux PIN 52->55
[    0.862035] gpio gpiochip3: (gpio-96-127): created GPIO range 12->15 ==> 44e10800.pinmux PIN 94->97
[    0.862052] gpio gpiochip3: (gpio-96-127): created GPIO range 16->17 ==> 44e10800.pinmux PIN 71->72
[    0.862069] gpio gpiochip3: (gpio-96-127): created GPIO range 18->18 ==> 44e10800.pinmux PIN 135->135
[    0.862087] gpio gpiochip3: (gpio-96-127): created GPIO range 19->20 ==> 44e10800.pinmux PIN 108->109
[    0.862106] gpio gpiochip3: (gpio-96-127): created GPIO range 21->21 ==> 44e10800.pinmux PIN 73->73
[    0.862124] gpio gpiochip3: (gpio-96-127): created GPIO range 22->23 ==> 44e10800.pinmux PIN 8->9
[    0.862143] gpio gpiochip3: (gpio-96-127): created GPIO range 26->27 ==> 44e10800.pinmux PIN 10->11
[    0.862162] gpio gpiochip3: (gpio-96-127): created GPIO range 28->28 ==> 44e10800.pinmux PIN 74->74
[    0.862182] gpio gpiochip3: (gpio-96-127): created GPIO range 29->29 ==> 44e10800.pinmux PIN 81->81
[    0.862202] gpio gpiochip3: (gpio-96-127): created GPIO range 30->31 ==> 44e10800.pinmux PIN 28->29
[    0.867709] l3-aon-clkctrl:0000:0: failed to disable
[    0.868094] gpio gpiochip3: (gpio-96-127): added GPIO chardev (254:3)
[    0.868236] gpio gpiochip3: registered GPIOs 608 to 639 on gpio-96-127
[    0.870376] omap8250 44e09000.serial: using DT '/ocp/interconnect@44c00000/segment@200000/target-module@9000/serial@0' for 'rs485-term' GPIO lookup
[    0.870458] of_get_named_gpiod_flags: can't parse 'rs485-term-gpios' property of node '/ocp/interconnect@44c00000/segment@200000/target-module@9000/serial@0[0]'
[    0.870507] of_get_named_gpiod_flags: can't parse 'rs485-term-gpio' property of node '/ocp/interconnect@44c00000/segment@200000/target-module@9000/serial@0[0]'
[    0.870547] omap8250 44e09000.serial: using lookup tables for GPIO lookup
[    0.870559] omap8250 44e09000.serial: No GPIO consumer rs485-term found
[    0.870571] omap8250 44e09000.serial: using DT '/ocp/interconnect@44c00000/segment@200000/target-module@9000/serial@0' for 'rs485-rx-during-tx' GPIO lookup
[    0.870611] of_get_named_gpiod_flags: can't parse 'rs485-rx-during-tx-gpios' property of node '/ocp/interconnect@44c00000/segment@200000/target-module@9000/serial@0[0]'
[    0.870653] of_get_named_gpiod_flags: can't parse 'rs485-rx-during-tx-gpio' property of node '/ocp/interconnect@44c00000/segment@200000/target-module@9000/serial@0[0]'
[    0.870688] omap8250 44e09000.serial: using lookup tables for GPIO lookup
[    0.870697] omap8250 44e09000.serial: No GPIO consumer rs485-rx-during-tx found
[    0.871067] 44e09000.serial: ttyS0 at MMIO 0x44e09000 (irq = 34, base_baud = 3000000) is a 8250
[    0.871154] printk: legacy console [ttyS0] enabled
[    2.086728] i2c i2c-0: using DT '/ocp/interconnect@44c00000/segment@200000/target-module@b000/i2c@0' for 'scl' GPIO lookup
[    2.086822] of_get_named_gpiod_flags: can't parse 'scl-gpios' property of node '/ocp/interconnect@44c00000/segment@200000/target-module@b000/i2c@0[0]'
[    2.086873] of_get_named_gpiod_flags: can't parse 'scl-gpio' property of node '/ocp/interconnect@44c00000/segment@200000/target-module@b000/i2c@0[0]'
[    2.086914] i2c i2c-0: using lookup tables for GPIO lookup
[    2.086928] i2c i2c-0: No GPIO consumer scl found
[    2.086954] i2c i2c-0: using DT '/ocp/interconnect@44c00000/segment@200000/target-module@b000/i2c@0' for 'sda' GPIO lookup
[    2.086996] of_get_named_gpiod_flags: can't parse 'sda-gpios' property of node '/ocp/interconnect@44c00000/segment@200000/target-module@b000/i2c@0[0]'
[    2.087040] of_get_named_gpiod_flags: can't parse 'sda-gpio' property of node '/ocp/interconnect@44c00000/segment@200000/target-module@b000/i2c@0[0]'
[    2.087077] i2c i2c-0: using lookup tables for GPIO lookup
[    2.087088] i2c i2c-0: No GPIO consumer sda found
[    2.125689] tps65217-pmic: Failed to locate of_node [id: -1]
[    2.131770] tps65217-bl: Failed to locate of_node [id: -1]
[    2.161076] tps65217 0-0024: TPS65217 ID 0xe version 1.2
[    2.167283] platform 4830e000.lcdc: Fixed dependency cycle(s) with /ocp/interconnect@44c00000/segment@200000/target-module@b000/i2c@0/tda19988@70
[    2.180713] i2c 0-0070: Fixed dependency cycle(s) with /ocp/interconnect@48000000/segment@300000/target-module@e000/lcdc@0
[    2.192118] omap_i2c 44e0b000.i2c: bus 0 rev0.11 at 400 kHz
[    2.200101] sdhci-omap 48060000.mmc: using DT '/ocp/interconnect@48000000/segment@0/target-module@60000/mmc@0' for 'cd' GPIO lookup
[    2.200212] of_get_named_gpiod_flags: parsed 'cd-gpios' property of node '/ocp/interconnect@48000000/segment@0/target-module@60000/mmc@0[0]' - status (0)
[    2.200282] gpio gpiochip3: Persistence not supported for GPIO 6
[    2.200305] omap_gpio 44e07000.gpio: Could not set line 6 debounce to 200000 microseconds (-22)
[    2.209218] sdhci-omap 48060000.mmc: Got CD GPIO
[    2.213914] sdhci-omap 48060000.mmc: using DT '/ocp/interconnect@48000000/segment@0/target-module@60000/mmc@0' for 'wp' GPIO lookup
[    2.213967] of_get_named_gpiod_flags: can't parse 'wp-gpios' property of node '/ocp/interconnect@48000000/segment@0/target-module@60000/mmc@0[0]'
[    2.214012] of_get_named_gpiod_flags: can't parse 'wp-gpio' property of node '/ocp/interconnect@48000000/segment@0/target-module@60000/mmc@0[0]'
[    2.214053] sdhci-omap 48060000.mmc: using lookup tables for GPIO lookup
[    2.214067] sdhci-omap 48060000.mmc: No GPIO consumer wp found
[    2.214277] sdhci-omap 48060000.mmc: supply pbias not found, using dummy regulator
[    2.223986] sdhci-omap 481d8000.mmc: using DT '/ocp/interconnect@48000000/segment@100000/target-module@d8000/mmc@0' for 'wp' GPIO lookup
[    2.224070] of_get_named_gpiod_flags: can't parse 'wp-gpios' property of node '/ocp/interconnect@48000000/segment@100000/target-module@d8000/mmc@0[0]'
[    2.224120] of_get_named_gpiod_flags: can't parse 'wp-gpio' property of node '/ocp/interconnect@48000000/segment@100000/target-module@d8000/mmc@0[0]'
[    2.224162] sdhci-omap 481d8000.mmc: using lookup tables for GPIO lookup
[    2.224177] sdhci-omap 481d8000.mmc: No GPIO consumer wp found
[    2.225258] sdhci-omap 48060000.mmc: supply vqmmc not found, using dummy regulator
[    2.233922] sdhci-omap 481d8000.mmc: supply pbias not found, using dummy regulator
[    2.241954] sdhci-omap 481d8000.mmc: supply vqmmc not found, using dummy regulator
[    2.280327] mmc1: SDHCI controller on 481d8000.mmc [481d8000.mmc] using External DMA
[    2.289512] mmc0: SDHCI controller on 48060000.mmc [48060000.mmc] using External DMA
[    2.298311] cpsw-switch 4a100000.switch: starting ndev. mode: dual_mac
[    2.343174] mmc0: new high speed SDHC card at address 59b4
[    2.350288] mmcblk0: mmc0:59b4 USD   14.9 GiB
[    2.357958]  mmcblk0: p1 p2
[    2.365224] mmc1: new high speed MMC card at address 0001
[    2.371902] mmcblk1: mmc1:0001 MK2704 3.53 GiB
[    2.379497]  mmcblk1: p1
[    2.383180] mmcblk1boot0: mmc1:0001 MK2704 2.00 MiB
[    2.390487] mmcblk1boot1: mmc1:0001 MK2704 2.00 MiB
[    2.397779] mmcblk1rpmb: mmc1:0001 MK2704 512 KiB, chardev (250:0)
[    2.404319] SMSC LAN8710/LAN8720 4a101000.mdio:00: attached PHY driver (mii_bus:phy_addr=4a101000.mdio:00, irq=POLL)
[    5.524507] cpsw-switch 4a100000.switch eth0: Link is Up - 100Mbps/Full - flow control off
[    5.564000] IP-Config: Complete:
[    5.567275]      device=eth0, hwaddr=18:2c:65:25:41:ce, ipaddr=192.168.255.2, mask=255.255.255.0, gw=255.255.255.255
[    5.577936]      host=bbb1, domain=, nis-domain=(none)
[    5.583105]      bootserver=192.168.255.126, rootserver=192.168.255.126, rootpath=
[    5.583531] clk: Disabling unused clocks
[    5.595370] PM: genpd: Disabling unused power domains
[    5.600489] KTAP version 1
[    5.603210] 1..0
[    5.627375] VFS: Mounted root (nfs filesystem) on device 0:17.
[    5.634299] devtmpfs: mounted
[    5.638943] Freeing unused kernel image (initmem) memory: 1024K
[    5.645764] Run /sbin/init as init process
[    5.649895]   with arguments:
[    5.649907]     /sbin/init
[    5.649916]     nfsrootdebug
[    5.649925]   with environment:
[    5.649934]     HOME=/
[    5.649943]     TERM=linux
[    6.329761] systemd[1]: System time before build time, advancing clock.
[    7.783782] random: crng init done
[    7.846285] systemd[1]: systemd 232 running in system mode. (+PAM +AUDIT +SELINUX +IMA +APPARMOR +SMACK +SYSVINIT +UTMP +LIBCRYPTSETUP +GCRYPT +GNUTLS +ACL +XZ +LZ4 +SECCOMP +BLKID +ELFUTILS +KMOD +IDN)
[    7.865292] systemd[1]: Detected architecture arm.
[    7.906803] systemd[1]: Set hostname to <arm>.
[    8.991292] systemd[1]: Created slice System Slice.
[    9.024651] systemd[1]: Listening on udev Kernel Socket.
[    9.065632] systemd[1]: Listening on /dev/initctl Compatibility Named Pipe.
[    9.137832] systemd[1]: Mounting POSIX Message Queue File System...
[    9.181397] systemd[1]: Listening on Journal Socket (/dev/log).
[    9.201771] systemd[1]: Created slice system-serial\x2dgetty.slice.
[    9.239378] systemd[1]: Started Dispatch Password Requests to Console Directory Watch.
[   11.377343] systemd-journald[86]: Received request to flush runtime journal from PID 1
[   13.960785] leds-gpio leds: using DT '/leds/led2' for '(default)' GPIO lookup
[   13.960887] of_get_named_gpiod_flags: parsed 'gpios' property of node '/leds/led2[0]' - status (0)
[   13.960946] gpio gpiochip0: Persistence not supported for GPIO 21
[   13.960962] gpio-533 (?): no flags found for GPIO (default)
[   14.024231] leds-gpio leds: using DT '/leds/led3' for '(default)' GPIO lookup
[   14.024346] of_get_named_gpiod_flags: parsed 'gpios' property of node '/leds/led3[0]' - status (0)
[   14.024402] gpio gpiochip0: Persistence not supported for GPIO 22
[   14.024418] gpio-534 (?): no flags found for GPIO (default)
[   14.054360] leds-gpio leds: using DT '/leds/led4' for '(default)' GPIO lookup
[   14.054464] of_get_named_gpiod_flags: parsed 'gpios' property of node '/leds/led4[0]' - status (0)
[   14.054518] gpio gpiochip0: Persistence not supported for GPIO 23
[   14.054534] gpio-535 (?): no flags found for GPIO (default)
[   14.074326] leds-gpio leds: using DT '/leds/led5' for '(default)' GPIO lookup
[   14.074426] of_get_named_gpiod_flags: parsed 'gpios' property of node '/leds/led5[0]' - status (0)
[   14.074479] gpio gpiochip0: Persistence not supported for GPIO 24
[   14.074494] gpio-536 (?): no flags found for GPIO (default)
[   14.440301] remoteproc remoteproc0: wkup_m3 is available
[   14.735693] wkup_m3_ipc 44e11324.wkup_m3_ipc: IPC Request for A8->M3 Channel failed! -517
[   14.794324] am335x-phy-driver 47401300.usb-phy: using DT '/ocp/target-module@47400000/usb-phy@1300' for 'reset' GPIO lookup
[   14.794419] of_get_named_gpiod_flags: can't parse 'reset-gpios' property of node '/ocp/target-module@47400000/usb-phy@1300[0]'
[   14.794466] of_get_named_gpiod_flags: can't parse 'reset-gpio' property of node '/ocp/target-module@47400000/usb-phy@1300[0]'
[   14.794507] am335x-phy-driver 47401300.usb-phy: using lookup tables for GPIO lookup
[   14.794522] am335x-phy-driver 47401300.usb-phy: No GPIO consumer reset found
[   14.794536] am335x-phy-driver 47401300.usb-phy: using DT '/ocp/target-module@47400000/usb-phy@1300' for 'vbus-detect' GPIO lookup
[   14.794569] of_get_named_gpiod_flags: can't parse 'vbus-detect-gpios' property of node '/ocp/target-module@47400000/usb-phy@1300[0]'
[   14.794601] of_get_named_gpiod_flags: can't parse 'vbus-detect-gpio' property of node '/ocp/target-module@47400000/usb-phy@1300[0]'
[   14.794629] am335x-phy-driver 47401300.usb-phy: using lookup tables for GPIO lookup
[   14.794641] am335x-phy-driver 47401300.usb-phy: No GPIO consumer vbus-detect found
[   14.794790] am335x-phy-driver 47401300.usb-phy: dummy supplies not allowed for exclusive requests (id=vbus)
[   14.922633] at24 2-0054: supply vcc not found, using dummy regulator
[   14.996757] am335x-phy-driver 47401b00.usb-phy: using DT '/ocp/target-module@47400000/usb-phy@1b00' for 'reset' GPIO lookup
[   14.996846] of_get_named_gpiod_flags: can't parse 'reset-gpios' property of node '/ocp/target-module@47400000/usb-phy@1b00[0]'
[   14.996891] of_get_named_gpiod_flags: can't parse 'reset-gpio' property of node '/ocp/target-module@47400000/usb-phy@1b00[0]'
[   14.996930] am335x-phy-driver 47401b00.usb-phy: using lookup tables for GPIO lookup
[   14.996945] am335x-phy-driver 47401b00.usb-phy: No GPIO consumer reset found
[   14.996959] am335x-phy-driver 47401b00.usb-phy: using DT '/ocp/target-module@47400000/usb-phy@1b00' for 'vbus-detect' GPIO lookup
[   14.996990] of_get_named_gpiod_flags: can't parse 'vbus-detect-gpios' property of node '/ocp/target-module@47400000/usb-phy@1b00[0]'
[   14.997024] of_get_named_gpiod_flags: can't parse 'vbus-detect-gpio' property of node '/ocp/target-module@47400000/usb-phy@1b00[0]'
[   14.997051] am335x-phy-driver 47401b00.usb-phy: using lookup tables for GPIO lookup
[   14.997063] am335x-phy-driver 47401b00.usb-phy: No GPIO consumer vbus-detect found
[   14.997210] am335x-phy-driver 47401b00.usb-phy: dummy supplies not allowed for exclusive requests (id=vbus)
[   15.009092] wkup_m3_ipc 44e11324.wkup_m3_ipc: IPC Request for A8->M3 Channel failed! -517
[   15.081132] at24 2-0055: supply vcc not found, using dummy regulator
[   15.184237] at24 2-0056: supply vcc not found, using dummy regulator
[   15.252512] wkup_m3_ipc 44e11324.wkup_m3_ipc: IPC Request for A8->M3 Channel failed! -517
[   15.273287] at24 2-0057: supply vcc not found, using dummy regulator
[   15.391114] tps6521x_pwrbutton tps65217-pwrbutton: DMA mask not set
[   15.457044] input: tps65217_pwrbutton as /devices/platform/ocp/44c00000.interconnect/44c00000.interconnect:segment@200000/44e0b000.target-module/44e0b000.i2c/i2c-0/0-0024/tps65217-pwrbutton/input/input0
[   15.483429] wkup_m3_ipc 44e11324.wkup_m3_ipc: IPC Request for A8->M3 Channel failed! -517
[   15.496572] at24 0-0050: using DT '/ocp/interconnect@44c00000/segment@200000/target-module@b000/i2c@0/baseboard_eeprom@50' for 'wp' GPIO lookup
[   15.496684] of_get_named_gpiod_flags: can't parse 'wp-gpios' property of node '/ocp/interconnect@44c00000/segment@200000/target-module@b000/i2c@0/baseboard_eeprom@50[0]'
[   15.496746] of_get_named_gpiod_flags: can't parse 'wp-gpio' property of node '/ocp/interconnect@44c00000/segment@200000/target-module@b000/i2c@0/baseboard_eeprom@50[0]'
[   15.496795] at24 0-0050: using lookup tables for GPIO lookup
[   15.496810] at24 0-0050: No GPIO consumer wp found
[   15.497110] at24 0-0050: 32768 byte 24c256 EEPROM, writable, 1 bytes/write
[   15.516015] omap_rtc 44e3e000.rtc: registered as rtc0
