Labgrid Console Logfile for main
Logfile started at 2024-09-25 12:37:14.093932
=== Log starts here ===
reading args
spl_load_image_fat_os: error reading image args, err - -1
reading u-boot.img
reading u-boot.img


U-Boot 2014.04-00014-g47880f5 (Apr 22 2014 - 13:23:54)

I2C:   ready
DRAM:  512 MiB
NAND:  0 MiB
MMC:   OMAP SD/MMC: 0, OMAP SD/MMC: 1
*** Warning - readenv() failed, using default environment

Net:   <ethaddr> not set. Validating first E-fuse MAC
cpsw, usb_ether
Hit any key to stop autoboot:  1  0 
gpio: pin 53 (gpio 53) value is 1
mmc0 is current device
gpio: pin 54 (gpio 54) value is 1
SD/MMC found on device 0
reading uEnv.txt
569 bytes read in 3 ms (184.6 KiB/s)
gpio: pin 55 (gpio 55) value is 1
Loaded environment from uEnv.txt
Importing environment from mmc ...
Checking if uenvcmd is set ...
gpio: pin 56 (gpio 56) value is 1
Running uenvcmd ...
cpsw Waiting for PHY auto negotiation to complete. done
link up on port 0, speed 100, full duplex
Using cpsw device
TFTP from server 192.168.255.126; our IP address is 192.168.255.1
Filename 'zImage'.
Load address: 0x81000000
Loading: *T #################################################################
	 #################################################################
	 #################################################################
	 #################################################################
	 #################################################################
	 ###############################################
	 745.1 KiB/s
done
Bytes transferred = 5448464 (532310 hex)
link up on port 0, speed 100, full duplex
Using cpsw device
TFTP from server 192.168.255.126; our IP address is 192.168.255.1
Filename 'am335x-boneblack.dtb'.
Load address: 0x82000000
Loading: *#######
	 1.6 MiB/s
done
Bytes transferred = 97996 (17ecc hex)
Kernel image @ 0x81000000 [ 0x000000 - 0x532310 ]
## Flattened Device Tree blob at 82000000
   Booting using the fdt blob at 0x82000000
   Using Device Tree in place at 82000000, end 8201aecb

Starting kernel ...

[    0.000000] Booting Linux on physical CPU 0x0
[    0.000000] Linux version 6.11.0-g73ea23d406f1 (user01@drvtest01) (arm-linux-gnueabihf-gcc (Linaro GCC 6.4-2017.11) 6.4.1 20171012, GNU ld (Linaro_Binutils-2017.11) 2.27.0.20161229) #17 SMP Wed Sep 25 12:36:14 EEST 2024
[    0.000000] CPU: ARMv7 Processor [413fc082] revision 2 (ARMv7), cr=10c5387d
[    0.000000] CPU: PIPT / VIPT nonaliasing data cache, VIPT aliasing instruction cache
[    0.000000] OF: fdt: Machine model: TI AM335x BeagleBone Black
[    0.000000] Memory policy: Data cache writeback
[    0.000000] cma: Reserved 16 MiB at 0x9e800000 on node -1
[    0.000000] Zone ranges:
[    0.000000]   Normal   [mem 0x0000000080000000-0x000000009fdfffff]
[    0.000000]   HighMem  empty
[    0.000000] Movable zone start for each node
[    0.000000] Early memory node ranges
[    0.000000]   node   0: [mem 0x0000000080000000-0x000000009fdfffff]
[    0.000000] Initmem setup node 0 [mem 0x0000000080000000-0x000000009fdfffff]
[    0.000000] CPU: All CPU(s) started in SVC mode.
[    0.000000] AM335X ES2.1 (sgx neon)
[    0.000000] percpu: Embedded 17 pages/cpu s39628 r8192 d21812 u69632
[    0.000000] Kernel command line: console=ttyO0,115200n8 root=/dev/nfs rw nfsroot=192.168.255.126:/home/user01/nfs,nfsvers=3 ip=192.168.255.1:192.168.255.126::255.255.255.0:bbb1:eth0 nfsrootdebug
[    0.000000] Unknown kernel command line parameters "nfsrootdebug", will be passed to user space.
[    0.000000] Dentry cache hash table entries: 65536 (order: 6, 262144 bytes, linear)
[    0.000000] Inode-cache hash table entries: 32768 (order: 5, 131072 bytes, linear)
[    0.000000] Built 1 zonelists, mobility grouping on.  Total pages: 130560
[    0.000000] mem auto-init: stack:off, heap alloc:off, heap free:off
[    0.000000] SLUB: HWalign=64, Order=0-3, MinObjects=0, CPUs=1, Nodes=1
[    0.000000] trace event string verifier disabled
[    0.000000] rcu: Hierarchical RCU implementation.
[    0.000000] rcu: 	RCU event tracing is enabled.
[    0.000000] rcu: 	RCU restricting CPUs from NR_CPUS=2 to nr_cpu_ids=1.
[    0.000000] rcu: RCU calculated value of scheduler-enlistment delay is 10 jiffies.
[    0.000000] rcu: Adjusting geometry for rcu_fanout_leaf=16, nr_cpu_ids=1
[    0.000000] NR_IRQS: 16, nr_irqs: 16, preallocated irqs: 16
[    0.000000] IRQ: Found an INTC at 0x(ptrval) (revision 5.0) with 128 interrupts
[    0.000000] rcu: srcu_init: Setting srcu_struct sizes based on contention.
[    0.000000] TI gptimer clocksource: always-on /ocp/interconnect@44c00000/segment@200000/target-module@31000
[    0.000002] sched_clock: 32 bits at 24MHz, resolution 41ns, wraps every 89478484971ns
[    0.000029] clocksource: dmtimer: mask: 0xffffffff max_cycles: 0xffffffff, max_idle_ns: 79635851949 ns
[    0.000506] TI gptimer clockevent: 24000000 Hz at /ocp/interconnect@48000000/segment@0/target-module@40000
[    0.002137] Console: colour dummy device 80x30
[    0.002208] WARNING: Your 'console=ttyO0' has been replaced by 'ttyS0'
[    0.002219] This ensures that you still see kernel messages. Please
[    0.002225] update your kernel commandline.
[    0.002271] Calibrating delay loop... 996.14 BogoMIPS (lpj=4980736)
[    0.090563] CPU: Testing write buffer coherency: ok
[    0.090670] CPU0: Spectre v2: using BPIALL workaround
[    0.090682] pid_max: default: 32768 minimum: 301
[    0.090808] LSM: initializing lsm=capability
[    0.090977] Mount-cache hash table entries: 1024 (order: 0, 4096 bytes, linear)
[    0.090997] Mountpoint-cache hash table entries: 1024 (order: 0, 4096 bytes, linear)
[    0.092523] CPU0: thread -1, cpu 0, socket -1, mpidr 0
[    0.094233] Setting up static identity map for 0x80100000 - 0x80100078
[    0.094543] rcu: Hierarchical SRCU implementation.
[    0.094555] rcu: 	Max phase no-delay instances is 1000.
[    0.096224] smp: Bringing up secondary CPUs ...
[    0.096284] smp: Brought up 1 node, 1 CPU
[    0.096299] SMP: Total of 1 processors activated (996.14 BogoMIPS).
[    0.096313] CPU: All CPU(s) started in SVC mode.
[    0.096503] Memory: 480876K/522240K available (11264K kernel code, 1197K rwdata, 2856K rodata, 1024K init, 297K bss, 23344K reserved, 16384K cma-reserved, 0K highmem)
[    0.097310] devtmpfs: initialized
[    0.113665] VFP support v0.3: implementor 41 architecture 3 part 30 variant c rev 3
[    0.114025] clocksource: jiffies: mask: 0xffffffff max_cycles: 0xffffffff, max_idle_ns: 19112604462750000 ns
[    0.114064] futex hash table entries: 256 (order: 2, 16384 bytes, linear)
[    0.115355] pinctrl core: initialized pinctrl subsystem
[    0.118084] NET: Registered PF_NETLINK/PF_ROUTE protocol family
[    0.121074] DMA: preallocated 256 KiB pool for atomic coherent allocations
[    0.122036] audit: initializing netlink subsys (disabled)
[    0.123410] thermal_sys: Registered thermal governor 'fair_share'
[    0.123432] thermal_sys: Registered thermal governor 'step_wise'
[    0.123442] thermal_sys: Registered thermal governor 'user_space'
[    0.123557] audit: type=2000 audit(0.120:1): state=initialized audit_enabled=0 res=1
[    0.123631] cpuidle: using governor menu
[    0.142760] No ATAGs?
[    0.142793] hw-breakpoint: debug architecture 0x4 unsupported.
[    0.145683] kprobes: kprobe jump-optimization is enabled. All kprobes are optimized if possible.
[    0.163997] iommu: Default domain type: Translated
[    0.164024] iommu: DMA domain TLB invalidation policy: strict mode
[    0.171349] SCSI subsystem initialized
[    0.181370] pps_core: LinuxPPS API ver. 1 registered
[    0.181385] pps_core: Software ver. 5.3.6 - Copyright 2005-2007 Rodolfo Giometti <giometti@linux.it>
[    0.181410] PTP clock support registered
[    0.183325] vgaarb: loaded
[    0.183711] clocksource: Switched to clocksource dmtimer
[    0.184298] VFS: Disk quotas dquot_6.6.0
[    0.184340] VFS: Dquot-cache hash table entries: 1024 (order 0, 4096 bytes)
[    0.209761] NET: Registered PF_INET protocol family
[    0.210119] IP idents hash table entries: 8192 (order: 4, 65536 bytes, linear)
[    0.211520] tcp_listen_portaddr_hash hash table entries: 512 (order: 0, 4096 bytes, linear)
[    0.211560] Table-perturb hash table entries: 65536 (order: 6, 262144 bytes, linear)
[    0.211580] TCP established hash table entries: 4096 (order: 2, 16384 bytes, linear)
[    0.211625] TCP bind hash table entries: 4096 (order: 4, 65536 bytes, linear)
[    0.211725] TCP: Hash tables configured (established 4096 bind 4096)
[    0.211849] UDP hash table entries: 256 (order: 1, 8192 bytes, linear)
[    0.211879] UDP-Lite hash table entries: 256 (order: 1, 8192 bytes, linear)
[    0.212058] NET: Registered PF_UNIX/PF_LOCAL protocol family
[    0.224638] RPC: Registered named UNIX socket transport module.
[    0.224668] RPC: Registered udp transport module.
[    0.224676] RPC: Registered tcp transport module.
[    0.224682] RPC: Registered tcp-with-tls transport module.
[    0.224689] RPC: Registered tcp NFSv4.1 backchannel transport module.
[    0.224715] PCI: CLS 0 bytes, default 64
[    0.226177] Initialise system trusted keyrings
[    0.227244] workingset: timestamp_bits=14 max_order=17 bucket_order=3
[    0.228500] NFS: Registering the id_resolver key type
[    0.228576] Key type id_resolver registered
[    0.228586] Key type id_legacy registered
[    0.228636] jffs2: version 2.2. (NAND) (SUMMARY)  Â© 2001-2006 Red Hat, Inc.
[    0.229090] Key type asymmetric registered
[    0.229108] Asymmetric key parser 'x509' registered
[    0.229174] io scheduler mq-deadline registered
[    0.229188] io scheduler kyber registered
[    0.229261] io scheduler bfq registered
[    0.244163] Serial: 8250/16550 driver, 6 ports, IRQ sharing enabled
[    0.307085] brd: module loaded
[    0.318256] loop: module loaded
[    0.319192] mtdoops: mtd device (mtddev=name/number) must be supplied
[    0.336512] i2c_dev: i2c /dev entries driver
[    0.337489] cpuidle: enable-method property 'ti,am3352' found operations
[    0.337938] sdhci: Secure Digital Host Controller Interface driver
[    0.337950] sdhci: Copyright(c) Pierre Ossman
[    0.338127] sdhci-pltfm: SDHCI platform and OF driver helper
[    0.338437] ledtrig-cpu: registered to indicate activity on CPUs
[    0.339382] Initializing XFRM netlink socket
[    0.339510] NET: Registered PF_INET6 protocol family
[    0.341357] Segment Routing with IPv6
[    0.341453] In-situ OAM (IOAM) with IPv6
[    0.341550] sit: IPv6, IPv4 and MPLS over IPv4 tunneling driver
[    0.342499] NET: Registered PF_PACKET protocol family
[    0.342545] NET: Registered PF_KEY protocol family
[    0.342666] Key type dns_resolver registered
[    0.342936] ThumbEE CPU extension supported.
[    0.342959] Registering SWP/SWPB emulation handler
[    0.343485] omap_voltage_late_init: Voltage driver support not added
[    0.344025] SmartReflex Class3 initialized
[    0.364553] Loading compiled-in X.509 certificates
[    0.431539] platform 44e10800.pinmux: Fixed dependency cycle(s) with /ocp/interconnect@44c00000/segment@200000/target-module@10000/scm@0/pinmux@800/clkout2-pins
[    0.432104] pinctrl-single 44e10800.pinmux: 142 pins, size 568
[    0.437445] ti-sysc 44e31000.target-module: probe with driver ti-sysc failed with error -16
[    0.473342] ti-sysc 48040000.target-module: probe with driver ti-sysc failed with error -16
[    0.514347] OMAP GPIO hardware version 0.1
[    0.538236] omap_i2c 4819c000.i2c: bus 2 rev0.11 at 100 kHz
[    0.567321] 48000000.interconnect:segment@200000:target-module@0:mpu@0:fck: device ID is greater than 24
[    0.571398] platform 4830e000.lcdc: Fixed dependency cycle(s) with /ocp/interconnect@44c00000/segment@200000/target-module@b000/i2c@0/tda19988@70
[    0.582761] sdhci-omap 481d8000.mmc: supply pbias not found, using dummy regulator
[    0.583221] sdhci-omap 481d8000.mmc: supply vqmmc not found, using dummy regulator
[    0.655478] davinci_mdio 4a101000.mdio: davinci mdio revision 1.6, bus freq 1000000
[    0.771218] davinci_mdio 4a101000.mdio: phy[0]: device 4a101000.mdio:00, driver SMSC LAN8710/LAN8720
[    0.771858] cpsw-switch 4a100000.switch: initialized cpsw ale version 1.4
[    0.771882] cpsw-switch 4a100000.switch: ALE Table size 1024
[    0.772190] cpsw-switch 4a100000.switch: cpts: overflow check period 500 (jiffies)
[    0.772214] cpsw-switch 4a100000.switch: CPTS: ref_clk_freq:250000000 calc_mult:2147483648 calc_shift:29 error:0 nsec/sec
[    0.772325] cpsw-switch 4a100000.switch: Detected MACID = 6c:ec:eb:68:de:78
[    0.774349] cpsw-switch 4a100000.switch: initialized (regs 0x4a100000, pool size 256) hw_ver:0019010C 1.12 (0)
[    0.785233] debugfs: Directory '49000000.dma' with parent 'dmaengine' already present!
[    0.785282] edma 49000000.dma: TI EDMA DMA engine driver
[    0.825270] target-module@4b000000:target-module@140000:pmu@0:fck: device ID is greater than 24
[    0.847630] hw perfevents: enabled with armv7_cortex_a8 PMU driver, 5 counters available
[    0.858228] l3-aon-clkctrl:0000:0: failed to disable
[    0.859527] 44e09000.serial: ttyS0 at MMIO 0x44e09000 (irq = 34, base_baud = 3000000) is a 8250
[    0.859613] printk: legacy console [ttyS0] enabled
[    2.135626] tps65217-pmic: Failed to locate of_node [id: -1]
[    2.141698] tps65217-bl: Failed to locate of_node [id: -1]
[    2.162486] tps65217 0-0024: TPS65217 ID 0xe version 1.2
[    2.168681] platform 4830e000.lcdc: Fixed dependency cycle(s) with /ocp/interconnect@44c00000/segment@200000/target-module@b000/i2c@0/tda19988@70
[    2.182099] i2c 0-0070: Fixed dependency cycle(s) with /ocp/interconnect@48000000/segment@300000/target-module@e000/lcdc@0
[    2.193500] omap_i2c 44e0b000.i2c: bus 0 rev0.11 at 400 kHz
[    2.201713] omap_gpio 44e07000.gpio: Could not set line 6 debounce to 200000 microseconds (-22)
[    2.210638] sdhci-omap 48060000.mmc: Got CD GPIO
[    2.215704] sdhci-omap 48060000.mmc: supply pbias not found, using dummy regulator
[    2.226586] sdhci-omap 48060000.mmc: supply vqmmc not found, using dummy regulator
[    2.235121] sdhci-omap 481d8000.mmc: supply pbias not found, using dummy regulator
[    2.243111] sdhci-omap 481d8000.mmc: supply vqmmc not found, using dummy regulator
[    2.280230] mmc1: SDHCI controller on 481d8000.mmc [481d8000.mmc] using External DMA
[    2.288701] mmc0: SDHCI controller on 48060000.mmc [48060000.mmc] using External DMA
[    2.297485] cpsw-switch 4a100000.switch: starting ndev. mode: dual_mac
[    2.342805] mmc0: new high speed SDHC card at address 5048
[    2.349841] mmcblk0: mmc0:5048 SD16G 14.4 GiB
[    2.357820]  mmcblk0: p1 p2
[    2.361205] mmcblk0: p2 size 31221760 extends beyond EOD, truncated
[    2.375646] mmc1: new high speed MMC card at address 0001
[    2.382387] mmcblk1: mmc1:0001 MMC04G 3.60 GiB
[    2.389980]  mmcblk1: p1 p2
[    2.393647] SMSC LAN8710/LAN8720 4a101000.mdio:00: attached PHY driver (mii_bus:phy_addr=4a101000.mdio:00, irq=POLL)
[    2.405130] mmcblk1boot0: mmc1:0001 MMC04G 2.00 MiB
[    2.417975] mmcblk1boot1: mmc1:0001 MMC04G 2.00 MiB
[    2.425441] mmcblk1rpmb: mmc1:0001 MMC04G 128 KiB, chardev (250:0)
[    5.524452] cpsw-switch 4a100000.switch eth0: Link is Up - 100Mbps/Full - flow control off
[    5.563723] IP-Config: Complete:
[    5.566995]      device=eth0, hwaddr=6c:ec:eb:68:de:78, ipaddr=192.168.255.1, mask=255.255.255.0, gw=255.255.255.255
[    5.577618]      host=bbb1, domain=, nis-domain=(none)
[    5.582786]      bootserver=192.168.255.126, rootserver=192.168.255.126, rootpath=
[    5.583208] clk: Disabling unused clocks
[    5.595082] PM: genpd: Disabling unused power domains
[    5.600200] KTAP version 1
[    5.602921] 1..0
[    5.627995] VFS: Mounted root (nfs filesystem) on device 0:17.
[    5.634995] devtmpfs: mounted
[    5.639648] Freeing unused kernel image (initmem) memory: 1024K
[    5.646556] Run /sbin/init as init process
[    6.338303] systemd[1]: System time before build time, advancing clock.
[    7.793734] random: crng init done
[    7.864861] systemd[1]: systemd 232 running in system mode. (+PAM +AUDIT +SELINUX +IMA +APPARMOR +SMACK +SYSVINIT +UTMP +LIBCRYPTSETUP +GCRYPT +GNUTLS +ACL +XZ +LZ4 +SECCOMP +BLKID +ELFUTILS +KMOD +IDN)
[    7.883897] systemd[1]: Detected architecture arm.

Welcome to [1mDebian GNU/Linux 9 (stretch)[0m!

[    7.926726] systemd[1]: Set hostname to <arm>.
[    9.015962] systemd[1]: Created slice User and Session Slice.
[[0;32m  OK  [0m] Created slice User and Session Slice.
[    9.044593] systemd[1]: Started Forward Password Requests to Wall Directory Watch.
[[0;32m  OK  [0m] Started Forward Password Requests to Wall Directory Watch.
[    9.084728] systemd[1]: Listening on Journal Audit Socket.
[[0;32m  OK  [0m] Listening on Journal Audit Socket.
[    9.125006] systemd[1]: Created slice System Slice.
[[0;32m  OK  [0m] Created slice System Slice.
[    9.165101] systemd[1]: Created slice system-serial\x2dgetty.slice.
[[0;32m  OK  [0m] Created slice system-serial\x2dgetty.slice.
[    9.237939] systemd[1]: Mounting POSIX Message Queue File System...
         Mounting POSIX Message Queue File System...
[    9.254385] systemd[1]: dev-hugepages.mount: Couldn't determine result for ConditionVirtualization=!private-users, assuming failed: No such file or directory
[[0;32m  OK  [0m] Reached target Remote File Systems.
[[0;32m  OK  [0m] Listening on Journal Socket (/dev/log).
[[0;32m  OK  [0m] Set up automount Arbitrary Executabâ€¦rmats File System Automount Point.
[[0;32m  OK  [0m] Listening on Syslog Socket.
[[0;32m  OK  [0m] Created slice system-getty.slice.
[[0;32m  OK  [0m] Listening on /dev/initctl Compatibility Named Pipe.
[[0;32m  OK  [0m] Listening on udev Control Socket.
[[0;32m  OK  [0m] Reached target Slices.
         Mounting Debug File System...
[[0;32m  OK  [0m] Started Dispatch Password Requests to Console Directory Watch.
[[0;32m  OK  [0m] Reached target Encrypted Volumes.
[[0;32m  OK  [0m] Listening on Journal Socket.
         Starting Journal Service...
         Starting Remount Root and Kernel File Systems...
         Starting Load Kernel Modules...
         Starting Create list of required stâ€¦ce nodes for the current kernel...
[[0;32m  OK  [0m] Reached target Paths.
[[0;32m  OK  [0m] Reached target Swap.
[[0;32m  OK  [0m] Listening on udev Kernel Socket.
[[0;32m  OK  [0m] Mounted POSIX Message Queue File System.
[[0;32m  OK  [0m] Mounted Debug File System.
[[0;32m  OK  [0m] Started Remount Root and Kernel File Systems.
[[0;32m  OK  [0m] Started Create list of required staâ€¦vice nodes for the current kernel.
         Starting Create Static Device Nodes in /dev...
         Starting udev Coldplug all Devices...
         Starting Load/Save Random Seed...
[[0;32m  OK  [0m] Started Load Kernel Modules.
         Mounting Configuration File System...
         Starting Apply Kernel Variables...
[[0;32m  OK  [0m] Mounted Configuration File System.
[[0;32m  OK  [0m] Started Load/Save Random Seed.
[[0;32m  OK  [0m] Started Journal Service.
         Starting Flush Journal to Persistent Storage...
[[0;32m  OK  [0m] Started Apply Kernel Variables.
[[0;32m  OK  [0m] Started Create Static Device Nodes in /dev.
[[0;32m  OK  [0m] Reached target Local File Systems (Pre).
[[0;32m  OK  [0m] Reached target Local File Systems.
         Starting udev Kernel Device Manager...
         Starting Raise network interfaces...
[   11.185547] systemd-journald[88]: Received request to flush runtime journal from PID 1
[[0;32m  OK  [0m] Started Flush Journal to Persistent Storage.
         Starting Create Volatile Files and Directories...
[[0;32m  OK  [0m] Started udev Kernel Device Manager.
[[0;32m  OK  [0m] Started Create Volatile Files and Directories.
         Starting Network Time Synchronization...
         Starting Update UTMP about System Boot/Shutdown...
[[0;32m  OK  [0m] Started Update UTMP about System Boot/Shutdown.
[[0;32m  OK  [0m] Started Network Time Synchronization.
[[0;32m  OK  [0m] Reached target System Time Synchronized.
[[0;32m  OK  [0m] Started udev Coldplug all Devices.
[[0;32m  OK  [0m] Reached target System Initialization.
[[0;32m  OK  [0m] Started Daily Cleanup of Temporary Directories.
[[0;32m  OK  [0m] Listening on D-Bus System Message Bus Socket.
[[0;32m  OK  [0m] Started Daily apt download activities.
[[0;32m  OK  [0m] Started Daily apt upgrade and clean activities.
[[0;32m  OK  [0m] Reached target Timers.
[[0;32m  OK  [0m] Listening on Avahi mDNS/DNS-SD Stack Activation Socket.
[[0;32m  OK  [0m] Reached target Sockets.
[[0;32m  OK  [0m] Reached target Basic System.
[   14.655992] remoteproc remoteproc0: wkup_m3 is available
[[0;32m  OK  [0m] Started Regular background program processing daemon.
[   14.797478] omap_rtc 44e3e000.rtc: registered as rtc0
[   14.802688] omap_rtc 44e3e000.rtc: setting system clock to 2000-01-01T00:00:00 UTC (946684800)
         Starting Telephony service...
         Starting LSB: Start busybox udhcpd at boot time...
[   15.126977] at24 2-0054: supply vcc not found, using dummy regulator
         Starting Generic Board Startup...
[   15.173656] omap_wdt: OMAP Watchdog Timer Rev 0x01: initial timeout 60 sec
         Starting LSB: Load kernel modules needed to enable cpufreq scaling...
[   15.311462] at24 2-0055: supply vcc not found, using dummy regulator
         Starting Cape Manager Service...
[   15.470761] at24 2-0056: supply vcc not found, using dummy regulator
         Starting Login Service...
[   15.580200] at24 2-0057: supply vcc not found, using dummy regulator
[   15.666946] at24 0-0050: 32768 byte 24c256 EEPROM, writable, 1 bytes/write
         Starting System Logging Service...
[   15.766938] tps6521x_pwrbutton tps65217-pwrbutton: DMA mask not set
[[0;32m  OK  [0m] Started D-Bus System Message Bus.
[   15.864852] wkup_m3_ipc 44e11324.wkup_m3_ipc: IPC Request for A8->M3 Channel failed! -517
[   15.924578] input: tps65217_pwrbutton as /devices/platform/ocp/44c00000.interconnect/44c00000.interconnect:segment@200000/44e0b000.target-module/44e0b000.i2c/i2c-0/0-0024/tps65217-pwrbutton/input/input0
[   15.954049] wkup_m3_ipc 44e11324.wkup_m3_ipc: IPC Request for A8->M3 Channel failed! -517
[   16.151380] wkup_m3_ipc 44e11324.wkup_m3_ipc: IPC Request for A8->M3 Channel failed! -517
[   16.548956] am335x-phy-driver 47401300.usb-phy: dummy supplies not allowed for exclusive requests (id=vbus)
[   16.705815] am335x-phy-driver 47401b00.usb-phy: dummy supplies not allowed for exclusive requests (id=vbus)
[   16.716952] wkup_m3_ipc 44e11324.wkup_m3_ipc: IPC Request for A8->M3 Channel failed! -517
[   16.730287] usbcore: registered new interface driver usbfs
[   16.736138] usbcore: registered new interface driver hub
[   16.741609] usbcore: registered new device driver usb
[   16.958073] wkup_m3_ipc 44e11324.wkup_m3_ipc: IPC Request for A8->M3 Channel failed! -517
[   17.343439] tda998x 0-0070: found TDA19988
[   17.444948] wkup_m3_ipc 44e11324.wkup_m3_ipc: IPC Request for A8->M3 Channel failed! -517
[   17.588337] musb-hdrc musb-hdrc.1: MUSB HDRC host driver
[   17.593879] musb-hdrc musb-hdrc.1: new USB bus registered, assigned bus number 1
[   17.602184] wkup_m3_ipc 44e11324.wkup_m3_ipc: IPC Request for A8->M3 Channel failed! -517
[   17.734795] wkup_m3_ipc 44e11324.wkup_m3_ipc: IPC Request for A8->M3 Channel failed! -517
[   17.800014] usb usb1: New USB device found, idVendor=1d6b, idProduct=0002, bcdDevice= 6.11
[   17.808581] usb usb1: New USB device strings: Mfr=3, Product=2, SerialNumber=1
[   17.815934] usb usb1: Product: MUSB HDRC host driver
[   17.820933] usb usb1: Manufacturer: Linux 6.11.0-g73ea23d406f1 musb-hcd
[   17.827634] usb usb1: SerialNumber: musb-hdrc.1
[   18.009497] hub 1-0:1.0: USB hub found
[   18.075456] hub 1-0:1.0: 1 port detected
[   18.171640] wkup_m3_ipc 44e11324.wkup_m3_ipc: IPC Request for A8->M3 Channel failed! -517
[   18.222932] wkup_m3_ipc 44e11324.wkup_m3_ipc: IPC Request for A8->M3 Channel failed! -517
[   18.284573] omap-mailbox 480c8000.mailbox: omap mailbox rev 0x400
[   18.494433] remoteproc remoteproc0: powering up wkup_m3
[   18.713038] remoteproc remoteproc0: Direct firmware load for am335x-pm-firmware.elf failed with error -2
[   18.722829] remoteproc remoteproc0: request_firmware failed: -2
[   18.728878] wkup_m3_ipc 44e11324.wkup_m3_ipc: rproc_boot failed
[   20.129036] tilcdc 4830e000.lcdc: bound 0-0070 (ops tda998x_driver_exit [tda998x])
[   20.264467] omap_rng 48310000.rng: Random Number Generator ver. 20
[   20.306935] [drm] Initialized tilcdc 1.0.0 for 4830e000.lcdc on minor 0
[   20.367869] tilcdc 4830e000.lcdc: [drm] Cannot find any crtc or sizes
[   20.406717] tilcdc 4830e000.lcdc: [drm] Cannot find any crtc or sizes
[[0;32m  OK  [0m] Started Telephony service.
         Starting Connection service...
         Starting Avahi mDNS/DNS-SD Stack...
         Starting DUN service...
[[0;32m  OK  [0m] Started System Logging Service.
[[0;32m  OK  [0m] Started Cape Manager Service.
[[0;32m  OK  [0m] Found device /dev/ttyS0.
[   21.987915] omap-sham 53100000.sham: hw accel on OMAP rev 4.3
[   22.015433] PM: Cannot get wkup_m3_ipc handle
[   22.103911] omap-aes 53500000.aes: OMAP AES hw accel rev: 3.2
[   22.161561] omap-sham 53100000.sham: will run requests pump with realtime priority
[   22.178014] PM: Cannot get wkup_m3_ipc handle
[   22.259184] Bluetooth: Core ver 2.22
[   22.262995] NET: Registered PF_BLUETOOTH protocol family
[   22.268617] Bluetooth: HCI device and connection manager initialized
[   22.275131] Bluetooth: HCI socket layer initialized
[   22.280050] Bluetooth: L2CAP socket layer initialized
[   22.285200] Bluetooth: SCO socket layer initialized
[   22.311258] omap-aes 53500000.aes: will run requests pump with realtime priority
[   22.332424] PM: Cannot get wkup_m3_ipc handle
[   25.784662] PM: Cannot get wkup_m3_ipc handle
[   25.917556] PM: Cannot get wkup_m3_ipc handle
[[0;32m  OK  [0m] Started LSB: Start busybox udhcpd at boot time.
[[0;32m  OK  [0m] Started Raise network interfaces.
[[0;32m  OK  [0m] Started LSB: Load kernel modules needed to enable cpufreq scaling.
[   28.131904] configfs-gadget.g_multi gadget.0: HOST MAC 1c:ba:8c:a2:ed:6c
[   28.138908] configfs-gadget.g_multi gadget.0: MAC 1c:ba:8c:a2:ed:70
[   28.146361] configfs-gadget.g_multi gadget.0: HOST MAC 1c:ba:8c:a2:ed:6c
[   28.153121] configfs-gadget.g_multi gadget.0: MAC 1c:ba:8c:a2:ed:6d
[   28.167270] PM: Cannot get wkup_m3_ipc handle
[[0;32m  OK  [0m] Started DUN service.
[[0;32m  OK  [0m] Started Avahi mDNS/DNS-SD Stack.
[[0;32m  OK  [0m] Started Connection service.
[[0;32m  OK  [0m] Started Login Service.
[[0;32m  OK  [0m] Reached target Sound Card.
         Starting LSB: set CPUFreq kernel parameters...
[[0;32m  OK  [0m] Reached target Network.
         Starting OpenBSD Secure Shell server...
         Starting Permit User Sessions...
         Starting The Apache HTTP Server...
[[0;32m  OK  [0m] Reached target Network is Online.
         Starting LSB: Advanced IEEE 802.11 management daemon...
[[0;32m  OK  [0m] Started Permit User Sessions.
[[0;32m  OK  [0m] Started LSB: Advanced IEEE 802.11 management daemon.
         Starting Hostname Service...
         Starting WPA supplicant...
[[0;32m  OK  [0m] Started Getty on tty1.
[[0;32m  OK  [0m] Started Serial Getty on ttyS0.
[[0;32m  OK  [0m] Reached target Login Prompts.
[[0;32m  OK  [0m] Started LSB: set CPUFreq kernel parameters.
[[0;32m  OK  [0m] Started WPA supplicant.
[[0;32m  OK  [0m] Started Hostname Service.
         Stopping LSB: Start busybox udhcpd at boot time...
[[0;32m  OK  [0m] Started OpenBSD Secure Shell server.
[[0;32m  OK  [0m] Stopped LSB: Start busybox udhcpd at boot time.
         Starting dnsmasq - A lightweight DHCP and caching DNS server...
[[0;32m  OK  [0m] Started The Apache HTTP Server.
[[0;32m  OK  [0m] Started dnsmasq - A lightweight DHCP and caching DNS server.
[[0;32m  OK  [0m] Reached target Host and Network Name Lookups.
[[0;32m  OK  [0m] Started Serial Getty on ttyGS0.
[[0;32m  OK  [0m] Started Generic Board Startup.
[[0;32m  OK  [0m] Reached target Multi-User System.
[[0;32m  OK  [0m] Reached target Graphical Interface.
         Starting Update UTMP about System Runlevel Changes...
[[0;32m  OK  [0m] Started Update UTMP about System Runlevel Changes.

Debian GNU/Linux 9 arm ttyS0

default username:password is [debian:temppwd]

arm login: root
Password: 
Last login: Sat Jan  1 00:00:36 UTC 2000 on ttyS0
root
Linux arm 6.11.0-g73ea23d406f1 #17 SMP Wed Sep 25 12:36:14 EEST 2024 armv7l

The programs included with the Debian GNU/Linux system are free software;
the exact distribution terms for each program are described in the
individual files in /usr/share/doc/*/copyright.

Debian GNU/Linux comes with ABSOLUTELY NO WARRANTY, to the extent
permitted by applicable law.
root@arm:~# root
-bash: root: command not found
root@arm:~# dmesg -n 1
root@arm:~# echo 'GMCY''OMXSBN'
GMCYOMXSBN
root@arm:~# run() { echo -n "$MARKER"; sh -c "$@"; echo "$MARKER $?"; }
root@arm:~# echo 'YNGA''GECFLG'
YNGAGECFLG
root@arm:~# MARKER='UJXO''XTBOGO' run 'cat /proc/version'
UJXOXTBOGOLinux version 6.11.0-g73ea23d406f1 (user01@drvtest01) (arm-linux-gnueabihf-gcc (Linaro GCC 6.4-2017.11) 6.4.1 20171012, GNU ld (Linaro_Binutils-2017.11) 2.27.0.20161229) #17 SMP Wed Sep 25 12:36:14 EEST 2024
UJXOXTBOGO 0
root@arm:~# echo 'ZCJN''EOALBM'
ZCJNEOALBM
root@arm:~# MARKER='MWOZ''NNWHWK' run false
MWOZNNWHWKMWOZNNWHWK 1
root@arm:~# Labgrid Console Logfile for main
Logfile started at 2024-09-25 12:38:21.334171
=== Log starts here ===

root@arm:~# run() { echo -n "$MARKER"; sh -c "$@"; echo "$MARKER $?"; }
root@arm:~# echo 'HMNN''GSOKQS'
HMNNGSOKQS
root@arm:~# MARKER='QTOM''EOQXFF' run 'insmod /mva_overlay.ko'
QTOMEOQXFFQTOMEOQXFF 0
root@arm:~# echo 'HMZJ''QSWXHO'
HMZJQSWXHO
root@arm:~# MARKER='GZPV''UWFLLG' run lsmod
GZPVUWFLLGModule                  Size  Used by
mva_overlay            65536  0
usb_f_acm              12288  2
u_serial               16384  3 usb_f_acm
usb_f_ecm              16384  2
usb_f_rndis            24576  2
u_ether                16384  2 usb_f_ecm,usb_f_rndis
iptable_nat            12288  0
nf_nat                 36864  1 iptable_nat
libcomposite           57344  15 usb_f_ecm,usb_f_acm,u_ether,usb_f_rndis
nf_conntrack          110592  1 nf_nat
nf_defrag_ipv6         16384  1 nf_conntrack
nf_defrag_ipv4         12288  1 nf_conntrack
snd_soc_hdmi_codec     16384  1
iptable_mangle         12288  0
evdev                  20480  0
iptable_filter         12288  0
snd_soc_simple_card    16384  0
snd_soc_simple_card_utils    20480  1 snd_soc_simple_card
omap_aes_driver        24576  0
bluetooth             610304  2
pm33xx                 12288  0
omap_sham              28672  0
omap_crypto            12288  1 omap_aes_driver
ti_emif_sram           12288  1 pm33xx
crypto_engine          12288  2 omap_aes_driver,omap_sham
ecdh_generic           12288  1 bluetooth
ecc                    36864  1 ecdh_generic
libaes                 12288  2 omap_aes_driver,bluetooth
omap_rng               12288  0
rng_core               16384  1 omap_rng
tilcdc                 32768  0
drm_dma_helper         16384  1 tilcdc
snd_soc_davinci_mcasp    32768  2
snd_soc_ti_udma        12288  1 snd_soc_davinci_mcasp
snd_soc_ti_edma        12288  1 snd_soc_davinci_mcasp
snd_soc_ti_sdma        12288  1 snd_soc_davinci_mcasp
snd_soc_core          192512  7 snd_soc_davinci_mcasp,snd_soc_hdmi_codec,snd_soc_simple_card_utils,snd_soc_ti_sdma,snd_soc_ti_edma,snd_soc_ti_udma,snd_soc_simple_card
snd_pcm_dmaengine      12288  1 snd_soc_core
snd_pcm               110592  5 snd_soc_davinci_mcasp,snd_pcm_dmaengine,snd_soc_hdmi_codec,snd_soc_simple_card_utils,snd_soc_core
omap_mailbox           12288  1
snd_timer              28672  1 snd_pcm
snd                    69632  4 snd_soc_hdmi_codec,snd_timer,snd_soc_core,snd_pcm
soundcore              12288  1 snd
musb_dsps              16384  0
musb_hdrc             131072  1 musb_dsps
tda998x                20480  0
udc_core               45056  7 usb_f_ecm,usb_f_acm,u_serial,musb_hdrc,u_ether,usb_f_rndis,libcomposite
drm_kms_helper        122880  3 drm_dma_helper,tda998x,tilcdc
usbcore               225280  1 musb_hdrc
phy_am335x             12288  2
phy_generic            12288  1 phy_am335x
usb_common             12288  6 phy_am335x,udc_core,musb_hdrc,libcomposite,musb_dsps,usbcore
cppi41                 16384  60
drm                   417792  5 drm_dma_helper,tda998x,tilcdc,drm_kms_helper
wkup_m3_ipc            12288  1 pm33xx
tps65218_pwrbutton     12288  0
drm_panel_orientation_quirks    12288  1 drm
at24                   16384  0
omap_wdt               12288  0
phy_am335x_control     12288  1 phy_am335x
watchdog               24576  1 omap_wdt
rtc_omap               16384  2 pm33xx
wkup_m3_rproc          12288  1
leds_gpio              12288  0
cpufreq_dt             12288  0
led_class              12288  1 leds_gpio
ip_tables              20480  3 iptable_mangle,iptable_filter,iptable_nat
x_tables               24576  4 iptable_mangle,ip_tables,iptable_filter,iptable_nat
autofs4                40960  2
GZPVUWFLLG 0
root@arm:~# Labgrid Console Logfile for main
Logfile started at 2024-09-25 12:38:25.068526
=== Log starts here ===

root@arm:~# run() { echo -n "$MARKER"; sh -c "$@"; echo "$MARKER $?"; }
root@arm:~# echo 'PMWQ''ZQKNBX'
PMWQZQKNBX
root@arm:~# MARKER='GZMX''PELNOH' run 'dd if=/bd9576_test.dtbo of=/sys/kernel/mvaa_overlay/overlay_add bs=1M'
GZMXPELNOH0+1 records in
0+1 records out
3397 bytes (3.4 kB, 3.3 KiB) copied, 0.0881524 s, 38.5 kB/s
GZMXPELNOH 0
root@arm:~# echo 'WHOB''WZVESZ'
WHOBWZVESZ
root@arm:~# MARKER='YPMJ''BVVLUU' run lsmod
YPMJBVVLUUModule                  Size  Used by
bd9576_regulator       16384  0
bd9576_wdt             12288  0
rohm_bd9576            12288  0
mva_overlay            65536  0
usb_f_acm              12288  2
u_serial               16384  3 usb_f_acm
usb_f_ecm              16384  2
usb_f_rndis            24576  2
u_ether                16384  2 usb_f_ecm,usb_f_rndis
iptable_nat            12288  0
nf_nat                 36864  1 iptable_nat
libcomposite           57344  15 usb_f_ecm,usb_f_acm,u_ether,usb_f_rndis
nf_conntrack          110592  1 nf_nat
nf_defrag_ipv6         16384  1 nf_conntrack
nf_defrag_ipv4         12288  1 nf_conntrack
snd_soc_hdmi_codec     16384  1
iptable_mangle         12288  0
evdev                  20480  0
iptable_filter         12288  0
snd_soc_simple_card    16384  0
snd_soc_simple_card_utils    20480  1 snd_soc_simple_card
omap_aes_driver        24576  0
bluetooth             610304  2
pm33xx                 12288  0
omap_sham              28672  0
omap_crypto            12288  1 omap_aes_driver
ti_emif_sram           12288  1 pm33xx
crypto_engine          12288  2 omap_aes_driver,omap_sham
ecdh_generic           12288  1 bluetooth
ecc                    36864  1 ecdh_generic
libaes                 12288  2 omap_aes_driver,bluetooth
omap_rng               12288  0
rng_core               16384  1 omap_rng
tilcdc                 32768  0
drm_dma_helper         16384  1 tilcdc
snd_soc_davinci_mcasp    32768  2
snd_soc_ti_udma        12288  1 snd_soc_davinci_mcasp
snd_soc_ti_edma        12288  1 snd_soc_davinci_mcasp
snd_soc_ti_sdma        12288  1 snd_soc_davinci_mcasp
snd_soc_core          192512  7 snd_soc_davinci_mcasp,snd_soc_hdmi_codec,snd_soc_simple_card_utils,snd_soc_ti_sdma,snd_soc_ti_edma,snd_soc_ti_udma,snd_soc_simple_card
snd_pcm_dmaengine      12288  1 snd_soc_core
snd_pcm               110592  5 snd_soc_davinci_mcasp,snd_pcm_dmaengine,snd_soc_hdmi_codec,snd_soc_simple_card_utils,snd_soc_core
omap_mailbox           12288  1
snd_timer              28672  1 snd_pcm
snd                    69632  4 snd_soc_hdmi_codec,snd_timer,snd_soc_core,snd_pcm
soundcore              12288  1 snd
musb_dsps              16384  0
musb_hdrc             131072  1 musb_dsps
tda998x                20480  0
udc_core               45056  7 usb_f_ecm,usb_f_acm,u_serial,musb_hdrc,u_ether,usb_f_rndis,libcomposite
drm_kms_helper        122880  3 drm_dma_helper,tda998x,tilcdc
usbcore               225280  1 musb_hdrc
phy_am335x             12288  2
phy_generic            12288  1 phy_am335x
usb_common             12288  6 phy_am335x,udc_core,musb_hdrc,libcomposite,musb_dsps,usbcore
cppi41                 16384  60
drm                   417792  5 drm_dma_helper,tda998x,tilcdc,drm_kms_helper
wkup_m3_ipc            12288  1 pm33xx
tps65218_pwrbutton     12288  0
drm_panel_orientation_quirks    12288  1 drm
at24                   16384  0
omap_wdt               12288  0
phy_am335x_control     12288  1 phy_am335x
watchdog               24576  2 bd9576_wdt,omap_wdt
rtc_omap               16384  2 pm33xx
wkup_m3_rproc          12288  1
leds_gpio              12288  0
cpufreq_dt             12288  0
led_class              12288  1 leds_gpio
ip_tables              20480  3 iptable_mangle,iptable_filter,iptable_nat
x_tables               24576  4 iptable_mangle,ip_tables,iptable_filter,iptable_nat
autofs4                40960  2
YPMJBVVLUU 0
root@arm:Labgrid Console Logfile for main
Logfile started at 2024-09-25 12:38:30.871117
=== Log starts here ===

root@arm:~# run() { echo -n "$MARKER"; sh -c "$@"; echo "$MARKER $?"; }
root@arm:~# echo 'FOZY''BKUCFV'
FOZYBKUCFV
root@arm:~# MARKER='HTFO''UVLNWC' run 'insmod /bd9576-test.ko'
HTFOUVLNWCHTFOUVLNWC 0
root@arm:~# echo 'VENZ''TCFZFL'
VENZTCFZFL
root@arm:~# MARKER='YZJF''JLGZAJ' run lsmod
YZJFJLGZAJModule                  Size  Used by
bd9576_test            12288  0
bd9576_regulator       16384  6
bd9576_wdt             12288  0
rohm_bd9576            12288  0
mva_overlay            65536  0
usb_f_acm              12288  2
u_serial               16384  3 usb_f_acm
usb_f_ecm              16384  2
usb_f_rndis            24576  2
u_ether                16384  2 usb_f_ecm,usb_f_rndis
iptable_nat            12288  0
nf_nat                 36864  1 iptable_nat
libcomposite           57344  15 usb_f_ecm,usb_f_acm,u_ether,usb_f_rndis
nf_conntrack          110592  1 nf_nat
nf_defrag_ipv6         16384  1 nf_conntrack
nf_defrag_ipv4         12288  1 nf_conntrack
snd_soc_hdmi_codec     16384  1
iptable_mangle         12288  0
evdev                  20480  0
iptable_filter         12288  0
snd_soc_simple_card    16384  0
snd_soc_simple_card_utils    20480  1 snd_soc_simple_card
omap_aes_driver        24576  0
bluetooth             610304  2
pm33xx                 12288  0
omap_sham              28672  0
omap_crypto            12288  1 omap_aes_driver
ti_emif_sram           12288  1 pm33xx
crypto_engine          12288  2 omap_aes_driver,omap_sham
ecdh_generic           12288  1 bluetooth
ecc                    36864  1 ecdh_generic
libaes                 12288  2 omap_aes_driver,bluetooth
omap_rng               12288  0
rng_core               16384  1 omap_rng
tilcdc                 32768  0
drm_dma_helper         16384  1 tilcdc
snd_soc_davinci_mcasp    32768  2
snd_soc_ti_udma        12288  1 snd_soc_davinci_mcasp
snd_soc_ti_edma        12288  1 snd_soc_davinci_mcasp
snd_soc_ti_sdma        12288  1 snd_soc_davinci_mcasp
snd_soc_core          192512  7 snd_soc_davinci_mcasp,snd_soc_hdmi_codec,snd_soc_simple_card_utils,snd_soc_ti_sdma,snd_soc_ti_edma,snd_soc_ti_udma,snd_soc_simple_card
snd_pcm_dmaengine      12288  1 snd_soc_core
snd_pcm               110592  5 snd_soc_davinci_mcasp,snd_pcm_dmaengine,snd_soc_hdmi_codec,snd_soc_simple_card_utils,snd_soc_core
omap_mailbox           12288  1
snd_timer              28672  1 snd_pcm
snd                    69632  4 snd_soc_hdmi_codec,snd_timer,snd_soc_core,snd_pcm
soundcore              12288  1 snd
musb_dsps              16384  0
musb_hdrc             131072  1 musb_dsps
tda998x                20480  0
udc_core               45056  7 usb_f_ecm,usb_f_acm,u_serial,musb_hdrc,u_ether,usb_f_rndis,libcomposite
drm_kms_helper        122880  3 drm_dma_helper,tda998x,tilcdc
usbcore               225280  1 musb_hdrc
phy_am335x             12288  2
phy_generic            12288  1 phy_am335x
usb_common             12288  6 phy_am335x,udc_core,musb_hdrc,libcomposite,musb_dsps,usbcore
cppi41                 16384  60
drm                   417792  5 drm_dma_helper,tda998x,tilcdc,drm_kms_helper
wkup_m3_ipc            12288  1 pm33xx
tps65218_pwrbutton     12288  0
drm_panel_orientation_quirks    12288  1 drm
at24                   16384  0
omap_wdt               12288  0
phy_am335x_control     12288  1 phy_am335x
watchdog               24576  2 bd9576_wdt,omap_wdt
rtc_omap               16384  2 pm33xx
wkup_m3_rproc          12288  1
leds_gpio              12288  0
cpufreq_dt             12288  0
led_class              12288  1 leds_gpio
ip_tables              20480  3 iptable_mangle,iptable_filter,iptable_nat
x_tables               24576  4 iptable_mangle,ip_tables,iptable_filter,iptable_nat
autofs4                40960  2
YZJFJLGZAJ 0
root@arm:~# Labgrid Console Logfile for main
Logfile started at 2024-09-25 12:38:34.650699
=== Log starts here ===

root@arm:~# run() { echo -n "$MARKER"; sh -c "$@"; echo "$MARKER $?"; }
root@arm:~# echo 'LQMN''QEKTHG'
LQMNQEKTHG
root@arm:~# MARKER='LLEO''JNBVPC' run '/./init_regulator_test.sh bd9576'
LLEOJNBVPCboard bd9576 given
/./init_regulator_test.sh: line 38: buck10_en: command not found
/./init_regulator_test.sh: line 39: buck10_set: command not found
LLEOJNBVPC 0
root@arm:~# Labgrid Console Logfile for main
Logfile started at 2024-09-25 12:38:44.425503
=== Log starts here ===

root@arm:~# run() { echo -n "$MARKER"; sh -c "$@"; echo "$MARKER $?"; }
root@arm:~# echo 'LPXC''FQMCML'
LPXCFQMCML
root@arm:~# MARKER='WSLA''SXPVKT' run dmesg
WSLASXPVKT[    0.000000] Booting Linux on physical CPU 0x0
[    0.000000] Linux version 6.11.0-g73ea23d406f1 (user01@drvtest01) (arm-linux-gnueabihf-gcc (Linaro GCC 6.4-2017.11) 6.4.1 20171012, GNU ld (Linaro_Binutils-2017.11) 2.27.0.20161229) #17 SMP Wed Sep 25 12:36:14 EEST 2024
[    0.000000] CPU: ARMv7 Processor [413fc082] revision 2 (ARMv7), cr=10c5387d
[    0.000000] CPU: PIPT / VIPT nonaliasing data cache, VIPT aliasing instruction cache
[    0.000000] OF: fdt: Machine model: TI AM335x BeagleBone Black
[    0.000000] Memory policy: Data cache writeback
[    0.000000] cma: Reserved 16 MiB at 0x9e800000 on node -1
[    0.000000] Zone ranges:
[    0.000000]   Normal   [mem 0x0000000080000000-0x000000009fdfffff]
[    0.000000]   HighMem  empty
[    0.000000] Movable zone start for each node
[    0.000000] Early memory node ranges
[    0.000000]   node   0: [mem 0x0000000080000000-0x000000009fdfffff]
[    0.000000] Initmem setup node 0 [mem 0x0000000080000000-0x000000009fdfffff]
[    0.000000] CPU: All CPU(s) started in SVC mode.
[    0.000000] AM335X ES2.1 (sgx neon)
[    0.000000] percpu: Embedded 17 pages/cpu s39628 r8192 d21812 u69632
[    0.000000] pcpu-alloc: s39628 r8192 d21812 u69632 alloc=17*4096
[    0.000000] pcpu-alloc: [0] 0 
[    0.000000] Kernel command line: console=ttyO0,115200n8 root=/dev/nfs rw nfsroot=192.168.255.126:/home/user01/nfs,nfsvers=3 ip=192.168.255.1:192.168.255.126::255.255.255.0:bbb1:eth0 nfsrootdebug
[    0.000000] Unknown kernel command line parameters "nfsrootdebug", will be passed to user space.
[    0.000000] Dentry cache hash table entries: 65536 (order: 6, 262144 bytes, linear)
[    0.000000] Inode-cache hash table entries: 32768 (order: 5, 131072 bytes, linear)
[    0.000000] Built 1 zonelists, mobility grouping on.  Total pages: 130560
[    0.000000] mem auto-init: stack:off, heap alloc:off, heap free:off
[    0.000000] SLUB: HWalign=64, Order=0-3, MinObjects=0, CPUs=1, Nodes=1
[    0.000000] trace event string verifier disabled
[    0.000000] rcu: Hierarchical RCU implementation.
[    0.000000] rcu: 	RCU event tracing is enabled.
[    0.000000] rcu: 	RCU restricting CPUs from NR_CPUS=2 to nr_cpu_ids=1.
[    0.000000] rcu: RCU calculated value of scheduler-enlistment delay is 10 jiffies.
[    0.000000] rcu: Adjusting geometry for rcu_fanout_leaf=16, nr_cpu_ids=1
[    0.000000] NR_IRQS: 16, nr_irqs: 16, preallocated irqs: 16
[    0.000000] IRQ: Found an INTC at 0x(ptrval) (revision 5.0) with 128 interrupts
[    0.000000] rcu: srcu_init: Setting srcu_struct sizes based on contention.
[    0.000000] TI gptimer clocksource: always-on /ocp/interconnect@44c00000/segment@200000/target-module@31000
[    0.000002] sched_clock: 32 bits at 24MHz, resolution 41ns, wraps every 89478484971ns
[    0.000029] clocksource: dmtimer: mask: 0xffffffff max_cycles: 0xffffffff, max_idle_ns: 79635851949 ns
[    0.000506] TI gptimer clockevent: 24000000 Hz at /ocp/interconnect@48000000/segment@0/target-module@40000
[    0.002137] Console: colour dummy device 80x30
[    0.002208] WARNING: Your 'console=ttyO0' has been replaced by 'ttyS0'
[    0.002219] This ensures that you still see kernel messages. Please
[    0.002225] update your kernel commandline.
[    0.002271] Calibrating delay loop... 996.14 BogoMIPS (lpj=4980736)
[    0.090563] CPU: Testing write buffer coherency: ok
[    0.090670] CPU0: Spectre v2: using BPIALL workaround
[    0.090682] pid_max: default: 32768 minimum: 301
[    0.090808] LSM: initializing lsm=capability
[    0.090977] Mount-cache hash table entries: 1024 (order: 0, 4096 bytes, linear)
[    0.090997] Mountpoint-cache hash table entries: 1024 (order: 0, 4096 bytes, linear)
[    0.092523] CPU0: thread -1, cpu 0, socket -1, mpidr 0
[    0.094233] Setting up static identity map for 0x80100000 - 0x80100078
[    0.094543] rcu: Hierarchical SRCU implementation.
[    0.094555] rcu: 	Max phase no-delay instances is 1000.
[    0.096224] smp: Bringing up secondary CPUs ...
[    0.096284] smp: Brought up 1 node, 1 CPU
[    0.096299] SMP: Total of 1 processors activated (996.14 BogoMIPS).
[    0.096313] CPU: All CPU(s) started in SVC mode.
[    0.096503] Memory: 480876K/522240K available (11264K kernel code, 1197K rwdata, 2856K rodata, 1024K init, 297K bss, 23344K reserved, 16384K cma-reserved, 0K highmem)
[    0.097310] devtmpfs: initialized
[    0.113665] VFP support v0.3: implementor 41 architecture 3 part 30 variant c rev 3
[    0.114025] clocksource: jiffies: mask: 0xffffffff max_cycles: 0xffffffff, max_idle_ns: 19112604462750000 ns
[    0.114064] futex hash table entries: 256 (order: 2, 16384 bytes, linear)
[    0.115355] pinctrl core: initialized pinctrl subsystem
[    0.118084] NET: Registered PF_NETLINK/PF_ROUTE protocol family
[    0.121074] DMA: preallocated 256 KiB pool for atomic coherent allocations
[    0.122036] audit: initializing netlink subsys (disabled)
[    0.123410] thermal_sys: Registered thermal governor 'fair_share'
[    0.123432] thermal_sys: Registered thermal governor 'step_wise'
[    0.123442] thermal_sys: Registered thermal governor 'user_space'
[    0.123557] audit: type=2000 audit(0.120:1): state=initialized audit_enabled=0 res=1
[    0.123631] cpuidle: using governor menu
[    0.142760] No ATAGs?
[    0.142793] hw-breakpoint: debug architecture 0x4 unsupported.
[    0.145683] kprobes: kprobe jump-optimization is enabled. All kprobes are optimized if possible.
[    0.163997] iommu: Default domain type: Translated
[    0.164024] iommu: DMA domain TLB invalidation policy: strict mode
[    0.165602] reg-fixed-voltage fixedregulator0: using DT '/fixedregulator0' for '(default)' GPIO lookup
[    0.165658] of_get_named_gpiod_flags: can't parse 'gpios' property of node '/fixedregulator0[0]'
[    0.165689] of_get_named_gpiod_flags: can't parse 'gpio' property of node '/fixedregulator0[0]'
[    0.165709] reg-fixed-voltage fixedregulator0: using lookup tables for GPIO lookup
[    0.165722] reg-fixed-voltage fixedregulator0: No GPIO consumer (default) found
[    0.171349] SCSI subsystem initialized
[    0.180989] libata version 3.00 loaded.
[    0.181370] pps_core: LinuxPPS API ver. 1 registered
[    0.181385] pps_core: Software ver. 5.3.6 - Copyright 2005-2007 Rodolfo Giometti <giometti@linux.it>
[    0.181410] PTP clock support registered
[    0.183325] vgaarb: loaded
[    0.183711] clocksource: Switched to clocksource dmtimer
[    0.184298] VFS: Disk quotas dquot_6.6.0
[    0.184340] VFS: Dquot-cache hash table entries: 1024 (order 0, 4096 bytes)
[    0.209761] NET: Registered PF_INET protocol family
[    0.210119] IP idents hash table entries: 8192 (order: 4, 65536 bytes, linear)
[    0.211520] tcp_listen_portaddr_hash hash table entries: 512 (order: 0, 4096 bytes, linear)
[    0.211560] Table-perturb hash table entries: 65536 (order: 6, 262144 bytes, linear)
[    0.211580] TCP established hash table entries: 4096 (order: 2, 16384 bytes, linear)
[    0.211625] TCP bind hash table entries: 4096 (order: 4, 65536 bytes, linear)
[    0.211725] TCP: Hash tables configured (established 4096 bind 4096)
[    0.211849] UDP hash table entries: 256 (order: 1, 8192 bytes, linear)
[    0.211879] UDP-Lite hash table entries: 256 (order: 1, 8192 bytes, linear)
[    0.212058] NET: Registered PF_UNIX/PF_LOCAL protocol family
[    0.224638] RPC: Registered named UNIX socket transport module.
[    0.224668] RPC: Registered udp transport module.
[    0.224676] RPC: Registered tcp transport module.
[    0.224682] RPC: Registered tcp-with-tls transport module.
[    0.224689] RPC: Registered tcp NFSv4.1 backchannel transport module.
[    0.224715] PCI: CLS 0 bytes, default 64
[    0.226177] Initialise system trusted keyrings
[    0.227244] workingset: timestamp_bits=14 max_order=17 bucket_order=3
[    0.228500] NFS: Registering the id_resolver key type
[    0.228576] Key type id_resolver registered
[    0.228586] Key type id_legacy registered
[    0.228636] jffs2: version 2.2. (NAND) (SUMMARY)  Â© 2001-2006 Red Hat, Inc.
[    0.229090] Key type asymmetric registered
[    0.229108] Asymmetric key parser 'x509' registered
[    0.229174] io scheduler mq-deadline registered
[    0.229188] io scheduler kyber registered
[    0.229261] io scheduler bfq registered
[    0.244163] Serial: 8250/16550 driver, 6 ports, IRQ sharing enabled
[    0.307085] brd: module loaded
[    0.318256] loop: module loaded
[    0.319192] mtdoops: mtd device (mtddev=name/number) must be supplied
[    0.335080] mdio_bus fixed-0: using lookup tables for GPIO lookup
[    0.335113] mdio_bus fixed-0: No GPIO consumer reset found
[    0.336512] i2c_dev: i2c /dev entries driver
[    0.337489] cpuidle: enable-method property 'ti,am3352' found operations
[    0.337938] sdhci: Secure Digital Host Controller Interface driver
[    0.337950] sdhci: Copyright(c) Pierre Ossman
[    0.338127] sdhci-pltfm: SDHCI platform and OF driver helper
[    0.338437] ledtrig-cpu: registered to indicate activity on CPUs
[    0.339382] Initializing XFRM netlink socket
[    0.339510] NET: Registered PF_INET6 protocol family
[    0.341357] Segment Routing with IPv6
[    0.341453] In-situ OAM (IOAM) with IPv6
[    0.341550] sit: IPv6, IPv4 and MPLS over IPv4 tunneling driver
[    0.342499] NET: Registered PF_PACKET protocol family
[    0.342545] NET: Registered PF_KEY protocol family
[    0.342666] Key type dns_resolver registered
[    0.342936] ThumbEE CPU extension supported.
[    0.342959] Registering SWP/SWPB emulation handler
[    0.343485] omap_voltage_late_init: Voltage driver support not added
[    0.344025] SmartReflex Class3 initialized
[    0.364553] Loading compiled-in X.509 certificates
[    0.423128] gpiochip_find_base_unlocked: found new base at 512
[    0.431539] platform 44e10800.pinmux: Fixed dependency cycle(s) with /ocp/interconnect@44c00000/segment@200000/target-module@10000/scm@0/pinmux@800/clkout2-pins
[    0.432104] pinctrl-single 44e10800.pinmux: 142 pins, size 568
[    0.437445] ti-sysc 44e31000.target-module: probe with driver ti-sysc failed with error -16
[    0.473342] ti-sysc 48040000.target-module: probe with driver ti-sysc failed with error -16
[    0.484554] gpiochip_find_base_unlocked: found new base at 512
[    0.484669] gpio gpiochip0: (gpio-0-31): created GPIO range 0->7 ==> 44e10800.pinmux PIN 0->7
[    0.484691] gpio gpiochip0: (gpio-0-31): created GPIO range 8->11 ==> 44e10800.pinmux PIN 90->93
[    0.484709] gpio gpiochip0: (gpio-0-31): created GPIO range 12->27 ==> 44e10800.pinmux PIN 12->27
[    0.484726] gpio gpiochip0: (gpio-0-31): created GPIO range 28->31 ==> 44e10800.pinmux PIN 30->33
[    0.514071] gpio gpiochip0: (gpio-0-31): added GPIO chardev (254:0)
[    0.514260] gpio gpiochip0: registered GPIOs 512 to 543 on gpio-0-31
[    0.514347] OMAP GPIO hardware version 0.1
[    0.537191] i2c i2c-2: using DT '/ocp/interconnect@48000000/segment@100000/target-module@9c000/i2c@0' for 'scl' GPIO lookup
[    0.537295] of_get_named_gpiod_flags: can't parse 'scl-gpios' property of node '/ocp/interconnect@48000000/segment@100000/target-module@9c000/i2c@0[0]'
[    0.537344] of_get_named_gpiod_flags: can't parse 'scl-gpio' property of node '/ocp/interconnect@48000000/segment@100000/target-module@9c000/i2c@0[0]'
[    0.537384] i2c i2c-2: using lookup tables for GPIO lookup
[    0.537396] i2c i2c-2: No GPIO consumer scl found
[    0.537420] i2c i2c-2: using DT '/ocp/interconnect@48000000/segment@100000/target-module@9c000/i2c@0' for 'sda' GPIO lookup
[    0.537458] of_get_named_gpiod_flags: can't parse 'sda-gpios' property of node '/ocp/interconnect@48000000/segment@100000/target-module@9c000/i2c@0[0]'
[    0.537498] of_get_named_gpiod_flags: can't parse 'sda-gpio' property of node '/ocp/interconnect@48000000/segment@100000/target-module@9c000/i2c@0[0]'
[    0.537532] i2c i2c-2: using lookup tables for GPIO lookup
[    0.537541] i2c i2c-2: No GPIO consumer sda found
[    0.538236] omap_i2c 4819c000.i2c: bus 2 rev0.11 at 100 kHz
[    0.543491] gpiochip_find_base_unlocked: found new base at 544
[    0.543597] gpio gpiochip1: (gpio-32-63): created GPIO range 0->17 ==> 44e10800.pinmux PIN 34->51
[    0.543619] gpio gpiochip1: (gpio-32-63): created GPIO range 18->21 ==> 44e10800.pinmux PIN 77->80
[    0.543636] gpio gpiochip1: (gpio-32-63): created GPIO range 22->31 ==> 44e10800.pinmux PIN 56->65
[    0.558337] gpio gpiochip1: (gpio-32-63): added GPIO chardev (254:1)
[    0.558503] gpio gpiochip1: registered GPIOs 544 to 575 on gpio-32-63
[    0.560693] gpiochip_find_base_unlocked: found new base at 576
[    0.560796] gpio gpiochip2: (gpio-64-95): created GPIO range 0->4 ==> 44e10800.pinmux PIN 66->70
[    0.560834] gpio gpiochip2: (gpio-64-95): created GPIO range 5->6 ==> 44e10800.pinmux PIN 98->99
[    0.560852] gpio gpiochip2: (gpio-64-95): created GPIO range 7->8 ==> 44e10800.pinmux PIN 75->76
[    0.560870] gpio gpiochip2: (gpio-64-95): created GPIO range 13->13 ==> 44e10800.pinmux PIN 141->141
[    0.560889] gpio gpiochip2: (gpio-64-95): created GPIO range 14->21 ==> 44e10800.pinmux PIN 100->107
[    0.561480] gpio gpiochip2: (gpio-64-95): added GPIO chardev (254:2)
[    0.561625] gpio gpiochip2: registered GPIOs 576 to 607 on gpio-64-95
[    0.567321] 48000000.interconnect:segment@200000:target-module@0:mpu@0:fck: device ID is greater than 24
[    0.571398] platform 4830e000.lcdc: Fixed dependency cycle(s) with /ocp/interconnect@44c00000/segment@200000/target-module@b000/i2c@0/tda19988@70
[    0.580718] mdio_bus 4a101000.mdio: using DT '/ocp/interconnect@4a000000/segment@0/target-module@100000/switch@0/mdio@1000' for 'reset' GPIO lookup
[    0.580800] of_get_named_gpiod_flags: can't parse 'reset-gpios' property of node '/ocp/interconnect@4a000000/segment@0/target-module@100000/switch@0/mdio@1000[0]'
[    0.580852] of_get_named_gpiod_flags: can't parse 'reset-gpio' property of node '/ocp/interconnect@4a000000/segment@0/target-module@100000/switch@0/mdio@1000[0]'
[    0.580903] mdio_bus 4a101000.mdio: using lookup tables for GPIO lookup
[    0.580915] mdio_bus 4a101000.mdio: No GPIO consumer reset found
[    0.582394] sdhci-omap 481d8000.mmc: using DT '/ocp/interconnect@48000000/segment@100000/target-module@d8000/mmc@0' for 'wp' GPIO lookup
[    0.582465] of_get_named_gpiod_flags: can't parse 'wp-gpios' property of node '/ocp/interconnect@48000000/segment@100000/target-module@d8000/mmc@0[0]'
[    0.582511] of_get_named_gpiod_flags: can't parse 'wp-gpio' property of node '/ocp/interconnect@48000000/segment@100000/target-module@d8000/mmc@0[0]'
[    0.582549] sdhci-omap 481d8000.mmc: using lookup tables for GPIO lookup
[    0.582560] sdhci-omap 481d8000.mmc: No GPIO consumer wp found
[    0.582761] sdhci-omap 481d8000.mmc: supply pbias not found, using dummy regulator
[    0.583221] sdhci-omap 481d8000.mmc: supply vqmmc not found, using dummy regulator
[    0.655478] davinci_mdio 4a101000.mdio: davinci mdio revision 1.6, bus freq 1000000
[    0.676049] mdio_bus 4a101000.mdio:00: using DT '/ocp/interconnect@4a000000/segment@0/target-module@100000/switch@0/mdio@1000/ethernet-phy@0' for 'reset' GPIO lookup
[    0.676159] of_get_named_gpiod_flags: parsed 'reset-gpios' property of node '/ocp/interconnect@4a000000/segment@0/target-module@100000/switch@0/mdio@1000/ethernet-phy@0[0]' - status (0)
[    0.676328] gpio gpiochip0: Persistence not supported for GPIO 8
[    0.771218] davinci_mdio 4a101000.mdio: phy[0]: device 4a101000.mdio:00, driver SMSC LAN8710/LAN8720
[    0.771858] cpsw-switch 4a100000.switch: initialized cpsw ale version 1.4
[    0.771882] cpsw-switch 4a100000.switch: ALE Table size 1024
[    0.772190] cpsw-switch 4a100000.switch: cpts: overflow check period 500 (jiffies)
[    0.772214] cpsw-switch 4a100000.switch: CPTS: ref_clk_freq:250000000 calc_mult:2147483648 calc_shift:29 error:0 nsec/sec
[    0.772325] cpsw-switch 4a100000.switch: Detected MACID = 6c:ec:eb:68:de:78
[    0.774349] cpsw-switch 4a100000.switch: initialized (regs 0x4a100000, pool size 256) hw_ver:0019010C 1.12 (0)
[    0.785233] debugfs: Directory '49000000.dma' with parent 'dmaengine' already present!
[    0.785282] edma 49000000.dma: TI EDMA DMA engine driver
[    0.825270] target-module@4b000000:target-module@140000:pmu@0:fck: device ID is greater than 24
[    0.847630] hw perfevents: enabled with armv7_cortex_a8 PMU driver, 5 counters available
[    0.848525] gpio-clk clk_mcasp0: using DT '/clk_mcasp0' for 'enable' GPIO lookup
[    0.848598] of_get_named_gpiod_flags: parsed 'enable-gpios' property of node '/clk_mcasp0[0]' - status (0)
[    0.848642] gpio gpiochip0: Persistence not supported for GPIO 27
[    0.849470] gpiochip_find_base_unlocked: found new base at 608
[    0.849592] gpio gpiochip3: (gpio-96-127): created GPIO range 0->7 ==> 44e10800.pinmux PIN 82->89
[    0.849616] gpio gpiochip3: (gpio-96-127): created GPIO range 8->11 ==> 44e10800.pinmux PIN 52->55
[    0.849635] gpio gpiochip3: (gpio-96-127): created GPIO range 12->15 ==> 44e10800.pinmux PIN 94->97
[    0.849652] gpio gpiochip3: (gpio-96-127): created GPIO range 16->17 ==> 44e10800.pinmux PIN 71->72
[    0.849669] gpio gpiochip3: (gpio-96-127): created GPIO range 18->18 ==> 44e10800.pinmux PIN 135->135
[    0.849687] gpio gpiochip3: (gpio-96-127): created GPIO range 19->20 ==> 44e10800.pinmux PIN 108->109
[    0.849705] gpio gpiochip3: (gpio-96-127): created GPIO range 21->21 ==> 44e10800.pinmux PIN 73->73
[    0.849724] gpio gpiochip3: (gpio-96-127): created GPIO range 22->23 ==> 44e10800.pinmux PIN 8->9
[    0.849742] gpio gpiochip3: (gpio-96-127): created GPIO range 26->27 ==> 44e10800.pinmux PIN 10->11
[    0.849761] gpio gpiochip3: (gpio-96-127): created GPIO range 28->28 ==> 44e10800.pinmux PIN 74->74
[    0.849782] gpio gpiochip3: (gpio-96-127): created GPIO range 29->29 ==> 44e10800.pinmux PIN 81->81
[    0.849802] gpio gpiochip3: (gpio-96-127): created GPIO range 30->31 ==> 44e10800.pinmux PIN 28->29
[    0.851000] gpio gpiochip3: (gpio-96-127): added GPIO chardev (254:3)
[    0.851153] gpio gpiochip3: registered GPIOs 608 to 639 on gpio-96-127
[    0.858228] l3-aon-clkctrl:0000:0: failed to disable
[    0.858843] omap8250 44e09000.serial: using DT '/ocp/interconnect@44c00000/segment@200000/target-module@9000/serial@0' for 'rs485-term' GPIO lookup
[    0.858914] of_get_named_gpiod_flags: can't parse 'rs485-term-gpios' property of node '/ocp/interconnect@44c00000/segment@200000/target-module@9000/serial@0[0]'
[    0.858962] of_get_named_gpiod_flags: can't parse 'rs485-term-gpio' property of node '/ocp/interconnect@44c00000/segment@200000/target-module@9000/serial@0[0]'
[    0.859001] omap8250 44e09000.serial: using lookup tables for GPIO lookup
[    0.859013] omap8250 44e09000.serial: No GPIO consumer rs485-term found
[    0.859024] omap8250 44e09000.serial: using DT '/ocp/interconnect@44c00000/segment@200000/target-module@9000/serial@0' for 'rs485-rx-during-tx' GPIO lookup
[    0.859062] of_get_named_gpiod_flags: can't parse 'rs485-rx-during-tx-gpios' property of node '/ocp/interconnect@44c00000/segment@200000/target-module@9000/serial@0[0]'
[    0.859102] of_get_named_gpiod_flags: can't parse 'rs485-rx-during-tx-gpio' property of node '/ocp/interconnect@44c00000/segment@200000/target-module@9000/serial@0[0]'
[    0.859137] omap8250 44e09000.serial: using lookup tables for GPIO lookup
[    0.859146] omap8250 44e09000.serial: No GPIO consumer rs485-rx-during-tx found
[    0.859527] 44e09000.serial: ttyS0 at MMIO 0x44e09000 (irq = 34, base_baud = 3000000) is a 8250
[    0.859613] printk: legacy console [ttyS0] enabled
[    2.096097] i2c i2c-0: using DT '/ocp/interconnect@44c00000/segment@200000/target-module@b000/i2c@0' for 'scl' GPIO lookup
[    2.096186] of_get_named_gpiod_flags: can't parse 'scl-gpios' property of node '/ocp/interconnect@44c00000/segment@200000/target-module@b000/i2c@0[0]'
[    2.096235] of_get_named_gpiod_flags: can't parse 'scl-gpio' property of node '/ocp/interconnect@44c00000/segment@200000/target-module@b000/i2c@0[0]'
[    2.096277] i2c i2c-0: using lookup tables for GPIO lookup
[    2.096290] i2c i2c-0: No GPIO consumer scl found
[    2.096316] i2c i2c-0: using DT '/ocp/interconnect@44c00000/segment@200000/target-module@b000/i2c@0' for 'sda' GPIO lookup
[    2.096357] of_get_named_gpiod_flags: can't parse 'sda-gpios' property of node '/ocp/interconnect@44c00000/segment@200000/target-module@b000/i2c@0[0]'
[    2.096399] of_get_named_gpiod_flags: can't parse 'sda-gpio' property of node '/ocp/interconnect@44c00000/segment@200000/target-module@b000/i2c@0[0]'
[    2.096436] i2c i2c-0: using lookup tables for GPIO lookup
[    2.096447] i2c i2c-0: No GPIO consumer sda found
[    2.135626] tps65217-pmic: Failed to locate of_node [id: -1]
[    2.141698] tps65217-bl: Failed to locate of_node [id: -1]
[    2.162486] tps65217 0-0024: TPS65217 ID 0xe version 1.2
[    2.168681] platform 4830e000.lcdc: Fixed dependency cycle(s) with /ocp/interconnect@44c00000/segment@200000/target-module@b000/i2c@0/tda19988@70
[    2.182099] i2c 0-0070: Fixed dependency cycle(s) with /ocp/interconnect@48000000/segment@300000/target-module@e000/lcdc@0
[    2.193500] omap_i2c 44e0b000.i2c: bus 0 rev0.11 at 400 kHz
[    2.201510] sdhci-omap 48060000.mmc: using DT '/ocp/interconnect@48000000/segment@0/target-module@60000/mmc@0' for 'cd' GPIO lookup
[    2.201620] of_get_named_gpiod_flags: parsed 'cd-gpios' property of node '/ocp/interconnect@48000000/segment@0/target-module@60000/mmc@0[0]' - status (0)
[    2.201689] gpio gpiochip3: Persistence not supported for GPIO 6
[    2.201713] omap_gpio 44e07000.gpio: Could not set line 6 debounce to 200000 microseconds (-22)
[    2.210638] sdhci-omap 48060000.mmc: Got CD GPIO
[    2.215336] sdhci-omap 48060000.mmc: using DT '/ocp/interconnect@48000000/segment@0/target-module@60000/mmc@0' for 'wp' GPIO lookup
[    2.215388] of_get_named_gpiod_flags: can't parse 'wp-gpios' property of node '/ocp/interconnect@48000000/segment@0/target-module@60000/mmc@0[0]'
[    2.215434] of_get_named_gpiod_flags: can't parse 'wp-gpio' property of node '/ocp/interconnect@48000000/segment@0/target-module@60000/mmc@0[0]'
[    2.215474] sdhci-omap 48060000.mmc: using lookup tables for GPIO lookup
[    2.215488] sdhci-omap 48060000.mmc: No GPIO consumer wp found
[    2.215704] sdhci-omap 48060000.mmc: supply pbias not found, using dummy regulator
[    2.225326] sdhci-omap 481d8000.mmc: using DT '/ocp/interconnect@48000000/segment@100000/target-module@d8000/mmc@0' for 'wp' GPIO lookup
[    2.225405] of_get_named_gpiod_flags: can't parse 'wp-gpios' property of node '/ocp/interconnect@48000000/segment@100000/target-module@d8000/mmc@0[0]'
[    2.225454] of_get_named_gpiod_flags: can't parse 'wp-gpio' property of node '/ocp/interconnect@48000000/segment@100000/target-module@d8000/mmc@0[0]'
[    2.225495] sdhci-omap 481d8000.mmc: using lookup tables for GPIO lookup
[    2.225508] sdhci-omap 481d8000.mmc: No GPIO consumer wp found
[    2.226586] sdhci-omap 48060000.mmc: supply vqmmc not found, using dummy regulator
[    2.235121] sdhci-omap 481d8000.mmc: supply pbias not found, using dummy regulator
[    2.243111] sdhci-omap 481d8000.mmc: supply vqmmc not found, using dummy regulator
[    2.280230] mmc1: SDHCI controller on 481d8000.mmc [481d8000.mmc] using External DMA
[    2.288701] mmc0: SDHCI controller on 48060000.mmc [48060000.mmc] using External DMA
[    2.297485] cpsw-switch 4a100000.switch: starting ndev. mode: dual_mac
[    2.342805] mmc0: new high speed SDHC card at address 5048
[    2.349841] mmcblk0: mmc0:5048 SD16G 14.4 GiB
[    2.357820]  mmcblk0: p1 p2
[    2.361205] mmcblk0: p2 size 31221760 extends beyond EOD, truncated
[    2.375646] mmc1: new high speed MMC card at address 0001
[    2.382387] mmcblk1: mmc1:0001 MMC04G 3.60 GiB
[    2.389980]  mmcblk1: p1 p2
[    2.393647] SMSC LAN8710/LAN8720 4a101000.mdio:00: attached PHY driver (mii_bus:phy_addr=4a101000.mdio:00, irq=POLL)
[    2.405130] mmcblk1boot0: mmc1:0001 MMC04G 2.00 MiB
[    2.417975] mmcblk1boot1: mmc1:0001 MMC04G 2.00 MiB
[    2.425441] mmcblk1rpmb: mmc1:0001 MMC04G 128 KiB, chardev (250:0)
[    5.524452] cpsw-switch 4a100000.switch eth0: Link is Up - 100Mbps/Full - flow control off
[    5.563723] IP-Config: Complete:
[    5.566995]      device=eth0, hwaddr=6c:ec:eb:68:de:78, ipaddr=192.168.255.1, mask=255.255.255.0, gw=255.255.255.255
[    5.577618]      host=bbb1, domain=, nis-domain=(none)
[    5.582786]      bootserver=192.168.255.126, rootserver=192.168.255.126, rootpath=
[    5.583208] clk: Disabling unused clocks
[    5.595082] PM: genpd: Disabling unused power domains
[    5.600200] KTAP version 1
[    5.602921] 1..0
[    5.627995] VFS: Mounted root (nfs filesystem) on device 0:17.
[    5.634995] devtmpfs: mounted
[    5.639648] Freeing unused kernel image (initmem) memory: 1024K
[    5.646556] Run /sbin/init as init process
[    5.650693]   with arguments:
[    5.650706]     /sbin/init
[    5.650715]     nfsrootdebug
[    5.650724]   with environment:
[    5.650733]     HOME=/
[    5.650742]     TERM=linux
[    6.338303] systemd[1]: System time before build time, advancing clock.
[    7.793734] random: crng init done
[    7.864861] systemd[1]: systemd 232 running in system mode. (+PAM +AUDIT +SELINUX +IMA +APPARMOR +SMACK +SYSVINIT +UTMP +LIBCRYPTSETUP +GCRYPT +GNUTLS +ACL +XZ +LZ4 +SECCOMP +BLKID +ELFUTILS +KMOD +IDN)
[    7.883897] systemd[1]: Detected architecture arm.
[    7.926726] systemd[1]: Set hostname to <arm>.
[    9.015962] systemd[1]: Created slice User and Session Slice.
[    9.044593] systemd[1]: Started Forward Password Requests to Wall Directory Watch.
[    9.084728] systemd[1]: Listening on Journal Audit Socket.
[    9.125006] systemd[1]: Created slice System Slice.
[    9.165101] systemd[1]: Created slice system-serial\x2dgetty.slice.
[    9.237939] systemd[1]: Mounting POSIX Message Queue File System...
[    9.254385] systemd[1]: dev-hugepages.mount: Couldn't determine result for ConditionVirtualization=!private-users, assuming failed: No such file or directory
[   11.185547] systemd-journald[88]: Received request to flush runtime journal from PID 1
[   14.202019] leds-gpio leds: using DT '/leds/led2' for '(default)' GPIO lookup
[   14.202123] of_get_named_gpiod_flags: parsed 'gpios' property of node '/leds/led2[0]' - status (0)
[   14.202182] gpio gpiochip0: Persistence not supported for GPIO 21
[   14.202198] gpio-533 (?): no flags found for GPIO (default)
[   14.251554] leds-gpio leds: using DT '/leds/led3' for '(default)' GPIO lookup
[   14.251666] of_get_named_gpiod_flags: parsed 'gpios' property of node '/leds/led3[0]' - status (0)
[   14.251724] gpio gpiochip0: Persistence not supported for GPIO 22
[   14.251740] gpio-534 (?): no flags found for GPIO (default)
[   14.273973] leds-gpio leds: using DT '/leds/led4' for '(default)' GPIO lookup
[   14.274069] of_get_named_gpiod_flags: parsed 'gpios' property of node '/leds/led4[0]' - status (0)
[   14.274122] gpio gpiochip0: Persistence not supported for GPIO 23
[   14.274137] gpio-535 (?): no flags found for GPIO (default)
[   14.335444] leds-gpio leds: using DT '/leds/led5' for '(default)' GPIO lookup
[   14.335558] of_get_named_gpiod_flags: parsed 'gpios' property of node '/leds/led5[0]' - status (0)
[   14.335612] gpio gpiochip0: Persistence not supported for GPIO 24
[   14.335627] gpio-536 (?): no flags found for GPIO (default)
[   14.655992] remoteproc remoteproc0: wkup_m3 is available
[   14.797478] omap_rtc 44e3e000.rtc: registered as rtc0
[   14.802688] omap_rtc 44e3e000.rtc: setting system clock to 2000-01-01T00:00:00 UTC (946684800)
[   14.811597] omap_rtc 44e3e000.rtc: using DT '/ocp/interconnect@44c00000/segment@200000/target-module@3e000/rtc@0' for 'wp' GPIO lookup
[   14.811675] of_get_named_gpiod_flags: can't parse 'wp-gpios' property of node '/ocp/interconnect@44c00000/segment@200000/target-module@3e000/rtc@0[0]'
[   14.811727] of_get_named_gpiod_flags: can't parse 'wp-gpio' property of node '/ocp/interconnect@44c00000/segment@200000/target-module@3e000/rtc@0[0]'
[   14.811769] omap_rtc 44e3e000.rtc: using lookup tables for GPIO lookup
[   14.811784] omap_rtc 44e3e000.rtc: No GPIO consumer wp found
[   15.126977] at24 2-0054: supply vcc not found, using dummy regulator
[   15.173656] omap_wdt: OMAP Watchdog Timer Rev 0x01: initial timeout 60 sec
[   15.311462] at24 2-0055: supply vcc not found, using dummy regulator
[   15.470761] at24 2-0056: supply vcc not found, using dummy regulator
[   15.580200] at24 2-0057: supply vcc not found, using dummy regulator
[   15.666465] at24 0-0050: using DT '/ocp/interconnect@44c00000/segment@200000/target-module@b000/i2c@0/baseboard_eeprom@50' for 'wp' GPIO lookup
[   15.666576] of_get_named_gpiod_flags: can't parse 'wp-gpios' property of node '/ocp/interconnect@44c00000/segment@200000/target-module@b000/i2c@0/baseboard_eeprom@50[0]'
[   15.666637] of_get_named_gpiod_flags: can't parse 'wp-gpio' property of node '/ocp/interconnect@44c00000/segment@200000/target-module@b000/i2c@0/baseboard_eeprom@50[0]'
[   15.666685] at24 0-0050: using lookup tables for GPIO lookup
[   15.666700] at24 0-0050: No GPIO consumer wp found
[   15.666946] at24 0-0050: 32768 byte 24c256 EEPROM, writable, 1 bytes/write
[   15.766938] tps6521x_pwrbutton tps65217-pwrbutton: DMA mask not set
[   15.864852] wkup_m3_ipc 44e11324.wkup_m3_ipc: IPC Request for A8->M3 Channel failed! -517
[   15.924578] input: tps65217_pwrbutton as /devices/platform/ocp/44c00000.interconnect/44c00000.interconnect:segment@200000/44e0b000.target-module/44e0b000.i2c/i2c-0/0-0024/tps65217-pwrbutton/input/input0
[   15.954049] wkup_m3_ipc 44e11324.wkup_m3_ipc: IPC Request for A8->M3 Channel failed! -517
[   16.151380] wkup_m3_ipc 44e11324.wkup_m3_ipc: IPC Request for A8->M3 Channel failed! -517
[   16.548198] am335x-phy-driver 47401300.usb-phy: using DT '/ocp/target-module@47400000/usb-phy@1300' for 'reset' GPIO lookup
[   16.548351] of_get_named_gpiod_flags: can't parse 'reset-gpios' property of node '/ocp/target-module@47400000/usb-phy@1300[0]'
[   16.548451] of_get_named_gpiod_flags: can't parse 'reset-gpio' property of node '/ocp/target-module@47400000/usb-phy@1300[0]'
[   16.548494] am335x-phy-driver 47401300.usb-phy: using lookup tables for GPIO lookup
[   16.548550] am335x-phy-driver 47401300.usb-phy: No GPIO consumer reset found
[   16.548567] am335x-phy-driver 47401300.usb-phy: using DT '/ocp/target-module@47400000/usb-phy@1300' for 'vbus-detect' GPIO lookup
[   16.548604] of_get_named_gpiod_flags: can't parse 'vbus-detect-gpios' property of node '/ocp/target-module@47400000/usb-phy@1300[0]'
[   16.548678] of_get_named_gpiod_flags: can't parse 'vbus-detect-gpio' property of node '/ocp/target-module@47400000/usb-phy@1300[0]'
[   16.548709] am335x-phy-driver 47401300.usb-phy: using lookup tables for GPIO lookup
[   16.548722] am335x-phy-driver 47401300.usb-phy: No GPIO consumer vbus-detect found
[   16.548956] am335x-phy-driver 47401300.usb-phy: dummy supplies not allowed for exclusive requests (id=vbus)
[   16.705362] am335x-phy-driver 47401b00.usb-phy: using DT '/ocp/target-module@47400000/usb-phy@1b00' for 'reset' GPIO lookup
[   16.705452] of_get_named_gpiod_flags: can't parse 'reset-gpios' property of node '/ocp/target-module@47400000/usb-phy@1b00[0]'
[   16.705496] of_get_named_gpiod_flags: can't parse 'reset-gpio' property of node '/ocp/target-module@47400000/usb-phy@1b00[0]'
[   16.705535] am335x-phy-driver 47401b00.usb-phy: using lookup tables for GPIO lookup
[   16.705551] am335x-phy-driver 47401b00.usb-phy: No GPIO consumer reset found
[   16.705565] am335x-phy-driver 47401b00.usb-phy: using DT '/ocp/target-module@47400000/usb-phy@1b00' for 'vbus-detect' GPIO lookup
[   16.705597] of_get_named_gpiod_flags: can't parse 'vbus-detect-gpios' property of node '/ocp/target-module@47400000/usb-phy@1b00[0]'
[   16.705629] of_get_named_gpiod_flags: can't parse 'vbus-detect-gpio' property of node '/ocp/target-module@47400000/usb-phy@1b00[0]'
[   16.705656] am335x-phy-driver 47401b00.usb-phy: using lookup tables for GPIO lookup
[   16.705669] am335x-phy-driver 47401b00.usb-phy: No GPIO consumer vbus-detect found
[   16.705815] am335x-phy-driver 47401b00.usb-phy: dummy supplies not allowed for exclusive requests (id=vbus)
[   16.716952] wkup_m3_ipc 44e11324.wkup_m3_ipc: IPC Request for A8->M3 Channel failed! -517
[   16.730287] usbcore: registered new interface driver usbfs
[   16.736138] usbcore: registered new interface driver hub
[   16.741609] usbcore: registered new device driver usb
[   16.958073] wkup_m3_ipc 44e11324.wkup_m3_ipc: IPC Request for A8->M3 Channel failed! -517
[   17.343439] tda998x 0-0070: found TDA19988
[   17.444948] wkup_m3_ipc 44e11324.wkup_m3_ipc: IPC Request for A8->M3 Channel failed! -517
[   17.588337] musb-hdrc musb-hdrc.1: MUSB HDRC host driver
[   17.593879] musb-hdrc musb-hdrc.1: new USB bus registered, assigned bus number 1
[   17.602184] wkup_m3_ipc 44e11324.wkup_m3_ipc: IPC Request for A8->M3 Channel failed! -517
[   17.734795] wkup_m3_ipc 44e11324.wkup_m3_ipc: IPC Request for A8->M3 Channel failed! -517
[   17.800014] usb usb1: New USB device found, idVendor=1d6b, idProduct=0002, bcdDevice= 6.11
[   17.808581] usb usb1: New USB device strings: Mfr=3, Product=2, SerialNumber=1
[   17.815934] usb usb1: Product: MUSB HDRC host driver
[   17.820933] usb usb1: Manufacturer: Linux 6.11.0-g73ea23d406f1 musb-hcd
[   17.827634] usb usb1: SerialNumber: musb-hdrc.1
[   18.009497] hub 1-0:1.0: USB hub found
[   18.075456] hub 1-0:1.0: 1 port detected
[   18.171640] wkup_m3_ipc 44e11324.wkup_m3_ipc: IPC Request for A8->M3 Channel failed! -517
[   18.222932] wkup_m3_ipc 44e11324.wkup_m3_ipc: IPC Request for A8->M3 Channel failed! -517
[   18.284573] omap-mailbox 480c8000.mailbox: omap mailbox rev 0x400
[   18.494433] remoteproc remoteproc0: powering up wkup_m3
[   18.713038] remoteproc remoteproc0: Direct firmware load for am335x-pm-firmware.elf failed with error -2
[   18.722829] remoteproc remoteproc0: request_firmware failed: -2
[   18.728878] wkup_m3_ipc 44e11324.wkup_m3_ipc: rproc_boot failed
[   20.129036] tilcdc 4830e000.lcdc: bound 0-0070 (ops tda998x_driver_exit [tda998x])
[   20.264467] omap_rng 48310000.rng: Random Number Generator ver. 20
[   20.306935] [drm] Initialized tilcdc 1.0.0 for 4830e000.lcdc on minor 0
[   20.367869] tilcdc 4830e000.lcdc: [drm] Cannot find any crtc or sizes
[   20.406717] tilcdc 4830e000.lcdc: [drm] Cannot find any crtc or sizes
[   21.987915] omap-sham 53100000.sham: hw accel on OMAP rev 4.3
[   22.015433] PM: Cannot get wkup_m3_ipc handle
[   22.103911] omap-aes 53500000.aes: OMAP AES hw accel rev: 3.2
[   22.161561] omap-sham 53100000.sham: will run requests pump with realtime priority
[   22.178014] PM: Cannot get wkup_m3_ipc handle
[   22.259184] Bluetooth: Core ver 2.22
[   22.262995] NET: Registered PF_BLUETOOTH protocol family
[   22.268617] Bluetooth: HCI device and connection manager initialized
[   22.275131] Bluetooth: HCI socket layer initialized
[   22.280050] Bluetooth: L2CAP socket layer initialized
[   22.285200] Bluetooth: SCO socket layer initialized
[   22.311258] omap-aes 53500000.aes: will run requests pump with realtime priority
[   22.332424] PM: Cannot get wkup_m3_ipc handle
[   25.784662] PM: Cannot get wkup_m3_ipc handle
[   25.790458] asoc-simple-card sound: using DT '/sound' for 'simple-audio-card,hp-det' GPIO lookup
[   25.790526] of_get_named_gpiod_flags: can't parse 'simple-audio-card,hp-det-gpios' property of node '/sound[0]'
[   25.790564] of_get_named_gpiod_flags: can't parse 'simple-audio-card,hp-det-gpio' property of node '/sound[0]'
[   25.790590] asoc-simple-card sound: using lookup tables for GPIO lookup
[   25.790604] asoc-simple-card sound: No GPIO consumer simple-audio-card,hp-det found
[   25.790620] asoc-simple-card sound: using DT '/sound' for 'simple-audio-card,mic-det' GPIO lookup
[   25.790645] of_get_named_gpiod_flags: can't parse 'simple-audio-card,mic-det-gpios' property of node '/sound[0]'
[   25.790671] of_get_named_gpiod_flags: can't parse 'simple-audio-card,mic-det-gpio' property of node '/sound[0]'
[   25.790691] asoc-simple-card sound: using lookup tables for GPIO lookup
[   25.790703] asoc-simple-card sound: No GPIO consumer simple-audio-card,mic-det found
[   25.917556] PM: Cannot get wkup_m3_ipc handle
[   27.722850] userial_init: registered 8 ttyGS* devices
[   28.013004] rndis_register: configNr = 0
[   28.130632] udc musb-hdrc.0: binding gadget driver [g_multi]
[   28.130726] configfs-gadget.g_multi gadget.0: adding 'rndis'/eea38b8f to config 'c'/8aa5610c
[   28.131904] configfs-gadget.g_multi gadget.0: HOST MAC 1c:ba:8c:a2:ed:6c
[   28.138908] configfs-gadget.g_multi gadget.0: MAC 1c:ba:8c:a2:ed:70
[   28.145347] rndis_set_param_medium: 0 0
[   28.145369] configfs-gadget.g_multi gadget.0: RNDIS: IN/ep1in OUT/ep1out NOTIFY/ep2in
[   28.145387] configfs-gadget.g_multi gadget.0: adding 'cdc_ethernet'/76ce4882 to config 'c'/8aa5610c
[   28.146361] configfs-gadget.g_multi gadget.0: HOST MAC 1c:ba:8c:a2:ed:6c
[   28.153121] configfs-gadget.g_multi gadget.0: MAC 1c:ba:8c:a2:ed:6d
[   28.159580] configfs-gadget.g_multi gadget.0: CDC Ethernet: IN/ep3in OUT/ep2out NOTIFY/ep4in
[   28.159601] configfs-gadget.g_multi gadget.0: adding 'acm'/7c7efcac to config 'c'/8aa5610c
[   28.159652] configfs-gadget.g_multi gadget.0: acm ttyGS0: IN/ep5in OUT/ep3out NOTIFY/ep6in
[   28.167270] PM: Cannot get wkup_m3_ipc handle
[   29.365714] configfs-gadget.g_multi gadget.0: eth_open
[   30.045802] configfs-gadget.g_multi gadget.0: stop stats: rx/tx 0/0, errs 0/0
[   34.699119] gs_open: ttyGS0 (c0191611,71d3b450)
[   34.699277] gs_close: ttyGS0 (c0191611,71d3b450) ...
[   34.699302] gs_close: ttyGS0 (c0191611,71d3b450) done!
[   34.715888] gs_open: ttyGS0 (177f998e,9e4b2d97)
[   34.716051] gs_close: ttyGS0 (177f998e,9e4b2d97) ...
[   34.716073] gs_close: ttyGS0 (177f998e,9e4b2d97) done!
[   34.858414] gs_open: ttyGS0 (4864b83a,54ee9b2d)
[   34.858682] gs_close: ttyGS0 (4864b83a,54ee9b2d) ...
[   34.858716] gs_close: ttyGS0 (4864b83a,54ee9b2d) done!
[   34.863494] gs_open: ttyGS0 (4864b83a,f9f9f2b5)
[   54.669069] mva_overlay: loading out-of-tree module taints kernel.
[   54.669888] mva_overlay_init: Hello Peeps
[   54.669934] create_sysfs_for_overlays: sysfs created
[   58.378766] overlay_modify_store: got overlay data (pos=0, size=3397
[   58.378835] overlay_modify_store: Writing 3397 byte overlay
[   58.379799] OF: overlay: WARNING: memory leak will occur if overlay removed, property: /ocp/interconnect@48000000/segment@100000/target-module@9c000/i2c@0/pinctrl-0
[   58.379865] OF: overlay: WARNING: memory leak will occur if overlay removed, property: /ocp/interconnect@48000000/segment@100000/target-module@9c000/i2c@0/clock-frequency
[   58.379905] OF: overlay: WARNING: memory leak will occur if overlay removed, property: /ocp/interconnect@48000000/segment@100000/target-module@9c000/i2c@0/status
[   58.380170] OF: overlay: WARNING: memory leak will occur if overlay removed, property: /__symbols__/i2c1_pins
[   58.380231] OF: overlay: WARNING: memory leak will occur if overlay removed, property: /__symbols__/pmic
[   58.380283] OF: overlay: WARNING: memory leak will occur if overlay removed, property: /__symbols__/boost1
[   58.380334] OF: overlay: WARNING: memory leak will occur if overlay removed, property: /__symbols__/buck1
[   58.380385] OF: overlay: WARNING: memory leak will occur if overlay removed, property: /__symbols__/buck2
[   58.380436] OF: overlay: WARNING: memory leak will occur if overlay removed, property: /__symbols__/buck3
[   58.380489] OF: overlay: WARNING: memory leak will occur if overlay removed, property: /__symbols__/ldo
[   58.380540] OF: overlay: WARNING: memory leak will occur if overlay removed, property: /__symbols__/sw
[   58.380573] OF: overlay: WARNING: memory leak will occur if overlay removed, property: /__symbols__/irqtest
[   58.484402] PM: Cannot get wkup_m3_ipc handle
[   58.528931] bd9576-wdt bd9576-wdt.3.auto: using DT '/ocp/interconnect@48000000/segment@100000/target-module@9c000/i2c@0/pmic@30' for 'rohm,watchdog-enable' GPIO lookup
[   58.529072] of_get_named_gpiod_flags: parsed 'rohm,watchdog-enable-gpios' property of node '/ocp/interconnect@48000000/segment@100000/target-module@9c000/i2c@0/pmic@30[0]' - status (0)
[   58.529156] gpio gpiochip0: Persistence not supported for GPIO 28
[   58.529183] bd9576-wdt bd9576-wdt.3.auto: using DT '/ocp/interconnect@48000000/segment@100000/target-module@9c000/i2c@0/pmic@30' for 'rohm,watchdog-ping' GPIO lookup
[   58.529248] of_get_named_gpiod_flags: parsed 'rohm,watchdog-ping-gpios' property of node '/ocp/interconnect@48000000/segment@100000/target-module@9c000/i2c@0/pmic@30[0]' - status (0)
[   58.529374] gpio gpiochip1: Persistence not supported for GPIO 8
[   58.544618] PM: Cannot get wkup_m3_ipc handle
[   58.559856] bd957x-pmic bd9576-regulator.2.auto: using DT '/ocp/interconnect@48000000/segment@100000/target-module@9c000/i2c@0/pmic@30' for 'rohm,vout1-en' GPIO lookup
[   58.559995] of_get_named_gpiod_flags: parsed 'rohm,vout1-en-gpios' property of node '/ocp/interconnect@48000000/segment@100000/target-module@9c000/i2c@0/pmic@30[0]' - status (0)
[   58.560073] gpio gpiochip1: Persistence not supported for GPIO 6
[   58.626434] PM: Cannot get wkup_m3_ipc handle
[   64.194148] mva_test_init: Hello Peeps
WSLASXPVKT 0
root@arm:~# echo 'OTWH''OUUHAF'
OTWHOUUHAF
root@arm:~# MARKER='EEYF''TCBEOA' run 'modprobe test_linear_ranges'
EEYFTCBEOAEEYFTCBEOA 0
root@arm:~# echo 'OTMJ''OAJJFM'
OTMJOAJJFM
root@arm:~# MARKER='KQSP''GGYTAV' run dmesg
KQSPGGYTAV[    0.000000] Booting Linux on physical CPU 0x0
[    0.000000] Linux version 6.11.0-g73ea23d406f1 (user01@drvtest01) (arm-linux-gnueabihf-gcc (Linaro GCC 6.4-2017.11) 6.4.1 20171012, GNU ld (Linaro_Binutils-2017.11) 2.27.0.20161229) #17 SMP Wed Sep 25 12:36:14 EEST 2024
[    0.000000] CPU: ARMv7 Processor [413fc082] revision 2 (ARMv7), cr=10c5387d
[    0.000000] CPU: PIPT / VIPT nonaliasing data cache, VIPT aliasing instruction cache
[    0.000000] OF: fdt: Machine model: TI AM335x BeagleBone Black
[    0.000000] Memory policy: Data cache writeback
[    0.000000] cma: Reserved 16 MiB at 0x9e800000 on node -1
[    0.000000] Zone ranges:
[    0.000000]   Normal   [mem 0x0000000080000000-0x000000009fdfffff]
[    0.000000]   HighMem  empty
[    0.000000] Movable zone start for each node
[    0.000000] Early memory node ranges
[    0.000000]   node   0: [mem 0x0000000080000000-0x000000009fdfffff]
[    0.000000] Initmem setup node 0 [mem 0x0000000080000000-0x000000009fdfffff]
[    0.000000] CPU: All CPU(s) started in SVC mode.
[    0.000000] AM335X ES2.1 (sgx neon)
[    0.000000] percpu: Embedded 17 pages/cpu s39628 r8192 d21812 u69632
[    0.000000] pcpu-alloc: s39628 r8192 d21812 u69632 alloc=17*4096
[    0.000000] pcpu-alloc: [0] 0 
[    0.000000] Kernel command line: console=ttyO0,115200n8 root=/dev/nfs rw nfsroot=192.168.255.126:/home/user01/nfs,nfsvers=3 ip=192.168.255.1:192.168.255.126::255.255.255.0:bbb1:eth0 nfsrootdebug
[    0.000000] Unknown kernel command line parameters "nfsrootdebug", will be passed to user space.
[    0.000000] Dentry cache hash table entries: 65536 (order: 6, 262144 bytes, linear)
[    0.000000] Inode-cache hash table entries: 32768 (order: 5, 131072 bytes, linear)
[    0.000000] Built 1 zonelists, mobility grouping on.  Total pages: 130560
[    0.000000] mem auto-init: stack:off, heap alloc:off, heap free:off
[    0.000000] SLUB: HWalign=64, Order=0-3, MinObjects=0, CPUs=1, Nodes=1
[    0.000000] trace event string verifier disabled
[    0.000000] rcu: Hierarchical RCU implementation.
[    0.000000] rcu: 	RCU event tracing is enabled.
[    0.000000] rcu: 	RCU restricting CPUs from NR_CPUS=2 to nr_cpu_ids=1.
[    0.000000] rcu: RCU calculated value of scheduler-enlistment delay is 10 jiffies.
[    0.000000] rcu: Adjusting geometry for rcu_fanout_leaf=16, nr_cpu_ids=1
[    0.000000] NR_IRQS: 16, nr_irqs: 16, preallocated irqs: 16
[    0.000000] IRQ: Found an INTC at 0x(ptrval) (revision 5.0) with 128 interrupts
[    0.000000] rcu: srcu_init: Setting srcu_struct sizes based on contention.
[    0.000000] TI gptimer clocksource: always-on /ocp/interconnect@44c00000/segment@200000/target-module@31000
[    0.000002] sched_clock: 32 bits at 24MHz, resolution 41ns, wraps every 89478484971ns
[    0.000029] clocksource: dmtimer: mask: 0xffffffff max_cycles: 0xffffffff, max_idle_ns: 79635851949 ns
[    0.000506] TI gptimer clockevent: 24000000 Hz at /ocp/interconnect@48000000/segment@0/target-module@40000
[    0.002137] Console: colour dummy device 80x30
[    0.002208] WARNING: Your 'console=ttyO0' has been replaced by 'ttyS0'
[    0.002219] This ensures that you still see kernel messages. Please
[    0.002225] update your kernel commandline.
[    0.002271] Calibrating delay loop... 996.14 BogoMIPS (lpj=4980736)
[    0.090563] CPU: Testing write buffer coherency: ok
[    0.090670] CPU0: Spectre v2: using BPIALL workaround
[    0.090682] pid_max: default: 32768 minimum: 301
[    0.090808] LSM: initializing lsm=capability
[    0.090977] Mount-cache hash table entries: 1024 (order: 0, 4096 bytes, linear)
[    0.090997] Mountpoint-cache hash table entries: 1024 (order: 0, 4096 bytes, linear)
[    0.092523] CPU0: thread -1, cpu 0, socket -1, mpidr 0
[    0.094233] Setting up static identity map for 0x80100000 - 0x80100078
[    0.094543] rcu: Hierarchical SRCU implementation.
[    0.094555] rcu: 	Max phase no-delay instances is 1000.
[    0.096224] smp: Bringing up secondary CPUs ...
[    0.096284] smp: Brought up 1 node, 1 CPU
[    0.096299] SMP: Total of 1 processors activated (996.14 BogoMIPS).
[    0.096313] CPU: All CPU(s) started in SVC mode.
[    0.096503] Memory: 480876K/522240K available (11264K kernel code, 1197K rwdata, 2856K rodata, 1024K init, 297K bss, 23344K reserved, 16384K cma-reserved, 0K highmem)
[    0.097310] devtmpfs: initialized
[    0.113665] VFP support v0.3: implementor 41 architecture 3 part 30 variant c rev 3
[    0.114025] clocksource: jiffies: mask: 0xffffffff max_cycles: 0xffffffff, max_idle_ns: 19112604462750000 ns
[    0.114064] futex hash table entries: 256 (order: 2, 16384 bytes, linear)
[    0.115355] pinctrl core: initialized pinctrl subsystem
[    0.118084] NET: Registered PF_NETLINK/PF_ROUTE protocol family
[    0.121074] DMA: preallocated 256 KiB pool for atomic coherent allocations
[    0.122036] audit: initializing netlink subsys (disabled)
[    0.123410] thermal_sys: Registered thermal governor 'fair_share'
[    0.123432] thermal_sys: Registered thermal governor 'step_wise'
[    0.123442] thermal_sys: Registered thermal governor 'user_space'
[    0.123557] audit: type=2000 audit(0.120:1): state=initialized audit_enabled=0 res=1
[    0.123631] cpuidle: using governor menu
[    0.142760] No ATAGs?
[    0.142793] hw-breakpoint: debug architecture 0x4 unsupported.
[    0.145683] kprobes: kprobe jump-optimization is enabled. All kprobes are optimized if possible.
[    0.163997] iommu: Default domain type: Translated
[    0.164024] iommu: DMA domain TLB invalidation policy: strict mode
[    0.165602] reg-fixed-voltage fixedregulator0: using DT '/fixedregulator0' for '(default)' GPIO lookup
[    0.165658] of_get_named_gpiod_flags: can't parse 'gpios' property of node '/fixedregulator0[0]'
[    0.165689] of_get_named_gpiod_flags: can't parse 'gpio' property of node '/fixedregulator0[0]'
[    0.165709] reg-fixed-voltage fixedregulator0: using lookup tables for GPIO lookup
[    0.165722] reg-fixed-voltage fixedregulator0: No GPIO consumer (default) found
[    0.171349] SCSI subsystem initialized
[    0.180989] libata version 3.00 loaded.
[    0.181370] pps_core: LinuxPPS API ver. 1 registered
[    0.181385] pps_core: Software ver. 5.3.6 - Copyright 2005-2007 Rodolfo Giometti <giometti@linux.it>
[    0.181410] PTP clock support registered
[    0.183325] vgaarb: loaded
[    0.183711] clocksource: Switched to clocksource dmtimer
[    0.184298] VFS: Disk quotas dquot_6.6.0
[    0.184340] VFS: Dquot-cache hash table entries: 1024 (order 0, 4096 bytes)
[    0.209761] NET: Registered PF_INET protocol family
[    0.210119] IP idents hash table entries: 8192 (order: 4, 65536 bytes, linear)
[    0.211520] tcp_listen_portaddr_hash hash table entries: 512 (order: 0, 4096 bytes, linear)
[    0.211560] Table-perturb hash table entries: 65536 (order: 6, 262144 bytes, linear)
[    0.211580] TCP established hash table entries: 4096 (order: 2, 16384 bytes, linear)
[    0.211625] TCP bind hash table entries: 4096 (order: 4, 65536 bytes, linear)
[    0.211725] TCP: Hash tables configured (established 4096 bind 4096)
[    0.211849] UDP hash table entries: 256 (order: 1, 8192 bytes, linear)
[    0.211879] UDP-Lite hash table entries: 256 (order: 1, 8192 bytes, linear)
[    0.212058] NET: Registered PF_UNIX/PF_LOCAL protocol family
[    0.224638] RPC: Registered named UNIX socket transport module.
[    0.224668] RPC: Registered udp transport module.
[    0.224676] RPC: Registered tcp transport module.
[    0.224682] RPC: Registered tcp-with-tls transport module.
[    0.224689] RPC: Registered tcp NFSv4.1 backchannel transport module.
[    0.224715] PCI: CLS 0 bytes, default 64
[    0.226177] Initialise system trusted keyrings
[    0.227244] workingset: timestamp_bits=14 max_order=17 bucket_order=3
[    0.228500] NFS: Registering the id_resolver key type
[    0.228576] Key type id_resolver registered
[    0.228586] Key type id_legacy registered
[    0.228636] jffs2: version 2.2. (NAND) (SUMMARY)  Â© 2001-2006 Red Hat, Inc.
[    0.229090] Key type asymmetric registered
[    0.229108] Asymmetric key parser 'x509' registered
[    0.229174] io scheduler mq-deadline registered
[    0.229188] io scheduler kyber registered
[    0.229261] io scheduler bfq registered
[    0.244163] Serial: 8250/16550 driver, 6 ports, IRQ sharing enabled
[    0.307085] brd: module loaded
[    0.318256] loop: module loaded
[    0.319192] mtdoops: mtd device (mtddev=name/number) must be supplied
[    0.335080] mdio_bus fixed-0: using lookup tables for GPIO lookup
[    0.335113] mdio_bus fixed-0: No GPIO consumer reset found
[    0.336512] i2c_dev: i2c /dev entries driver
[    0.337489] cpuidle: enable-method property 'ti,am3352' found operations
[    0.337938] sdhci: Secure Digital Host Controller Interface driver
[    0.337950] sdhci: Copyright(c) Pierre Ossman
[    0.338127] sdhci-pltfm: SDHCI platform and OF driver helper
[    0.338437] ledtrig-cpu: registered to indicate activity on CPUs
[    0.339382] Initializing XFRM netlink socket
[    0.339510] NET: Registered PF_INET6 protocol family
[    0.341357] Segment Routing with IPv6
[    0.341453] In-situ OAM (IOAM) with IPv6
[    0.341550] sit: IPv6, IPv4 and MPLS over IPv4 tunneling driver
[    0.342499] NET: Registered PF_PACKET protocol family
[    0.342545] NET: Registered PF_KEY protocol family
[    0.342666] Key type dns_resolver registered
[    0.342936] ThumbEE CPU extension supported.
[    0.342959] Registering SWP/SWPB emulation handler
[    0.343485] omap_voltage_late_init: Voltage driver support not added
[    0.344025] SmartReflex Class3 initialized
[    0.364553] Loading compiled-in X.509 certificates
[    0.423128] gpiochip_find_base_unlocked: found new base at 512
[    0.431539] platform 44e10800.pinmux: Fixed dependency cycle(s) with /ocp/interconnect@44c00000/segment@200000/target-module@10000/scm@0/pinmux@800/clkout2-pins
[    0.432104] pinctrl-single 44e10800.pinmux: 142 pins, size 568
[    0.437445] ti-sysc 44e31000.target-module: probe with driver ti-sysc failed with error -16
[    0.473342] ti-sysc 48040000.target-module: probe with driver ti-sysc failed with error -16
[    0.484554] gpiochip_find_base_unlocked: found new base at 512
[    0.484669] gpio gpiochip0: (gpio-0-31): created GPIO range 0->7 ==> 44e10800.pinmux PIN 0->7
[    0.484691] gpio gpiochip0: (gpio-0-31): created GPIO range 8->11 ==> 44e10800.pinmux PIN 90->93
[    0.484709] gpio gpiochip0: (gpio-0-31): created GPIO range 12->27 ==> 44e10800.pinmux PIN 12->27
[    0.484726] gpio gpiochip0: (gpio-0-31): created GPIO range 28->31 ==> 44e10800.pinmux PIN 30->33
[    0.514071] gpio gpiochip0: (gpio-0-31): added GPIO chardev (254:0)
[    0.514260] gpio gpiochip0: registered GPIOs 512 to 543 on gpio-0-31
[    0.514347] OMAP GPIO hardware version 0.1
[    0.537191] i2c i2c-2: using DT '/ocp/interconnect@48000000/segment@100000/target-module@9c000/i2c@0' for 'scl' GPIO lookup
[    0.537295] of_get_named_gpiod_flags: can't parse 'scl-gpios' property of node '/ocp/interconnect@48000000/segment@100000/target-module@9c000/i2c@0[0]'
[    0.537344] of_get_named_gpiod_flags: can't parse 'scl-gpio' property of node '/ocp/interconnect@48000000/segment@100000/target-module@9c000/i2c@0[0]'
[    0.537384] i2c i2c-2: using lookup tables for GPIO lookup
[    0.537396] i2c i2c-2: No GPIO consumer scl found
[    0.537420] i2c i2c-2: using DT '/ocp/interconnect@48000000/segment@100000/target-module@9c000/i2c@0' for 'sda' GPIO lookup
[    0.537458] of_get_named_gpiod_flags: can't parse 'sda-gpios' property of node '/ocp/interconnect@48000000/segment@100000/target-module@9c000/i2c@0[0]'
[    0.537498] of_get_named_gpiod_flags: can't parse 'sda-gpio' property of node '/ocp/interconnect@48000000/segment@100000/target-module@9c000/i2c@0[0]'
[    0.537532] i2c i2c-2: using lookup tables for GPIO lookup
[    0.537541] i2c i2c-2: No GPIO consumer sda found
[    0.538236] omap_i2c 4819c000.i2c: bus 2 rev0.11 at 100 kHz
[    0.543491] gpiochip_find_base_unlocked: found new base at 544
[    0.543597] gpio gpiochip1: (gpio-32-63): created GPIO range 0->17 ==> 44e10800.pinmux PIN 34->51
[    0.543619] gpio gpiochip1: (gpio-32-63): created GPIO range 18->21 ==> 44e10800.pinmux PIN 77->80
[    0.543636] gpio gpiochip1: (gpio-32-63): created GPIO range 22->31 ==> 44e10800.pinmux PIN 56->65
[    0.558337] gpio gpiochip1: (gpio-32-63): added GPIO chardev (254:1)
[    0.558503] gpio gpiochip1: registered GPIOs 544 to 575 on gpio-32-63
[    0.560693] gpiochip_find_base_unlocked: found new base at 576
[    0.560796] gpio gpiochip2: (gpio-64-95): created GPIO range 0->4 ==> 44e10800.pinmux PIN 66->70
[    0.560834] gpio gpiochip2: (gpio-64-95): created GPIO range 5->6 ==> 44e10800.pinmux PIN 98->99
[    0.560852] gpio gpiochip2: (gpio-64-95): created GPIO range 7->8 ==> 44e10800.pinmux PIN 75->76
[    0.560870] gpio gpiochip2: (gpio-64-95): created GPIO range 13->13 ==> 44e10800.pinmux PIN 141->141
[    0.560889] gpio gpiochip2: (gpio-64-95): created GPIO range 14->21 ==> 44e10800.pinmux PIN 100->107
[    0.561480] gpio gpiochip2: (gpio-64-95): added GPIO chardev (254:2)
[    0.561625] gpio gpiochip2: registered GPIOs 576 to 607 on gpio-64-95
[    0.567321] 48000000.interconnect:segment@200000:target-module@0:mpu@0:fck: device ID is greater than 24
[    0.571398] platform 4830e000.lcdc: Fixed dependency cycle(s) with /ocp/interconnect@44c00000/segment@200000/target-module@b000/i2c@0/tda19988@70
[    0.580718] mdio_bus 4a101000.mdio: using DT '/ocp/interconnect@4a000000/segment@0/target-module@100000/switch@0/mdio@1000' for 'reset' GPIO lookup
[    0.580800] of_get_named_gpiod_flags: can't parse 'reset-gpios' property of node '/ocp/interconnect@4a000000/segment@0/target-module@100000/switch@0/mdio@1000[0]'
[    0.580852] of_get_named_gpiod_flags: can't parse 'reset-gpio' property of node '/ocp/interconnect@4a000000/segment@0/target-module@100000/switch@0/mdio@1000[0]'
[    0.580903] mdio_bus 4a101000.mdio: using lookup tables for GPIO lookup
[    0.580915] mdio_bus 4a101000.mdio: No GPIO consumer reset found
[    0.582394] sdhci-omap 481d8000.mmc: using DT '/ocp/interconnect@48000000/segment@100000/target-module@d8000/mmc@0' for 'wp' GPIO lookup
[    0.582465] of_get_named_gpiod_flags: can't parse 'wp-gpios' property of node '/ocp/interconnect@48000000/segment@100000/target-module@d8000/mmc@0[0]'
[    0.582511] of_get_named_gpiod_flags: can't parse 'wp-gpio' property of node '/ocp/interconnect@48000000/segment@100000/target-module@d8000/mmc@0[0]'
[    0.582549] sdhci-omap 481d8000.mmc: using lookup tables for GPIO lookup
[    0.582560] sdhci-omap 481d8000.mmc: No GPIO consumer wp found
[    0.582761] sdhci-omap 481d8000.mmc: supply pbias not found, using dummy regulator
[    0.583221] sdhci-omap 481d8000.mmc: supply vqmmc not found, using dummy regulator
[    0.655478] davinci_mdio 4a101000.mdio: davinci mdio revision 1.6, bus freq 1000000
[    0.676049] mdio_bus 4a101000.mdio:00: using DT '/ocp/interconnect@4a000000/segment@0/target-module@100000/switch@0/mdio@1000/ethernet-phy@0' for 'reset' GPIO lookup
