Labgrid Console Logfile for main
Logfile started at 2024-09-30 10:14:21.418341
=== Log starts here ===

** Unable to use mmc 0:1 for loading the env **


U-Boot 2019.04-00002-g31a8ae0206 (May 13 2020 - 09:26:17 -0500), Build: jenkins-github_Bootloader-Builder-139

CPU  : AM335X-GP rev 2.1
I2C:   ready
DRAM:  512 MiB
No match for driver 'omap_hsmmc'
No match for driver 'omap_hsmmc'
Some drivers were not found
Reset Source: Power-on reset has occurred.
RTC 32KCLK Source: External.
MMC:   OMAP SD/MMC: 0, OMAP SD/MMC: 1
Loading Environment from EXT4... 
** Unable to use mmc 0:1 for loading the env **
Board: BeagleBone Black
<ethaddr> not set. Validating first E-fuse MAC
BeagleBone Black:
BeagleBone: cape eeprom: i2c_probe: 0x54:
BeagleBone: cape eeprom: i2c_probe: 0x55:
BeagleBone: cape eeprom: i2c_probe: 0x56:
BeagleBone: cape eeprom: i2c_probe: 0x57:
Net:   eth0: MII MODE
cpsw, usb_ether
Press SPACE to abort autoboot in 0 seconds
board_name=[A335BNLT] ...
board_rev=[00C0] ...
switch to partitions #0, OK
mmc0 is current device
SD/MMC found on device 0
switch to partitions #0, OK
mmc0 is current device
Scanning mmc 0:1...
gpio: pin 56 (gpio 56) value is 0
gpio: pin 55 (gpio 55) value is 0
gpio: pin 54 (gpio 54) value is 0
gpio: pin 53 (gpio 53) value is 1
switch to partitions #0, OK
mmc0 is current device
gpio: pin 54 (gpio 54) value is 1
Checking for: /uEnv.txt ...
569 bytes read in 3 ms (184.6 KiB/s)
gpio: pin 55 (gpio 55) value is 1
Loaded environment from /uEnv.txt
Importing environment from mmc ...
Checking if uenvcmd is set ...
gpio: pin 56 (gpio 56) value is 1
Running uenvcmd ...
cpsw Waiting for PHY auto negotiation to complete.. done
link up on port 0, speed 100, full duplex
Using cpsw device
TFTP from server 192.168.255.126; our IP address is 192.168.255.2
Filename 'zImage'.
Load address: 0x81000000
Loading: *#################################################################
	 #################################################################
	 #################################################################
	 #################################################################
	 #################################################################
	 ##############################################
	 793.9 KiB/s
done
Bytes transferred = 5443688 (531068 hex)
link up on port 0, speed 100, full duplex
Using cpsw device
TFTP from server 192.168.255.126; our IP address is 192.168.255.2
Filename 'am335x-boneblack.dtb'.
Load address: 0x82000000
Loading: *#######
	 2.7 MiB/s
done
Bytes transferred = 97996 (17ecc hex)
## Flattened Device Tree blob at 82000000
   Booting using the fdt blob at 0x82000000
   Loading Device Tree to 8ffe5000, end 8ffffecb ... OK

Starting kernel ...

[    0.000000] Booting Linux on physical CPU 0x0
[    0.000000] Linux version 6.11.0-g1c5903bb178f (user01@drvtest01) (arm-linux-gnueabihf-gcc (Linaro GCC 6.4-2017.11) 6.4.1 20171012, GNU ld (Linaro_Binutils-2017.11) 2.27.0.20161229) #3 SMP Fri Sep 27 09:31:50 EEST 2024
[    0.000000] CPU: ARMv7 Processor [413fc082] revision 2 (ARMv7), cr=10c5387d
[    0.000000] CPU: PIPT / VIPT nonaliasing data cache, VIPT aliasing instruction cache
[    0.000000] OF: fdt: Machine model: TI AM335x BeagleBone Black
[    0.000000] Memory policy: Data cache writeback
[    0.000000] cma: Reserved 16 MiB at 0x9e800000 on node -1
[    0.000000] Zone ranges:
[    0.000000]   Normal   [mem 0x0000000080000000-0x000000009fdfffff]
[    0.000000]   HighMem  empty
[    0.000000] Movable zone start for each node
[    0.000000] Early memory node ranges
[    0.000000]   node   0: [mem 0x0000000080000000-0x000000009fdfffff]
[    0.000000] Initmem setup node 0 [mem 0x0000000080000000-0x000000009fdfffff]
[    0.000000] CPU: All CPU(s) started in SVC mode.
[    0.000000] AM335X ES2.1 (sgx neon)
[    0.000000] percpu: Embedded 17 pages/cpu s39628 r8192 d21812 u69632
[    0.000000] Kernel command line: console=ttyO0,115200n8 root=/dev/nfs rw nfsroot=192.168.255.126:/home/user01/nfs,nfsvers=3 ip=192.168.255.2:192.168.255.126::255.255.255.0:bbb1:eth0 nfsrootdebug
[    0.000000] Unknown kernel command line parameters "nfsrootdebug", will be passed to user space.
[    0.000000] Dentry cache hash table entries: 65536 (order: 6, 262144 bytes, linear)
[    0.000000] Inode-cache hash table entries: 32768 (order: 5, 131072 bytes, linear)
[    0.000000] Built 1 zonelists, mobility grouping on.  Total pages: 130560
[    0.000000] mem auto-init: stack:off, heap alloc:off, heap free:off
[    0.000000] SLUB: HWalign=64, Order=0-3, MinObjects=0, CPUs=1, Nodes=1
[    0.000000] trace event string verifier disabled
[    0.000000] rcu: Hierarchical RCU implementation.
[    0.000000] rcu: 	RCU event tracing is enabled.
[    0.000000] rcu: 	RCU restricting CPUs from NR_CPUS=2 to nr_cpu_ids=1.
[    0.000000] rcu: RCU calculated value of scheduler-enlistment delay is 10 jiffies.
[    0.000000] rcu: Adjusting geometry for rcu_fanout_leaf=16, nr_cpu_ids=1
[    0.000000] NR_IRQS: 16, nr_irqs: 16, preallocated irqs: 16
[    0.000000] IRQ: Found an INTC at 0x(ptrval) (revision 5.0) with 128 interrupts
[    0.000000] rcu: srcu_init: Setting srcu_struct sizes based on contention.
[    0.000000] TI gptimer clocksource: always-on /ocp/interconnect@44c00000/segment@200000/target-module@31000
[    0.000002] sched_clock: 32 bits at 24MHz, resolution 41ns, wraps every 89478484971ns
[    0.000029] clocksource: dmtimer: mask: 0xffffffff max_cycles: 0xffffffff, max_idle_ns: 79635851949 ns
[    0.000507] TI gptimer clockevent: 24000000 Hz at /ocp/interconnect@48000000/segment@0/target-module@40000
[    0.002142] Console: colour dummy device 80x30
[    0.002215] WARNING: Your 'console=ttyO0' has been replaced by 'ttyS0'
[    0.002224] This ensures that you still see kernel messages. Please
[    0.002230] update your kernel commandline.
[    0.002274] Calibrating delay loop... 996.14 BogoMIPS (lpj=4980736)
[    0.090560] CPU: Testing write buffer coherency: ok
[    0.090682] CPU0: Spectre v2: using BPIALL workaround
[    0.090695] pid_max: default: 32768 minimum: 301
[    0.090822] LSM: initializing lsm=capability
[    0.090992] Mount-cache hash table entries: 1024 (order: 0, 4096 bytes, linear)
[    0.091015] Mountpoint-cache hash table entries: 1024 (order: 0, 4096 bytes, linear)
[    0.092558] CPU0: thread -1, cpu 0, socket -1, mpidr 0
[    0.094267] Setting up static identity map for 0x80100000 - 0x80100078
[    0.094579] rcu: Hierarchical SRCU implementation.
[    0.094592] rcu: 	Max phase no-delay instances is 1000.
[    0.096257] smp: Bringing up secondary CPUs ...
[    0.096318] smp: Brought up 1 node, 1 CPU
[    0.096335] SMP: Total of 1 processors activated (996.14 BogoMIPS).
[    0.096349] CPU: All CPU(s) started in SVC mode.
[    0.096538] Memory: 480876K/522240K available (11264K kernel code, 1197K rwdata, 2856K rodata, 1024K init, 297K bss, 23344K reserved, 16384K cma-reserved, 0K highmem)
[    0.097334] devtmpfs: initialized
[    0.113744] VFP support v0.3: implementor 41 architecture 3 part 30 variant c rev 3
[    0.114100] clocksource: jiffies: mask: 0xffffffff max_cycles: 0xffffffff, max_idle_ns: 19112604462750000 ns
[    0.114140] futex hash table entries: 256 (order: 2, 16384 bytes, linear)
[    0.115404] pinctrl core: initialized pinctrl subsystem
[    0.118139] NET: Registered PF_NETLINK/PF_ROUTE protocol family
[    0.121140] DMA: preallocated 256 KiB pool for atomic coherent allocations
[    0.122101] audit: initializing netlink subsys (disabled)
[    0.123483] thermal_sys: Registered thermal governor 'fair_share'
[    0.123505] thermal_sys: Registered thermal governor 'step_wise'
[    0.123516] thermal_sys: Registered thermal governor 'user_space'
[    0.123626] audit: type=2000 audit(0.120:1): state=initialized audit_enabled=0 res=1
[    0.123697] cpuidle: using governor menu
[    0.142885] No ATAGs?
[    0.142918] hw-breakpoint: debug architecture 0x4 unsupported.
[    0.145835] kprobes: kprobe jump-optimization is enabled. All kprobes are optimized if possible.
[    0.164133] iommu: Default domain type: Translated
[    0.164161] iommu: DMA domain TLB invalidation policy: strict mode
[    0.171512] SCSI subsystem initialized
[    0.181492] pps_core: LinuxPPS API ver. 1 registered
[    0.181505] pps_core: Software ver. 5.3.6 - Copyright 2005-2007 Rodolfo Giometti <giometti@linux.it>
[    0.181531] PTP clock support registered
[    0.183500] vgaarb: loaded
[    0.183897] clocksource: Switched to clocksource dmtimer
[    0.184490] VFS: Disk quotas dquot_6.6.0
[    0.184538] VFS: Dquot-cache hash table entries: 1024 (order 0, 4096 bytes)
[    0.210714] NET: Registered PF_INET protocol family
[    0.211071] IP idents hash table entries: 8192 (order: 4, 65536 bytes, linear)
[    0.212456] tcp_listen_portaddr_hash hash table entries: 512 (order: 0, 4096 bytes, linear)
[    0.212494] Table-perturb hash table entries: 65536 (order: 6, 262144 bytes, linear)
[    0.212513] TCP established hash table entries: 4096 (order: 2, 16384 bytes, linear)
[    0.212557] TCP bind hash table entries: 4096 (order: 4, 65536 bytes, linear)
[    0.212659] TCP: Hash tables configured (established 4096 bind 4096)
[    0.212783] UDP hash table entries: 256 (order: 1, 8192 bytes, linear)
[    0.212812] UDP-Lite hash table entries: 256 (order: 1, 8192 bytes, linear)
[    0.212988] NET: Registered PF_UNIX/PF_LOCAL protocol family
[    0.224847] RPC: Registered named UNIX socket transport module.
[    0.224878] RPC: Registered udp transport module.
[    0.224885] RPC: Registered tcp transport module.
[    0.224891] RPC: Registered tcp-with-tls transport module.
[    0.224898] RPC: Registered tcp NFSv4.1 backchannel transport module.
[    0.224925] PCI: CLS 0 bytes, default 64
[    0.226382] Initialise system trusted keyrings
[    0.227097] workingset: timestamp_bits=14 max_order=17 bucket_order=3
[    0.228767] NFS: Registering the id_resolver key type
[    0.228878] Key type id_resolver registered
[    0.228888] Key type id_legacy registered
[    0.228941] jffs2: version 2.2. (NAND) (SUMMARY)  Â© 2001-2006 Red Hat, Inc.
[    0.229343] Key type asymmetric registered
[    0.229362] Asymmetric key parser 'x509' registered
[    0.229431] io scheduler mq-deadline registered
[    0.229445] io scheduler kyber registered
[    0.229516] io scheduler bfq registered
[    0.244479] Serial: 8250/16550 driver, 6 ports, IRQ sharing enabled
[    0.290950] brd: module loaded
[    0.307414] loop: module loaded
[    0.308354] mtdoops: mtd device (mtddev=name/number) must be supplied
[    0.319546] i2c_dev: i2c /dev entries driver
[    0.320518] cpuidle: enable-method property 'ti,am3352' found operations
[    0.320965] sdhci: Secure Digital Host Controller Interface driver
[    0.320979] sdhci: Copyright(c) Pierre Ossman
[    0.321156] sdhci-pltfm: SDHCI platform and OF driver helper
[    0.321442] ledtrig-cpu: registered to indicate activity on CPUs
[    0.322375] Initializing XFRM netlink socket
[    0.322500] NET: Registered PF_INET6 protocol family
[    0.341621] Segment Routing with IPv6
[    0.341719] In-situ OAM (IOAM) with IPv6
[    0.341817] sit: IPv6, IPv4 and MPLS over IPv4 tunneling driver
[    0.342771] NET: Registered PF_PACKET protocol family
[    0.342814] NET: Registered PF_KEY protocol family
[    0.342946] Key type dns_resolver registered
[    0.343210] ThumbEE CPU extension supported.
[    0.343236] Registering SWP/SWPB emulation handler
[    0.343767] omap_voltage_late_init: Voltage driver support not added
[    0.344306] SmartReflex Class3 initialized
[    0.364911] Loading compiled-in X.509 certificates
[    0.454135] platform 44e10800.pinmux: Fixed dependency cycle(s) with /ocp/interconnect@44c00000/segment@200000/target-module@10000/scm@0/pinmux@800/clkout2-pins
[    0.454760] pinctrl-single 44e10800.pinmux: 142 pins, size 568
[    0.459792] ti-sysc 44e31000.target-module: probe with driver ti-sysc failed with error -16
[    0.500991] ti-sysc 48040000.target-module: probe with driver ti-sysc failed with error -16
[    0.538169] OMAP GPIO hardware version 0.1
[    0.555837] omap_i2c 4819c000.i2c: bus 2 rev0.11 at 100 kHz
[    0.583614] 48000000.interconnect:segment@200000:target-module@0:mpu@0:fck: device ID is greater than 24
[    0.587999] platform 4830e000.lcdc: Fixed dependency cycle(s) with /ocp/interconnect@44c00000/segment@200000/target-module@b000/i2c@0/tda19988@70
[    0.598826] sdhci-omap 481d8000.mmc: supply pbias not found, using dummy regulator
[    0.599294] sdhci-omap 481d8000.mmc: supply vqmmc not found, using dummy regulator
[    0.675469] davinci_mdio 4a101000.mdio: davinci mdio revision 1.6, bus freq 1000000
[    0.792773] davinci_mdio 4a101000.mdio: phy[0]: device 4a101000.mdio:00, driver SMSC LAN8710/LAN8720
[    0.793419] cpsw-switch 4a100000.switch: initialized cpsw ale version 1.4
[    0.793446] cpsw-switch 4a100000.switch: ALE Table size 1024
[    0.824582] cpsw-switch 4a100000.switch: cpts: overflow check period 500 (jiffies)
[    0.824613] cpsw-switch 4a100000.switch: CPTS: ref_clk_freq:250000000 calc_mult:2147483648 calc_shift:29 error:0 nsec/sec
[    0.824735] cpsw-switch 4a100000.switch: Detected MACID = 18:2c:65:25:41:ce
[    0.826570] cpsw-switch 4a100000.switch: initialized (regs 0x4a100000, pool size 256) hw_ver:0019010C 1.12 (0)
[    0.837525] debugfs: Directory '49000000.dma' with parent 'dmaengine' already present!
[    0.837575] edma 49000000.dma: TI EDMA DMA engine driver
[    0.878129] target-module@4b000000:target-module@140000:pmu@0:fck: device ID is greater than 24
[    0.907182] hw perfevents: enabled with armv7_cortex_a8 PMU driver, 5 counters available
[    0.914826] l3-aon-clkctrl:0000:0: failed to disable
[    0.937913] 44e09000.serial: ttyS0 at MMIO 0x44e09000 (irq = 34, base_baud = 3000000) is a 8250
[    0.938000] printk: legacy console [ttyS0] enabled
 [    2.164929] tps65217-pmic: Failed to locate of_node [id: -1 ]
[    2.170994] tps65217-bl: Failed to locate of_node [id: - 1]
[    2.182072] tps65217 0-0024: TPS65217 ID 0xe version 1. 2
[    2.188214] platform 4830e000.lcdc: Fixed dependency cyc le(s) wi
[    5.604638] cpsw-switch 4a100000.switch eth0: Link is Up - 100Mbps/Full - flow control off
[    5.644124] IP-Config: Complete:
[    5.647397]      device=eth0, hwaddr=18:2c:65:25:41:ce, ipaddr=192.168.255.2, mask=255.255.255.0, gw=255.255.255.255
[    5.658059]      host=bbb1, domain=, nis-domain=(none)
[    5.663227]      bootserver=192.168.255.126, rootserver=192.168.255.126, rootpath=
[    5.663654] clk: Disabling unused clocks
[    5.675492] PM: genpd: Disabling unused power domains
[    5.680609] KTAP version 1
[    5.683330] 1..0
[    5.707556] VFS: Mounted root (nfs filesystem) on device 0:17.
[    5.714464] devtmpfs: mounted
[    5.719116] Freeing unused kernel image (initmem) memory: 1024K
[    5.725980] Run /sbin/init as init process
[    6.421355] systemd[1]: System time before build time, advancing clock.
[    7.903916] random: crng init done
[    7.975477] systemd[1]: systemd 232 running in system mode. (+PAM +AUDIT +SELINUX +IMA +APPARMOR +SMACK +SYSVINIT +UTMP +LIBCRYPTSETUP +GCRYPT +GNUTLS +ACL +XZ +LZ4 +SECCOMP +BLKID +ELFUTILS +KMOD +IDN)
[    7.994511] systemd[1]: Detected architecture arm.

Welcome to [1mDebian GNU/Linux 9 (stretch)[0m!

[    8.036946] systemd[1]: Set hostname to <arm>.
[    9.128732] systemd[1]: Listening on Journal Audit Socket.
[[0;32m  OK  [0m] Listening on Journal Audit Socket.
[    9.166019] systemd[1]: Listening on /dev/initctl Compatibility Named Pipe.
[[0;32m  OK  [0m] Listening on /dev/initctl Compatibility Named Pipe.
[    9.205528] systemd[1]: Created slice User and Session Slice.
[[0;32m  OK  [0m] Created slice User and Session Slice.
[    9.245924] systemd[1]: Listening on udev Control Socket.
[[0;32m  OK  [0m] Listening on udev Control Socket.
[    9.284239] systemd[1]: Reached target Remote File Systems.
[[0;32m  OK  [0m] Reached target Remote File Systems.
[    9.325945] systemd[1]: Listening on Journal Socket.
[[0;32m  OK  [0m] Listening on Journal Socket.
[    9.364625] systemd[1]: Listening on Journal Socket (/dev/log).
[[0;32m  OK  [0m] Listening on Journal Socket (/dev/log).
[[0;32m  OK  [0m] Started Forward Password Requests to Wall Directory Watch.
[[0;32m  OK  [0m] Started Dispatch Password Requests to Console Directory Watch.
[[0;32m  OK  [0m] Reached target Paths.
[[0;32m  OK  [0m] Reached target Encrypted Volumes.
[[0;32m  OK  [0m] Reached target Swap.
[[0;32m  OK  [0m] Created slice System Slice.
         Starting Create list of required stâ€¦ce nodes for the current kernel...
[[0;32m  OK  [0m] Created slice system-getty.slice.
         Starting Load Kernel Modules...
[[0;32m  OK  [0m] Reached target Slices.
[[0;32m  OK  [0m] Created slice system-serial\x2dgetty.slice.
         Mounting POSIX Message Queue File System...
[[0;32m  OK  [0m] Listening on Syslog Socket.
         Starting Journal Service...
[[0;32m  OK  [0m] Set up automount Arbitrary Executabâ€¦rmats File System Automount Point.
         Mounting Debug File System...
[[0;32m  OK  [0m] Listening on udev Kernel Socket.
         Starting Remount Root and Kernel File Systems...
[[0;32m  OK  [0m] Mounted POSIX Message Queue File System.
[[0;32m  OK  [0m] Mounted Debug File System.
[[0;32m  OK  [0m] Started Create list of required staâ€¦vice nodes for the current kernel.
[[0;32m  OK  [0m] Started Load Kernel Modules.
         Mounting Configuration File System...
         Starting Apply Kernel Variables...
         Starting Create Static Device Nodes in /dev...
[[0;32m  OK  [0m] Mounted Configuration File System.
[[0;32m  OK  [0m] Started Remount Root and Kernel File Systems.
         Starting Load/Save Random Seed...
         Starting udev Coldplug all Devices...
[[0;32m  OK  [0m] Started Apply Kernel Variables.
[[0;32m  OK  [0m] Started Load/Save Random Seed.
[[0;32m  OK  [0m] Started Journal Service.
         Starting Flush Journal to Persistent Storage...
[[0;32m  OK  [0m] Started Create Static Device Nodes in /dev.
[[0;32m  OK  [0m] Reached target Local File Systems (Pre).
[[0;32m  OK  [0m] Reached target Local File Systems.
         Starting Raise network interfaces...
         Starting udev Kernel Device Manager...
[   11.616596] systemd-journald[82]: Received request to flush runtime journal from PID 1
[[0;32m  OK  [0m] Started Flush Journal to Persistent Storage.
         Starting Create Volatile Files and Directories...
[[0;32m  OK  [0m] Started udev Kernel Device Manager.
[[0;32m  OK  [0m] Started Create Volatile Files and Directories.
         Starting Network Time Synchronization...
         Starting Update UTMP about System Boot/Shutdown...
[[0;32m  OK  [0m] Started udev Coldplug all Devices.
[[0;32m  OK  [0m] Started Update UTMP about System Boot/Shutdown.
[[0;32m  OK  [0m] Started Network Time Synchronization.
[[0;32m  OK  [0m] Reached target System Time Synchronized.
[[0;32m  OK  [0m] Reached target System Initialization.
[[0;32m  OK  [0m] Started Daily Cleanup of Temporary Directories.
[[0;32m  OK  [0m] Listening on D-Bus System Message Bus Socket.
[[0;32m  OK  [0m] Started Daily apt download activities.
[[0;32m  OK  [0m] Started Daily apt upgrade and clean activities.
[[0;32m  OK  [0m] Reached target Timers.
[[0;32m  OK  [0m] Listening on Avahi mDNS/DNS-SD Stack Activation Socket.
[[0;32m  OK  [0m] Reached target Sockets.
[[0;32m  OK  [0m] Reached target Basic System.
[   14.931783] remoteproc remoteproc0: wkup_m3 is available
         Starting System Logging Service...
[   14.984093] am335x-phy-driver 47401300.usb-phy: dummy supplies not allowed for exclusive requests (id=vbus)
         Starting Cape Manager Service...
         Starting Login Service...
[   15.308901] usbcore: registered new interface driver usbfs
[   15.314813] usbcore: registered new interface driver hub
[   15.320259] usbcore: registered new device driver usb
         Starting LSB: Load kernel modules needed to enable cpufreq scaling...
[   15.439291] at24 2-0054: supply vcc not found, using dummy regulator
[   15.458508] am335x-phy-driver 47401b00.usb-phy: dummy supplies not allowed for exclusive requests (id=vbus)
[   15.587284] at24 2-0055: supply vcc not found, using dummy regulator
[[0;32m  OK  [0m] Started Regular background program processing daemon.
[   15.713010] at24 2-0056: supply vcc not found, using dummy regulator
[   15.859518] at24 2-0057: supply vcc not found, using dummy regulator
         Starting Avahi mDNS/DNS-SD Stack...
[   16.046972] at24 0-0050: 32768 byte 24c256 EEPROM, writable, 1 bytes/write
         Starting Generic Board Startup...
[   16.177622] tps6521x_pwrbutton tps65217-pwrbutton: DMA mask not set
[   16.327983] input: tps65217_pwrbutton as /devices/platform/ocp/44c00000.interconnect/44c00000.interconnect:segment@200000/44e0b000.target-module/44e0b000.i2c/i2c-0/0-0024/tps65217-pwrbutton/input/input0
         Starting LSB: Start busybox udhcpd at boot time...
[   16.450131] wkup_m3_ipc 44e11324.wkup_m3_ipc: IPC Request for A8->M3 Channel failed! -517
[[0;32m  OK  [0m] Started D-Bus System Message Bus.
[   16.561562] wkup_m3_ipc 44e11324.wkup_m3_ipc: IPC Request for A8->M3 Channel failed! -517
[   16.704676] musb-hdrc musb-hdrc.1: MUSB HDRC host driver
[   16.710090] musb-hdrc musb-hdrc.1: new USB bus registered, assigned bus number 1
[   16.787604] wkup_m3_ipc 44e11324.wkup_m3_ipc: IPC Request for A8->M3 Channel failed! -517
[   16.899018] usb usb1: New USB device found, idVendor=1d6b, idProduct=0002, bcdDevice= 6.11
[   16.907593] usb usb1: New USB device strings: Mfr=3, Product=2, SerialNumber=1
[   16.914998] usb usb1: Product: MUSB HDRC host driver
[   16.919996] usb usb1: Manufacturer: Linux 6.11.0-g1c5903bb178f musb-hcd
[   16.926708] usb usb1: SerialNumber: musb-hdrc.1
[   17.059842] omap_wdt: OMAP Watchdog Timer Rev 0x01: initial timeout 60 sec
[   17.071200] wkup_m3_ipc 44e11324.wkup_m3_ipc: IPC Request for A8->M3 Channel failed! -517
[   17.085141] omap_rtc 44e3e000.rtc: registered as rtc0
[   17.090313] omap_rtc 44e3e000.rtc: setting system clock to 2000-01-01T00:00:00 UTC (946684800)
[   17.159815] hub 1-0:1.0: USB hub found
[   17.182113] wkup_m3_ipc 44e11324.wkup_m3_ipc: IPC Request for A8->M3 Channel failed! -517
[   17.228679] hub 1-0:1.0: 1 port detected
[   17.351149] tda998x 0-0070: found TDA19988
[   17.358067] wkup_m3_ipc 44e11324.wkup_m3_ipc: IPC Request for A8->M3 Channel failed! -517
[   17.503395] wkup_m3_ipc 44e11324.wkup_m3_ipc: IPC Request for A8->M3 Channel failed! -517
[   18.262948] omap-mailbox 480c8000.mailbox: omap mailbox rev 0x400
[   18.373511] remoteproc remoteproc0: powering up wkup_m3
[   18.503598] remoteproc remoteproc0: Direct firmware load for am335x-pm-firmware.elf failed with error -2
[   18.513474] remoteproc remoteproc0: request_firmware failed: -2
[   18.519570] wkup_m3_ipc 44e11324.wkup_m3_ipc: rproc_boot failed
[   20.303218] omap_rng 48310000.rng: Random Number Generator ver. 20
[   20.364331] tilcdc 4830e000.lcdc: bound 0-0070 (ops tda998x_driver_exit [tda998x])
[   20.485527] [drm] Initialized tilcdc 1.0.0 for 4830e000.lcdc on minor 0
[   20.542709] tilcdc 4830e000.lcdc: [drm] Cannot find any crtc or sizes
[   20.620656] tilcdc 4830e000.lcdc: [drm] Cannot find any crtc or sizes
[[0;32m  OK  [0m] Started Avahi mDNS/DNS-SD Stack.
         Starting Connection service...
         Starting Telephony service...
         Starting DUN service...
[[0;32m  OK  [0m] Started System Logging Service.
[[0;32m  OK  [0m] Started Cape Manager Service.
[   21.546513] PM: Cannot get wkup_m3_ipc handle
[   21.574850] omap-sham 53100000.sham: hw accel on OMAP rev 4.3
[   21.724394] omap-sham 53100000.sham: will run requests pump with realtime priority
[   21.764597] PM: Cannot get wkup_m3_ipc handle
[   21.917111] omap-aes 53500000.aes: OMAP AES hw accel rev: 3.2
[   22.065407] omap-aes 53500000.aes: will run requests pump with realtime priority
[   22.074271] PM: Cannot get wkup_m3_ipc handle
[[0;32m  OK  [0m] Found device /dev/ttyS0.
[   24.025962] Bluetooth: Core ver 2.22
[   24.029796] NET: Registered PF_BLUETOOTH protocol family
[   24.035377] Bluetooth: HCI device and connection manager initialized
[   24.041796] Bluetooth: HCI socket layer initialized
[   24.046781] Bluetooth: L2CAP socket layer initialized
[   24.051901] Bluetooth: SCO socket layer initialized
[   25.485335] PM: Cannot get wkup_m3_ipc handle
[   25.627272] PM: Cannot get wkup_m3_ipc handle
[[0;32m  OK  [0m] Started LSB: Start busybox udhcpd at boot time.
[[0;32m  OK  [0m] Started Raise network interfaces.
[[0;32m  OK  [0m] Started LSB: Load kernel modules needed to enable cpufreq scaling.
[   28.138802] configfs-gadget.g_multi gadget.0: HOST MAC 1c:ba:8c:a2:ed:6c
[   28.145846] configfs-gadget.g_multi gadget.0: MAC 1c:ba:8c:a2:ed:70
[   28.153223] configfs-gadget.g_multi gadget.0: HOST MAC 1c:ba:8c:a2:ed:6c
[   28.160088] configfs-gadget.g_multi gadget.0: MAC 1c:ba:8c:a2:ed:6d
[   28.171800] PM: Cannot get wkup_m3_ipc handle
[[0;32m  OK  [0m] Started DUN service.
[[0;32m  OK  [0m] Started Telephony service.
[[0;32m  OK  [0m] Started Connection service.
[[0;32m  OK  [0m] Started Login Service.
[[0;32m  OK  [0m] Reached target Sound Card.
         Starting LSB: set CPUFreq kernel parameters...
[[0;32m  OK  [0m] Reached target Network.
         Starting Permit User Sessions...
         Starting The Apache HTTP Server...
[[0;32m  OK  [0m] Reached target Network is Online.
         Starting LSB: Advanced IEEE 802.11 management daemon...
         Starting OpenBSD Secure Shell server...
[[0;32m  OK  [0m] Started Permit User Sessions.
[[0;32m  OK  [0m] Started LSB: Advanced IEEE 802.11 management daemon.
         Starting Hostname Service...
         Starting WPA supplicant...
[[0;32m  OK  [0m] Started Serial Getty on ttyS0.
[[0;32m  OK  [0m] Started Getty on tty1.
[[0;32m  OK  [0m] Reached target Login Prompts.
[[0;32m  OK  [0m] Started LSB: set CPUFreq kernel parameters.
[[0;32m  OK  [0m] Started WPA supplicant.
[[0;32m  OK  [0m] Started Hostname Service.
[[0;32m  OK  [0m] Started OpenBSD Secure Shell server.
         Stopping LSB: Start busybox udhcpd at boot time...
[[0;32m  OK  [0m] Stopped LSB: Start busybox udhcpd at boot time.
[[0;32m  OK  [0m] Started The Apache HTTP Server.
         Starting dnsmasq - A lightweight DHCP and caching DNS server...
[[0;32m  OK  [0m] Started dnsmasq - A lightweight DHCP and caching DNS server.
[[0;32m  OK  [0m] Reached target Host and Network Name Lookups.
[[0;32m  OK  [0m] Started Serial Getty on ttyGS0.
[[0;32m  OK  [0m] Started Generic Board Startup.
[[0;32m  OK  [0m] Reached target Multi-User System.
[[0;32m  OK  [0m] Reached target Graphical Interface.
         Starting Update UTMP about System Runlevel Changes...
[[0;32m  OK  [0m] Started Update UTMP about System Runlevel Changes.

Debian GNU/Linux 9 arm ttyS0

default username:password is [debian:temppwd]

arm login: root
Password: 
Last login: Sat Dec  9 19:10:36 UTC 2017 on ttyS0
root
Linux arm 6.11.0-g1c5903bb178f #3 SMP Fri Sep 27 09:31:50 EEST 2024 armv7l

The programs included with the Debian GNU/Linux system are free software;
the exact distribution terms for each program are described in the
individual files in /usr/share/doc/*/copyright.

Debian GNU/Linux comes with ABSOLUTELY NO WARRANTY, to the extent
permitted by applicable law.
root@arm:~# root
-bash: root: command not found
root@arm:~# dmesg -n 1
root@arm:~# echo 'QQAC''MOZVHO'
QQACMOZVHO
root@arm:~# run() { echo -n "$MARKER"; sh -c "$@"; echo "$MARKER $?"; }
root@arm:~# echo 'XZKX''WWOCZH'
XZKXWWOCZH
root@arm:~# MARKER='LSBE''EBNNVV' run 'cat /proc/version'
LSBEEBNNVVLinux version 6.11.0-g1c5903bb178f (user01@drvtest01) (arm-linux-gnueabihf-gcc (Linaro GCC 6.4-2017.11) 6.4.1 20171012, GNU ld (Linaro_Binutils-2017.11) 2.27.0.20161229) #3 SMP Fri Sep 27 09:31:50 EEST 2024
LSBEEBNNVV 0
root@arm:~# echo 'NMGL''NABYUJ'
NMGLNABYUJ
root@arm:~# MARKER='ULNC''KKXUFA' run false
ULNCKKXUFAULNCKKXUFA 1
root@arm:~# Labgrid Console Logfile for main
Logfile started at 2024-09-30 10:15:25.550649
=== Log starts here ===

root@arm:~# run() { echo -n "$MARKER"; sh -c "$@"; echo "$MARKER $?"; }
root@arm:~# echo 'WSHX''ZXLXHO'
WSHXZXLXHO
root@arm:~# MARKER='LZHT''SYMOUJ' run dmesg
LZHTSYMOUJ[    0.000000] Booting Linux on physical CPU 0x0
[    0.000000] Linux version 6.11.0-g1c5903bb178f (user01@drvtest01) (arm-linux-gnueabihf-gcc (Linaro GCC 6.4-2017.11) 6.4.1 20171012, GNU ld (Linaro_Binutils-2017.11) 2.27.0.20161229) #3 SMP Fri Sep 27 09:31:50 EEST 2024
[    0.000000] CPU: ARMv7 Processor [413fc082] revision 2 (ARMv7), cr=10c5387d
[    0.000000] CPU: PIPT / VIPT nonaliasing data cache, VIPT aliasing instruction cache
[    0.000000] OF: fdt: Machine model: TI AM335x BeagleBone Black
[    0.000000] Memory policy: Data cache writeback
[    0.000000] cma: Reserved 16 MiB at 0x9e800000 on node -1
[    0.000000] Zone ranges:
[    0.000000]   Normal   [mem 0x0000000080000000-0x000000009fdfffff]
[    0.000000]   HighMem  empty
[    0.000000] Movable zone start for each node
[    0.000000] Early memory node ranges
[    0.000000]   node   0: [mem 0x0000000080000000-0x000000009fdfffff]
[    0.000000] Initmem setup node 0 [mem 0x0000000080000000-0x000000009fdfffff]
[    0.000000] CPU: All CPU(s) started in SVC mode.
[    0.000000] AM335X ES2.1 (sgx neon)
[    0.000000] percpu: Embedded 17 pages/cpu s39628 r8192 d21812 u69632
[    0.000000] pcpu-alloc: s39628 r8192 d21812 u69632 alloc=17*4096
[    0.000000] pcpu-alloc: [0] 0 
[    0.000000] Kernel command line: console=ttyO0,115200n8 root=/dev/nfs rw nfsroot=192.168.255.126:/home/user01/nfs,nfsvers=3 ip=192.168.255.2:192.168.255.126::255.255.255.0:bbb1:eth0 nfsrootdebug
[    0.000000] Unknown kernel command line parameters "nfsrootdebug", will be passed to user space.
[    0.000000] Dentry cache hash table entries: 65536 (order: 6, 262144 bytes, linear)
[    0.000000] Inode-cache hash table entries: 32768 (order: 5, 131072 bytes, linear)
[    0.000000] Built 1 zonelists, mobility grouping on.  Total pages: 130560
[    0.000000] mem auto-init: stack:off, heap alloc:off, heap free:off
[    0.000000] SLUB: HWalign=64, Order=0-3, MinObjects=0, CPUs=1, Nodes=1
[    0.000000] trace event string verifier disabled
[    0.000000] rcu: Hierarchical RCU implementation.
[    0.000000] rcu: 	RCU event tracing is enabled.
[    0.000000] rcu: 	RCU restricting CPUs from NR_CPUS=2 to nr_cpu_ids=1.
[    0.000000] rcu: RCU calculated value of scheduler-enlistment delay is 10 jiffies.
[    0.000000] rcu: Adjusting geometry for rcu_fanout_leaf=16, nr_cpu_ids=1
[    0.000000] NR_IRQS: 16, nr_irqs: 16, preallocated irqs: 16
[    0.000000] IRQ: Found an INTC at 0x(ptrval) (revision 5.0) with 128 interrupts
[    0.000000] rcu: srcu_init: Setting srcu_struct sizes based on contention.
[    0.000000] TI gptimer clocksource: always-on /ocp/interconnect@44c00000/segment@200000/target-module@31000
[    0.000002] sched_clock: 32 bits at 24MHz, resolution 41ns, wraps every 89478484971ns
[    0.000029] clocksource: dmtimer: mask: 0xffffffff max_cycles: 0xffffffff, max_idle_ns: 79635851949 ns
[    0.000507] TI gptimer clockevent: 24000000 Hz at /ocp/interconnect@48000000/segment@0/target-module@40000
[    0.002142] Console: colour dummy device 80x30
[    0.002215] WARNING: Your 'console=ttyO0' has been replaced by 'ttyS0'
[    0.002224] This ensures that you still see kernel messages. Please
[    0.002230] update your kernel commandline.
[    0.002274] Calibrating delay loop... 996.14 BogoMIPS (lpj=4980736)
[    0.090560] CPU: Testing write buffer coherency: ok
[    0.090682] CPU0: Spectre v2: using BPIALL workaround
[    0.090695] pid_max: default: 32768 minimum: 301
[    0.090822] LSM: initializing lsm=capability
[    0.090992] Mount-cache hash table entries: 1024 (order: 0, 4096 bytes, linear)
[    0.091015] Mountpoint-cache hash table entries: 1024 (order: 0, 4096 bytes, linear)
[    0.092558] CPU0: thread -1, cpu 0, socket -1, mpidr 0
[    0.094267] Setting up static identity map for 0x80100000 - 0x80100078
[    0.094579] rcu: Hierarchical SRCU implementation.
[    0.094592] rcu: 	Max phase no-delay instances is 1000.
[    0.096257] smp: Bringing up secondary CPUs ...
[    0.096318] smp: Brought up 1 node, 1 CPU
[    0.096335] SMP: Total of 1 processors activated (996.14 BogoMIPS).
[    0.096349] CPU: All CPU(s) started in SVC mode.
[    0.096538] Memory: 480876K/522240K available (11264K kernel code, 1197K rwdata, 2856K rodata, 1024K init, 297K bss, 23344K reserved, 16384K cma-reserved, 0K highmem)
[    0.097334] devtmpfs: initialized
[    0.113744] VFP support v0.3: implementor 41 architecture 3 part 30 variant c rev 3
[    0.114100] clocksource: jiffies: mask: 0xffffffff max_cycles: 0xffffffff, max_idle_ns: 19112604462750000 ns
[    0.114140] futex hash table entries: 256 (order: 2, 16384 bytes, linear)
[    0.115404] pinctrl core: initialized pinctrl subsystem
[    0.118139] NET: Registered PF_NETLINK/PF_ROUTE protocol family
[    0.121140] DMA: preallocated 256 KiB pool for atomic coherent allocations
[    0.122101] audit: initializing netlink subsys (disabled)
[    0.123483] thermal_sys: Registered thermal governor 'fair_share'
[    0.123505] thermal_sys: Registered thermal governor 'step_wise'
[    0.123516] thermal_sys: Registered thermal governor 'user_space'
[    0.123626] audit: type=2000 audit(0.120:1): state=initialized audit_enabled=0 res=1
[    0.123697] cpuidle: using governor menu
[    0.142885] No ATAGs?
[    0.142918] hw-breakpoint: debug architecture 0x4 unsupported.
[    0.145835] kprobes: kprobe jump-optimization is enabled. All kprobes are optimized if possible.
[    0.164133] iommu: Default domain type: Translated
[    0.164161] iommu: DMA domain TLB invalidation policy: strict mode
[    0.165748] reg-fixed-voltage fixedregulator0: using DT '/fixedregulator0' for '(default)' GPIO lookup
[    0.165808] of_get_named_gpiod_flags: can't parse 'gpios' property of node '/fixedregulator0[0]'
[    0.165838] of_get_named_gpiod_flags: can't parse 'gpio' property of node '/fixedregulator0[0]'
[    0.165859] reg-fixed-voltage fixedregulator0: using lookup tables for GPIO lookup
[    0.165873] reg-fixed-voltage fixedregulator0: No GPIO consumer (default) found
[    0.171512] SCSI subsystem initialized
[    0.181117] libata version 3.00 loaded.
[    0.181492] pps_core: LinuxPPS API ver. 1 registered
[    0.181505] pps_core: Software ver. 5.3.6 - Copyright 2005-2007 Rodolfo Giometti <giometti@linux.it>
[    0.181531] PTP clock support registered
[    0.183500] vgaarb: loaded
[    0.183897] clocksource: Switched to clocksource dmtimer
[    0.184490] VFS: Disk quotas dquot_6.6.0
[    0.184538] VFS: Dquot-cache hash table entries: 1024 (order 0, 4096 bytes)
[    0.210714] NET: Registered PF_INET protocol family
[    0.211071] IP idents hash table entries: 8192 (order: 4, 65536 bytes, linear)
[    0.212456] tcp_listen_portaddr_hash hash table entries: 512 (order: 0, 4096 bytes, linear)
[    0.212494] Table-perturb hash table entries: 65536 (order: 6, 262144 bytes, linear)
[    0.212513] TCP established hash table entries: 4096 (order: 2, 16384 bytes, linear)
[    0.212557] TCP bind hash table entries: 4096 (order: 4, 65536 bytes, linear)
[    0.212659] TCP: Hash tables configured (established 4096 bind 4096)
[    0.212783] UDP hash table entries: 256 (order: 1, 8192 bytes, linear)
[    0.212812] UDP-Lite hash table entries: 256 (order: 1, 8192 bytes, linear)
[    0.212988] NET: Registered PF_UNIX/PF_LOCAL protocol family
[    0.224847] RPC: Registered named UNIX socket transport module.
[    0.224878] RPC: Registered udp transport module.
[    0.224885] RPC: Registered tcp transport module.
[    0.224891] RPC: Registered tcp-with-tls transport module.
[    0.224898] RPC: Registered tcp NFSv4.1 backchannel transport module.
[    0.224925] PCI: CLS 0 bytes, default 64
[    0.226382] Initialise system trusted keyrings
[    0.227097] workingset: timestamp_bits=14 max_order=17 bucket_order=3
[    0.228767] NFS: Registering the id_resolver key type
[    0.228878] Key type id_resolver registered
[    0.228888] Key type id_legacy registered
[    0.228941] jffs2: version 2.2. (NAND) (SUMMARY)  Â© 2001-2006 Red Hat, Inc.
[    0.229343] Key type asymmetric registered
[    0.229362] Asymmetric key parser 'x509' registered
[    0.229431] io scheduler mq-deadline registered
[    0.229445] io scheduler kyber registered
[    0.229516] io scheduler bfq registered
[    0.244479] Serial: 8250/16550 driver, 6 ports, IRQ sharing enabled
[    0.290950] brd: module loaded
[    0.307414] loop: module loaded
[    0.308354] mtdoops: mtd device (mtddev=name/number) must be supplied
[    0.318108] mdio_bus fixed-0: using lookup tables for GPIO lookup
[    0.318139] mdio_bus fixed-0: No GPIO consumer reset found
[    0.319546] i2c_dev: i2c /dev entries driver
[    0.320518] cpuidle: enable-method property 'ti,am3352' found operations
[    0.320965] sdhci: Secure Digital Host Controller Interface driver
[    0.320979] sdhci: Copyright(c) Pierre Ossman
[    0.321156] sdhci-pltfm: SDHCI platform and OF driver helper
[    0.321442] ledtrig-cpu: registered to indicate activity on CPUs
[    0.322375] Initializing XFRM netlink socket
[    0.322500] NET: Registered PF_INET6 protocol family
[    0.341621] Segment Routing with IPv6
[    0.341719] In-situ OAM (IOAM) with IPv6
[    0.341817] sit: IPv6, IPv4 and MPLS over IPv4 tunneling driver
[    0.342771] NET: Registered PF_PACKET protocol family
[    0.342814] NET: Registered PF_KEY protocol family
[    0.342946] Key type dns_resolver registered
[    0.343210] ThumbEE CPU extension supported.
[    0.343236] Registering SWP/SWPB emulation handler
[    0.343767] omap_voltage_late_init: Voltage driver support not added
[    0.344306] SmartReflex Class3 initialized
[    0.364911] Loading compiled-in X.509 certificates
[    0.424589] gpiochip_find_base_unlocked: found new base at 512
[    0.454135] platform 44e10800.pinmux: Fixed dependency cycle(s) with /ocp/interconnect@44c00000/segment@200000/target-module@10000/scm@0/pinmux@800/clkout2-pins
[    0.454760] pinctrl-single 44e10800.pinmux: 142 pins, size 568
[    0.459792] ti-sysc 44e31000.target-module: probe with driver ti-sysc failed with error -16
[    0.500991] ti-sysc 48040000.target-module: probe with driver ti-sysc failed with error -16
[    0.512062] gpiochip_find_base_unlocked: found new base at 512
[    0.512176] gpio gpiochip0: (gpio-0-31): created GPIO range 0->7 ==> 44e10800.pinmux PIN 0->7
[    0.512198] gpio gpiochip0: (gpio-0-31): created GPIO range 8->11 ==> 44e10800.pinmux PIN 90->93
[    0.512216] gpio gpiochip0: (gpio-0-31): created GPIO range 12->27 ==> 44e10800.pinmux PIN 12->27
[    0.512233] gpio gpiochip0: (gpio-0-31): created GPIO range 28->31 ==> 44e10800.pinmux PIN 30->33
[    0.537879] gpio gpiochip0: (gpio-0-31): added GPIO chardev (254:0)
[    0.538077] gpio gpiochip0: registered GPIOs 512 to 543 on gpio-0-31
[    0.538169] OMAP GPIO hardware version 0.1
[    0.554765] i2c i2c-2: using DT '/ocp/interconnect@48000000/segment@100000/target-module@9c000/i2c@0' for 'scl' GPIO lookup
[    0.554869] of_get_named_gpiod_flags: can't parse 'scl-gpios' property of node '/ocp/interconnect@48000000/segment@100000/target-module@9c000/i2c@0[0]'
[    0.554916] of_get_named_gpiod_flags: can't parse 'scl-gpio' property of node '/ocp/interconnect@48000000/segment@100000/target-module@9c000/i2c@0[0]'
[    0.554957] i2c i2c-2: using lookup tables for GPIO lookup
[    0.554968] i2c i2c-2: No GPIO consumer scl found
[    0.554992] i2c i2c-2: using DT '/ocp/interconnect@48000000/segment@100000/target-module@9c000/i2c@0' for 'sda' GPIO lookup
[    0.555031] of_get_named_gpiod_flags: can't parse 'sda-gpios' property of node '/ocp/interconnect@48000000/segment@100000/target-module@9c000/i2c@0[0]'
[    0.555070] of_get_named_gpiod_flags: can't parse 'sda-gpio' property of node '/ocp/interconnect@48000000/segment@100000/target-module@9c000/i2c@0[0]'
[    0.555104] i2c i2c-2: using lookup tables for GPIO lookup
[    0.555114] i2c i2c-2: No GPIO consumer sda found
[    0.555837] omap_i2c 4819c000.i2c: bus 2 rev0.11 at 100 kHz
[    0.561095] gpiochip_find_base_unlocked: found new base at 544
[    0.561206] gpio gpiochip1: (gpio-32-63): created GPIO range 0->17 ==> 44e10800.pinmux PIN 34->51
[    0.561226] gpio gpiochip1: (gpio-32-63): created GPIO range 18->21 ==> 44e10800.pinmux PIN 77->80
[    0.561243] gpio gpiochip1: (gpio-32-63): created GPIO range 22->31 ==> 44e10800.pinmux PIN 56->65
[    0.574984] gpio gpiochip1: (gpio-32-63): added GPIO chardev (254:1)
[    0.575143] gpio gpiochip1: registered GPIOs 544 to 575 on gpio-32-63
[    0.577341] gpiochip_find_base_unlocked: found new base at 576
[    0.577460] gpio gpiochip2: (gpio-64-95): created GPIO range 0->4 ==> 44e10800.pinmux PIN 66->70
[    0.577481] gpio gpiochip2: (gpio-64-95): created GPIO range 5->6 ==> 44e10800.pinmux PIN 98->99
[    0.577498] gpio gpiochip2: (gpio-64-95): created GPIO range 7->8 ==> 44e10800.pinmux PIN 75->76
[    0.577516] gpio gpiochip2: (gpio-64-95): created GPIO range 13->13 ==> 44e10800.pinmux PIN 141->141
[    0.577534] gpio gpiochip2: (gpio-64-95): created GPIO range 14->21 ==> 44e10800.pinmux PIN 100->107
[    0.578135] gpio gpiochip2: (gpio-64-95): added GPIO chardev (254:2)
[    0.578273] gpio gpiochip2: registered GPIOs 576 to 607 on gpio-64-95
[    0.583614] 48000000.interconnect:segment@200000:target-module@0:mpu@0:fck: device ID is greater than 24
[    0.587999] platform 4830e000.lcdc: Fixed dependency cycle(s) with /ocp/interconnect@44c00000/segment@200000/target-module@b000/i2c@0/tda19988@70
[    0.597299] mdio_bus 4a101000.mdio: using DT '/ocp/interconnect@4a000000/segment@0/target-module@100000/switch@0/mdio@1000' for 'reset' GPIO lookup
[    0.597380] of_get_named_gpiod_flags: can't parse 'reset-gpios' property of node '/ocp/interconnect@4a000000/segment@0/target-module@100000/switch@0/mdio@1000[0]'
[    0.597431] of_get_named_gpiod_flags: can't parse 'reset-gpio' property of node '/ocp/interconnect@4a000000/segment@0/target-module@100000/switch@0/mdio@1000[0]'
[    0.597482] mdio_bus 4a101000.mdio: using lookup tables for GPIO lookup
[    0.597494] mdio_bus 4a101000.mdio: No GPIO consumer reset found
[    0.598467] sdhci-omap 481d8000.mmc: using DT '/ocp/interconnect@48000000/segment@100000/target-module@d8000/mmc@0' for 'wp' GPIO lookup
[    0.598532] of_get_named_gpiod_flags: can't parse 'wp-gpios' property of node '/ocp/interconnect@48000000/segment@100000/target-module@d8000/mmc@0[0]'
[    0.598578] of_get_named_gpiod_flags: can't parse 'wp-gpio' property of node '/ocp/interconnect@48000000/segment@100000/target-module@d8000/mmc@0[0]'
[    0.598616] sdhci-omap 481d8000.mmc: using lookup tables for GPIO lookup
[    0.598628] sdhci-omap 481d8000.mmc: No GPIO consumer wp found
[    0.598826] sdhci-omap 481d8000.mmc: supply pbias not found, using dummy regulator
[    0.599294] sdhci-omap 481d8000.mmc: supply vqmmc not found, using dummy regulator
[    0.675469] davinci_mdio 4a101000.mdio: davinci mdio revision 1.6, bus freq 1000000
[    0.699861] mdio_bus 4a101000.mdio:00: using DT '/ocp/interconnect@4a000000/segment@0/target-module@100000/switch@0/mdio@1000/ethernet-phy@0' for 'reset' GPIO lookup
[    0.699971] of_get_named_gpiod_flags: parsed 'reset-gpios' property of node '/ocp/interconnect@4a000000/segment@0/target-module@100000/switch@0/mdio@1000/ethernet-phy@0[0]' - status (0)
[    0.700140] gpio gpiochip0: Persistence not supported for GPIO 8
[    0.792773] davinci_mdio 4a101000.mdio: phy[0]: device 4a101000.mdio:00, driver SMSC LAN8710/LAN8720
[    0.793419] cpsw-switch 4a100000.switch: initialized cpsw ale version 1.4
[    0.793446] cpsw-switch 4a100000.switch: ALE Table size 1024
[    0.824582] cpsw-switch 4a100000.switch: cpts: overflow check period 500 (jiffies)
[    0.824613] cpsw-switch 4a100000.switch: CPTS: ref_clk_freq:250000000 calc_mult:2147483648 calc_shift:29 error:0 nsec/sec
[    0.824735] cpsw-switch 4a100000.switch: Detected MACID = 18:2c:65:25:41:ce
[    0.826570] cpsw-switch 4a100000.switch: initialized (regs 0x4a100000, pool size 256) hw_ver:0019010C 1.12 (0)
[    0.837525] debugfs: Directory '49000000.dma' with parent 'dmaengine' already present!
[    0.837575] edma 49000000.dma: TI EDMA DMA engine driver
[    0.878129] target-module@4b000000:target-module@140000:pmu@0:fck: device ID is greater than 24
[    0.907182] hw perfevents: enabled with armv7_cortex_a8 PMU driver, 5 counters available
[    0.908063] gpio-clk clk_mcasp0: using DT '/clk_mcasp0' for 'enable' GPIO lookup
[    0.908134] of_get_named_gpiod_flags: parsed 'enable-gpios' property of node '/clk_mcasp0[0]' - status (0)
[    0.908181] gpio gpiochip0: Persistence not supported for GPIO 27
[    0.908990] gpiochip_find_base_unlocked: found new base at 608
[    0.909111] gpio gpiochip3: (gpio-96-127): created GPIO range 0->7 ==> 44e10800.pinmux PIN 82->89
[    0.909135] gpio gpiochip3: (gpio-96-127): created GPIO range 8->11 ==> 44e10800.pinmux PIN 52->55
[    0.909153] gpio gpiochip3: (gpio-96-127): created GPIO range 12->15 ==> 44e10800.pinmux PIN 94->97
[    0.909170] gpio gpiochip3: (gpio-96-127): created GPIO range 16->17 ==> 44e10800.pinmux PIN 71->72
[    0.909187] gpio gpiochip3: (gpio-96-127): created GPIO range 18->18 ==> 44e10800.pinmux PIN 135->135
[    0.909205] gpio gpiochip3: (gpio-96-127): created GPIO range 19->20 ==> 44e10800.pinmux PIN 108->109
[    0.909223] gpio gpiochip3: (gpio-96-127): created GPIO range 21->21 ==> 44e10800.pinmux PIN 73->73
[    0.909241] gpio gpiochip3: (gpio-96-127): created GPIO range 22->23 ==> 44e10800.pinmux PIN 8->9
[    0.909260] gpio gpiochip3: (gpio-96-127): created GPIO range 26->27 ==> 44e10800.pinmux PIN 10->11
[    0.909280] gpio gpiochip3: (gpio-96-127): created GPIO range 28->28 ==> 44e10800.pinmux PIN 74->74
[    0.909299] gpio gpiochip3: (gpio-96-127): created GPIO range 29->29 ==> 44e10800.pinmux PIN 81->81
[    0.909319] gpio gpiochip3: (gpio-96-127): created GPIO range 30->31 ==> 44e10800.pinmux PIN 28->29
[    0.914826] l3-aon-clkctrl:0000:0: failed to disable
[    0.935125] gpio gpiochip3: (gpio-96-127): added GPIO chardev (254:3)
[    0.935282] gpio gpiochip3: registered GPIOs 608 to 639 on gpio-96-127
[    0.937221] omap8250 44e09000.serial: using DT '/ocp/interconnect@44c00000/segment@200000/target-module@9000/serial@0' for 'rs485-term' GPIO lookup
[    0.937298] of_get_named_gpiod_flags: can't parse 'rs485-term-gpios' property of node '/ocp/interconnect@44c00000/segment@200000/target-module@9000/serial@0[0]'
[    0.937345] of_get_named_gpiod_flags: can't parse 'rs485-term-gpio' property of node '/ocp/interconnect@44c00000/segment@200000/target-module@9000/serial@0[0]'
[    0.937384] omap8250 44e09000.serial: using lookup tables for GPIO lookup
[    0.937396] omap8250 44e09000.serial: No GPIO consumer rs485-term found
[    0.937407] omap8250 44e09000.serial: using DT '/ocp/interconnect@44c00000/segment@200000/target-module@9000/serial@0' for 'rs485-rx-during-tx' GPIO lookup
[    0.937446] of_get_named_gpiod_flags: can't parse 'rs485-rx-during-tx-gpios' property of node '/ocp/interconnect@44c00000/segment@200000/target-module@9000/serial@0[0]'
[    0.937486] of_get_named_gpiod_flags: can't parse 'rs485-rx-during-tx-gpio' property of node '/ocp/interconnect@44c00000/segment@200000/target-module@9000/serial@0[0]'
[    0.937521] omap8250 44e09000.serial: using lookup tables for GPIO lookup
[    0.937530] omap8250 44e09000.serial: No GPIO consumer rs485-rx-during-tx found
[    0.937913] 44e09000.serial: ttyS0 at MMIO 0x44e09000 (irq = 34, base_baud = 3000000) is a 8250
[    0.938000] printk: legacy console [ttyS0] enabled
[    2.141153] i2c i2c-0: using DT '/ocp/interconnect@44c00000/segment@200000/target-module@b000/i2c@0' for 'scl' GPIO lookup
[    2.141241] of_get_named_gpiod_flags: can't parse 'scl-gpios' property of node '/ocp/interconnect@44c00000/segment@200000/target-module@b000/i2c@0[0]'
[    2.141289] of_get_named_gpiod_flags: can't parse 'scl-gpio' property of node '/ocp/interconnect@44c00000/segment@200000/target-module@b000/i2c@0[0]'
[    2.141331] i2c i2c-0: using lookup tables for GPIO lookup
[    2.141345] i2c i2c-0: No GPIO consumer scl found
[    2.141371] i2c i2c-0: using DT '/ocp/interconnect@44c00000/segment@200000/target-module@b000/i2c@0' for 'sda' GPIO lookup
[    2.141412] of_get_named_gpiod_flags: can't parse 'sda-gpios' property of node '/ocp/interconnect@44c00000/segment@200000/target-module@b000/i2c@0[0]'
[    2.141454] of_get_named_gpiod_flags: can't parse 'sda-gpio' property of node '/ocp/interconnect@44c00000/segment@200000/target-module@b000/i2c@0[0]'
[    2.141491] i2c i2c-0: using lookup tables for GPIO lookup
[    2.141502] i2c i2c-0: No GPIO consumer sda found
[    2.164929] tps65217-pmic: Failed to locate of_node [id: -1]
[    2.170994] tps65217-bl: Failed to locate of_node [id: -1]
[    2.182072] tps65217 0-0024: TPS65217 ID 0xe version 1.2
[    2.188214] platform 4830e000.lcdc: Fixed dependency cycle(s) with /ocp/interconnect@44c00000/segment@200000/target-module@b000/i2c@0/tda19988@70
[    2.201635] i2c 0-0070: Fixed dependency cycle(s) with /ocp/interconnect@48000000/segment@300000/target-module@e000/lcdc@0
[    2.213043] omap_i2c 44e0b000.i2c: bus 0 rev0.11 at 400 kHz
[    2.221441] sdhci-omap 48060000.mmc: using DT '/ocp/interconnect@48000000/segment@0/target-module@60000/mmc@0' for 'cd' GPIO lookup
[    2.221553] of_get_named_gpiod_flags: parsed 'cd-gpios' property of node '/ocp/interconnect@48000000/segment@0/target-module@60000/mmc@0[0]' - status (0)
[    2.221622] gpio gpiochip3: Persistence not supported for GPIO 6
[    2.221646] omap_gpio 44e07000.gpio: Could not set line 6 debounce to 200000 microseconds (-22)
[    2.230561] sdhci-omap 48060000.mmc: Got CD GPIO
[    2.235258] sdhci-omap 48060000.mmc: using DT '/ocp/interconnect@48000000/segment@0/target-module@60000/mmc@0' for 'wp' GPIO lookup
[    2.235311] of_get_named_gpiod_flags: can't parse 'wp-gpios' property of node '/ocp/interconnect@48000000/segment@0/target-module@60000/mmc@0[0]'
[    2.235358] of_get_named_gpiod_flags: can't parse 'wp-gpio' property of node '/ocp/interconnect@48000000/segment@0/target-module@60000/mmc@0[0]'
[    2.235398] sdhci-omap 48060000.mmc: using lookup tables for GPIO lookup
[    2.235413] sdhci-omap 48060000.mmc: No GPIO consumer wp found
[    2.235624] sdhci-omap 48060000.mmc: supply pbias not found, using dummy regulator
[    2.244776] sdhci-omap 481d8000.mmc: using DT '/ocp/interconnect@48000000/segment@100000/target-module@d8000/mmc@0' for 'wp' GPIO lookup
[    2.244855] of_get_named_gpiod_flags: can't parse 'wp-gpios' property of node '/ocp/interconnect@48000000/segment@100000/target-module@d8000/mmc@0[0]'
[    2.244906] of_get_named_gpiod_flags: can't parse 'wp-gpio' property of node '/ocp/interconnect@48000000/segment@100000/target-module@d8000/mmc@0[0]'
[    2.244947] sdhci-omap 481d8000.mmc: using lookup tables for GPIO lookup
[    2.244961] sdhci-omap 481d8000.mmc: No GPIO consumer wp found
[    2.246097] sdhci-omap 48060000.mmc: supply vqmmc not found, using dummy regulator
[    2.254599] sdhci-omap 481d8000.mmc: supply pbias not found, using dummy regulator
[    2.262602] sdhci-omap 481d8000.mmc: supply vqmmc not found, using dummy regulator
[    2.301557] mmc1: SDHCI controller on 481d8000.mmc [481d8000.mmc] using External DMA
[    2.310031] mmc0: SDHCI controller on 48060000.mmc [48060000.mmc] using External DMA
[    2.318875] cpsw-switch 4a100000.switch: starting ndev. mode: dual_mac
[    2.363327] mmc0: new high speed SDHC card at address 59b4
[    2.370445] mmcblk0: mmc0:59b4 USD   14.9 GiB
[    2.378113]  mmcblk0: p1 p2
[    2.385393] mmc1: new high speed MMC card at address 0001
[    2.392085] mmcblk1: mmc1:0001 MK2704 3.53 GiB
[    2.399682]  mmcblk1: p1
[    2.403359] mmcblk1boot0: mmc1:0001 MK2704 2.00 MiB
[    2.410684] mmcblk1boot1: mmc1:0001 MK2704 2.00 MiB
[    2.417959] mmcblk1rpmb: mmc1:0001 MK2704 512 KiB, chardev (250:0)
[    2.424745] SMSC LAN8710/LAN8720 4a101000.mdio:00: attached PHY driver (mii_bus:phy_addr=4a101000.mdio:00, irq=POLL)
[    5.604638] cpsw-switch 4a100000.switch eth0: Link is Up - 100Mbps/Full - flow control off
[    5.644124] IP-Config: Complete:
[    5.647397]      device=eth0, hwaddr=18:2c:65:25:41:ce, ipaddr=192.168.255.2, mask=255.255.255.0, gw=255.255.255.255
[    5.658059]      host=bbb1, domain=, nis-domain=(none)
[    5.663227]      bootserver=192.168.255.126, rootserver=192.168.255.126, rootpath=
[    5.663654] clk: Disabling unused clocks
[    5.675492] PM: genpd: Disabling unused power domains
[    5.680609] KTAP version 1
[    5.683330] 1..0
[    5.707556] VFS: Mounted root (nfs filesystem) on device 0:17.
[    5.714464] devtmpfs: mounted
[    5.719116] Freeing unused kernel image (initmem) memory: 1024K
[    5.725980] Run /sbin/init as init process
[    5.730114]   with arguments:
[    5.730127]     /sbin/init
[    5.730136]     nfsrootdebug
[    5.730146]   with environment:
[    5.730154]     HOME=/
[    5.730163]     TERM=linux
[    6.421355] systemd[1]: System time before build time, advancing clock.
[    7.903916] random: crng init done
[    7.975477] systemd[1]: systemd 232 running in system mode. (+PAM +AUDIT +SELINUX +IMA +APPARMOR +SMACK +SYSVINIT +UTMP +LIBCRYPTSETUP +GCRYPT +GNUTLS +ACL +XZ +LZ4 +SECCOMP +BLKID +ELFUTILS +KMOD +IDN)
[    7.994511] systemd[1]: Detected architecture arm.
[    8.036946] systemd[1]: Set hostname to <arm>.
[    9.128732] systemd[1]: Listening on Journal Audit Socket.
[    9.166019] systemd[1]: Listening on /dev/initctl Compatibility Named Pipe.
[    9.205528] systemd[1]: Created slice User and Session Slice.
[    9.245924] systemd[1]: Listening on udev Control Socket.
[    9.284239] systemd[1]: Reached target Remote File Systems.
[    9.325945] systemd[1]: Listening on Journal Socket.
[    9.364625] systemd[1]: Listening on Journal Socket (/dev/log).
[   11.616596] systemd-journald[82]: Received request to flush runtime journal from PID 1
[   14.386459] leds-gpio leds: using DT '/leds/led2' for '(default)' GPIO lookup
[   14.386565] of_get_named_gpiod_flags: parsed 'gpios' property of node '/leds/led2[0]' - status (0)
[   14.386623] gpio gpiochip0: Persistence not supported for GPIO 21
[   14.386639] gpio-533 (?): no flags found for GPIO (default)
[   14.456553] leds-gpio leds: using DT '/leds/led3' for '(default)' GPIO lookup
[   14.456673] of_get_named_gpiod_flags: parsed 'gpios' property of node '/leds/led3[0]' - status (0)
[   14.456937] gpio gpiochip0: Persistence not supported for GPIO 22
[   14.456957] gpio-534 (?): no flags found for GPIO (default)
[   14.500189] leds-gpio leds: using DT '/leds/led4' for '(default)' GPIO lookup
[   14.500457] of_get_named_gpiod_flags: parsed 'gpios' property of node '/leds/led4[0]' - status (0)
[   14.500516] gpio gpiochip0: Persistence not supported for GPIO 23
[   14.500532] gpio-535 (?): no flags found for GPIO (default)
[   14.525250] leds-gpio leds: using DT '/leds/led5' for '(default)' GPIO lookup
[   14.525356] of_get_named_gpiod_flags: parsed 'gpios' property of node '/leds/led5[0]' - status (0)
[   14.525407] gpio gpiochip0: Persistence not supported for GPIO 24
[   14.525422] gpio-536 (?): no flags found for GPIO (default)
[   14.931783] remoteproc remoteproc0: wkup_m3 is available
[   14.983029] am335x-phy-driver 47401300.usb-phy: using DT '/ocp/target-module@47400000/usb-phy@1300' for 'reset' GPIO lookup
[   14.983274] of_get_named_gpiod_flags: can't parse 'reset-gpios' property of node '/ocp/target-module@47400000/usb-phy@1300[0]'
[   14.983371] of_get_named_gpiod_flags: can't parse 'reset-gpio' property of node '/ocp/target-module@47400000/usb-phy@1300[0]'
[   14.983416] am335x-phy-driver 47401300.usb-phy: using lookup tables for GPIO lookup
[   14.983433] am335x-phy-driver 47401300.usb-phy: No GPIO consumer reset found
[   14.983495] am335x-phy-driver 47401300.usb-phy: using DT '/ocp/target-module@47400000/usb-phy@1300' for 'vbus-detect' GPIO lookup
[   14.983531] of_get_named_gpiod_flags: can't parse 'vbus-detect-gpios' property of node '/ocp/target-module@47400000/usb-phy@1300[0]'
[   14.983605] of_get_named_gpiod_flags: can't parse 'vbus-detect-gpio' property of node '/ocp/target-module@47400000/usb-phy@1300[0]'
[   14.983638] am335x-phy-driver 47401300.usb-phy: using lookup tables for GPIO lookup
[   14.983651] am335x-phy-driver 47401300.usb-phy: No GPIO consumer vbus-detect found
[   14.984093] am335x-phy-driver 47401300.usb-phy: dummy supplies not allowed for exclusive requests (id=vbus)
[   15.308901] usbcore: registered new interface driver usbfs
[   15.314813] usbcore: registered new interface driver hub
[   15.320259] usbcore: registered new device driver usb
[   15.439291] at24 2-0054: supply vcc not found, using dummy regulator
[   15.458056] am335x-phy-driver 47401b00.usb-phy: using DT '/ocp/target-module@47400000/usb-phy@1b00' for 'reset' GPIO lookup
[   15.458147] of_get_named_gpiod_flags: can't parse 'reset-gpios' property of node '/ocp/target-module@47400000/usb-phy@1b00[0]'
[   15.458191] of_get_named_gpiod_flags: can't parse 'reset-gpio' property of node '/ocp/target-module@47400000/usb-phy@1b00[0]'
[   15.458230] am335x-phy-driver 47401b00.usb-phy: using lookup tables for GPIO lookup
[   15.458245] am335x-phy-driver 47401b00.usb-phy: No GPIO consumer reset found
[   15.458260] am335x-phy-driver 47401b00.usb-phy: using DT '/ocp/target-module@47400000/usb-phy@1b00' for 'vbus-detect' GPIO lookup
[   15.458290] of_get_named_gpiod_flags: can't parse 'vbus-detect-gpios' property of node '/ocp/target-module@47400000/usb-phy@1b00[0]'
[   15.458323] of_get_named_gpiod_flags: can't parse 'vbus-detect-gpio' property of node '/ocp/target-module@47400000/usb-phy@1b00[0]'
[   15.458351] am335x-phy-driver 47401b00.usb-phy: using lookup tables for GPIO lookup
[   15.458363] am335x-phy-driver 47401b00.usb-phy: No GPIO consumer vbus-detect found
[   15.458508] am335x-phy-driver 47401b00.usb-phy: dummy supplies not allowed for exclusive requests (id=vbus)
[   15.587284] at24 2-0055: supply vcc not found, using dummy regulator
[   15.713010] at24 2-0056: supply vcc not found, using dummy regulator
[   15.859518] at24 2-0057: supply vcc not found, using dummy regulator
[   16.046441] at24 0-0050: using DT '/ocp/interconnect@44c00000/segment@200000/target-module@b000/i2c@0/baseboard_eeprom@50' for 'wp' GPIO lookup
[   16.046559] of_get_named_gpiod_flags: can't parse 'wp-gpios' property of node '/ocp/interconnect@44c00000/segment@200000/target-module@b000/i2c@0/baseboard_eeprom@50[0]'
[   16.046622] of_get_named_gpiod_flags: can't parse 'wp-gpio' property of node '/ocp/interconnect@44c00000/segment@200000/target-module@b000/i2c@0/baseboard_eeprom@50[0]'
[   16.046670] at24 0-0050: using lookup tables for GPIO lookup
[   16.046685] at24 0-0050: No GPIO consumer wp found
[   16.046972] at24 0-0050: 32768 byte 24c256 EEPROM, writable, 1 bytes/write
[   16.177622] tps6521x_pwrbutton tps65217-pwrbutton: DMA mask not set
[   16.327983] input: tps65217_pwrbutton as /devices/platform/ocp/44c00000.interconnect/44c00000.interconnect:segment@200000/44e0b000.target-module/44e0b000.i2c/i2c-0/0-0024/tps65217-pwrbutton/input/input0
[   16.450131] wkup_m3_ipc 44e11324.wkup_m3_ipc: IPC Request for A8->M3 Channel failed! -517
[   16.561562] wkup_m3_ipc 44e11324.wkup_m3_ipc: IPC Request for A8->M3 Channel failed! -517
[   16.704676] musb-hdrc musb-hdrc.1: MUSB HDRC host driver
[   16.710090] musb-hdrc musb-hdrc.1: new USB bus registered, assigned bus number 1
[   16.787604] wkup_m3_ipc 44e11324.wkup_m3_ipc: IPC Request for A8->M3 Channel failed! -517
[   16.899018] usb usb1: New USB device found, idVendor=1d6b, idProduct=0002, bcdDevice= 6.11
[   16.907593] usb usb1: New USB device strings: Mfr=3, Product=2, SerialNumber=1
[   16.914998] usb usb1: Product: MUSB HDRC host driver
[   16.919996] usb usb1: Manufacturer: Linux 6.11.0-g1c5903bb178f musb-hcd
[   16.926708] usb usb1: SerialNumber: musb-hdrc.1
[   17.059842] omap_wdt: OMAP Watchdog Timer Rev 0x01: initial timeout 60 sec
[   17.071200] wkup_m3_ipc 44e11324.wkup_m3_ipc: IPC Request for A8->M3 Channel failed! -517
[   17.085141] omap_rtc 44e3e000.rtc: registered as rtc0
[   17.090313] omap_rtc 44e3e000.rtc: setting system clock to 2000-01-01T00:00:00 UTC (946684800)
[   17.099098] omap_rtc 44e3e000.rtc: using DT '/ocp/interconnect@44c00000/segment@200000/target-module@3e000/rtc@0' for 'wp' GPIO lookup
[   17.099171] of_get_named_gpiod_flags: can't parse 'wp-gpios' property of node '/ocp/interconnect@44c00000/segment@200000/target-module@3e000/rtc@0[0]'
[   17.099222] of_get_named_gpiod_flags: can't parse 'wp-gpio' property of node '/ocp/interconnect@44c00000/segment@200000/target-module@3e000/rtc@0[0]'
[   17.099266] omap_rtc 44e3e000.rtc: using lookup tables for GPIO lookup
[   17.099281] omap_rtc 44e3e000.rtc: No GPIO consumer wp found
[   17.159815] hub 1-0:1.0: USB hub found
[   17.182113] wkup_m3_ipc 44e11324.wkup_m3_ipc: IPC Request for A8->M3 Channel failed! -517
[   17.228679] hub 1-0:1.0: 1 port detected
[   17.351149] tda998x 0-0070: found TDA19988
[   17.358067] wkup_m3_ipc 44e11324.wkup_m3_ipc: IPC Request for A8->M3 Channel failed! -517
[   17.503395] wkup_m3_ipc 44e11324.wkup_m3_ipc: IPC Request for A8->M3 Channel failed! -517
[   18.262948] omap-mailbox 480c8000.mailbox: omap mailbox rev 0x400
[   18.373511] remoteproc remoteproc0: powering up wkup_m3
[   18.503598] remoteproc remoteproc0: Direct firmware load for am335x-pm-firmware.elf failed with error -2
[   18.513474] remoteproc remoteproc0: request_firmware failed: -2
[   18.519570] wkup_m3_ipc 44e11324.wkup_m3_ipc: rproc_boot failed
[   20.303218] omap_rng 48310000.rng: Random Number Generator ver. 20
[   20.364331] tilcdc 4830e000.lcdc: bound 0-0070 (ops tda998x_driver_exit [tda998x])
[   20.485527] [drm] Initialized tilcdc 1.0.0 for 4830e000.lcdc on minor 0
[   20.542709] tilcdc 4830e000.lcdc: [drm] Cannot find any crtc or sizes
[   20.620656] tilcdc 4830e000.lcdc: [drm] Cannot find any crtc or sizes
[   21.546513] PM: Cannot get wkup_m3_ipc handle
[   21.574850] omap-sham 53100000.sham: hw accel on OMAP rev 4.3
[   21.724394] omap-sham 53100000.sham: will run requests pump with realtime priority
[   21.764597] PM: Cannot get wkup_m3_ipc handle
[   21.917111] omap-aes 53500000.aes: OMAP AES hw accel rev: 3.2
[   22.065407] omap-aes 53500000.aes: will run requests pump with realtime priority
[   22.074271] PM: Cannot get wkup_m3_ipc handle
[   24.025962] Bluetooth: Core ver 2.22
[   24.029796] NET: Registered PF_BLUETOOTH protocol family
[   24.035377] Bluetooth: HCI device and connection manager initialized
[   24.041796] Bluetooth: HCI socket layer initialized
[   24.046781] Bluetooth: L2CAP socket layer initialized
[   24.051901] Bluetooth: SCO socket layer initialized
[   25.485335] PM: Cannot get wkup_m3_ipc handle
[   25.491113] asoc-simple-card sound: using DT '/sound' for 'simple-audio-card,hp-det' GPIO lookup
[   25.491208] of_get_named_gpiod_flags: can't parse 'simple-audio-card,hp-det-gpios' property of node '/sound[0]'
[   25.491245] of_get_named_gpiod_flags: can't parse 'simple-audio-card,hp-det-gpio' property of node '/sound[0]'
[   25.491272] asoc-simple-card sound: using lookup tables for GPIO lookup
[   25.491287] asoc-simple-card sound: No GPIO consumer simple-audio-card,hp-det found
[   25.491302] asoc-simple-card sound: using DT '/sound' for 'simple-audio-card,mic-det' GPIO lookup
[   25.491326] of_get_named_gpiod_flags: can't parse 'simple-audio-card,mic-det-gpios' property of node '/sound[0]'
[   25.491352] of_get_named_gpiod_flags: can't parse 'simple-audio-card,mic-det-gpio' property of node '/sound[0]'
[   25.491373] asoc-simple-card sound: using lookup tables for GPIO lookup
[   25.491384] asoc-simple-card sound: No GPIO consumer simple-audio-card,mic-det found
[   25.627272] PM: Cannot get wkup_m3_ipc handle
[   27.747124] userial_init: registered 8 ttyGS* devices
[   28.029305] rndis_register: configNr = 0
[   28.137555] udc musb-hdrc.0: binding gadget driver [g_multi]
[   28.137649] configfs-gadget.g_multi gadget.0: adding 'rndis'/fd1d91e8 to config 'c'/603fbf71
[   28.138802] configfs-gadget.g_multi gadget.0: HOST MAC 1c:ba:8c:a2:ed:6c
[   28.145846] configfs-gadget.g_multi gadget.0: MAC 1c:ba:8c:a2:ed:70
[   28.152213] rndis_set_param_medium: 0 0
[   28.152233] configfs-gadget.g_multi gadget.0: RNDIS: IN/ep1in OUT/ep1out NOTIFY/ep2in
[   28.152250] configfs-gadget.g_multi gadget.0: adding 'cdc_ethernet'/ef030c7f to config 'c'/603fbf71
[   28.153223] configfs-gadget.g_multi gadget.0: HOST MAC 1c:ba:8c:a2:ed:6c
[   28.160088] configfs-gadget.g_multi gadget.0: MAC 1c:ba:8c:a2:ed:6d
[   28.166456] configfs-gadget.g_multi gadget.0: CDC Ethernet: IN/ep3in OUT/ep2out NOTIFY/ep4in
[   28.166474] configfs-gadget.g_multi gadget.0: adding 'acm'/e219833b to config 'c'/603fbf71
[   28.166511] configfs-gadget.g_multi gadget.0: acm ttyGS0: IN/ep5in OUT/ep3out NOTIFY/ep6in
[   28.171800] PM: Cannot get wkup_m3_ipc handle
[   29.339506] configfs-gadget.g_multi gadget.0: eth_open
[   30.335998] configfs-gadget.g_multi gadget.0: stop stats: rx/tx 0/0, errs 0/0
[   34.692416] gs_open: ttyGS0 (4c557cff,fae38d4d)
[   34.692577] gs_close: ttyGS0 (4c557cff,fae38d4d) ...
[   34.692602] gs_close: ttyGS0 (4c557cff,fae38d4d) done!
[   34.707094] gs_open: ttyGS0 (9d78eee4,fee8c528)
[   34.707264] gs_close: ttyGS0 (9d78eee4,fee8c528) ...
[   34.707291] gs_close: ttyGS0 (9d78eee4,fee8c528) done!
[   34.841584] gs_open: ttyGS0 (f5081990,47c5a041)
[   34.841782] gs_close: ttyGS0 (f5081990,47c5a041) ...
[   34.841809] gs_close: ttyGS0 (f5081990,47c5a041) done!
[   34.842086] gs_open: ttyGS0 (f5081990,1d2a7605)
LZHTSYMOUJ 0
root@arm:~# echo 'XQOS''HLXLXW'
XQOSHLXLXW
root@arm:~# MARKER='QZUA''JEPEKS' run 'modprobe test_linear_ranges'
QZUAJEPEKSQZUAJEPEKS 0
root@arm:~# echo 'HMMP''UKFCCO'
HMMPUKFCCO
root@arm:~# MARKER='JJZM''EAYWMS' run dmesg
JJZMEAYWMS[    0.000000] Booting Linux on physical CPU 0x0
[    0.000000] Linux version 6.11.0-g1c5903bb178f (user01@drvtest01) (arm-linux-gnueabihf-gcc (Linaro GCC 6.4-2017.11) 6.4.1 20171012, GNU ld (Linaro_Binutils-2017.11) 2.27.0.20161229) #3 SMP Fri Sep 27 09:31:50 EEST 2024
[    0.000000] CPU: ARMv7 Processor [413fc082] revision 2 (ARMv7), cr=10c5387d
[    0.000000] CPU: PIPT / VIPT nonaliasing data cache, VIPT aliasing instruction cache
[    0.000000] OF: fdt: Machine model: TI AM335x BeagleBone Black
[    0.000000] Memory policy: Data cache writeback
[    0.000000] cma: Reserved 16 MiB at 0x9e800000 on node -1
[    0.000000] Zone ranges:
[    0.000000]   Normal   [mem 0x0000000080000000-0x000000009fdfffff]
[    0.000000]   HighMem  empty
[    0.000000] Movable zone start for each node
[    0.000000] Early memory node ranges
[    0.000000]   node   0: [mem 0x0000000080000000-0x000000009fdfffff]
[    0.000000] Initmem setup node 0 [mem 0x0000000080000000-0x000000009fdfffff]
[    0.000000] CPU: All CPU(s) started in SVC mode.
[    0.000000] AM335X ES2.1 (sgx neon)
[    0.000000] percpu: Embedded 17 pages/cpu s39628 r8192 d21812 u69632
[    0.000000] pcpu-alloc: s39628 r8192 d21812 u69632 alloc=17*4096
[    0.000000] pcpu-alloc: [0] 0 
[    0.000000] Kernel command line: console=ttyO0,115200n8 root=/dev/nfs rw nfsroot=192.168.255.126:/home/user01/nfs,nfsvers=3 ip=192.168.255.2:192.168.255.126::255.255.255.0:bbb1:eth0 nfsrootdebug
[    0.000000] Unknown kernel command line parameters "nfsrootdebug", will be passed to user space.
[    0.000000] Dentry cache hash table entries: 65536 (order: 6, 262144 bytes, linear)
[    0.000000] Inode-cache hash table entries: 32768 (order: 5, 131072 bytes, linear)
[    0.000000] Built 1 zonelists, mobility grouping on.  Total pages: 130560
[    0.000000] mem auto-init: stack:off, heap alloc:off, heap free:off
[    0.000000] SLUB: HWalign=64, Order=0-3, MinObjects=0, CPUs=1, Nodes=1
[    0.000000] trace event string verifier disabled
[    0.000000] rcu: Hierarchical RCU implementation.
[    0.000000] rcu: 	RCU event tracing is enabled.
[    0.000000] rcu: 	RCU restricting CPUs from NR_CPUS=2 to nr_cpu_ids=1.
[    0.000000] rcu: RCU calculated value of scheduler-enlistment delay is 10 jiffies.
[    0.000000] rcu: Adjusting geometry for rcu_fanout_leaf=16, nr_cpu_ids=1
[    0.000000] NR_IRQS: 16, nr_irqs: 16, preallocated irqs: 16
[    0.000000] IRQ: Found an INTC at 0x(ptrval) (revision 5.0) with 128 interrupts
[    0.000000] rcu: srcu_init: Setting srcu_struct sizes based on contention.
[    0.000000] TI gptimer clocksource: always-on /ocp/interconnect@44c00000/segment@200000/target-module@31000
[    0.000002] sched_clock: 32 bits at 24MHz, resolution 41ns, wraps every 89478484971ns
[    0.000029] clocksource: dmtimer: mask: 0xffffffff max_cycles: 0xffffffff, max_idle_ns: 79635851949 ns
[    0.000507] TI gptimer clockevent: 24000000 Hz at /ocp/interconnect@48000000/segment@0/target-module@40000
[    0.002142] Console: colour dummy device 80x30
[    0.002215] WARNING: Your 'console=ttyO0' has been replaced by 'ttyS0'
[    0.002224] This ensures that you still see kernel messages. Please
[    0.002230] update your kernel commandline.
[    0.002274] Calibrating delay loop... 996.14 BogoMIPS (lpj=4980736)
[    0.090560] CPU: Testing write buffer coherency: ok
[    0.090682] CPU0: Spectre v2: using BPIALL workaround
[    0.090695] pid_max: default: 32768 minimum: 301
[    0.090822] LSM: initializing lsm=capability
[    0.090992] Mount-cache hash table entries: 1024 (order: 0, 4096 bytes, linear)
[    0.091015] Mountpoint-cache hash table entries: 1024 (order: 0, 4096 bytes, linear)
[    0.092558] CPU0: thread -1, cpu 0, socket -1, mpidr 0
[    0.094267] Setting up static identity map for 0x80100000 - 0x80100078
[    0.094579] rcu: Hierarchical SRCU implementation.
[    0.094592] rcu: 	Max phase no-delay instances is 1000.
[    0.096257] smp: Bringing up secondary CPUs ...
[    0.096318] smp: Brought up 1 node, 1 CPU
[    0.096335] SMP: Total of 1 processors activated (996.14 BogoMIPS).
[    0.096349] CPU: All CPU(s) started in SVC mode.
[    0.096538] Memory: 480876K/522240K available (11264K kernel code, 1197K rwdata, 2856K rodata, 1024K init, 297K bss, 23344K reserved, 16384K cma-reserved, 0K highmem)
[    0.097334] devtmpfs: initialized
[    0.113744] VFP support v0.3: implementor 41 architecture 3 part 30 variant c rev 3
[    0.114100] clocksource: jiffies: mask: 0xffffffff max_cycles: 0xffffffff, max_idle_ns: 19112604462750000 ns
[    0.114140] futex hash table entries: 256 (order: 2, 16384 bytes, linear)
[    0.115404] pinctrl core: initialized pinctrl subsystem
[    0.118139] NET: Registered PF_NETLINK/PF_ROUTE protocol family
[    0.121140] DMA: preallocated 256 KiB pool for atomic coherent allocations
[    0.122101] audit: initializing netlink subsys (disabled)
[    0.123483] thermal_sys: Registered thermal governor 'fair_share'
[    0.123505] thermal_sys: Registered thermal governor 'step_wise'
[    0.123516] thermal_sys: Registered thermal governor 'user_space'
[    0.123626] audit: type=2000 audit(0.120:1): state=initialized audit_enabled=0 res=1
[    0.123697] cpuidle: using governor menu
[    0.142885] No ATAGs?
[    0.142918] hw-breakpoint: debug architecture 0x4 unsupported.
[    0.145835] kprobes: kprobe jump-optimization is enabled. All kprobes are optimized if possible.
[    0.164133] iommu: Default domain type: Translated
[    0.164161] iommu: DMA domain TLB invalidation policy: strict mode
[    0.165748] reg-fixed-voltage fixedregulator0: using DT '/fixedregulator0' for '(default)' GPIO lookup
[    0.165808] of_get_named_gpiod_flags: can't parse 'gpios' property of node '/fixedregulator0[0]'
[    0.165838] of_get_named_gpiod_flags: can't parse 'gpio' property of node '/fixedregulator0[0]'
[    0.165859] reg-fixed-voltage fixedregulator0: using lookup tables for GPIO lookup
[    0.165873] reg-fixed-voltage fixedregulator0: No GPIO consumer (default) found
[    0.171512] SCSI subsystem initialized
[    0.181117] libata version 3.00 loaded.
[    0.181492] pps_core: LinuxPPS API ver. 1 registered
[    0.181505] pps_core: Software ver. 5.3.6 - Copyright 2005-2007 Rodolfo Giometti <giometti@linux.it>
[    0.181531] PTP clock support registered
[    0.183500] vgaarb: loaded
[    0.183897] clocksource: Switched to clocksource dmtimer
[    0.184490] VFS: Disk quotas dquot_6.6.0
[    0.184538] VFS: Dquot-cache hash table entries: 1024 (order 0, 4096 bytes)
[    0.210714] NET: Registered PF_INET protocol family
[    0.211071] IP idents hash table entries: 8192 (order: 4, 65536 bytes, linear)
[    0.212456] tcp_listen_portaddr_hash hash table entries: 512 (order: 0, 4096 bytes, linear)
[    0.212494] Table-perturb hash table entries: 65536 (order: 6, 262144 bytes, linear)
[    0.212513] TCP established hash table entries: 4096 (order: 2, 16384 bytes, linear)
[    0.212557] TCP bind hash table entries: 4096 (order: 4, 65536 bytes, linear)
[    0.212659] TCP: Hash tables configured (established 4096 bind 4096)
[    0.212783] UDP hash table entries: 256 (order: 1, 8192 bytes, linear)
[    0.212812] UDP-Lite hash table entries: 256 (order: 1, 8192 bytes, linear)
[    0.212988] NET: Registered PF_UNIX/PF_LOCAL protocol family
[    0.224847] RPC: Registered named UNIX socket transport module.
[    0.224878] RPC: Registered udp transport module.
[    0.224885] RPC: Registered tcp transport module.
[    0.224891] RPC: Registered tcp-with-tls transport module.
[    0.224898] RPC: Registered tcp NFSv4.1 backchannel transport module.
[    0.224925] PCI: CLS 0 bytes, default 64
[    0.226382] Initialise system trusted keyrings
[    0.227097] workingset: timestamp_bits=14 max_order=17 bucket_order=3
[    0.228767] NFS: Registering the id_resolver key type
[    0.228878] Key type id_resolver registered
[    0.228888] Key type id_legacy registered
[    0.228941] jffs2: version 2.2. (NAND) (SUMMARY)  Â© 2001-2006 Red Hat, Inc.
[    0.229343] Key type asymmetric registered
[    0.229362] Asymmetric key parser 'x509' registered
[    0.229431] io scheduler mq-deadline registered
[    0.229445] io scheduler kyber registered
[    0.229516] io scheduler bfq registered
[    0.244479] Serial: 8250/16550 driver, 6 ports, IRQ sharing enabled
[    0.290950] brd: module loaded
[    0.307414] loop: module loaded
[    0.308354] mtdoops: mtd device (mtddev=name/number) must be supplied
[    0.318108] mdio_bus fixed-0: using lookup tables for GPIO lookup
[    0.318139] mdio_bus fixed-0: No GPIO consumer reset found
[    0.319546] i2c_dev: i2c /dev entries driver
[    0.320518] cpuidle: enable-method property 'ti,am3352' found operations
[    0.320965] sdhci: Secure Digital Host Controller Interface driver
[    0.320979] sdhci: Copyright(c) Pierre Ossman
[    0.321156] sdhci-pltfm: SDHCI platform and OF driver helper
[    0.321442] ledtrig-cpu: registered to indicate activity on CPUs
[    0.322375] Initializing XFRM netlink socket
[    0.322500] NET: Registered PF_INET6 protocol family
[    0.341621] Segment Routing with IPv6
[    0.341719] In-situ OAM (IOAM) with IPv6
[    0.341817] sit: IPv6, IPv4 and MPLS over IPv4 tunneling driver
[    0.342771] NET: Registered PF_PACKET protocol family
[    0.342814] NET: Registered PF_KEY protocol family
[    0.342946] Key type dns_resolver registered
[    0.343210] ThumbEE CPU extension supported.
[    0.343236] Registering SWP/SWPB emulation handler
[    0.343767] omap_voltage_late_init: Voltage driver support not added
[    0.344306] SmartReflex Class3 initialized
[    0.364911] Loading compiled-in X.509 certificates
[    0.424589] gpiochip_find_base_unlocked: found new base at 512
[    0.454135] platform 44e10800.pinmux: Fixed dependency cycle(s) with /ocp/interconnect@44c00000/segment@200000/target-module@10000/scm@0/pinmux@800/clkout2-pins
[    0.454760] pinctrl-single 44e10800.pinmux: 142 pins, size 568
[    0.459792] ti-sysc 44e31000.target-module: probe with driver ti-sysc failed with error -16
[    0.500991] ti-sysc 48040000.target-module: probe with driver ti-sysc failed with error -16
[    0.512062] gpiochip_find_base_unlocked: found new base at 512
[    0.512176] gpio gpiochip0: (gpio-0-31): created GPIO range 0->7 ==> 44e10800.pinmux PIN 0->7
[    0.512198] gpio gpiochip0: (gpio-0-31): created GPIO range 8->11 ==> 44e10800.pinmux PIN 90->93
[    0.512216] gpio gpiochip0: (gpio-0-31): created GPIO range 12->27 ==> 44e10800.pinmux PIN 12->27
[    0.512233] gpio gpiochip0: (gpio-0-31): created GPIO range 28->31 ==> 44e10800.pinmux PIN 30->33
[    0.537879] gpio gpiochip0: (gpio-0-31): added GPIO chardev (254:0)
[    0.538077] gpio gpiochip0: registered GPIOs 512 to 543 on gpio-0-31
[    0.538169] OMAP GPIO hardware version 0.1
[    0.554765] i2c i2c-2: using DT '/ocp/interconnect@48000000/segment@100000/target-module@9c000/i2c@0' for 'scl' GPIO lookup
[    0.554869] of_get_named_gpiod_flags: can't parse 'scl-gpios' property of node '/ocp/interconnect@48000000/segment@100000/target-module@9c000/i2c@0[0]'
[    0.554916] of_get_named_gpiod_flags: can't parse 'scl-gpio' property of node '/ocp/interconnect@48000000/segment@100000/target-module@9c000/i2c@0[0]'
[    0.554957] i2c i2c-2: using lookup tables for GPIO lookup
[    0.554968] i2c i2c-2: No GPIO consumer scl found
[    0.554992] i2c i2c-2: using DT '/ocp/interconnect@48000000/segment@100000/target-module@9c000/i2c@0' for 'sda' GPIO lookup
[    0.555031] of_get_named_gpiod_flags: can't parse 'sda-gpios' property of node '/ocp/interconnect@48000000/segment@100000/target-module@9c000/i2c@0[0]'
[    0.555070] of_get_named_gpiod_flags: can't parse 'sda-gpio' property of node '/ocp/interconnect@48000000/segment@100000/target-module@9c000/i2c@0[0]'
[    0.555104] i2c i2c-2: using lookup tables for GPIO lookup
[    0.555114] i2c i2c-2: No GPIO consumer sda found
[    0.555837] omap_i2c 4819c000.i2c: bus 2 rev0.11 at 100 kHz
[    0.561095] gpiochip_find_base_unlocked: found new base at 544
[    0.561206] gpio gpiochip1: (gpio-32-63): created GPIO range 0->17 ==> 44e10800.pinmux PIN 34->51
[    0.561226] gpio gpiochip1: (gpio-32-63): created GPIO range 18->21 ==> 44e10800.pinmux PIN 77->80
[    0.561243] gpio gpiochip1: (gpio-32-63): created GPIO range 22->31 ==> 44e10800.pinmux PIN 56->65
[    0.574984] gpio gpiochip1: (gpio-32-63): added GPIO chardev (254:1)
[    0.575143] gpio gpiochip1: registered GPIOs 544 to 575 on gpio-32-63
[    0.577341] gpiochip_find_base_unlocked: found new base at 576
[    0.577460] gpio gpiochip2: (gpio-64-95): created GPIO range 0->4 ==> 44e10800.pinmux PIN 66->70
[    0.577481] gpio gpiochip2: (gpio-64-95): created GPIO range 5->6 ==> 44e10800.pinmux PIN 98->99
[    0.577498] gpio gpiochip2: (gpio-64-95): created GPIO range 7->8 ==> 44e10800.pinmux PIN 75->76
[    0.577516] gpio gpiochip2: (gpio-64-95): created GPIO range 13->13 ==> 44e10800.pinmux PIN 141->141
[    0.577534] gpio gpiochip2: (gpio-64-95): created GPIO range 14->21 ==> 44e10800.pinmux PIN 100->107
[    0.578135] gpio gpiochip2: (gpio-64-95): added GPIO chardev (254:2)
[    0.578273] gpio gpiochip2: registered GPIOs 576 to 607 on gpio-64-95
[    0.583614] 48000000.interconnect:segment@200000:target-module@0:mpu@0:fck: device ID is greater than 24
[    0.587999] platform 4830e000.lcdc: Fixed dependency cycle(s) with /ocp/interconnect@44c00000/segment@200000/target-module@b000/i2c@0/tda19988@70
[    0.597299] mdio_bus 4a101000.mdio: using DT '/ocp/interconnect@4a000000/segment@0/target-module@100000/switch@0/mdio@1000' for 'reset' GPIO lookup
[    0.597380] of_get_named_gpiod_flags: can't parse 'reset-gpios' property of node '/ocp/interconnect@4a000000/segment@0/target-module@100000/switch@0/mdio@1000[0]'
[    0.597431] of_get_named_gpiod_flags: can't parse 'reset-gpio' property of node '/ocp/interconnect@4a000000/segment@0/target-module@100000/switch@0/mdio@1000[0]'
[    0.597482] mdio_bus 4a101000.mdio: using lookup tables for GPIO lookup
[    0.597494] mdio_bus 4a101000.mdio: No GPIO consumer reset found
[    0.598467] sdhci-omap 481d8000.mmc: using DT '/ocp/interconnect@48000000/segment@100000/target-module@d8000/mmc@0' for 'wp' GPIO lookup
[    0.598532] of_get_named_gpiod_flags: can't parse 'wp-gpios' property of node '/ocp/interconnect@48000000/segment@100000/target-module@d8000/mmc@0[0]'
[    0.598578] of_get_named_gpiod_flags: can't parse 'wp-gpio' property of node '/ocp/interconnect@48000000/segment@100000/target-module@d8000/mmc@0[0]'
[    0.598616] sdhci-omap 481d8000.mmc: using lookup tables for GPIO lookup
[    0.598628] sdhci-omap 481d8000.mmc: No GPIO consumer wp found
[    0.598826] sdhci-omap 481d8000.mmc: supply pbias not found, using dummy regulator
[    0.599294] sdhci-omap 481d8000.mmc: supply vqmmc not found, using dummy regulator
[    0.675469] davinci_mdio 4a101000.mdio: davinci mdio revision 1.6, bus freq 1000000
[    0.699861] mdio_bus 4a101000.mdio:00: using DT '/ocp/interconnect@4a000000/segment@0/target-module@100000/switch@0/mdio@1000/ethernet-phy@0' for 'reset' GPIO lookup
[    0.699971] of_get_named_gpiod_flags: parsed 'reset-gpios' property of node '/ocp/interconnect@4a000000/segment@0/target-module@100000/switch@0/mdio@1000/ethernet-phy@0[0]' - status (0)
[    0.700140] gpio gpiochip0: Persistence not supported for GPIO 8
[    0.792773] davinci_mdio 4a101000.mdio: phy[0]: device 4a101000.mdio:00, driver SMSC LAN8710/LAN8720
[    0.793419] cpsw-switch 4a100000.switch: initialized cpsw ale version 1.4
[    0.793446] cpsw-switch 4a100000.switch: ALE Table size 1024
[    0.824582] cpsw-switch 4a100000.switch: cpts: overflow check period 500 (jiffies)
[    0.824613] cpsw-switch 4a100000.switch: CPTS: ref_clk_freq:250000000 calc_mult:2147483648 calc_shift:29 error:0 nsec/sec
[    0.824735] cpsw-switch 4a100000.switch: Detected MACID = 18:2c:65:25:41:ce
[    0.826570] cpsw-switch 4a100000.switch: initialized (regs 0x4a100000, pool size 256) hw_ver:0019010C 1.12 (0)
[    0.837525] debugfs: Directory '49000000.dma' with parent 'dmaengine' already present!
[    0.837575] edma 49000000.dma: TI EDMA DMA engine driver
[    0.878129] target-module@4b000000:target-module@140000:pmu@0:fck: device ID is greater than 24
[    0.907182] hw perfevents: enabled with armv7_cortex_a8 PMU driver, 5 counters available
[    0.908063] gpio-clk clk_mcasp0: using DT '/clk_mcasp0' for 'enable' GPIO lookup
[    0.908134] of_get_named_gpiod_flags: parsed 'enable-gpios' property of node '/clk_mcasp0[0]' - status (0)
[    0.908181] gpio gpiochip0: Persistence not supported for GPIO 27
[    0.908990] gpiochip_find_base_unlocked: found new base at 608
[    0.909111] gpio gpiochip3: (gpio-96-127): created GPIO range 0->7 ==> 44e10800.pinmux PIN 82->89
[    0.909135] gpio gpiochip3: (gpio-96-127): created GPIO range 8->11 ==> 44e10800.pinmux PIN 52->55
[    0.909153] gpio gpiochip3: (gpio-96-127): created GPIO range 12->15 ==> 44e10800.pinmux PIN 94->97
[    0.909170] gpio gpiochip3: (gpio-96-127): created GPIO range 16->17 ==> 44e10800.pinmux PIN 71->72
[    0.909187] gpio gpiochip3: (gpio-96-127): created GPIO range 18->18 ==> 44e10800.pinmux PIN 135->135
[    0.909205] gpio gpiochip3: (gpio-96-127): created GPIO range 19->20 ==> 44e10800.pinmux PIN 108->109
[    0.909223] gpio gpiochip3: (gpio-96-127): created GPIO range 21->21 ==> 44e10800.pinmux PIN 73->73
[    0.909241] gpio gpiochip3: (gpio-96-127): created GPIO range 22->23 ==> 44e10800.pinmux PIN 8->9
[    0.909260] gpio gpiochip3: (gpio-96-127): created GPIO range 26->27 ==> 44e10800.pinmux PIN 10->11
[    0.909280] gpio gpiochip3: (gpio-96-127): created GPIO range 28->28 ==> 44e10800.pinmux PIN 74->74
[    0.909299] gpio gpiochip3: (gpio-96-127): created GPIO range 29->29 ==> 44e10800.pinmux PIN 81->81
[    0.909319] gpio gpiochip3: (gpio-96-127): created GPIO range 30->31 ==> 44e10800.pinmux PIN 28->29
[    0.914826] l3-aon-clkctrl:0000:0: failed to disable
[    0.935125] gpio gpiochip3: (gpio-96-127): added GPIO chardev (254:3)
[    0.935282] gpio gpiochip3: registered GPIOs 608 to 639 on gpio-96-127
[    0.937221] omap8250 44e09000.serial: using DT '/ocp/interconnect@44c00000/segment@200000/target-module@9000/serial@0' for 'rs485-term' GPIO lookup
[    0.937298] of_get_named_gpiod_flags: can't parse 'rs485-term-gpios' property of node '/ocp/interconnect@44c00000/segment@200000/target-module@9000/serial@0[0]'
[    0.937345] of_get_named_gpiod_flags: can't parse 'rs485-term-gpio' property of node '/ocp/interconnect@44c00000/segment@200000/target-module@9000/serial@0[0]'
[    0.937384] omap8250 44e09000.serial: using lookup tables for GPIO lookup
[    0.937396] omap8250 44e09000.serial: No GPIO consumer rs485-term found
[    0.937407] omap8250 44e09000.serial: using DT '/ocp/interconnect@44c00000/segment@200000/target-module@9000/serial@0' for 'rs485-rx-during-tx' GPIO lookup
[    0.937446] of_get_named_gpiod_flags: can't parse 'rs485-rx-during-tx-gpios' property of node '/ocp/interconnect@44c00000/segment@200000/target-module@9000/serial@0[0]'
[    0.937486] of_get_named_gpiod_flags: can't parse 'rs485-rx-during-tx-gpio' property of node '/ocp/interconnect@44c00000/segment@200000/target-module@9000/serial@0[0]'
[    0.937521] omap8250 44e09000.serial: using lookup tables for GPIO lookup
[    0.937530] omap8250 44e09000.serial: No GPIO consumer rs485-rx-during-tx found
[    0.937913] 44e09000.serial: ttyS0 at MMIO 0x44e09000 (irq = 34, base_baud = 3000000) is a 8250
[    0.938000] printk: legacy console [ttyS0] enabled
[    2.141153] i2c i2c-0: using DT '/ocp/interconnect@44c00000/segment@200000/target-module@b000/i2c@0' for 'scl' GPIO lookup
[    2.141241] of_get_named_gpiod_flags: can't parse 'scl-gpios' property of node '/ocp/interconnect@44c00000/segment@200000/target-module@b000/i2c@0[0]'
[    2.141289] of_get_named_gpiod_flags: can't parse 'scl-gpio' property of node '/ocp/interconnect@44c00000/segment@200000/target-module@b000/i2c@0[0]'
[    2.141331] i2c i2c-0: using lookup tables for GPIO lookup
[    2.141345] i2c i2c-0: No GPIO consumer scl found
[    2.141371] i2c i2c-0: using DT '/ocp/interconnect@44c00000/segment@200000/target-module@b000/i2c@0' for 'sda' GPIO lookup
[    2.141412] of_get_named_gpiod_flags: can't parse 'sda-gpios' property of node '/ocp/interconnect@44c00000/segment@200000/target-module@b000/i2c@0[0]'
[    2.141454] of_get_named_gpiod_flags: can't parse 'sda-gpio' property of node '/ocp/interconnect@44c00000/segment@200000/target-module@b000/i2c@0[0]'
[    2.141491] i2c i2c-0: using lookup tables for GPIO lookup
[    2.141502] i2c i2c-0: No GPIO consumer sda found
[    2.164929] tps65217-pmic: Failed to locate of_node [id: -1]
[    2.170994] tps65217-bl: Failed to locate of_node [id: -1]
[    2.182072] tps65217 0-0024: TPS65217 ID 0xe version 1.2
[    2.188214] platform 4830e000.lcdc: Fixed dependency cycle(s) with /ocp/interconnect@44c00000/segment@200000/target-module@b000/i2c@0/tda19988@70
[    2.201635] i2c 0-0070: Fixed dependency cycle(s) with /ocp/interconnect@48000000/segment@300000/target-module@e000/lcdc@0
[    2.213043] omap_i2c 44e0b000.i2c: bus 0 rev0.11 at 400 kHz
[    2.221441] sdhci-omap 48060000.mmc: using DT '/ocp/interconnect@48000000/segment@0/target-module@60000/mmc@0' for 'cd' GPIO lookup
[    2.221553] of_get_named_gpiod_flags: parsed 'cd-gpios' property of node '/ocp/interconnect@48000000/segment@0/target-module@60000/mmc@0[0]' - status (0)
[    2.221622] gpio gpiochip3: Persistence not supported for GPIO 6
[    2.221646] omap_gpio 44e07000.gpio: Could not set line 6 debounce to 200000 microseconds (-22)
[    2.230561] sdhci-omap 48060000.mmc: Got CD GPIO
[    2.235258] sdhci-omap 48060000.mmc: using DT '/ocp/interconnect@48000000/segment@0/target-module@60000/mmc@0' for 'wp' GPIO lookup
[    2.235311] of_get_named_gpiod_flags: can't parse 'wp-gpios' property of node '/ocp/interconnect@48000000/segment@0/target-module@60000/mmc@0[0]'
[    2.235358] of_get_named_gpiod_flags: can't parse 'wp-gpio' property of node '/ocp/interconnect@48000000/segment@0/target-module@60000/mmc@0[0]'
[    2.235398] sdhci-omap 48060000.mmc: using lookup tables for GPIO lookup
[    2.235413] sdhci-omap 48060000.mmc: No GPIO consumer wp found
[    2.235624] sdhci-omap 48060000.mmc: supply pbias not found, using dummy regulator
[    2.244776] sdhci-omap 481d8000.mmc: using DT '/ocp/interconnect@48000000/segment@100000/target-module@d8000/mmc@0' for 'wp' GPIO lookup
[    2.244855] of_get_named_gpiod_flags: can't parse 'wp-gpios' property of node '/ocp/interconnect@48000000/segment@100000/target-module@d8000/mmc@0[0]'
[    2.244906] of_get_named_gpiod_flags: can't parse 'wp-gpio' property of node '/ocp/interconnect@48000000/segment@100000/target-module@d8000/mmc@0[0]'
[    2.244947] sdhci-omap 481d8000.mmc: using lookup tables for GPIO lookup
[    2.244961] sdhci-omap 481d8000.mmc: No GPIO consumer wp found
[    2.246097] sdhci-omap 48060000.mmc: supply vqmmc not found, using dummy regulator
[    2.254599] sdhci-omap 481d8000.mmc: supply pbias not found, using dummy regulator
[    2.262602] sdhci-omap 481d8000.mmc: supply vqmmc not found, using dummy regulator
[    2.301557] mmc1: SDHCI controller on 481d8000.mmc [481d8000.mmc] using External DMA
[    2.310031] mmc0: SDHCI controller on 48060000.mmc [48060000.mmc] using External DMA
[    2.318875] cpsw-switch 4a100000.switch: starting ndev. mode: dual_mac
[    2.363327] mmc0: new high speed SDHC card at address 59b4
[    2.370445] mmcblk0: mmc0:59b4 USD   14.9 GiB
[    2.378113]  mmcblk0: p1 p2
[    2.385393] mmc1: new high speed MMC card at address 0001
[    2.392085] mmcblk1: mmc1:0001 MK2704 3.53 GiB
[    2.399682]  mmcblk1: p1
[    2.403359] mmcblk1boot0: mmc1:0001 MK2704 2.00 MiB
[    2.410684] mmcblk1boot1: mmc1:0001 MK2704 2.00 MiB
[    2.417959] mmcblk1rpmb: mmc1:0001 MK2704 512 KiB, chardev (250:0)
[    2.424745] SMSC LAN8710/LAN8720 4a101000.mdio:00: attached PHY driver (mii_bus:phy_addr=4a101000.mdio:00, irq=POLL)
[    5.604638] cpsw-switch 4a100000.switch eth0: Link is Up - 100Mbps/Full - flow control off
[    5.644124] IP-Config: Complete:
[    5.647397]      device=eth0, hwaddr=18:2c:65:25:41:ce, ipaddr=192.168.255.2, mask=255.255.255.0, gw=255.255.255.255
[    5.658059]      host=bbb1, domain=, nis-domain=(none)
[    5.663227]      bootserver=192.168.255.126, rootserver=192.168.255.126, rootpath=
[    5.663654] clk: Disabling unused clocks
[    5.675492] PM: genpd: Disabling unused power domains
[    5.680609] KTAP version 1
[    5.683330] 1..0
[    5.707556] VFS: Mounted root (nfs filesystem) on device 0:17.
[    5.714464] devtmpfs: mounted
[    5.719116] Freeing unused kernel image (initmem) memory: 1024K
[    5.725980] Run /sbin/init as init process
[    5.730114]   with arguments:
[    5.730127]     /sbin/init
[    5.730136]     nfsrootdebug
[    5.730146]   with environment:
[    5.730154]     HOME=/
[    5.730163]     TERM=linux
[    6.421355] systemd[1]: System time before build time, advancing clock.
[    7.903916] random: crng init done
[    7.975477] systemd[1]: systemd 232 running in system mode. (+PAM +AUDIT +SELINUX +IMA +APPARMOR +SMACK +SYSVINIT +UTMP +LIBCRYPTSETUP +GCRYPT +GNUTLS +ACL +XZ +LZ4 +SECCOMP +BLKID +ELFUTILS +KMOD +IDN)
[    7.994511] systemd[1]: Detected architecture arm.
[    8.036946] systemd[1]: Set hostname to <arm>.
[    9.128732] systemd[1]: Listening on Journal Audit Socket.
[    9.166019] systemd[1]: Listening on /dev/initctl Compatibility Named Pipe.
[    9.205528] systemd[1]: Created slice User and Session Slice.
[    9.245924] systemd[1]: Listening on udev Control Socket.
[    9.284239] systemd[1]: Reached target Remote File Systems.
[    9.325945] systemd[1]: Listening on Journal Socket.
[    9.364625] systemd[1]: Listening on Journal Socket (/dev/log).
[   11.616596] systemd-journald[82]: Received request to flush runtime journal from PID 1
[   14.386459] leds-gpio leds: using DT '/leds/led2' for '(default)' GPIO lookup
[   14.386565] of_get_named_gpiod_flags: parsed 'gpios' property of node '/leds/led2[0]' - status (0)
[   14.386623] gpio gpiochip0: Persistence not supported for GPIO 21
[   14.386639] gpio-533 (?): no flags found for GPIO (default)
[   14.456553] leds-gpio leds: using DT '/leds/led3' for '(default)' GPIO lookup
[   14.456673] of_get_named_gpiod_flags: parsed 'gpios' property of node '/leds/led3[0]' - status (0)
[   14.456937] gpio gpiochip0: Persistence not supported for GPIO 22
[   14.456957] gpio-534 (?): no flags found for GPIO (default)
[   14.500189] leds-gpio leds: using DT '/leds/led4' for '(default)' GPIO lookup
[   14.500457] of_get_named_gpiod_flags: parsed 'gpios' property of node '/leds/led4[0]' - status (0)
[   14.500516] gpio gpiochip0: Persistence not supported for GPIO 23
[   14.500532] gpio-535 (?): no flags found for GPIO (default)
[   14.525250] leds-gpio leds: using DT '/leds/led5' for '(default)' GPIO lookup
[   14.525356] of_get_named_gpiod_flags: parsed 'gpios' property of node '/leds/led5[0]' - status (0)
[   14.525407] gpio gpiochip0: Persistence not supported for GPIO 24
[   14.525422] gpio-536 (?): no flags found for GPIO (default)
[   14.931783] remoteproc remoteproc0: wkup_m3 is available
[   14.983029] am335x-phy-driver 47401300.usb-phy: using DT '/ocp/target-module@47400000/usb-phy@1300' for 'reset' GPIO lookup
[   14.983274] of_get_named_gpiod_flags: can't parse 'reset-gpios' property of node '/ocp/target-module@47400000/usb-phy@1300[0]'
[   14.983371] of_get_named_gpiod_flags: can't parse 'reset-gpio' property of node '/ocp/target-module@47400000/usb-phy@1300[0]'
[   14.983416] am335x-phy-driver 47401300.usb-phy: using lookup tables for GPIO lookup
[   14.983433] am335x-phy-driver 47401300.usb-phy: No GPIO consumer reset found
[   14.983495] am335x-phy-driver 47401300.usb-phy: using DT '/ocp/target-module@47400000/usb-phy@1300' for 'vbus-detect' GPIO lookup
[   14.983531] of_get_named_gpiod_flags: can't parse 'vbus-detect-gpios' property of node '/ocp/target-module@47400000/usb-phy@1300[0]'
[   14.983605] of_get_named_gpiod_flags: can't parse 'vbus-detect-gpio' property of node '/ocp/target-module@47400000/usb-phy@1300[0]'
[   14.983638] am335x-phy-driver 47401300.usb-phy: using lookup tables for GPIO lookup
[   14.983651] am335x-phy-driver 47401300.usb-phy: No GPIO consumer vbus-detect found
[   14.984093] am335x-phy-driver 47401300.usb-phy: dummy supplies not allowed for exclusive requests (id=vbus)
[   15.308901] usbcore: registered new interface driver usbfs
[   15.314813] usbcore: registered new interface driver hub
[   15.320259] usbcore: registered new device driver usb
[   15.439291] at24 2-0054: supply vcc not found, using dummy regulator
[   15.458056] am335x-phy-driver 47401b00.usb-phy: using DT '/ocp/target-module@47400000/usb-phy@1b00' for 'reset' GPIO lookup
[   15.458147] of_get_named_gpiod_flags: can't parse 'reset-gpios' property of node '/ocp/target-module@47400000/usb-phy@1b00[0]'
[   15.458191] of_get_named_gpiod_flags: can't parse 'reset-gpio' property of node '/ocp/target-module@47400000/usb-phy@1b00[0]'
[   15.458230] am335x-phy-driver 47401b00.usb-phy: using lookup tables for GPIO lookup
[   15.458245] am335x-phy-driver 47401b00.usb-phy: No GPIO consumer reset found
[   15.458260] am335x-phy-driver 47401b00.usb-phy: using DT '/ocp/target-module@47400000/usb-phy@1b00' for 'vbus-detect' GPIO lookup
[   15.458290] of_get_named_gpiod_flags: can't parse 'vbus-detect-gpios' property of node '/ocp/target-module@47400000/usb-phy@1b00[0]'
[   15.458323] of_get_named_gpiod_flags: can't parse 'vbus-detect-gpio' property of node '/ocp/target-module@47400000/usb-phy@1b00[0]'
[   15.458351] am335x-phy-driver 47401b00.usb-phy: using lookup tables for GPIO lookup
[   15.458363] am335x-phy-driver 47401b00.usb-phy: No GPIO consumer vbus-detect found
[   15.458508] am335x-phy-driver 47401b00.usb-phy: dummy supplies not allowed for exclusive requests (id=vbus)
[   15.587284] at24 2-0055: supply vcc not found, using dummy regulator
[   15.713010] at24 2-0056: supply vcc not found, using dummy regulator
[   15.859518] at24 2-0057: supply vcc not found, using dummy regulator
[   16.046441] at24 0-0050: using DT '/ocp/interconnect@44c00000/segment@200000/target-module@b000/i2c@0/baseboard_eeprom@50' for 'wp' GPIO lookup
[   16.046559] of_get_named_gpiod_flags: can't parse 'wp-gpios' property of node '/ocp/interconnect@44c00000/segment@200000/target-module@b000/i2c@0/baseboard_eeprom@50[0]'
[   16.046622] of_get_named_gpiod_flags: can't parse 'wp-gpio' property of node '/ocp/interconnect@44c00000/segment@200000/target-module@b000/i2c@0/baseboard_eeprom@50[0]'
[   16.046670] at24 0-0050: using lookup tables for GPIO lookup
[   16.046685] at24 0-0050: No GPIO consumer wp found
[   16.046972] at24 0-0050: 32768 byte 24c256 EEPROM, writable, 1 bytes/write
[   16.177622] tps6521x_pwrbutton tps65217-pwrbutton: DMA mask not set
[   16.327983] input: tps65217_pwrbutton as /devices/platform/ocp/44c00000.interconnect/44c00000.interconnect:segment@200000/44e0b000.target-module/44e0b000.i2c/i2c-0/0-0024/tps65217-pwrbutton/input/input0
[   16.450131] wkup_m3_ipc 44e11324.wkup_m3_ipc: IPC Request for A8->M3 Channel failed! -517
[   16.561562] wkup_m3_ipc 44e11324.wkup_m3_ipc: IPC Request for A8->M3 Channel failed! -517
[   16.704676] musb-hdrc musb-hdrc.1: MUSB HDRC host driver
[   16.710090] musb-hdrc musb-hdrc.1: new USB bus registered, assigned bus number 1
[   16.787604] wkup_m3_ipc 44e11324.wkup_m3_ipc: IPC Request for A8->M3 Channel failed! -517
[   16.899018] usb usb1: New USB device found, idVendor=1d6b, idProduct=0002, bcdDevice= 6.11
[   16.907593] usb usb1: New USB device strings: Mfr=3, Product=2, SerialNumber=1
[   16.914998] usb usb1: Product: MUSB HDRC host driver
[   16.919996] usb usb1: Manufacturer: Linux 6.11.0-g1c5903bb178f musb-hcd
[   16.926708] usb usb1: SerialNumber: musb-hdrc.1
[   17.059842] omap_wdt: OMAP Watchdog Timer Rev 0x01: initial timeout 60 sec
[   17.071200] wkup_m3_ipc 44e11324.wkup_m3_ipc: IPC Request for A8->M3 Channel failed! -517
[   17.085141] omap_rtc 44e3e000.rtc: registered as rtc0
[   17.090313] omap_rtc 44e3e000.rtc: setting system clock to 2000-01-01T00:00:00 UTC (946684800)
