Labgrid Console Logfile for main
Logfile started at 2024-09-25 12:48:35.479132
=== Log starts here ===

** Unable to use mmc 0:1 for loading the env **
Board: BeagleBone Black
<ethaddr> not set. Validating first E-fuse MAC
BeagleBone Black:
BeagleBone: cape eeprom: i2c_probe: 0x54:
BeagleBone: cape eeprom: i2c_probe: 0x55:
BeagleBone: cape eeprom: i2c_probe: 0x56:
BeagleBone: cape eeprom: i2c_probe: 0x57:
Net:   eth0: MII MODE
cpsw, usb_ether
Press SPACE to abort autoboot in 0 seconds
board_name=[A335BNLT] ...
board_rev=[00C0] ...
switch to partitions #0, OK
mmc0 is current device
SD/MMC found on device 0
switch to partitions #0, OK
mmc0 is current device
Scanning mmc 0:1...
gpio: pin 56 (gpio 56) value is 0
gpio: pin 55 (gpio 55) value is 0
gpio: pin 54 (gpio 54) value is 0
gpio: pin 53 (gpio 53) value is 1
switch to partitions #0, OK
mmc0 is current device
gpio: pin 54 (gpio 54) value is 1
Checking for: /uEnv.txt ...
569 bytes read in 2 ms (277.3 KiB/s)
gpio: pin 55 (gpio 55) value is 1
Loaded environment from /uEnv.txt
Importing environment from mmc ...
Checking if uenvcmd is set ...
gpio: pin 56 (gpio 56) value is 1
Running uenvcmd ...
cpsw Waiting for PHY auto negotiation to complete.. done
link up on port 0, speed 100, full duplex
Using cpsw device
TFTP from server 192.168.255.126; our IP address is 192.168.255.3
Filename 'zImage'.
Load address: 0x81000000
Loading: *#################################################################
	 #################################################################
	 #################################################################
	 #################################################################
	 #################################################################
	 ###############################################
	 788.1 KiB/s
done
Bytes transferred = 5448464 (532310 hex)
link up on port 0, speed 100, full duplex
Using cpsw device
TFTP from server 192.168.255.126; our IP address is 192.168.255.3
Filename 'am335x-boneblack.dtb'.
Load address: 0x82000000
Loading: *#######
	 2.7 MiB/s
done
Bytes transferred = 97996 (17ecc hex)
## Flattened Device Tree blob at 82000000
   Booting using the fdt blob at 0x82000000
   Loading Device Tree to 8ffe5000, end 8ffffecb ... OK

Starting kernel ...

[    0.000000] Booting Linux on physical CPU 0x0
[    0.000000] Linux version 6.11.0-g73ea23d406f1 (user01@drvtest01) (arm-linux-gnueabihf-gcc (Linaro GCC 6.4-2017.11) 6.4.1 20171012, GNU ld (Linaro_Binutils-2017.11) 2.27.0.20161229) #17 SMP Wed Sep 25 12:36:14 EEST 2024
[    0.000000] CPU: ARMv7 Processor [413fc082] revision 2 (ARMv7), cr=10c5387d
[    0.000000] CPU: PIPT / VIPT nonaliasing data cache, VIPT aliasing instruction cache
[    0.000000] OF: fdt: Machine model: TI AM335x BeagleBone Black
[    0.000000] Memory policy: Data cache writeback
[    0.000000] cma: Reserved 16 MiB at 0x9e800000 on node -1
[    0.000000] Zone ranges:
[    0.000000]   Normal   [mem 0x0000000080000000-0x000000009fdfffff]
[    0.000000]   HighMem  empty
[    0.000000] Movable zone start for each node
[    0.000000] Early memory node ranges
[    0.000000]   node   0: [mem 0x0000000080000000-0x000000009fdfffff]
[    0.000000] Initmem setup node 0 [mem 0x0000000080000000-0x000000009fdfffff]
[    0.000000] CPU: All CPU(s) started in SVC mode.
[    0.000000] AM335X ES2.1 (sgx neon)
[    0.000000] percpu: Embedded 17 pages/cpu s39628 r8192 d21812 u69632
[    0.000000] Kernel command line: console=ttyO0,115200n8 root=/dev/nfs rw nfsroot=192.168.255.126:/home/user01/nfs,nfsvers=3 ip=192.168.255.3:192.168.255.126::255.255.255.0:bbb1:eth0 nfsrootdebug
[    0.000000] Unknown kernel command line parameters "nfsrootdebug", will be passed to user space.
[    0.000000] Dentry cache hash table entries: 65536 (order: 6, 262144 bytes, linear)
[    0.000000] Inode-cache hash table entries: 32768 (order: 5, 131072 bytes, linear)
[    0.000000] Built 1 zonelists, mobility grouping on.  Total pages: 130560
[    0.000000] mem auto-init: stack:off, heap alloc:off, heap free:off
[    0.000000] SLUB: HWalign=64, Order=0-3, MinObjects=0, CPUs=1, Nodes=1
[    0.000000] trace event string verifier disabled
[    0.000000] rcu: Hierarchical RCU implementation.
[    0.000000] rcu: 	RCU event tracing is enabled.
[    0.000000] rcu: 	RCU restricting CPUs from NR_CPUS=2 to nr_cpu_ids=1.
[    0.000000] rcu: RCU calculated value of scheduler-enlistment delay is 10 jiffies.
[    0.000000] rcu: Adjusting geometry for rcu_fanout_leaf=16, nr_cpu_ids=1
[    0.000000] NR_IRQS: 16, nr_irqs: 16, preallocated irqs: 16
[    0.000000] IRQ: Found an INTC at 0x(ptrval) (revision 5.0) with 128 interrupts
[    0.000000] rcu: srcu_init: Setting srcu_struct sizes based on contention.
[    0.000000] TI gptimer clocksource: always-on /ocp/interconnect@44c00000/segment@200000/target-module@31000
[    0.000002] sched_clock: 32 bits at 24MHz, resolution 41ns, wraps every 89478484971ns
[    0.000029] clocksource: dmtimer: mask: 0xffffffff max_cycles: 0xffffffff, max_idle_ns: 79635851949 ns
[    0.000510] TI gptimer clockevent: 24000000 Hz at /ocp/interconnect@48000000/segment@0/target-module@40000
[    0.002141] Console: colour dummy device 80x30
[    0.002214] WARNING: Your 'console=ttyO0' has been replaced by 'ttyS0'
[    0.002224] This ensures that you still see kernel messages. Please
[    0.002230] update your kernel commandline.
[    0.002274] Calibrating delay loop... 996.14 BogoMIPS (lpj=4980736)
[    0.090568] CPU: Testing write buffer coherency: ok
[    0.090671] CPU0: Spectre v2: using BPIALL workaround
[    0.090684] pid_max: default: 32768 minimum: 301
[    0.090813] LSM: initializing lsm=capability
[    0.090983] Mount-cache hash table entries: 1024 (order: 0, 4096 bytes, linear)
[    0.091005] Mountpoint-cache hash table entries: 1024 (order: 0, 4096 bytes, linear)
[    0.092536] CPU0: thread -1, cpu 0, socket -1, mpidr 0
[    0.094223] Setting up static identity map for 0x80100000 - 0x80100078
[    0.094540] rcu: Hierarchical SRCU implementation.
[    0.094552] rcu: 	Max phase no-delay instances is 1000.
[    0.096220] smp: Bringing up secondary CPUs ...
[    0.096281] smp: Brought up 1 node, 1 CPU
[    0.096296] SMP: Total of 1 processors activated (996.14 BogoMIPS).
[    0.096309] CPU: All CPU(s) started in SVC mode.
[    0.096502] Memory: 480876K/522240K available (11264K kernel code, 1197K rwdata, 2856K rodata, 1024K init, 297K bss, 23344K reserved, 16384K cma-reserved, 0K highmem)
[    0.097302] devtmpfs: initialized
[    0.113689] VFP support v0.3: implementor 41 architecture 3 part 30 variant c rev 3
[    0.114044] clocksource: jiffies: mask: 0xffffffff max_cycles: 0xffffffff, max_idle_ns: 19112604462750000 ns
[    0.114081] futex hash table entries: 256 (order: 2, 16384 bytes, linear)
[    0.115352] pinctrl core: initialized pinctrl subsystem
[    0.118082] NET: Registered PF_NETLINK/PF_ROUTE protocol family
[    0.121077] DMA: preallocated 256 KiB pool for atomic coherent allocations
[    0.122045] audit: initializing netlink subsys (disabled)
[    0.123426] thermal_sys: Registered thermal governor 'fair_share'
[    0.123446] thermal_sys: Registered thermal governor 'step_wise'
[    0.123457] thermal_sys: Registered thermal governor 'user_space'
[    0.123569] audit: type=2000 audit(0.120:1): state=initialized audit_enabled=0 res=1
[    0.123641] cpuidle: using governor menu
[    0.142768] No ATAGs?
[    0.142801] hw-breakpoint: debug architecture 0x4 unsupported.
[    0.145695] kprobes: kprobe jump-optimization is enabled. All kprobes are optimized if possible.
[    0.164002] iommu: Default domain type: Translated
[    0.164029] iommu: DMA domain TLB invalidation policy: strict mode
[    0.171378] SCSI subsystem initialized
[    0.181385] pps_core: LinuxPPS API ver. 1 registered
[    0.181398] pps_core: Software ver. 5.3.6 - Copyright 2005-2007 Rodolfo Giometti <giometti@linux.it>
[    0.181425] PTP clock support registered
[    0.183337] vgaarb: loaded
[    0.183721] clocksource: Switched to clocksource dmtimer
[    0.184319] VFS: Disk quotas dquot_6.6.0
[    0.184366] VFS: Dquot-cache hash table entries: 1024 (order 0, 4096 bytes)
[    0.209763] NET: Registered PF_INET protocol family
[    0.210114] IP idents hash table entries: 8192 (order: 4, 65536 bytes, linear)
[    0.211504] tcp_listen_portaddr_hash hash table entries: 512 (order: 0, 4096 bytes, linear)
[    0.211546] Table-perturb hash table entries: 65536 (order: 6, 262144 bytes, linear)
[    0.211566] TCP established hash table entries: 4096 (order: 2, 16384 bytes, linear)
[    0.211611] TCP bind hash table entries: 4096 (order: 4, 65536 bytes, linear)
[    0.211712] TCP: Hash tables configured (established 4096 bind 4096)
[    0.211831] UDP hash table entries: 256 (order: 1, 8192 bytes, linear)
[    0.211861] UDP-Lite hash table entries: 256 (order: 1, 8192 bytes, linear)
[    0.212036] NET: Registered PF_UNIX/PF_LOCAL protocol family
[    0.224640] RPC: Registered named UNIX socket transport module.
[    0.224668] RPC: Registered udp transport module.
[    0.224677] RPC: Registered tcp transport module.
[    0.224683] RPC: Registered tcp-with-tls transport module.
[    0.224690] RPC: Registered tcp NFSv4.1 backchannel transport module.
[    0.224717] PCI: CLS 0 bytes, default 64
[    0.226163] Initialise system trusted keyrings
[    0.227241] workingset: timestamp_bits=14 max_order=17 bucket_order=3
[    0.228503] NFS: Registering the id_resolver key type
[    0.228587] Key type id_resolver registered
[    0.228598] Key type id_legacy registered
[    0.228646] jffs2: version 2.2. (NAND) (SUMMARY)  Â© 2001-2006 Red Hat, Inc.
[    0.229105] Key type asymmetric registered
[    0.229125] Asymmetric key parser 'x509' registered
[    0.229192] io scheduler mq-deadline registered
[    0.229205] io scheduler kyber registered
[    0.229274] io scheduler bfq registered
[    0.244174] Serial: 8250/16550 driver, 6 ports, IRQ sharing enabled
[    0.307112] brd: module loaded
[    0.318310] loop: module loaded
[    0.319254] mtdoops: mtd device (mtddev=name/number) must be supplied
[    0.336594] i2c_dev: i2c /dev entries driver
[    0.337566] cpuidle: enable-method property 'ti,am3352' found operations
[    0.338016] sdhci: Secure Digital Host Controller Interface driver
[    0.338028] sdhci: Copyright(c) Pierre Ossman
[    0.338200] sdhci-pltfm: SDHCI platform and OF driver helper
[    0.338512] ledtrig-cpu: registered to indicate activity on CPUs
[    0.339449] Initializing XFRM netlink socket
[    0.339577] NET: Registered PF_INET6 protocol family
[    0.341408] Segment Routing with IPv6
[    0.341505] In-situ OAM (IOAM) with IPv6
[    0.341604] sit: IPv6, IPv4 and MPLS over IPv4 tunneling driver
[    0.342551] NET: Registered PF_PACKET protocol family
[    0.342592] NET: Registered PF_KEY protocol family
[    0.342757] Key type dns_resolver registered
[    0.343016] ThumbEE CPU extension supported.
[    0.343038] Registering SWP/SWPB emulation handler
[    0.343566] omap_voltage_late_init: Voltage driver support not added
[    0.344116] SmartReflex Class3 initialized
[    0.364663] Loading compiled-in X.509 certificates
[    0.431609] platform 44e10800.pinmux: Fixed dependency cycle(s) with /ocp/interconnect@44c00000/segment@200000/target-module@10000/scm@0/pinmux@800/clkout2-pins
[    0.432179] pinctrl-single 44e10800.pinmux: 142 pins, size 568
[    0.437517] ti-sysc 44e31000.target-module: probe with driver ti-sysc failed with error -16
[    0.473395] ti-sysc 48040000.target-module: probe with driver ti-sysc failed with error -16
[    0.514325] OMAP GPIO hardware version 0.1
[    0.538270] omap_i2c 4819c000.i2c: bus 2 rev0.11 at 100 kHz
[    0.567408] 48000000.interconnect:segment@200000:target-module@0:mpu@0:fck: device ID is greater than 24
[    0.571468] platform 4830e000.lcdc: Fixed dependency cycle(s) with /ocp/interconnect@44c00000/segment@200000/target-module@b000/i2c@0/tda19988@70
[    0.582830] sdhci-omap 481d8000.mmc: supply pbias not found, using dummy regulator
[    0.583297] sdhci-omap 481d8000.mmc: supply vqmmc not found, using dummy regulator
[    0.655581] davinci_mdio 4a101000.mdio: davinci mdio revision 1.6, bus freq 1000000
[    0.771322] davinci_mdio 4a101000.mdio: phy[0]: device 4a101000.mdio:00, driver SMSC LAN8710/LAN8720
[    0.771966] cpsw-switch 4a100000.switch: initialized cpsw ale version 1.4
[    0.771992] cpsw-switch 4a100000.switch: ALE Table size 1024
[    0.772300] cpsw-switch 4a100000.switch: cpts: overflow check period 500 (jiffies)
[    0.772326] cpsw-switch 4a100000.switch: CPTS: ref_clk_freq:250000000 calc_mult:2147483648 calc_shift:29 error:0 nsec/sec
[    0.772434] cpsw-switch 4a100000.switch: Detected MACID = 64:8c:bb:ca:c5:75
[    0.774413] cpsw-switch 4a100000.switch: initialized (regs 0x4a100000, pool size 256) hw_ver:0019010C 1.12 (0)
[    0.785298] debugfs: Directory '49000000.dma' with parent 'dmaengine' already present!
[    0.785347] edma 49000000.dma: TI EDMA DMA engine driver
[    0.825378] target-module@4b000000:target-module@140000:pmu@0:fck: device ID is greater than 24
[    0.847528] hw perfevents: enabled with armv7_cortex_a8 PMU driver, 5 counters available
[    0.858272] l3-aon-clkctrl:0000:0: failed to disable
[    0.859574] 44e09000.serial: ttyS0 at MMIO 0x44e09000 (irq = 34, base_baud = 3000000) is a 8250
[    0.859660] printk: legacy console [ttyS0] enabled
[    2.135664] tps65217-pmic: Failed to locate of_node [id: -1]
[    2.141738] tps65217-bl: Failed to locate of_node [id: -1]
[    2.162524] tps65217 0-0024: TPS65217 ID 0xe version 1.2
[    2.168711] platform 4830e000.lcdc: Fixed dependency cycle(s) with /ocp/interconnect@44c00000/segment@200000/target-module@b000/i2c@0/tda19988@70
[    2.182131] i2c 0-0070: Fixed dependency cycle(s) with /ocp/interconnect@48000000/segment@300000/target-module@e000/lcdc@0
[    2.193545] omap_i2c 44e0b000.i2c: bus 0 rev0.11 at 400 kHz
[    2.201912] omap_gpio 44e07000.gpio: Could not set line 6 debounce to 200000 microseconds (-22)
[    2.210836] sdhci-omap 48060000.mmc: Got CD GPIO
[    2.215900] sdhci-omap 48060000.mmc: supply pbias not found, using dummy regulator
[    2.226010] sdhci-omap 48060000.mmc: supply vqmmc not found, using dummy regulator
[    2.235202] sdhci-omap 481d8000.mmc: supply pbias not found, using dummy regulator
[    2.243207] sdhci-omap 481d8000.mmc: supply vqmmc not found, using dummy regulator
[    2.281996] mmc1: SDHCI controller on 481d8000.mmc [481d8000.mmc] using External DMA
[    2.290468] mmc0: SDHCI controller on 48060000.mmc [48060000.mmc] using External DMA
[    2.299247] cpsw-switch 4a100000.switch: starting ndev. mode: dual_mac
[    2.353380] mmc1: new high speed MMC card at address 0001
[    2.360230] mmcblk1: mmc1:0001 MK2704 3.53 GiB
[    2.367632]  mmcblk1: p1
[    2.371382] mmcblk1boot0: mmc1:0001 MK2704 2.00 MiB
[    2.378980] mmcblk1boot1: mmc1:0001 MK2704 2.00 MiB
[    2.386308] mmcblk1rpmb: mmc1:0001 MK2704 512 KiB, chardev (250:0)
[    2.393039] SMSC LAN8710/LAN8720 4a101000.mdio:00: attached PHY driver (mii_bus:phy_addr=4a101000.mdio:00, irq=POLL)
[    2.476948] mmc0: new high speed SDHC card at address aaaa
[    2.483806] mmcblk0: mmc0:aaaa SE32G 29.7 GiB
[    2.492677]  mmcblk0: p1 p2
[    5.524492] cpsw-switch 4a100000.switch eth0: Link is Up - 100Mbps/Full - flow control off
[    5.583741] IP-Config: Complete:
[    5.587019]      device=eth0, hwaddr=64:8c:bb:ca:c5:75, ipaddr=192.168.255.3, mask=255.255.255.0, gw=255.255.255.255
[    5.597651]      host=bbb1, domain=, nis-domain=(none)
[    5.602818]      bootserver=192.168.255.126, rootserver=192.168.255.126, rootpath=
[    5.603257] clk: Disabling unused clocks
[    5.615090] PM: genpd: Disabling unused power domains
[    5.620209] KTAP version 1
[    5.622929] 1..0
[    5.647760] VFS: Mounted root (nfs filesystem) on device 0:17.
[    5.654951] devtmpfs: mounted
[    5.659610] Freeing unused kernel image (initmem) memory: 1024K
[    5.666328] Run /sbin/init as init process
[    6.360981] systemd[1]: System time before build time, advancing clock.
[    7.833741] random: crng init done
[    7.894973] systemd[1]: systemd 232 running in system mode. (+PAM +AUDIT +SELINUX +IMA +APPARMOR +SMACK +SYSVINIT +UTMP +LIBCRYPTSETUP +GCRYPT +GNUTLS +ACL +XZ +LZ4 +SECCOMP +BLKID +ELFUTILS +KMOD +IDN)
[    7.914055] systemd[1]: Detected architecture arm.

Welcome to [1mDebian GNU/Linux 9 (stretch)[0m!

[    7.956729] systemd[1]: Set hostname to <arm>.
[    9.038067] systemd[1]: Created slice User and Session Slice.
[[0;32m  OK  [0m] Created slice User and Session Slice.
[    9.075914] systemd[1]: Listening on /dev/initctl Compatibility Named Pipe.
[[0;32m  OK  [0m] Listening on /dev/initctl Compatibility Named Pipe.
[    9.114624] systemd[1]: Started Forward Password Requests to Wall Directory Watch.
[[0;32m  OK  [0m] Started Forward Password Requests to Wall Directory Watch.
[    9.155102] systemd[1]: Created slice System Slice.
[[0;32m  OK  [0m] Created slice System Slice.
[    9.194093] systemd[1]: Reached target Slices.
[[0;32m  OK  [0m] Reached target Slices.
[    9.225078] systemd[1]: Created slice system-getty.slice.
[[0;32m  OK  [0m] Created slice system-getty.slice.
[    9.264138] systemd[1]: dev-hugepages.mount: Couldn't determine result for ConditionVirtualization=!private-users, assuming failed: No such file or directory
[[0;32m  OK  [0m] Listening on Journal Audit Socket.
         Mounting Debug File System...
         Mounting POSIX Message Queue File System...
[[0;32m  OK  [0m] Listening on Journal Socket.
         Starting Load Kernel Modules...
         Starting Create list of required stâ€¦ce nodes for the current kernel...
         Starting Remount Root and Kernel File Systems...
[[0;32m  OK  [0m] Started Dispatch Password Requests to Console Directory Watch.
[[0;32m  OK  [0m] Reached target Paths.
[[0;32m  OK  [0m] Reached target Encrypted Volumes.
[[0;32m  OK  [0m] Listening on udev Kernel Socket.
[[0;32m  OK  [0m] Listening on Journal Socket (/dev/log).
[[0;32m  OK  [0m] Reached target Swap.
[[0;32m  OK  [0m] Listening on Syslog Socket.
         Starting Journal Service...
[[0;32m  OK  [0m] Reached target Remote File Systems.
[[0;32m  OK  [0m] Listening on udev Control Socket.
[[0;32m  OK  [0m] Set up automount Arbitrary Executabâ€¦rmats File System Automount Point.
[[0;32m  OK  [0m] Created slice system-serial\x2dgetty.slice.
[[0;32m  OK  [0m] Mounted POSIX Message Queue File System.
[[0;32m  OK  [0m] Mounted Debug File System.
[[0;32m  OK  [0m] Started Load Kernel Modules.
[[0;32m  OK  [0m] Started Create list of required staâ€¦vice nodes for the current kernel.
[[0;32m  OK  [0m] Started Remount Root and Kernel File Systems.
         Starting Load/Save Random Seed...
         Starting udev Coldplug all Devices...
         Starting Create Static Device Nodes in /dev...
         Mounting Configuration File System...
         Starting Apply Kernel Variables...
[[0;32m  OK  [0m] Mounted Configuration File System.
[[0;32m  OK  [0m] Started Load/Save Random Seed.
[[0;32m  OK  [0m] Started Apply Kernel Variables.
[[0;32m  OK  [0m] Started Journal Service.
         Starting Flush Journal to Persistent Storage...
[[0;32m  OK  [0m] Started Create Static Device Nodes in /dev.
[[0;32m  OK  [0m] Reached target Local File Systems (Pre).
[[0;32m  OK  [0m] Reached target Local File Systems.
         Starting Raise network interfaces...
         Starting udev Kernel Device Manager...
[   11.322822] systemd-journald[92]: Received request to flush runtime journal from PID 1
[[0;32m  OK  [0m] Started Flush Journal to Persistent Storage.
         Starting Create Volatile Files and Directories...
[[0;32m  OK  [0m] Started udev Kernel Device Manager.
[[0;32m  OK  [0m] Started Create Volatile Files and Directories.
         Starting Network Time Synchronization...
         Starting Update UTMP about System Boot/Shutdown...
[[0;32m  OK  [0m] Started Update UTMP about System Boot/Shutdown.
[[0;32m  OK  [0m] Started udev Coldplug all Devices.
[[0;32m  OK  [0m] Started Network Time Synchronization.
[[0;32m  OK  [0m] Reached target System Initialization.
[[0;32m  OK  [0m] Listening on D-Bus System Message Bus Socket.
[[0;32m  OK  [0m] Started Daily Cleanup of Temporary Directories.
[[0;32m  OK  [0m] Listening on Avahi mDNS/DNS-SD Stack Activation Socket.
[[0;32m  OK  [0m] Reached target Sockets.
[[0;32m  OK  [0m] Reached target Basic System.
[   14.779097] remoteproc remoteproc0: wkup_m3 is available
[   14.800532] am335x-phy-driver 47401300.usb-phy: dummy supplies not allowed for exclusive requests (id=vbus)
         Starting LSB: Start busybox udhcpd at boot time...
[   14.886112] usbcore: registered new interface driver usbfs
[   14.891744] usbcore: registered new interface driver hub
[   14.897331] usbcore: registered new device driver usb
         Starting System Logging Service...
         Starting Generic Board Startup...
[   15.211485] at24 2-0054: supply vcc not found, using dummy regulator
         Starting Cape Manager Service...
[   15.409311] at24 2-0055: supply vcc not found, using dummy regulator
[   15.429979] am335x-phy-driver 47401b00.usb-phy: dummy supplies not allowed for exclusive requests (id=vbus)
         Starting Telephony service...
[   15.574833] at24 2-0056: supply vcc not found, using dummy regulator
         Starting DUN service...
[   15.686350] at24 2-0057: supply vcc not found, using dummy regulator
[[0;32m  OK  [0m] Started D-Bus System Message Bus.
[   15.871665] at24 0-0050: 32768 byte 24c256 EEPROM, writable, 1 bytes/write
[   16.079138] musb-hdrc musb-hdrc.1: MUSB HDRC host driver
[   16.084761] musb-hdrc musb-hdrc.1: new USB bus registered, assigned bus number 1
[   16.153615] tps6521x_pwrbutton tps65217-pwrbutton: DMA mask not set
[   16.285148] usb usb1: New USB device found, idVendor=1d6b, idProduct=0002, bcdDevice= 6.11
[   16.293509] usb usb1: New USB device strings: Mfr=3, Product=2, SerialNumber=1
[   16.300930] usb usb1: Product: MUSB HDRC host driver
[   16.306001] usb usb1: Manufacturer: Linux 6.11.0-g73ea23d406f1 musb-hcd
[   16.312652] usb usb1: SerialNumber: musb-hdrc.1
[   16.356634] input: tps65217_pwrbutton as /devices/platform/ocp/44c00000.interconnect/44c00000.interconnect:segment@200000/44e0b000.target-module/44e0b000.i2c/i2c-0/0-0024/tps65217-pwrbutton/input/input0
[   16.511122] wkup_m3_ipc 44e11324.wkup_m3_ipc: IPC Request for A8->M3 Channel failed! -517
[   16.544406] hub 1-0:1.0: USB hub found
[   16.591713] hub 1-0:1.0: 1 port detected
[   16.775365] wkup_m3_ipc 44e11324.wkup_m3_ipc: IPC Request for A8->M3 Channel failed! -517
[   16.978735] omap_rtc 44e3e000.rtc: registered as rtc0
[   16.985636] omap_rtc 44e3e000.rtc: setting system clock to 2000-01-01T00:00:00 UTC (946684800)
[   16.997749] omap_wdt: OMAP Watchdog Timer Rev 0x01: initial timeout 60 sec
[   17.044755] wkup_m3_ipc 44e11324.wkup_m3_ipc: IPC Request for A8->M3 Channel failed! -517
[   17.337744] tda998x 0-0070: found TDA19988
[   17.448372] wkup_m3_ipc 44e11324.wkup_m3_ipc: IPC Request for A8->M3 Channel failed! -517
[   17.666694] omap-mailbox 480c8000.mailbox: omap mailbox rev 0x400
[   17.768199] remoteproc remoteproc0: powering up wkup_m3
[   17.926501] remoteproc remoteproc0: Direct firmware load for am335x-pm-firmware.elf failed with error -2
[   17.937549] remoteproc remoteproc0: request_firmware failed: -2
[   17.943831] wkup_m3_ipc 44e11324.wkup_m3_ipc: rproc_boot failed
[   19.853184] tilcdc 4830e000.lcdc: bound 0-0070 (ops tda998x_driver_exit [tda998x])
[   19.958844] [drm] Initialized tilcdc 1.0.0 for 4830e000.lcdc on minor 0
[   20.010351] omap_rng 48310000.rng: Random Number Generator ver. 20
[   20.032376] tilcdc 4830e000.lcdc: [drm] Cannot find any crtc or sizes
[   20.069810] tilcdc 4830e000.lcdc: [drm] Cannot find any crtc or sizes
[[0;32m  OK  [0m] Started Telephony service.
[[0;32m  OK  [0m] Started DUN service.
         Starting Connection service...
         Starting Avahi mDNS/DNS-SD Stack...
         Starting Login Service...
[   20.955198] PM: Cannot get wkup_m3_ipc handle
[[0;32m  OK  [0m] Started Regular background program processing daemon.
         Starting LSB: Load kernel modules needed to enable cpufreq scaling...
[[0;32m  OK  [0m] Reached target System Time Synchronized.
[   21.230590] omap-sham 53100000.sham: hw accel on OMAP rev 4.3
[[0;32m  OK  [0m] Started Daily apt download activities.
[   21.443365] omap-sham 53100000.sham: will run requests pump with realtime priority
[   21.460421] PM: Cannot get wkup_m3_ipc handle
[   21.502717] omap-aes 53500000.aes: OMAP AES hw accel rev: 3.2
[[0;32m  OK  [0m] Started Daily apt upgrade and clean activities.
[[0;32m  OK  [0m] Reached target Timers.
[   21.653460] omap-aes 53500000.aes: will run requests pump with realtime priority
[   21.674968] PM: Cannot get wkup_m3_ipc handle
[[0;32m  OK  [0m] Started System Logging Service.
[[0;32m  OK  [0m] Started Cape Manager Service.
[   22.334738] Bluetooth: Core ver 2.22
[   22.338585] NET: Registered PF_BLUETOOTH protocol family
[   22.344106] Bluetooth: HCI device and connection manager initialized
[   22.350522] Bluetooth: HCI socket layer initialized
[   22.355524] Bluetooth: L2CAP socket layer initialized
[   22.360642] Bluetooth: SCO socket layer initialized
[[0;32m  OK  [0m] Found device /dev/ttyS0.
[   25.229130] PM: Cannot get wkup_m3_ipc handle
[   25.365275] PM: Cannot get wkup_m3_ipc handle
[[0;32m  OK  [0m] Started LSB: Start busybox udhcpd at boot time.
[[0;32m  OK  [0m] Started Raise network interfaces.
[   27.719078] configfs-gadget.g_multi gadget.0: HOST MAC 1c:ba:8c:a2:ed:6c
[   27.726123] configfs-gadget.g_multi gadget.0: MAC 1c:ba:8c:a2:ed:70
[   27.733552] configfs-gadget.g_multi gadget.0: HOST MAC 1c:ba:8c:a2:ed:6c
[   27.740462] configfs-gadget.g_multi gadget.0: MAC 1c:ba:8c:a2:ed:6d
[   27.752104] PM: Cannot get wkup_m3_ipc handle
[[0;32m  OK  [0m] Started LSB: Load kernel modules needed to enable cpufreq scaling.
[[0;32m  OK  [0m] Started Avahi mDNS/DNS-SD Stack.
[[0;32m  OK  [0m] Started Connection service.
[[0;32m  OK  [0m] Started Login Service.
[[0;32m  OK  [0m] Reached target Sound Card.
         Starting LSB: set CPUFreq kernel parameters...
[[0;32m  OK  [0m] Reached target Network.
         Starting The Apache HTTP Server...
         Starting Permit User Sessions...
[[0;32m  OK  [0m] Reached target Network is Online.
         Starting LSB: Advanced IEEE 802.11 management daemon...
         Starting OpenBSD Secure Shell server...
[[0;32m  OK  [0m] Started LSB: Advanced IEEE 802.11 management daemon.
[[0;32m  OK  [0m] Started Permit User Sessions.
         Starting Hostname Service...
[[0;32m  OK  [0m] Started Getty on tty1.
[[0;32m  OK  [0m] Started Serial Getty on ttyS0.
[[0;32m  OK  [0m] Reached target Login Prompts.
         Starting WPA supplicant...
[[0;32m  OK  [0m] Started LSB: set CPUFreq kernel parameters.
[[0;32m  OK  [0m] Started Hostname Service.
         Stopping LSB: Start busybox udhcpd at boot time...
[[0;32m  OK  [0m] Started WPA supplicant.
[[0;32m  OK  [0m] Started OpenBSD Secure Shell server.
[[0;32m  OK  [0m] Stopped LSB: Start busybox udhcpd at boot time.
         Starting dnsmasq - A lightweight DHCP and caching DNS server...
[[0;32m  OK  [0m] Started The Apache HTTP Server.
[[0;32m  OK  [0m] Started dnsmasq - A lightweight DHCP and caching DNS server.
[[0;32m  OK  [0m] Reached target Host and Network Name Lookups.
[[0;32m  OK  [0m] Started Serial Getty on ttyGS0.
[[0;32m  OK  [0m] Started Generic Board Startup.
[[0;32m  OK  [0m] Reached target Multi-User System.
[[0;32m  OK  [0m] Reached target Graphical Interface.
         Starting Update UTMP about System Runlevel Changes...
[[0;32m  OK  [0m] Started Update UTMP about System Runlevel Changes.

Debian GNU/Linux 9 arm ttyS0

default username:password is [debian:temppwd]

arm login: root
Password: 
Last login: Sat Jan  1 00:00:29 UTC 2000 on ttyS0
root
Linux arm 6.11.0-g73ea23d406f1 #17 SMP Wed Sep 25 12:36:14 EEST 2024 armv7l

The programs included with the Debian GNU/Linux system are free software;
the exact distribution terms for each program are described in the
individual files in /usr/share/doc/*/copyright.

Debian GNU/Linux comes with ABSOLUTELY NO WARRANTY, to the extent
permitted by applicable law.
root@arm:~# root
-bash: root: command not found
root@arm:~# dmesg -n 1
root@arm:~# echo 'ZEVE''SLZGEP'
ZEVESLZGEP
root@arm:~# run() { echo -n "$MARKER"; sh -c "$@"; echo "$MARKER $?"; }
root@arm:~# echo 'ECYY''UPFZMS'
ECYYUPFZMS
root@arm:~# MARKER='NTCV''QSQCUP' run 'cat /proc/version'
NTCVQSQCUPLinux version 6.11.0-g73ea23d406f1 (user01@drvtest01) (arm-linux-gnueabihf-gcc (Linaro GCC 6.4-2017.11) 6.4.1 20171012, GNU ld (Linaro_Binutils-2017.11) 2.27.0.20161229) #17 SMP Wed Sep 25 12:36:14 EEST 2024
NTCVQSQCUP 0
root@arm:~# echo 'TSNJ''UXLQVO'
TSNJUXLQVO
root@arm:~# MARKER='CCFY''WJCLZT' run false
CCFYWJCLZTCCFYWJCLZT 1
root@arm:~# Labgrid Console Logfile for main
Logfile started at 2024-09-25 12:49:35.399936
=== Log starts here ===

root@arm:~# run() { echo -n "$MARKER"; sh -c "$@"; echo "$MARKER $?"; }
root@arm:~# echo 'HFES''CTSEYN'
HFESCTSEYN
root@arm:~# MARKER='ZEUE''MVAPYA' run 'insmod /mva_overlay.ko'
ZEUEMVAPYAZEUEMVAPYA 0
root@arm:~# echo 'CSCC''OQUGPX'
CSCCOQUGPX
root@arm:~# MARKER='AUFE''YXJKUY' run lsmod
AUFEYXJKUYModule                  Size  Used by
mva_overlay            65536  0
usb_f_acm              12288  2
u_serial               16384  3 usb_f_acm
usb_f_ecm              16384  2
usb_f_rndis            24576  2
u_ether                16384  2 usb_f_ecm,usb_f_rndis
iptable_nat            12288  0
nf_nat                 36864  1 iptable_nat
nf_conntrack          110592  1 nf_nat
nf_defrag_ipv6         16384  1 nf_conntrack
nf_defrag_ipv4         12288  1 nf_conntrack
libcomposite           57344  15 usb_f_ecm,usb_f_acm,u_ether,usb_f_rndis
iptable_mangle         12288  0
snd_soc_hdmi_codec     16384  1
evdev                  20480  0
iptable_filter         12288  0
bluetooth             610304  2
snd_soc_simple_card    16384  0
snd_soc_simple_card_utils    20480  1 snd_soc_simple_card
omap_aes_driver        24576  0
omap_crypto            12288  1 omap_aes_driver
omap_sham              28672  0
crypto_engine          12288  2 omap_aes_driver,omap_sham
ecdh_generic           12288  1 bluetooth
pm33xx                 12288  0
ecc                    36864  1 ecdh_generic
ti_emif_sram           12288  1 pm33xx
libaes                 12288  2 omap_aes_driver,bluetooth
omap_rng               12288  0
rng_core               16384  1 omap_rng
tilcdc                 32768  0
drm_dma_helper         16384  1 tilcdc
snd_soc_davinci_mcasp    32768  2
snd_soc_ti_udma        12288  1 snd_soc_davinci_mcasp
snd_soc_ti_edma        12288  1 snd_soc_davinci_mcasp
snd_soc_ti_sdma        12288  1 snd_soc_davinci_mcasp
snd_soc_core          192512  7 snd_soc_davinci_mcasp,snd_soc_hdmi_codec,snd_soc_simple_card_utils,snd_soc_ti_sdma,snd_soc_ti_edma,snd_soc_ti_udma,snd_soc_simple_card
snd_pcm_dmaengine      12288  1 snd_soc_core
snd_pcm               110592  5 snd_soc_davinci_mcasp,snd_pcm_dmaengine,snd_soc_hdmi_codec,snd_soc_simple_card_utils,snd_soc_core
snd_timer              28672  1 snd_pcm
omap_mailbox           12288  1
snd                    69632  4 snd_soc_hdmi_codec,snd_timer,snd_soc_core,snd_pcm
soundcore              12288  1 snd
tda998x                20480  0
omap_wdt               12288  0
rtc_omap               16384  2 pm33xx
drm_kms_helper        122880  3 drm_dma_helper,tda998x,tilcdc
watchdog               24576  1 omap_wdt
wkup_m3_ipc            12288  1 pm33xx
drm                   417792  5 drm_dma_helper,tda998x,tilcdc,drm_kms_helper
tps65218_pwrbutton     12288  0
musb_dsps              16384  0
drm_panel_orientation_quirks    12288  1 drm
musb_hdrc             131072  1 musb_dsps
at24                   16384  0
udc_core               45056  7 usb_f_ecm,usb_f_acm,u_serial,musb_hdrc,u_ether,usb_f_rndis,libcomposite
usbcore               225280  1 musb_hdrc
phy_am335x             12288  2
wkup_m3_rproc          12288  1
phy_am335x_control     12288  1 phy_am335x
phy_generic            12288  1 phy_am335x
usb_common             12288  6 phy_am335x,udc_core,musb_hdrc,libcomposite,musb_dsps,usbcore
cppi41                 16384  60
leds_gpio              12288  0
led_class              12288  1 leds_gpio
cpufreq_dt             12288  0
ip_tables              20480  3 iptable_mangle,iptable_filter,iptable_nat
x_tables               24576  4 iptable_mangle,ip_tables,iptable_filter,iptable_nat
autofs4                40960  2
AUFEYXJKUY 0
root@arm:~# Labgrid Console Logfile for main
Logfile started at 2024-09-25 12:49:39.112255
=== Log starts here ===

root@arm:~# run() { echo -n "$MARKER"; sh -c "$@"; echo "$MARKER $?"; }
root@arm:~# echo 'YQOC''WMNZKT'
YQOCWMNZKT
root@arm:~# MARKER='FMKW''BHMJHH' run 'dd if=/bd71828_test.dtbo of=/sys/kernel/mvva_overlay/overlay_add bs=1M'
FMKWBHMJHH0+1 records in
0+1 records out
5281 bytes (5.3 kB, 5.2 KiB) copied, 0.155796 s, 33.9 kB/s
FMKWBHMJHH 0
root@arm:~# echo 'SVCO''HYTGXA'
SVCOHYTGXA
root@arm:~# MARKER='QFNU''NAGWAN' run lsmod
QFNUNAGWANModule                  Size  Used by
gpio_bd71828           12288  0
bd71828_regulator      16384  0
gpio_keys              16384  0
rtc_bd70528            12288  0
rohm_regulator         12288  1 bd71828_regulator
clk_bd718x7            12288  0
rohm_bd71828           20480  0
mva_overlay            65536  0
usb_f_acm              12288  2
u_serial               16384  3 usb_f_acm
usb_f_ecm              16384  2
usb_f_rndis            24576  2
u_ether                16384  2 usb_f_ecm,usb_f_rndis
iptable_nat            12288  0
nf_nat                 36864  1 iptable_nat
nf_conntrack          110592  1 nf_nat
nf_defrag_ipv6         16384  1 nf_conntrack
nf_defrag_ipv4         12288  1 nf_conntrack
libcomposite           57344  15 usb_f_ecm,usb_f_acm,u_ether,usb_f_rndis
iptable_mangle         12288  0
snd_soc_hdmi_codec     16384  1
evdev                  20480  1
iptable_filter         12288  0
bluetooth             610304  2
snd_soc_simple_card    16384  0
snd_soc_simple_card_utils    20480  1 snd_soc_simple_card
omap_aes_driver        24576  0
omap_crypto            12288  1 omap_aes_driver
omap_sham              28672  0
crypto_engine          12288  2 omap_aes_driver,omap_sham
ecdh_generic           12288  1 bluetooth
pm33xx                 12288  0
ecc                    36864  1 ecdh_generic
ti_emif_sram           12288  1 pm33xx
libaes                 12288  2 omap_aes_driver,bluetooth
omap_rng               12288  0
rng_core               16384  1 omap_rng
tilcdc                 32768  0
drm_dma_helper         16384  1 tilcdc
snd_soc_davinci_mcasp    32768  2
snd_soc_ti_udma        12288  1 snd_soc_davinci_mcasp
snd_soc_ti_edma        12288  1 snd_soc_davinci_mcasp
snd_soc_ti_sdma        12288  1 snd_soc_davinci_mcasp
snd_soc_core          192512  7 snd_soc_davinci_mcasp,snd_soc_hdmi_codec,snd_soc_simple_card_utils,snd_soc_ti_sdma,snd_soc_ti_edma,snd_soc_ti_udma,snd_soc_simple_card
snd_pcm_dmaengine      12288  1 snd_soc_core
snd_pcm               110592  5 snd_soc_davinci_mcasp,snd_pcm_dmaengine,snd_soc_hdmi_codec,snd_soc_simple_card_utils,snd_soc_core
snd_timer              28672  1 snd_pcm
omap_mailbox           12288  1
snd                    69632  4 snd_soc_hdmi_codec,snd_timer,snd_soc_core,snd_pcm
soundcore              12288  1 snd
tda998x                20480  0
omap_wdt               12288  0
rtc_omap               16384  2 pm33xx
drm_kms_helper        122880  3 drm_dma_helper,tda998x,tilcdc
watchdog               24576  1 omap_wdt
wkup_m3_ipc            12288  1 pm33xx
drm                   417792  5 drm_dma_helper,tda998x,tilcdc,drm_kms_helper
tps65218_pwrbutton     12288  0
musb_dsps              16384  0
drm_panel_orientation_quirks    12288  1 drm
musb_hdrc             131072  1 musb_dsps
at24                   16384  0
udc_core               45056  7 usb_f_ecm,usb_f_acm,u_serial,musb_hdrc,u_ether,usb_f_rndis,libcomposite
usbcore               225280  1 musb_hdrc
phy_am335x             12288  2
wkup_m3_rproc          12288  1
phy_am335x_control     12288  1 phy_am335x
phy_generic            12288  1 phy_am335x
usb_common             12288  6 phy_am335x,udc_core,musb_hdrc,libcomposite,musb_dsps,usbcore
cppi41                 16384  60
leds_gpio              12288  0
led_class              12288  1 leds_gpio
cpufreq_dt             12288  0
ip_tables              20480  3 iptable_mangle,iptable_filter,iptable_nat
x_tables               24576  4 iptable_mangle,ip_tables,iptable_filter,iptable_nat
autofs4                40960  2
QFNUNAGWAN 0
root@arm:~# Labgrid Console Logfile for main
Logfile started at 2024-09-25 12:49:45.033894
=== Log starts here ===

root@arm:~# run() { echo -n "$MARKER"; sh -c "$@"; echo "$MARKER $?"; }
root@arm:~# echo 'GPAH''GOKJYE'
GPAHGOKJYE
root@arm:~# MARKER='PWAS''BUNSNC' run 'insmod /bd71828-test.ko'
PWASBUNSNCPWASBUNSNC 0
root@arm:~# echo 'ZBCW''GHGZGS'
ZBCWGHGZGS
root@arm:~# MARKER='PBMY''KANLKX' run 'insmod /bd71828-gpio-test.ko'
PBMYKANLKXPBMYKANLKX 0
root@arm:~# echo 'TLPN''MOKPCT'
TLPNMOKPCT
root@arm:~# MARKER='ASPZ''BLXFLU' run 'insmod /bd71828-clktest.ko'
ASPZBLXFLUASPZBLXFLU 0
root@arm:~# echo 'HVLT''SWENHU'
HVLTSWENHU
root@arm:~# MARKER='YCSK''SPKWOW' run lsmod
YCSKSPKWOWModule                  Size  Used by
bd71828_clktest        12288  0
bd71828_gpio_test      12288  0
bd71828_test           36864  0
gpio_bd71828           12288  0
bd71828_regulator      16384  14
gpio_keys              16384  0
rtc_bd70528            12288  0
rohm_regulator         12288  1 bd71828_regulator
clk_bd718x7            12288  1
rohm_bd71828           20480  0
mva_overlay            65536  0
usb_f_acm              12288  2
u_serial               16384  3 usb_f_acm
usb_f_ecm              16384  2
usb_f_rndis            24576  2
u_ether                16384  2 usb_f_ecm,usb_f_rndis
iptable_nat            12288  0
nf_nat                 36864  1 iptable_nat
nf_conntrack          110592  1 nf_nat
nf_defrag_ipv6         16384  1 nf_conntrack
nf_defrag_ipv4         12288  1 nf_conntrack
libcomposite           57344  15 usb_f_ecm,usb_f_acm,u_ether,usb_f_rndis
iptable_mangle         12288  0
snd_soc_hdmi_codec     16384  1
evdev                  20480  1
iptable_filter         12288  0
bluetooth             610304  2
snd_soc_simple_card    16384  0
snd_soc_simple_card_utils    20480  1 snd_soc_simple_card
omap_aes_driver        24576  0
omap_crypto            12288  1 omap_aes_driver
omap_sham              28672  0
crypto_engine          12288  2 omap_aes_driver,omap_sham
ecdh_generic           12288  1 bluetooth
pm33xx                 12288  0
ecc                    36864  1 ecdh_generic
ti_emif_sram           12288  1 pm33xx
libaes                 12288  2 omap_aes_driver,bluetooth
omap_rng               12288  0
rng_core               16384  1 omap_rng
tilcdc                 32768  0
drm_dma_helper         16384  1 tilcdc
snd_soc_davinci_mcasp    32768  2
snd_soc_ti_udma        12288  1 snd_soc_davinci_mcasp
snd_soc_ti_edma        12288  1 snd_soc_davinci_mcasp
snd_soc_ti_sdma        12288  1 snd_soc_davinci_mcasp
snd_soc_core          192512  7 snd_soc_davinci_mcasp,snd_soc_hdmi_codec,snd_soc_simple_card_utils,snd_soc_ti_sdma,snd_soc_ti_edma,snd_soc_ti_udma,snd_soc_simple_card
snd_pcm_dmaengine      12288  1 snd_soc_core
snd_pcm               110592  5 snd_soc_davinci_mcasp,snd_pcm_dmaengine,snd_soc_hdmi_codec,snd_soc_simple_card_utils,snd_soc_core
snd_timer              28672  1 snd_pcm
omap_mailbox           12288  1
snd                    69632  4 snd_soc_hdmi_codec,snd_timer,snd_soc_core,snd_pcm
soundcore              12288  1 snd
tda998x                20480  0
omap_wdt               12288  0
rtc_omap               16384  2 pm33xx
drm_kms_helper        122880  3 drm_dma_helper,tda998x,tilcdc
watchdog               24576  1 omap_wdt
wkup_m3_ipc            12288  1 pm33xx
drm                   417792  5 drm_dma_helper,tda998x,tilcdc,drm_kms_helper
tps65218_pwrbutton     12288  0
musb_dsps              16384  0
drm_panel_orientation_quirks    12288  1 drm
musb_hdrc             131072  1 musb_dsps
at24                   16384  0
udc_core               45056  7 usb_f_ecm,usb_f_acm,u_serial,musb_hdrc,u_ether,usb_f_rndis,libcomposite
usbcore               225280  1 musb_hdrc
phy_am335x             12288  2
wkup_m3_rproc          12288  1
phy_am335x_control     12288  1 phy_am335x
phy_generic            12288  1 phy_am335x
usb_common             12288  6 phy_am335x,udc_core,musb_hdrc,libcomposite,musb_dsps,usbcore
cppi41                 16384  60
leds_gpio              12288  0
led_class              12288  1 leds_gpio
cpufreq_dt             12288  0
ip_tables              20480  3 iptable_mangle,iptable_filter,iptable_nat
x_tables               24576  4 iptable_mangle,ip_tables,iptable_filter,iptable_nat
autofs4                40960  2
YCSKSPKWOW 0
root@arm:~# Labgrid Console Logfile for main
Logfile started at 2024-09-25 12:49:49.171174
=== Log starts here ===

root@arm:~# run() { echo -n "$MARKER"; sh -c "$@"; echo "$MARKER $?"; }
root@arm:~# echo 'EKTN''VQENCC'
EKTNVQENCC
root@arm:~# MARKER='QWEG''BEGXGX' run '/./init_regulator_test.sh bd71828'
QWEGBEGXGXboard bd71828 given
/./init_regulator_test.sh: line 38: buck10_en: command not found
/./init_regulator_test.sh: line 39: buck10_set: command not found
QWEGBEGXGX 0
root@arm:~# Labgrid Console Logfile for main
Logfile started at 2024-09-25 12:49:58.702904
=== Log starts here ===

root@arm:~# run() { echo -n "$MARKER"; sh -c "$@"; echo "$MARKER $?"; }
root@arm:~# echo 'XGOW''ZFPSCM'
XGOWZFPSCM
root@arm:~# MARKER='BPGC''AXNGBQ' run dmesg
BPGCAXNGBQ[    0.000000] Booting Linux on physical CPU 0x0
[    0.000000] Linux version 6.11.0-g73ea23d406f1 (user01@drvtest01) (arm-linux-gnueabihf-gcc (Linaro GCC 6.4-2017.11) 6.4.1 20171012, GNU ld (Linaro_Binutils-2017.11) 2.27.0.20161229) #17 SMP Wed Sep 25 12:36:14 EEST 2024
[    0.000000] CPU: ARMv7 Processor [413fc082] revision 2 (ARMv7), cr=10c5387d
[    0.000000] CPU: PIPT / VIPT nonaliasing data cache, VIPT aliasing instruction cache
[    0.000000] OF: fdt: Machine model: TI AM335x BeagleBone Black
[    0.000000] Memory policy: Data cache writeback
[    0.000000] cma: Reserved 16 MiB at 0x9e800000 on node -1
[    0.000000] Zone ranges:
[    0.000000]   Normal   [mem 0x0000000080000000-0x000000009fdfffff]
[    0.000000]   HighMem  empty
[    0.000000] Movable zone start for each node
[    0.000000] Early memory node ranges
[    0.000000]   node   0: [mem 0x0000000080000000-0x000000009fdfffff]
[    0.000000] Initmem setup node 0 [mem 0x0000000080000000-0x000000009fdfffff]
[    0.000000] CPU: All CPU(s) started in SVC mode.
[    0.000000] AM335X ES2.1 (sgx neon)
[    0.000000] percpu: Embedded 17 pages/cpu s39628 r8192 d21812 u69632
[    0.000000] pcpu-alloc: s39628 r8192 d21812 u69632 alloc=17*4096
[    0.000000] pcpu-alloc: [0] 0 
[    0.000000] Kernel command line: console=ttyO0,115200n8 root=/dev/nfs rw nfsroot=192.168.255.126:/home/user01/nfs,nfsvers=3 ip=192.168.255.3:192.168.255.126::255.255.255.0:bbb1:eth0 nfsrootdebug
[    0.000000] Unknown kernel command line parameters "nfsrootdebug", will be passed to user space.
[    0.000000] Dentry cache hash table entries: 65536 (order: 6, 262144 bytes, linear)
[    0.000000] Inode-cache hash table entries: 32768 (order: 5, 131072 bytes, linear)
[    0.000000] Built 1 zonelists, mobility grouping on.  Total pages: 130560
[    0.000000] mem auto-init: stack:off, heap alloc:off, heap free:off
[    0.000000] SLUB: HWalign=64, Order=0-3, MinObjects=0, CPUs=1, Nodes=1
[    0.000000] trace event string verifier disabled
[    0.000000] rcu: Hierarchical RCU implementation.
[    0.000000] rcu: 	RCU event tracing is enabled.
[    0.000000] rcu: 	RCU restricting CPUs from NR_CPUS=2 to nr_cpu_ids=1.
[    0.000000] rcu: RCU calculated value of scheduler-enlistment delay is 10 jiffies.
[    0.000000] rcu: Adjusting geometry for rcu_fanout_leaf=16, nr_cpu_ids=1
[    0.000000] NR_IRQS: 16, nr_irqs: 16, preallocated irqs: 16
[    0.000000] IRQ: Found an INTC at 0x(ptrval) (revision 5.0) with 128 interrupts
[    0.000000] rcu: srcu_init: Setting srcu_struct sizes based on contention.
[    0.000000] TI gptimer clocksource: always-on /ocp/interconnect@44c00000/segment@200000/target-module@31000
[    0.000002] sched_clock: 32 bits at 24MHz, resolution 41ns, wraps every 89478484971ns
[    0.000029] clocksource: dmtimer: mask: 0xffffffff max_cycles: 0xffffffff, max_idle_ns: 79635851949 ns
[    0.000510] TI gptimer clockevent: 24000000 Hz at /ocp/interconnect@48000000/segment@0/target-module@40000
[    0.002141] Console: colour dummy device 80x30
[    0.002214] WARNING: Your 'console=ttyO0' has been replaced by 'ttyS0'
[    0.002224] This ensures that you still see kernel messages. Please
[    0.002230] update your kernel commandline.
[    0.002274] Calibrating delay loop... 996.14 BogoMIPS (lpj=4980736)
[    0.090568] CPU: Testing write buffer coherency: ok
[    0.090671] CPU0: Spectre v2: using BPIALL workaround
[    0.090684] pid_max: default: 32768 minimum: 301
[    0.090813] LSM: initializing lsm=capability
[    0.090983] Mount-cache hash table entries: 1024 (order: 0, 4096 bytes, linear)
[    0.091005] Mountpoint-cache hash table entries: 1024 (order: 0, 4096 bytes, linear)
[    0.092536] CPU0: thread -1, cpu 0, socket -1, mpidr 0
[    0.094223] Setting up static identity map for 0x80100000 - 0x80100078
[    0.094540] rcu: Hierarchical SRCU implementation.
[    0.094552] rcu: 	Max phase no-delay instances is 1000.
[    0.096220] smp: Bringing up secondary CPUs ...
[    0.096281] smp: Brought up 1 node, 1 CPU
[    0.096296] SMP: Total of 1 processors activated (996.14 BogoMIPS).
[    0.096309] CPU: All CPU(s) started in SVC mode.
[    0.096502] Memory: 480876K/522240K available (11264K kernel code, 1197K rwdata, 2856K rodata, 1024K init, 297K bss, 23344K reserved, 16384K cma-reserved, 0K highmem)
[    0.097302] devtmpfs: initialized
[    0.113689] VFP support v0.3: implementor 41 architecture 3 part 30 variant c rev 3
[    0.114044] clocksource: jiffies: mask: 0xffffffff max_cycles: 0xffffffff, max_idle_ns: 19112604462750000 ns
[    0.114081] futex hash table entries: 256 (order: 2, 16384 bytes, linear)
[    0.115352] pinctrl core: initialized pinctrl subsystem
[    0.118082] NET: Registered PF_NETLINK/PF_ROUTE protocol family
[    0.121077] DMA: preallocated 256 KiB pool for atomic coherent allocations
[    0.122045] audit: initializing netlink subsys (disabled)
[    0.123426] thermal_sys: Registered thermal governor 'fair_share'
[    0.123446] thermal_sys: Registered thermal governor 'step_wise'
[    0.123457] thermal_sys: Registered thermal governor 'user_space'
[    0.123569] audit: type=2000 audit(0.120:1): state=initialized audit_enabled=0 res=1
[    0.123641] cpuidle: using governor menu
[    0.142768] No ATAGs?
[    0.142801] hw-breakpoint: debug architecture 0x4 unsupported.
[    0.145695] kprobes: kprobe jump-optimization is enabled. All kprobes are optimized if possible.
[    0.164002] iommu: Default domain type: Translated
[    0.164029] iommu: DMA domain TLB invalidation policy: strict mode
[    0.165613] reg-fixed-voltage fixedregulator0: using DT '/fixedregulator0' for '(default)' GPIO lookup
[    0.165671] of_get_named_gpiod_flags: can't parse 'gpios' property of node '/fixedregulator0[0]'
[    0.165702] of_get_named_gpiod_flags: can't parse 'gpio' property of node '/fixedregulator0[0]'
[    0.165723] reg-fixed-voltage fixedregulator0: using lookup tables for GPIO lookup
[    0.165736] reg-fixed-voltage fixedregulator0: No GPIO consumer (default) found
[    0.171378] SCSI subsystem initialized
[    0.181010] libata version 3.00 loaded.
[    0.181385] pps_core: LinuxPPS API ver. 1 registered
[    0.181398] pps_core: Software ver. 5.3.6 - Copyright 2005-2007 Rodolfo Giometti <giometti@linux.it>
[    0.181425] PTP clock support registered
[    0.183337] vgaarb: loaded
[    0.183721] clocksource: Switched to clocksource dmtimer
[    0.184319] VFS: Disk quotas dquot_6.6.0
[    0.184366] VFS: Dquot-cache hash table entries: 1024 (order 0, 4096 bytes)
[    0.209763] NET: Registered PF_INET protocol family
[    0.210114] IP idents hash table entries: 8192 (order: 4, 65536 bytes, linear)
[    0.211504] tcp_listen_portaddr_hash hash table entries: 512 (order: 0, 4096 bytes, linear)
[    0.211546] Table-perturb hash table entries: 65536 (order: 6, 262144 bytes, linear)
[    0.211566] TCP established hash table entries: 4096 (order: 2, 16384 bytes, linear)
[    0.211611] TCP bind hash table entries: 4096 (order: 4, 65536 bytes, linear)
[    0.211712] TCP: Hash tables configured (established 4096 bind 4096)
[    0.211831] UDP hash table entries: 256 (order: 1, 8192 bytes, linear)
[    0.211861] UDP-Lite hash table entries: 256 (order: 1, 8192 bytes, linear)
[    0.212036] NET: Registered PF_UNIX/PF_LOCAL protocol family
[    0.224640] RPC: Registered named UNIX socket transport module.
[    0.224668] RPC: Registered udp transport module.
[    0.224677] RPC: Registered tcp transport module.
[    0.224683] RPC: Registered tcp-with-tls transport module.
[    0.224690] RPC: Registered tcp NFSv4.1 backchannel transport module.
[    0.224717] PCI: CLS 0 bytes, default 64
[    0.226163] Initialise system trusted keyrings
[    0.227241] workingset: timestamp_bits=14 max_order=17 bucket_order=3
[    0.228503] NFS: Registering the id_resolver key type
[    0.228587] Key type id_resolver registered
[    0.228598] Key type id_legacy registered
[    0.228646] jffs2: version 2.2. (NAND) (SUMMARY)  Â© 2001-2006 Red Hat, Inc.
[    0.229105] Key type asymmetric registered
[    0.229125] Asymmetric key parser 'x509' registered
[    0.229192] io scheduler mq-deadline registered
[    0.229205] io scheduler kyber registered
[    0.229274] io scheduler bfq registered
[    0.244174] Serial: 8250/16550 driver, 6 ports, IRQ sharing enabled
[    0.307112] brd: module loaded
[    0.318310] loop: module loaded
[    0.319254] mtdoops: mtd device (mtddev=name/number) must be supplied
[    0.335160] mdio_bus fixed-0: using lookup tables for GPIO lookup
[    0.335192] mdio_bus fixed-0: No GPIO consumer reset found
[    0.336594] i2c_dev: i2c /dev entries driver
[    0.337566] cpuidle: enable-method property 'ti,am3352' found operations
[    0.338016] sdhci: Secure Digital Host Controller Interface driver
[    0.338028] sdhci: Copyright(c) Pierre Ossman
[    0.338200] sdhci-pltfm: SDHCI platform and OF driver helper
[    0.338512] ledtrig-cpu: registered to indicate activity on CPUs
[    0.339449] Initializing XFRM netlink socket
[    0.339577] NET: Registered PF_INET6 protocol family
[    0.341408] Segment Routing with IPv6
[    0.341505] In-situ OAM (IOAM) with IPv6
[    0.341604] sit: IPv6, IPv4 and MPLS over IPv4 tunneling driver
[    0.342551] NET: Registered PF_PACKET protocol family
[    0.342592] NET: Registered PF_KEY protocol family
[    0.342757] Key type dns_resolver registered
[    0.343016] ThumbEE CPU extension supported.
[    0.343038] Registering SWP/SWPB emulation handler
[    0.343566] omap_voltage_late_init: Voltage driver support not added
[    0.344116] SmartReflex Class3 initialized
[    0.364663] Loading compiled-in X.509 certificates
[    0.423224] gpiochip_find_base_unlocked: found new base at 512
[    0.431609] platform 44e10800.pinmux: Fixed dependency cycle(s) with /ocp/interconnect@44c00000/segment@200000/target-module@10000/scm@0/pinmux@800/clkout2-pins
[    0.432179] pinctrl-single 44e10800.pinmux: 142 pins, size 568
[    0.437517] ti-sysc 44e31000.target-module: probe with driver ti-sysc failed with error -16
[    0.473395] ti-sysc 48040000.target-module: probe with driver ti-sysc failed with error -16
[    0.484544] gpiochip_find_base_unlocked: found new base at 512
[    0.484658] gpio gpiochip0: (gpio-0-31): created GPIO range 0->7 ==> 44e10800.pinmux PIN 0->7
[    0.484680] gpio gpiochip0: (gpio-0-31): created GPIO range 8->11 ==> 44e10800.pinmux PIN 90->93
[    0.484698] gpio gpiochip0: (gpio-0-31): created GPIO range 12->27 ==> 44e10800.pinmux PIN 12->27
[    0.484715] gpio gpiochip0: (gpio-0-31): created GPIO range 28->31 ==> 44e10800.pinmux PIN 30->33
[    0.514047] gpio gpiochip0: (gpio-0-31): added GPIO chardev (254:0)
[    0.514238] gpio gpiochip0: registered GPIOs 512 to 543 on gpio-0-31
[    0.514325] OMAP GPIO hardware version 0.1
[    0.537218] i2c i2c-2: using DT '/ocp/interconnect@48000000/segment@100000/target-module@9c000/i2c@0' for 'scl' GPIO lookup
[    0.537324] of_get_named_gpiod_flags: can't parse 'scl-gpios' property of node '/ocp/interconnect@48000000/segment@100000/target-module@9c000/i2c@0[0]'
[    0.537372] of_get_named_gpiod_flags: can't parse 'scl-gpio' property of node '/ocp/interconnect@48000000/segment@100000/target-module@9c000/i2c@0[0]'
[    0.537412] i2c i2c-2: using lookup tables for GPIO lookup
[    0.537424] i2c i2c-2: No GPIO consumer scl found
[    0.537447] i2c i2c-2: using DT '/ocp/interconnect@48000000/segment@100000/target-module@9c000/i2c@0' for 'sda' GPIO lookup
[    0.537485] of_get_named_gpiod_flags: can't parse 'sda-gpios' property of node '/ocp/interconnect@48000000/segment@100000/target-module@9c000/i2c@0[0]'
[    0.537525] of_get_named_gpiod_flags: can't parse 'sda-gpio' property of node '/ocp/interconnect@48000000/segment@100000/target-module@9c000/i2c@0[0]'
[    0.537560] i2c i2c-2: using lookup tables for GPIO lookup
[    0.537569] i2c i2c-2: No GPIO consumer sda found
[    0.538270] omap_i2c 4819c000.i2c: bus 2 rev0.11 at 100 kHz
[    0.543544] gpiochip_find_base_unlocked: found new base at 544
[    0.543657] gpio gpiochip1: (gpio-32-63): created GPIO range 0->17 ==> 44e10800.pinmux PIN 34->51
[    0.543679] gpio gpiochip1: (gpio-32-63): created GPIO range 18->21 ==> 44e10800.pinmux PIN 77->80
[    0.543928] gpio gpiochip1: (gpio-32-63): created GPIO range 22->31 ==> 44e10800.pinmux PIN 56->65
[    0.558427] gpio gpiochip1: (gpio-32-63): added GPIO chardev (254:1)
[    0.558586] gpio gpiochip1: registered GPIOs 544 to 575 on gpio-32-63
[    0.560782] gpiochip_find_base_unlocked: found new base at 576
[    0.560898] gpio gpiochip2: (gpio-64-95): created GPIO range 0->4 ==> 44e10800.pinmux PIN 66->70
[    0.560923] gpio gpiochip2: (gpio-64-95): created GPIO range 5->6 ==> 44e10800.pinmux PIN 98->99
[    0.560941] gpio gpiochip2: (gpio-64-95): created GPIO range 7->8 ==> 44e10800.pinmux PIN 75->76
[    0.560958] gpio gpiochip2: (gpio-64-95): created GPIO range 13->13 ==> 44e10800.pinmux PIN 141->141
[    0.560975] gpio gpiochip2: (gpio-64-95): created GPIO range 14->21 ==> 44e10800.pinmux PIN 100->107
[    0.561564] gpio gpiochip2: (gpio-64-95): added GPIO chardev (254:2)
[    0.561712] gpio gpiochip2: registered GPIOs 576 to 607 on gpio-64-95
[    0.567408] 48000000.interconnect:segment@200000:target-module@0:mpu@0:fck: device ID is greater than 24
[    0.571468] platform 4830e000.lcdc: Fixed dependency cycle(s) with /ocp/interconnect@44c00000/segment@200000/target-module@b000/i2c@0/tda19988@70
[    0.580803] mdio_bus 4a101000.mdio: using DT '/ocp/interconnect@4a000000/segment@0/target-module@100000/switch@0/mdio@1000' for 'reset' GPIO lookup
[    0.580885] of_get_named_gpiod_flags: can't parse 'reset-gpios' property of node '/ocp/interconnect@4a000000/segment@0/target-module@100000/switch@0/mdio@1000[0]'
[    0.580937] of_get_named_gpiod_flags: can't parse 'reset-gpio' property of node '/ocp/interconnect@4a000000/segment@0/target-module@100000/switch@0/mdio@1000[0]'
[    0.580987] mdio_bus 4a101000.mdio: using lookup tables for GPIO lookup
[    0.580999] mdio_bus 4a101000.mdio: No GPIO consumer reset found
[    0.582467] sdhci-omap 481d8000.mmc: using DT '/ocp/interconnect@48000000/segment@100000/target-module@d8000/mmc@0' for 'wp' GPIO lookup
[    0.582535] of_get_named_gpiod_flags: can't parse 'wp-gpios' property of node '/ocp/interconnect@48000000/segment@100000/target-module@d8000/mmc@0[0]'
[    0.582581] of_get_named_gpiod_flags: can't parse 'wp-gpio' property of node '/ocp/interconnect@48000000/segment@100000/target-module@d8000/mmc@0[0]'
[    0.582619] sdhci-omap 481d8000.mmc: using lookup tables for GPIO lookup
[    0.582632] sdhci-omap 481d8000.mmc: No GPIO consumer wp found
[    0.582830] sdhci-omap 481d8000.mmc: supply pbias not found, using dummy regulator
[    0.583297] sdhci-omap 481d8000.mmc: supply vqmmc not found, using dummy regulator
[    0.655581] davinci_mdio 4a101000.mdio: davinci mdio revision 1.6, bus freq 1000000
[    0.676144] mdio_bus 4a101000.mdio:00: using DT '/ocp/interconnect@4a000000/segment@0/target-module@100000/switch@0/mdio@1000/ethernet-phy@0' for 'reset' GPIO lookup
[    0.676255] of_get_named_gpiod_flags: parsed 'reset-gpios' property of node '/ocp/interconnect@4a000000/segment@0/target-module@100000/switch@0/mdio@1000/ethernet-phy@0[0]' - status (0)
[    0.676425] gpio gpiochip0: Persistence not supported for GPIO 8
[    0.771322] davinci_mdio 4a101000.mdio: phy[0]: device 4a101000.mdio:00, driver SMSC LAN8710/LAN8720
[    0.771966] cpsw-switch 4a100000.switch: initialized cpsw ale version 1.4
[    0.771992] cpsw-switch 4a100000.switch: ALE Table size 1024
[    0.772300] cpsw-switch 4a100000.switch: cpts: overflow check period 500 (jiffies)
[    0.772326] cpsw-switch 4a100000.switch: CPTS: ref_clk_freq:250000000 calc_mult:2147483648 calc_shift:29 error:0 nsec/sec
[    0.772434] cpsw-switch 4a100000.switch: Detected MACID = 64:8c:bb:ca:c5:75
[    0.774413] cpsw-switch 4a100000.switch: initialized (regs 0x4a100000, pool size 256) hw_ver:0019010C 1.12 (0)
[    0.785298] debugfs: Directory '49000000.dma' with parent 'dmaengine' already present!
[    0.785347] edma 49000000.dma: TI EDMA DMA engine driver
[    0.825378] target-module@4b000000:target-module@140000:pmu@0:fck: device ID is greater than 24
[    0.847528] hw perfevents: enabled with armv7_cortex_a8 PMU driver, 5 counters available
[    0.848425] gpio-clk clk_mcasp0: using DT '/clk_mcasp0' for 'enable' GPIO lookup
[    0.848498] of_get_named_gpiod_flags: parsed 'enable-gpios' property of node '/clk_mcasp0[0]' - status (0)
[    0.848546] gpio gpiochip0: Persistence not supported for GPIO 27
[    0.849354] gpiochip_find_base_unlocked: found new base at 608
[    0.849480] gpio gpiochip3: (gpio-96-127): created GPIO range 0->7 ==> 44e10800.pinmux PIN 82->89
[    0.849510] gpio gpiochip3: (gpio-96-127): created GPIO range 8->11 ==> 44e10800.pinmux PIN 52->55
[    0.849529] gpio gpiochip3: (gpio-96-127): created GPIO range 12->15 ==> 44e10800.pinmux PIN 94->97
[    0.849547] gpio gpiochip3: (gpio-96-127): created GPIO range 16->17 ==> 44e10800.pinmux PIN 71->72
[    0.849564] gpio gpiochip3: (gpio-96-127): created GPIO range 18->18 ==> 44e10800.pinmux PIN 135->135
[    0.849582] gpio gpiochip3: (gpio-96-127): created GPIO range 19->20 ==> 44e10800.pinmux PIN 108->109
[    0.849601] gpio gpiochip3: (gpio-96-127): created GPIO range 21->21 ==> 44e10800.pinmux PIN 73->73
[    0.849619] gpio gpiochip3: (gpio-96-127): created GPIO range 22->23 ==> 44e10800.pinmux PIN 8->9
[    0.849638] gpio gpiochip3: (gpio-96-127): created GPIO range 26->27 ==> 44e10800.pinmux PIN 10->11
[    0.849657] gpio gpiochip3: (gpio-96-127): created GPIO range 28->28 ==> 44e10800.pinmux PIN 74->74
[    0.849676] gpio gpiochip3: (gpio-96-127): created GPIO range 29->29 ==> 44e10800.pinmux PIN 81->81
[    0.849697] gpio gpiochip3: (gpio-96-127): created GPIO range 30->31 ==> 44e10800.pinmux PIN 28->29
[    0.850692] gpio gpiochip3: (gpio-96-127): added GPIO chardev (254:3)
[    0.850839] gpio gpiochip3: registered GPIOs 608 to 639 on gpio-96-127
[    0.858272] l3-aon-clkctrl:0000:0: failed to disable
[    0.858891] omap8250 44e09000.serial: using DT '/ocp/interconnect@44c00000/segment@200000/target-module@9000/serial@0' for 'rs485-term' GPIO lookup
[    0.858962] of_get_named_gpiod_flags: can't parse 'rs485-term-gpios' property of node '/ocp/interconnect@44c00000/segment@200000/target-module@9000/serial@0[0]'
[    0.859009] of_get_named_gpiod_flags: can't parse 'rs485-term-gpio' property of node '/ocp/interconnect@44c00000/segment@200000/target-module@9000/serial@0[0]'
[    0.859048] omap8250 44e09000.serial: using lookup tables for GPIO lookup
[    0.859060] omap8250 44e09000.serial: No GPIO consumer rs485-term found
[    0.859072] omap8250 44e09000.serial: using DT '/ocp/interconnect@44c00000/segment@200000/target-module@9000/serial@0' for 'rs485-rx-during-tx' GPIO lookup
[    0.859110] of_get_named_gpiod_flags: can't parse 'rs485-rx-during-tx-gpios' property of node '/ocp/interconnect@44c00000/segment@200000/target-module@9000/serial@0[0]'
[    0.859150] of_get_named_gpiod_flags: can't parse 'rs485-rx-during-tx-gpio' property of node '/ocp/interconnect@44c00000/segment@200000/target-module@9000/serial@0[0]'
[    0.859184] omap8250 44e09000.serial: using lookup tables for GPIO lookup
[    0.859194] omap8250 44e09000.serial: No GPIO consumer rs485-rx-during-tx found
[    0.859574] 44e09000.serial: ttyS0 at MMIO 0x44e09000 (irq = 34, base_baud = 3000000) is a 8250
[    0.859660] printk: legacy console [ttyS0] enabled
[    2.096147] i2c i2c-0: using DT '/ocp/interconnect@44c00000/segment@200000/target-module@b000/i2c@0' for 'scl' GPIO lookup
[    2.096236] of_get_named_gpiod_flags: can't parse 'scl-gpios' property of node '/ocp/interconnect@44c00000/segment@200000/target-module@b000/i2c@0[0]'
[    2.096286] of_get_named_gpiod_flags: can't parse 'scl-gpio' property of node '/ocp/interconnect@44c00000/segment@200000/target-module@b000/i2c@0[0]'
[    2.096328] i2c i2c-0: using lookup tables for GPIO lookup
[    2.096342] i2c i2c-0: No GPIO consumer scl found
[    2.096367] i2c i2c-0: using DT '/ocp/interconnect@44c00000/segment@200000/target-module@b000/i2c@0' for 'sda' GPIO lookup
[    2.096408] of_get_named_gpiod_flags: can't parse 'sda-gpios' property of node '/ocp/interconnect@44c00000/segment@200000/target-module@b000/i2c@0[0]'
[    2.096450] of_get_named_gpiod_flags: can't parse 'sda-gpio' property of node '/ocp/interconnect@44c00000/segment@200000/target-module@b000/i2c@0[0]'
[    2.096487] i2c i2c-0: using lookup tables for GPIO lookup
[    2.096498] i2c i2c-0: No GPIO consumer sda found
[    2.135664] tps65217-pmic: Failed to locate of_node [id: -1]
[    2.141738] tps65217-bl: Failed to locate of_node [id: -1]
[    2.162524] tps65217 0-0024: TPS65217 ID 0xe version 1.2
[    2.168711] platform 4830e000.lcdc: Fixed dependency cycle(s) with /ocp/interconnect@44c00000/segment@200000/target-module@b000/i2c@0/tda19988@70
[    2.182131] i2c 0-0070: Fixed dependency cycle(s) with /ocp/interconnect@48000000/segment@300000/target-module@e000/lcdc@0
[    2.193545] omap_i2c 44e0b000.i2c: bus 0 rev0.11 at 400 kHz
[    2.201708] sdhci-omap 48060000.mmc: using DT '/ocp/interconnect@48000000/segment@0/target-module@60000/mmc@0' for 'cd' GPIO lookup
[    2.201816] of_get_named_gpiod_flags: parsed 'cd-gpios' property of node '/ocp/interconnect@48000000/segment@0/target-module@60000/mmc@0[0]' - status (0)
[    2.201888] gpio gpiochip3: Persistence not supported for GPIO 6
[    2.201912] omap_gpio 44e07000.gpio: Could not set line 6 debounce to 200000 microseconds (-22)
[    2.210836] sdhci-omap 48060000.mmc: Got CD GPIO
[    2.215534] sdhci-omap 48060000.mmc: using DT '/ocp/interconnect@48000000/segment@0/target-module@60000/mmc@0' for 'wp' GPIO lookup
[    2.215585] of_get_named_gpiod_flags: can't parse 'wp-gpios' property of node '/ocp/interconnect@48000000/segment@0/target-module@60000/mmc@0[0]'
[    2.215631] of_get_named_gpiod_flags: can't parse 'wp-gpio' property of node '/ocp/interconnect@48000000/segment@0/target-module@60000/mmc@0[0]'
[    2.215672] sdhci-omap 48060000.mmc: using lookup tables for GPIO lookup
[    2.215686] sdhci-omap 48060000.mmc: No GPIO consumer wp found
[    2.215900] sdhci-omap 48060000.mmc: supply pbias not found, using dummy regulator
[    2.225043] sdhci-omap 481d8000.mmc: using DT '/ocp/interconnect@48000000/segment@100000/target-module@d8000/mmc@0' for 'wp' GPIO lookup
[    2.225122] of_get_named_gpiod_flags: can't parse 'wp-gpios' property of node '/ocp/interconnect@48000000/segment@100000/target-module@d8000/mmc@0[0]'
[    2.225170] of_get_named_gpiod_flags: can't parse 'wp-gpio' property of node '/ocp/interconnect@48000000/segment@100000/target-module@d8000/mmc@0[0]'
[    2.225212] sdhci-omap 481d8000.mmc: using lookup tables for GPIO lookup
[    2.225225] sdhci-omap 481d8000.mmc: No GPIO consumer wp found
[    2.226010] sdhci-omap 48060000.mmc: supply vqmmc not found, using dummy regulator
[    2.235202] sdhci-omap 481d8000.mmc: supply pbias not found, using dummy regulator
[    2.243207] sdhci-omap 481d8000.mmc: supply vqmmc not found, using dummy regulator
[    2.281996] mmc1: SDHCI controller on 481d8000.mmc [481d8000.mmc] using External DMA
[    2.290468] mmc0: SDHCI controller on 48060000.mmc [48060000.mmc] using External DMA
[    2.299247] cpsw-switch 4a100000.switch: starting ndev. mode: dual_mac
[    2.353380] mmc1: new high speed MMC card at address 0001
[    2.360230] mmcblk1: mmc1:0001 MK2704 3.53 GiB
[    2.367632]  mmcblk1: p1
[    2.371382] mmcblk1boot0: mmc1:0001 MK2704 2.00 MiB
[    2.378980] mmcblk1boot1: mmc1:0001 MK2704 2.00 MiB
[    2.386308] mmcblk1rpmb: mmc1:0001 MK2704 512 KiB, chardev (250:0)
[    2.393039] SMSC LAN8710/LAN8720 4a101000.mdio:00: attached PHY driver (mii_bus:phy_addr=4a101000.mdio:00, irq=POLL)
[    2.476948] mmc0: new high speed SDHC card at address aaaa
[    2.483806] mmcblk0: mmc0:aaaa SE32G 29.7 GiB
[    2.492677]  mmcblk0: p1 p2
[    5.524492] cpsw-switch 4a100000.switch eth0: Link is Up - 100Mbps/Full - flow control off
[    5.583741] IP-Config: Complete:
[    5.587019]      device=eth0, hwaddr=64:8c:bb:ca:c5:75, ipaddr=192.168.255.3, mask=255.255.255.0, gw=255.255.255.255
[    5.597651]      host=bbb1, domain=, nis-domain=(none)
[    5.602818]      bootserver=192.168.255.126, rootserver=192.168.255.126, rootpath=
[    5.603257] clk: Disabling unused clocks
[    5.615090] PM: genpd: Disabling unused power domains
[    5.620209] KTAP version 1
[    5.622929] 1..0
[    5.647760] VFS: Mounted root (nfs filesystem) on device 0:17.
[    5.654951] devtmpfs: mounted
[    5.659610] Freeing unused kernel image (initmem) memory: 1024K
[    5.666328] Run /sbin/init as init process
[    5.670460]   with arguments:
[    5.670472]     /sbin/init
[    5.670481]     nfsrootdebug
[    5.670491]   with environment:
[    5.670499]     HOME=/
[    5.670508]     TERM=linux
[    6.360981] systemd[1]: System time before build time, advancing clock.
[    7.833741] random: crng init done
[    7.894973] systemd[1]: systemd 232 running in system mode. (+PAM +AUDIT +SELINUX +IMA +APPARMOR +SMACK +SYSVINIT +UTMP +LIBCRYPTSETUP +GCRYPT +GNUTLS +ACL +XZ +LZ4 +SECCOMP +BLKID +ELFUTILS +KMOD +IDN)
[    7.914055] systemd[1]: Detected architecture arm.
[    7.956729] systemd[1]: Set hostname to <arm>.
[    9.038067] systemd[1]: Created slice User and Session Slice.
[    9.075914] systemd[1]: Listening on /dev/initctl Compatibility Named Pipe.
[    9.114624] systemd[1]: Started Forward Password Requests to Wall Directory Watch.
[    9.155102] systemd[1]: Created slice System Slice.
[    9.194093] systemd[1]: Reached target Slices.
[    9.225078] systemd[1]: Created slice system-getty.slice.
[    9.264138] systemd[1]: dev-hugepages.mount: Couldn't determine result for ConditionVirtualization=!private-users, assuming failed: No such file or directory
[   11.322822] systemd-journald[92]: Received request to flush runtime journal from PID 1
[   14.025869] leds-gpio leds: using DT '/leds/led2' for '(default)' GPIO lookup
[   14.025977] of_get_named_gpiod_flags: parsed 'gpios' property of node '/leds/led2[0]' - status (0)
[   14.026035] gpio gpiochip0: Persistence not supported for GPIO 21
[   14.026050] gpio-533 (?): no flags found for GPIO (default)
[   14.065467] leds-gpio leds: using DT '/leds/led3' for '(default)' GPIO lookup
[   14.065578] of_get_named_gpiod_flags: parsed 'gpios' property of node '/leds/led3[0]' - status (0)
[   14.065637] gpio gpiochip0: Persistence not supported for GPIO 22
[   14.065652] gpio-534 (?): no flags found for GPIO (default)
[   14.084176] leds-gpio leds: using DT '/leds/led4' for '(default)' GPIO lookup
[   14.084276] of_get_named_gpiod_flags: parsed 'gpios' property of node '/leds/led4[0]' - status (0)
[   14.084331] gpio gpiochip0: Persistence not supported for GPIO 23
[   14.084346] gpio-535 (?): no flags found for GPIO (default)
[   14.115466] leds-gpio leds: using DT '/leds/led5' for '(default)' GPIO lookup
[   14.115779] of_get_named_gpiod_flags: parsed 'gpios' property of node '/leds/led5[0]' - status (0)
[   14.115840] gpio gpiochip0: Persistence not supported for GPIO 24
[   14.115857] gpio-536 (?): no flags found for GPIO (default)
[   14.779097] remoteproc remoteproc0: wkup_m3 is available
[   14.800074] am335x-phy-driver 47401300.usb-phy: using DT '/ocp/target-module@47400000/usb-phy@1300' for 'reset' GPIO lookup
[   14.800166] of_get_named_gpiod_flags: can't parse 'reset-gpios' property of node '/ocp/target-module@47400000/usb-phy@1300[0]'
[   14.800211] of_get_named_gpiod_flags: can't parse 'reset-gpio' property of node '/ocp/target-module@47400000/usb-phy@1300[0]'
[   14.800249] am335x-phy-driver 47401300.usb-phy: using lookup tables for GPIO lookup
[   14.800265] am335x-phy-driver 47401300.usb-phy: No GPIO consumer reset found
[   14.800280] am335x-phy-driver 47401300.usb-phy: using DT '/ocp/target-module@47400000/usb-phy@1300' for 'vbus-detect' GPIO lookup
[   14.800312] of_get_named_gpiod_flags: can't parse 'vbus-detect-gpios' property of node '/ocp/target-module@47400000/usb-phy@1300[0]'
[   14.800345] of_get_named_gpiod_flags: can't parse 'vbus-detect-gpio' property of node '/ocp/target-module@47400000/usb-phy@1300[0]'
[   14.800372] am335x-phy-driver 47401300.usb-phy: using lookup tables for GPIO lookup
[   14.800385] am335x-phy-driver 47401300.usb-phy: No GPIO consumer vbus-detect found
[   14.800532] am335x-phy-driver 47401300.usb-phy: dummy supplies not allowed for exclusive requests (id=vbus)
[   14.886112] usbcore: registered new interface driver usbfs
[   14.891744] usbcore: registered new interface driver hub
[   14.897331] usbcore: registered new device driver usb
[   15.211485] at24 2-0054: supply vcc not found, using dummy regulator
[   15.409311] at24 2-0055: supply vcc not found, using dummy regulator
[   15.429524] am335x-phy-driver 47401b00.usb-phy: using DT '/ocp/target-module@47400000/usb-phy@1b00' for 'reset' GPIO lookup
[   15.429616] of_get_named_gpiod_flags: can't parse 'reset-gpios' property of node '/ocp/target-module@47400000/usb-phy@1b00[0]'
[   15.429660] of_get_named_gpiod_flags: can't parse 'reset-gpio' property of node '/ocp/target-module@47400000/usb-phy@1b00[0]'
[   15.429699] am335x-phy-driver 47401b00.usb-phy: using lookup tables for GPIO lookup
[   15.429714] am335x-phy-driver 47401b00.usb-phy: No GPIO consumer reset found
[   15.429730] am335x-phy-driver 47401b00.usb-phy: using DT '/ocp/target-module@47400000/usb-phy@1b00' for 'vbus-detect' GPIO lookup
[   15.429761] of_get_named_gpiod_flags: can't parse 'vbus-detect-gpios' property of node '/ocp/target-module@47400000/usb-phy@1b00[0]'
[   15.429794] of_get_named_gpiod_flags: can't parse 'vbus-detect-gpio' property of node '/ocp/target-module@47400000/usb-phy@1b00[0]'
[   15.429821] am335x-phy-driver 47401b00.usb-phy: using lookup tables for GPIO lookup
[   15.429834] am335x-phy-driver 47401b00.usb-phy: No GPIO consumer vbus-detect found
[   15.429979] am335x-phy-driver 47401b00.usb-phy: dummy supplies not allowed for exclusive requests (id=vbus)
[   15.574833] at24 2-0056: supply vcc not found, using dummy regulator
[   15.686350] at24 2-0057: supply vcc not found, using dummy regulator
[   15.871115] at24 0-0050: using DT '/ocp/interconnect@44c00000/segment@200000/target-module@b000/i2c@0/baseboard_eeprom@50' for 'wp' GPIO lookup
[   15.871230] of_get_named_gpiod_flags: can't parse 'wp-gpios' property of node '/ocp/interconnect@44c00000/segment@200000/target-module@b000/i2c@0/baseboard_eeprom@50[0]'
[   15.871293] of_get_named_gpiod_flags: can't parse 'wp-gpio' property of node '/ocp/interconnect@44c00000/segment@200000/target-module@b000/i2c@0/baseboard_eeprom@50[0]'
[   15.871341] at24 0-0050: using lookup tables for GPIO lookup
[   15.871356] at24 0-0050: No GPIO consumer wp found
[   15.871665] at24 0-0050: 32768 byte 24c256 EEPROM, writable, 1 bytes/write
[   16.079138] musb-hdrc musb-hdrc.1: MUSB HDRC host driver
[   16.084761] musb-hdrc musb-hdrc.1: new USB bus registered, assigned bus number 1
[   16.153615] tps6521x_pwrbutton tps65217-pwrbutton: DMA mask not set
[   16.285148] usb usb1: New USB device found, idVendor=1d6b, idProduct=0002, bcdDevice= 6.11
[   16.293509] usb usb1: New USB device strings: Mfr=3, Product=2, SerialNumber=1
[   16.300930] usb usb1: Product: MUSB HDRC host driver
[   16.306001] usb usb1: Manufacturer: Linux 6.11.0-g73ea23d406f1 musb-hcd
[   16.312652] usb usb1: SerialNumber: musb-hdrc.1
[   16.356634] input: tps65217_pwrbutton as /devices/platform/ocp/44c00000.interconnect/44c00000.interconnect:segment@200000/44e0b000.target-module/44e0b000.i2c/i2c-0/0-0024/tps65217-pwrbutton/input/input0
[   16.511122] wkup_m3_ipc 44e11324.wkup_m3_ipc: IPC Request for A8->M3 Channel failed! -517
[   16.544406] hub 1-0:1.0: USB hub found
[   16.591713] hub 1-0:1.0: 1 port detected
[   16.775365] wkup_m3_ipc 44e11324.wkup_m3_ipc: IPC Request for A8->M3 Channel failed! -517
[   16.978735] omap_rtc 44e3e000.rtc: registered as rtc0
[   16.985636] omap_rtc 44e3e000.rtc: setting system clock to 2000-01-01T00:00:00 UTC (946684800)
[   16.995502] omap_rtc 44e3e000.rtc: using DT '/ocp/interconnect@44c00000/segment@200000/target-module@3e000/rtc@0' for 'wp' GPIO lookup
[   16.995585] of_get_named_gpiod_flags: can't parse 'wp-gpios' property of node '/ocp/interconnect@44c00000/segment@200000/target-module@3e000/rtc@0[0]'
[   16.995639] of_get_named_gpiod_flags: can't parse 'wp-gpio' property of node '/ocp/interconnect@44c00000/segment@200000/target-module@3e000/rtc@0[0]'
[   16.995681] omap_rtc 44e3e000.rtc: using lookup tables for GPIO lookup
[   16.995696] omap_rtc 44e3e000.rtc: No GPIO consumer wp found
[   16.997749] omap_wdt: OMAP Watchdog Timer Rev 0x01: initial timeout 60 sec
[   17.044755] wkup_m3_ipc 44e11324.wkup_m3_ipc: IPC Request for A8->M3 Channel failed! -517
[   17.337744] tda998x 0-0070: found TDA19988
[   17.448372] wkup_m3_ipc 44e11324.wkup_m3_ipc: IPC Request for A8->M3 Channel failed! -517
[   17.666694] omap-mailbox 480c8000.mailbox: omap mailbox rev 0x400
[   17.768199] remoteproc remoteproc0: powering up wkup_m3
[   17.926501] remoteproc remoteproc0: Direct firmware load for am335x-pm-firmware.elf failed with error -2
[   17.937549] remoteproc remoteproc0: request_firmware failed: -2
[   17.943831] wkup_m3_ipc 44e11324.wkup_m3_ipc: rproc_boot failed
[   19.853184] tilcdc 4830e000.lcdc: bound 0-0070 (ops tda998x_driver_exit [tda998x])
[   19.958844] [drm] Initialized tilcdc 1.0.0 for 4830e000.lcdc on minor 0
[   20.010351] omap_rng 48310000.rng: Random Number Generator ver. 20
[   20.032376] tilcdc 4830e000.lcdc: [drm] Cannot find any crtc or sizes
[   20.069810] tilcdc 4830e000.lcdc: [drm] Cannot find any crtc or sizes
[   20.955198] PM: Cannot get wkup_m3_ipc handle
[   21.230590] omap-sham 53100000.sham: hw accel on OMAP rev 4.3
[   21.443365] omap-sham 53100000.sham: will run requests pump with realtime priority
[   21.460421] PM: Cannot get wkup_m3_ipc handle
[   21.502717] omap-aes 53500000.aes: OMAP AES hw accel rev: 3.2
[   21.653460] omap-aes 53500000.aes: will run requests pump with realtime priority
[   21.674968] PM: Cannot get wkup_m3_ipc handle
[   22.334738] Bluetooth: Core ver 2.22
[   22.338585] NET: Registered PF_BLUETOOTH protocol family
[   22.344106] Bluetooth: HCI device and connection manager initialized
[   22.350522] Bluetooth: HCI socket layer initialized
[   22.355524] Bluetooth: L2CAP socket layer initialized
[   22.360642] Bluetooth: SCO socket layer initialized
[   25.229130] PM: Cannot get wkup_m3_ipc handle
[   25.235150] asoc-simple-card sound: using DT '/sound' for 'simple-audio-card,hp-det' GPIO lookup
[   25.235224] of_get_named_gpiod_flags: can't parse 'simple-audio-card,hp-det-gpios' property of node '/sound[0]'
[   25.235260] of_get_named_gpiod_flags: can't parse 'simple-audio-card,hp-det-gpio' property of node '/sound[0]'
[   25.235286] asoc-simple-card sound: using lookup tables for GPIO lookup
[   25.235300] asoc-simple-card sound: No GPIO consumer simple-audio-card,hp-det found
[   25.235315] asoc-simple-card sound: using DT '/sound' for 'simple-audio-card,mic-det' GPIO lookup
[   25.235340] of_get_named_gpiod_flags: can't parse 'simple-audio-card,mic-det-gpios' property of node '/sound[0]'
[   25.235366] of_get_named_gpiod_flags: can't parse 'simple-audio-card,mic-det-gpio' property of node '/sound[0]'
[   25.235386] asoc-simple-card sound: using lookup tables for GPIO lookup
[   25.235398] asoc-simple-card sound: No GPIO consumer simple-audio-card,mic-det found
[   25.365275] PM: Cannot get wkup_m3_ipc handle
[   27.218907] userial_init: registered 8 ttyGS* devices
[   27.607117] rndis_register: configNr = 0
[   27.717840] udc musb-hdrc.0: binding gadget driver [g_multi]
[   27.717936] configfs-gadget.g_multi gadget.0: adding 'rndis'/8645f346 to config 'c'/cbba1cd4
[   27.719078] configfs-gadget.g_multi gadget.0: HOST MAC 1c:ba:8c:a2:ed:6c
[   27.726123] configfs-gadget.g_multi gadget.0: MAC 1c:ba:8c:a2:ed:70
[   27.732503] rndis_set_param_medium: 0 0
[   27.732524] configfs-gadget.g_multi gadget.0: RNDIS: IN/ep1in OUT/ep1out NOTIFY/ep2in
[   27.732543] configfs-gadget.g_multi gadget.0: adding 'cdc_ethernet'/b8d0bf45 to config 'c'/cbba1cd4
[   27.733552] configfs-gadget.g_multi gadget.0: HOST MAC 1c:ba:8c:a2:ed:6c
[   27.740462] configfs-gadget.g_multi gadget.0: MAC 1c:ba:8c:a2:ed:6d
[   27.746835] configfs-gadget.g_multi gadget.0: CDC Ethernet: IN/ep3in OUT/ep2out NOTIFY/ep4in
[   27.746854] configfs-gadget.g_multi gadget.0: adding 'acm'/de6b208d to config 'c'/cbba1cd4
[   27.746903] configfs-gadget.g_multi gadget.0: acm ttyGS0: IN/ep5in OUT/ep3out NOTIFY/ep6in
[   27.752104] PM: Cannot get wkup_m3_ipc handle
[   29.044221] configfs-gadget.g_multi gadget.0: eth_open
[   30.143431] configfs-gadget.g_multi gadget.0: stop stats: rx/tx 0/0, errs 0/0
[   34.527891] gs_open: ttyGS0 (1ffab338,8e4f16f8)
[   34.528055] gs_close: ttyGS0 (1ffab338,8e4f16f8) ...
[   34.528083] gs_close: ttyGS0 (1ffab338,8e4f16f8) done!
[   34.543598] gs_open: ttyGS0 (84f50764,8e4f16f8)
[   34.544908] gs_close: ttyGS0 (84f50764,8e4f16f8) ...
[   34.544951] gs_close: ttyGS0 (84f50764,8e4f16f8) done!
[   34.705434] gs_open: ttyGS0 (214c483b,cf488130)
[   34.705738] gs_close: ttyGS0 (214c483b,cf488130) ...
[   34.705773] gs_close: ttyGS0 (214c483b,cf488130) done!
[   34.716577] gs_open: ttyGS0 (214c483b,cf488130)
[   48.340826] mva_overlay: loading out-of-tree module taints kernel.
[   48.341541] mva_overlay_init: Hello Peeps
[   48.341580] create_sysfs_for_overlays: sysfs created
[   52.065909] overlay_modify_store: got overlay data (pos=0, size=4096
[   52.065976] overlay_modify_store: pos 0
[   52.066001] overlay_modify_store: Copying data to buf[0-4095]
[   52.066032] overlay_modify_store: got overlay data (pos=4096, size=1185
[   52.066051] overlay_modify_store: Writing 5281 byte overlay
[   52.067639] OF: overlay: WARNING: memory leak will occur if overlay removed, property: /ocp/interconnect@48000000/segment@100000/target-module@9c000/i2c@0/pinctrl-0
[   52.067716] OF: overlay: WARNING: memory leak will occur if overlay removed, property: /ocp/interconnect@48000000/segment@100000/target-module@9c000/i2c@0/clock-frequency
[   52.067761] OF: overlay: WARNING: memory leak will occur if overlay removed, property: /ocp/interconnect@48000000/segment@100000/target-module@9c000/i2c@0/status
[   52.068249] OF: overlay: WARNING: memory leak will occur if overlay removed, property: /__symbols__/i2c1_pins
[   52.068301] OF: overlay: WARNING: memory leak will occur if overlay removed, property: /__symbols__/osc
[   52.068368] OF: overlay: WARNING: memory leak will occur if overlay removed, property: /__symbols__/bdpmic
[   52.068432] OF: overlay: WARNING: memory leak will occur if overlay removed, property: /__symbols__/buck1
[   52.068497] OF: overlay: WARNING: memory leak will occur if overlay removed, property: /__symbols__/buck2
[   52.068561] OF: overlay: WARNING: memory leak will occur if overlay removed, property: /__symbols__/buck3
[   52.068624] OF: overlay: WARNING: memory leak will occur if overlay removed, property: /__symbols__/buck4
[   52.068687] OF: overlay: WARNING: memory leak will occur if overlay removed, property: /__symbols__/buck5
[   52.068752] OF: overlay: WARNING: memory leak will occur if overlay removed, property: /__symbols__/buck6
[   52.068815] OF: overlay: WARNING: memory leak will occur if overlay removed, property: /__symbols__/buck7
[   52.068881] OF: overlay: WARNING: memory leak will occur if overlay removed, property: /__symbols__/ldo1
[   52.068947] OF: overlay: WARNING: memory leak will occur if overlay removed, property: /__symbols__/ldo2
[   52.069012] OF: overlay: WARNING: memory leak will occur if overlay removed, property: /__symbols__/ldo3
[   52.069077] OF: overlay: WARNING: memory leak will occur if overlay removed, property: /__symbols__/ldo4
[   52.069142] OF: overlay: WARNING: memory leak will occur if overlay removed, property: /__symbols__/ldo5
[   52.069207] OF: overlay: WARNING: memory leak will occur if overlay removed, property: /__symbols__/ldo6
[   52.069273] OF: overlay: WARNING: memory leak will occur if overlay removed, property: /__symbols__/ldo7_reg
[   52.069313] OF: overlay: WARNING: memory leak will occur if overlay removed, property: /__symbols__/clktest
[   52.069354] OF: overlay: WARNING: memory leak will occur if overlay removed, property: /__symbols__/gpiotest
[   52.120397] PM: Cannot get wkup_m3_ipc handle
[   52.256950] PM: Cannot get wkup_m3_ipc handle
[   52.348912] PM: Cannot get wkup_m3_ipc handle
[   52.429734] gpiochip_find_base_unlocked: found new base at 640
[   52.439676] gpio gpiochip4: (bd71828-gpio): added GPIO chardev (254:4)
[   52.439932] gpio gpiochip4: registered GPIOs 640 to 643 on bd71828-gpio
[   52.440537] PM: Cannot get wkup_m3_ipc handle
[   52.489772] bd70528-rtc bd71828-rtc.7.auto: registered as rtc1
[   52.490629] PM: Cannot get wkup_m3_ipc handle
[   52.545593] input: bd71828-pwrkey as /devices/platform/ocp/48000000.interconnect/48000000.interconnect:segment@100000/4819c000.target-module/4819c000.i2c/i2c-2/2-004b/gpio-keys.8.auto/input/input1
[   52.549049] PM: Cannot get wkup_m3_ipc handle
[   52.568977] PM: Cannot get wkup_m3_ipc handle
[   57.960674] mva_test_init: Hello Peeps
[   58.129822] bd71828-gpio-test gpouser: using DT '/gpouser' for 'my' GPIO lookup
[   58.129937] of_get_named_gpiod_flags: parsed 'my-gpios' property of node '/gpouser[0]' - status (0)
[   58.129987] gpio gpiochip4: Persistence not supported for GPIO 0
[   58.131210] sysfs: cannot create duplicate filename '/kernel/mva_test'
[   58.131245] CPU: 0 UID: 0 PID: 637 Comm: insmod Tainted: G           O       6.11.0-g73ea23d406f1 #17
[   58.131271] Tainted: [O]=OOT_MODULE
[   58.131279] Hardware name: Generic AM33XX (Flattened Device Tree)
[   58.131291] Call trace: 
[   58.131309]  unwind_backtrace from show_stack+0x10/0x14
[   58.131361]  show_stack from dump_stack_lvl+0x50/0x64
[   58.131385]  dump_stack_lvl from sysfs_warn_dup+0x50/0x64
[   58.131418]  sysfs_warn_dup from sysfs_create_dir_ns+0xd4/0xf8
[   58.131443]  sysfs_create_dir_ns from kobject_add_internal+0xc4/0x300
[   58.131482]  kobject_add_internal from kobject_add+0x58/0xc8
[   58.131509]  kobject_add from kobject_create_and_add+0x44/0x88
[   58.131535]  kobject_create_and_add from bd71828_gpio_probe+0x3c/0xbc [bd71828_gpio_test]
[   58.131620]  bd71828_gpio_probe [bd71828_gpio_test] from platform_probe+0x7c/0xc0
[   58.131665]  platform_probe from really_probe+0x148/0x3a4
[   58.131692]  really_probe from __driver_probe_device+0x98/0x1d0
[   58.131716]  __driver_probe_device from driver_probe_device+0x2c/0xd4
[   58.131738]  driver_probe_device from __driver_attach+0xf8/0x184
[   58.131761]  __driver_attach from bus_for_each_dev+0x60/0xb8
[   58.131784]  bus_for_each_dev from bus_add_driver+0xd4/0x220
[   58.131805]  bus_add_driver from driver_register+0x7c/0x114
[   58.131827]  driver_register from do_one_initcall+0x40/0x25c
[   58.131855]  do_one_initcall from do_init_module+0x48/0x1d8
[   58.131883]  do_init_module from load_module+0x1d64/0x1e00
[   58.131922]  load_module from init_module_from_file+0x90/0xc8
[   58.131948]  init_module_from_file from sys_finit_module+0x210/0x320
[   58.131975]  sys_finit_module from ret_fast_syscall+0x0/0x58
[   58.131997] Exception stack(0xe0115fa8 to 0xe0115ff0)
[   58.132015] 5fa0:                   60198500 00000000 00000003 00416294 00000000 beb4dc20
[   58.132031] 5fc0: 60198500 00000000 00427e1c 0000017b 00000000 00000000 00427770 00000000
[   58.132043] 5fe0: beb4dbc8 beb4dbb8 0040d5bb b6edc012
[   58.132057] kobject: kobject_add_internal failed for mva_test with -EEXIST, don't try to register things with the same name in the same directory.
[   58.132070] kobject: kobject_create_and_add: kobject_add error: -17
[   58.132092] bd71828-gpio-test gpouser: probe with driver bd71828-gpio-test failed with error -22
[   58.355078] mva_test_probe: Hello Peeps
[   58.355337] clk_get(&pdev->dev, "bd71828-32k-out"); did not work
[   58.355362] clk_get(NULL, "bd71828-32k-out"); did not work
[   58.355394] YAY clk_get(&pdev->dev, NULL); did work
[   58.356235] PM: Cannot get wkup_m3_ipc handle
BPGCAXNGBQ 0
root@arm:~# echo 'YYZE''PFEJFP'
YYZEPFEJFP
root@arm:~# MARKER='JMJM''AGNTEK' run 'modprobe test_linear_ranges'
JMJMAGNTEKJMJMAGNTEK 0
root@arm:~# echo 'JCLL''LEUZBY'
JCLLLEUZBY
root@arm:~# MARKER='JPWB''YVYQYP' run dmesg
JPWBYVYQYP[    0.000000] Booting Linux on physical CPU 0x0
[    0.000000] Linux version 6.11.0-g73ea23d406f1 (user01@drvtest01) (arm-linux-gnueabihf-gcc (Linaro GCC 6.4-2017.11) 6.4.1 20171012, GNU ld (Linaro_Binutils-2017.11) 2.27.0.20161229) #17 SMP Wed Sep 25 12:36:14 EEST 2024
[    0.000000] CPU: ARMv7 Processor [413fc082] revision 2 (ARMv7), cr=10c5387d
[    0.000000] CPU: PIPT / VIPT nonaliasing data cache, VIPT aliasing instruction cache
[    0.000000] OF: fdt: Machine model: TI AM335x BeagleBone Black
[    0.000000] Memory policy: Data cache writeback
[    0.000000] cma: Reserved 16 MiB at 0x9e800000 on node -1
[    0.000000] Zone ranges:
[    0.000000]   Normal   [mem 0x0000000080000000-0x000000009fdfffff]
[    0.000000]   HighMem  empty
[    0.000000] Movable zone start for each node
[    0.000000] Early memory node ranges
[    0.000000]   node   0: [mem 0x0000000080000000-0x000000009fdfffff]
[    0.000000] Initmem setup node 0 [mem 0x0000000080000000-0x000000009fdfffff]
[    0.000000] CPU: All CPU(s) started in SVC mode.
[    0.000000] AM335X ES2.1 (sgx neon)
[    0.000000] percpu: Embedded 17 pages/cpu s39628 r8192 d21812 u69632
[    0.000000] pcpu-alloc: s39628 r8192 d21812 u69632 alloc=17*4096
[    0.000000] pcpu-alloc: [0] 0 
[    0.000000] Kernel command line: console=ttyO0,115200n8 root=/dev/nfs rw nfsroot=192.168.255.126:/home/user01/nfs,nfsvers=3 ip=192.168.255.3:192.168.255.126::255.255.255.0:bbb1:eth0 nfsrootdebug
[    0.000000] Unknown kernel command line parameters "nfsrootdebug", will be passed to user space.
[    0.000000] Dentry cache hash table entries: 65536 (order: 6, 262144 bytes, linear)
[    0.000000] Inode-cache hash table entries: 32768 (order: 5, 131072 bytes, linear)
[    0.000000] Built 1 zonelists, mobility grouping on.  Total pages: 130560
[    0.000000] mem auto-init: stack:off, heap alloc:off, heap free:off
[    0.000000] SLUB: HWalign=64, Order=0-3, MinObjects=0, CPUs=1, Nodes=1
[    0.000000] trace event string verifier disabled
[    0.000000] rcu: Hierarchical RCU implementation.
[    0.000000] rcu: 	RCU event tracing is enabled.
[    0.000000] rcu: 	RCU restricting CPUs from NR_CPUS=2 to nr_cpu_ids=1.
[    0.000000] rcu: RCU calculated value of scheduler-enlistment delay is 10 jiffies.
[    0.000000] rcu: Adjusting geometry for rcu_fanout_leaf=16, nr_cpu_ids=1
[    0.000000] NR_IRQS: 16, nr_irqs: 16, preallocated irqs: 16
[    0.000000] IRQ: Found an INTC at 0x(ptrval) (revision 5.0) with 128 interrupts
[    0.000000] rcu: srcu_init: Setting srcu_struct sizes based on contention.
[    0.000000] TI gptimer clocksource: always-on /ocp/interconnect@44c00000/segment@200000/target-module@31000
[    0.000002] sched_clock: 32 bits at 24MHz, resolution 41ns, wraps every 89478484971ns
[    0.000029] clocksource: dmtimer: mask: 0xffffffff max_cycles: 0xffffffff, max_idle_ns: 79635851949 ns
[    0.000510] TI gptimer clockevent: 24000000 Hz at /ocp/interconnect@48000000/segment@0/target-module@40000
[    0.002141] Console: colour dummy device 80x30
[    0.002214] WARNING: Your 'console=ttyO0' has been replaced by 'ttyS0'
[    0.002224] This ensures that you still see kernel messages. Please
[    0.002230] update your kernel commandline.
[    0.002274] Calibrating delay loop... 996.14 BogoMIPS (lpj=4980736)
[    0.090568] CPU: Testing write buffer coherency: ok
[    0.090671] CPU0: Spectre v2: using BPIALL workaround
[    0.090684] pid_max: default: 32768 minimum: 301
[    0.090813] LSM: initializing lsm=capability
[    0.090983] Mount-cache hash table entries: 1024 (order: 0, 4096 bytes, linear)
[    0.091005] Mountpoint-cache hash table entries: 1024 (order: 0, 4096 bytes, linear)
[    0.092536] CPU0: thread -1, cpu 0, socket -1, mpidr 0
[    0.094223] Setting up static identity map for 0x80100000 - 0x80100078
[    0.094540] rcu: Hierarchical SRCU implementation.
[    0.094552] rcu: 	Max phase no-delay instances is 1000.
[    0.096220] smp: Bringing up secondary CPUs ...
[    0.096281] smp: Brought up 1 node, 1 CPU
[    0.096296] SMP: Total of 1 processors activated (996.14 BogoMIPS).
[    0.096309] CPU: All CPU(s) started in SVC mode.
[    0.096502] Memory: 480876K/522240K available (11264K kernel code, 1197K rwdata, 2856K rodata, 1024K init, 297K bss, 23344K reserved, 16384K cma-reserved, 0K highmem)
[    0.097302] devtmpfs: initialized
[    0.113689] VFP support v0.3: implementor 41 architecture 3 part 30 variant c rev 3
[    0.114044] clocksource: jiffies: mask: 0xffffffff max_cycles: 0xffffffff, max_idle_ns: 19112604462750000 ns
[    0.114081] futex hash table entries: 256 (order: 2, 16384 bytes, linear)
[    0.115352] pinctrl core: initialized pinctrl subsystem
[    0.118082] NET: Registered PF_NETLINK/PF_ROUTE protocol family
[    0.121077] DMA: preallocated 256 KiB pool for atomic coherent allocations
[    0.122045] audit: initializing netlink subsys (disabled)
[    0.123426] thermal_sys: Registered thermal governor 'fair_share'
[    0.123446] thermal_sys: Registered thermal governor 'step_wise'
[    0.123457] thermal_sys: Registered thermal governor 'user_space'
[    0.123569] audit: type=2000 audit(0.120:1): state=initialized audit_enabled=0 res=1
[    0.123641] cpuidle: using governor menu
[    0.142768] No ATAGs?
[    0.142801] hw-breakpoint: debug architecture 0x4 unsupported.
[    0.145695] kprobes: kprobe jump-optimization is enabled. All kprobes are optimized if possible.
[    0.164002] iommu: Default domain type: Translated
[    0.164029] iommu: DMA domain TLB invalidation policy: strict mode
[    0.165613] reg-fixed-voltage fixedregulator0: using DT '/fixedregulator0' for '(default)' GPIO lookup
[    0.165671] of_get_named_gpiod_flags: can't parse 'gpios' property of node '/fixedregulator0[0]'
[    0.165702] of_get_named_gpiod_flags: can't parse 'gpio' property of node '/fixedregulator0[0]'
[    0.165723] reg-fixed-voltage fixedregulator0: using lookup tables for GPIO lookup
[    0.165736] reg-fixed-voltage fixedregulator0: No GPIO consumer (default) found
[    0.171378] SCSI subsystem initialized
[    0.181010] libata version 3.00 loaded.
[    0.181385] pps_core: LinuxPPS API ver. 1 registered
[    0.181398] pps_core: Software ver. 5.3.6 - Copyright 2005-2007 Rodolfo Giometti <giometti@linux.it>
[    0.181425] PTP clock support registered
[    0.183337] vgaarb: loaded
[    0.183721] clocksource: Switched to clocksource dmtimer
[    0.184319] VFS: Disk quotas dquot_6.6.0
[    0.184366] VFS: Dquot-cache hash table entries: 1024 (order 0, 4096 bytes)
[    0.209763] NET: Registered PF_INET protocol family
[    0.210114] IP idents hash table entries: 8192 (order: 4, 65536 bytes, linear)
[    0.211504] tcp_listen_portaddr_hash hash table entries: 512 (order: 0, 4096 bytes, linear)
[    0.211546] Table-perturb hash table entries: 65536 (order: 6, 262144 bytes, linear)
[    0.211566] TCP established hash table entries: 4096 (order: 2, 16384 bytes, linear)
[    0.211611] TCP bind hash table entries: 4096 (order: 4, 65536 bytes, linear)
[    0.211712] TCP: Hash tables configured (established 4096 bind 4096)
[    0.211831] UDP hash table entries: 256 (order: 1, 8192 bytes, linear)
[    0.211861] UDP-Lite hash table entries: 256 (order: 1, 8192 bytes, linear)
[    0.212036] NET: Registered PF_UNIX/PF_LOCAL protocol family
[    0.224640] RPC: Registered named UNIX socket transport module.
[    0.224668] RPC: Registered udp transport module.
[    0.224677] RPC: Registered tcp transport module.
[    0.224683] RPC: Registered tcp-with-tls transport module.
[    0.224690] RPC: Registered tcp NFSv4.1 backchannel transport module.
[    0.224717] PCI: CLS 0 bytes, default 64
[    0.226163] Initialise system trusted keyrings
[    0.227241] workingset: timestamp_bits=14 max_order=17 bucket_order=3
[    0.228503] NFS: Registering the id_resolver key type
[    0.228587] Key type id_resolver registered
[    0.228598] Key type id_legacy registered
[    0.228646] jffs2: version 2.2. (NAND) (SUMMARY)  Â© 2001-2006 Red Hat, Inc.
[    0.229105] Key type asymmetric registered
[    0.229125] Asymmetric key parser 'x509' registered
[    0.229192] io scheduler mq-deadline registered
[    0.229205] io scheduler kyber registered
[    0.229274] io scheduler bfq registered
[    0.244174] Serial: 8250/16550 driver, 6 ports, IRQ sharing enabled
[    0.307112] brd: module loaded
[    0.318310] loop: module loaded
[    0.319254] mtdoops: mtd device (mtddev=name/number) must be supplied
[    0.335160] mdio_bus fixed-0: using lookup tables for GPIO lookup
[    0.335192] mdio_bus fixed-0: No GPIO consumer reset found
[    0.336594] i2c_dev: i2c /dev entries driver
[    0.337566] cpuidle: enable-method property 'ti,am3352' found operations
[    0.338016] sdhci: Secure Digital Host Controller Interface driver
[    0.338028] sdhci: Copyright(c) Pierre Ossman
[    0.338200] sdhci-pltfm: SDHCI platform and OF driver helper
[    0.338512] ledtrig-cpu: registered to indicate activity on CPUs
[    0.339449] Initializing XFRM netlink socket
[    0.339577] NET: Registered PF_INET6 protocol family
[    0.341408] Segment Routing with IPv6
[    0.341505] In-situ OAM (IOAM) with IPv6
[    0.341604] sit: IPv6, IPv4 and MPLS over IPv4 tunneling driver
[    0.342551] NET: Registered PF_PACKET protocol family
[    0.342592] NET: Registered PF_KEY protocol family
[    0.342757] Key type dns_resolver registered
[    0.343016] ThumbEE CPU extension supported.
[    0.343038] Registering SWP/SWPB emulation handler
[    0.343566] omap_voltage_late_init: Voltage driver support not added
[    0.344116] SmartReflex Class3 initialized
[    0.364663] Loading compiled-in X.509 certificates
[    0.423224] gpiochip_find_base_unlocked: found new base at 512
[    0.431609] platform 44e10800.pinmux: Fixed dependency cycle(s) with /ocp/interconnect@44c00000/segment@200000/target-module@10000/scm@0/pinmux@800/clkout2-pins
[    0.432179] pinctrl-single 44e10800.pinmux: 142 pins, size 568
[    0.437517] ti-sysc 44e31000.target-module: probe with driver ti-sysc failed with error -16
[    0.473395] ti-sysc 48040000.target-module: probe with driver ti-sysc failed with error -16
[    0.484544] gpiochip_find_base_unlocked: found new base at 512
[    0.484658] gpio gpiochip0: (gpio-0-31): created GPIO range 0->7 ==> 44e10800.pinmux PIN 0->7
[    0.484680] gpio gpiochip0: (gpio-0-31): created GPIO range 8->11 ==> 44e10800.pinmux PIN 90->93
[    0.484698] gpio gpiochip0: (gpio-0-31): created GPIO range 12->27 ==> 44e10800.pinmux PIN 12->27
[    0.484715] gpio gpiochip0: (gpio-0-31): created GPIO range 28->31 ==> 44e10800.pinmux PIN 30->33
[    0.514047] gpio gpiochip0: (gpio-0-31): added GPIO chardev (254:0)
[    0.514238] gpio gpiochip0: registered GPIOs 512 to 543 on gpio-0-31
[    0.514325] OMAP GPIO hardware version 0.1
[    0.537218] i2c i2c-2: using DT '/ocp/interconnect@48000000/segment@100000/target-module@9c000/i2c@0' for 'scl' GPIO lookup
[    0.537324] of_get_named_gpiod_flags: can't parse 'scl-gpios' property of node '/ocp/interconnect@48000000/segment@100000/target-module@9c000/i2c@0[0]'
[    0.537372] of_get_named_gpiod_flags: can't parse 'scl-gpio' property of node '/ocp/interconnect@48000000/segment@100000/target-module@9c000/i2c@0[0]'
[    0.537412] i2c i2c-2: using lookup tables for GPIO lookup
[    0.537424] i2c i2c-2: No GPIO consumer scl found
[    0.537447] i2c i2c-2: using DT '/ocp/interconnect@48000000/segment@100000/target-module@9c000/i2c@0' for 'sda' GPIO lookup
[    0.537485] of_get_named_gpiod_flags: can't parse 'sda-gpios' property of node '/ocp/interconnect@48000000/segment@100000/target-module@9c000/i2c@0[0]'
[    0.537525] of_get_named_gpiod_flags: can't parse 'sda-gpio' property of node '/ocp/interconnect@48000000/segment@100000/target-module@9c000/i2c@0[0]'
[    0.537560] i2c i2c-2: using lookup tables for GPIO lookup
[    0.537569] i2c i2c-2: No GPIO consumer sda found
