Labgrid Console Logfile for main
Logfile started at 2024-09-25 11:41:51.280589
=== Log starts here ===


U-Boot 2014.04-00014-g47880f5 (Apr 22 2014 - 13:23:54)

I2C:   ready
DRAM:  512 MiB
NAND:  0 MiB
MMC:   OMAP SD/MMC: 0, OMAP SD/MMC: 1
*** Warning - readenv() failed, using default environment

Net:   <ethaddr> not set. Validating first E-fuse MAC
cpsw, usb_ether
Hit any key to stop autoboot:  1  0 
gpio: pin 53 (gpio 53) value is 1
mmc0 is current device
gpio: pin 54 (gpio 54) value is 1
SD/MMC found on device 0
reading uEnv.txt
569 bytes read in 4 ms (138.7 KiB/s)
gpio: pin 55 (gpio 55) value is 1
Loaded environment from uEnv.txt
Importing environment from mmc ...
Checking if uenvcmd is set ...
gpio: pin 56 (gpio 56) value is 1
Running uenvcmd ...
cpsw Waiting for PHY auto negotiation to complete. done
link up on port 0, speed 100, full duplex
Using cpsw device
TFTP from server 192.168.255.126; our IP address is 192.168.255.1
Filename 'zImage'.
Load address: 0x81000000
Loading: *#################################################################
	 #################################################################
	 #################################################################
	 #################################################################
	 #################################################################
	 ##############################################
	 2.4 MiB/s
done
Bytes transferred = 5444560 (5313d0 hex)
link up on port 0, speed 100, full duplex
Using cpsw device
TFTP from server 192.168.255.126; our IP address is 192.168.255.1
Filename 'am335x-boneblack.dtb'.
Load address: 0x82000000
Loading: *#######
	 2.3 MiB/s
done
Bytes transferred = 97996 (17ecc hex)
Kernel image @ 0x81000000 [ 0x000000 - 0x5313d0 ]
## Flattened Device Tree blob at 82000000
   Booting using the fdt blob at 0x82000000
   Using Device Tree in place at 82000000, end 8201aecb

Starting kernel ...

[    0.000000] Booting Linux on physical CPU 0x0
[    0.000000] Linux version 6.11.0-g73ea23d406f1 (user01@drvtest01) (arm-linux-gnueabihf-gcc (Linaro GCC 6.4-2017.11) 6.4.1 20171012, GNU ld (Linaro_Binutils-2017.11) 2.27.0.20161229) #15 SMP Tue Sep 24 15:25:50 EEST 2024
[    0.000000] CPU: ARMv7 Processor [413fc082] revision 2 (ARMv7), cr=10c5387d
[    0.000000] CPU: PIPT / VIPT nonaliasing data cache, VIPT aliasing instruction cache
[    0.000000] OF: fdt: Machine model: TI AM335x BeagleBone Black
[    0.000000] Memory policy: Data cache writeback
[    0.000000] cma: Reserved 16 MiB at 0x9e800000 on node -1
[    0.000000] Zone ranges:
[    0.000000]   Normal   [mem 0x0000000080000000-0x000000009fdfffff]
[    0.000000]   HighMem  empty
[    0.000000] Movable zone start for each node
[    0.000000] Early memory node ranges
[    0.000000]   node   0: [mem 0x0000000080000000-0x000000009fdfffff]
[    0.000000] Initmem setup node 0 [mem 0x0000000080000000-0x000000009fdfffff]
[    0.000000] CPU: All CPU(s) started in SVC mode.
[    0.000000] AM335X ES2.1 (sgx neon)
[    0.000000] percpu: Embedded 17 pages/cpu s39628 r8192 d21812 u69632
[    0.000000] Kernel command line: console=ttyO0,115200n8 root=/dev/nfs rw nfsroot=192.168.255.126:/home/user01/nfs,nfsvers=3 ip=192.168.255.1:192.168.255.126::255.255.255.0:bbb1:eth0 nfsrootdebug
[    0.000000] Unknown kernel command line parameters "nfsrootdebug", will be passed to user space.
[    0.000000] Dentry cache hash table entries: 65536 (order: 6, 262144 bytes, linear)
[    0.000000] Inode-cache hash table entries: 32768 (order: 5, 131072 bytes, linear)
[    0.000000] Built 1 zonelists, mobility grouping on.  Total pages: 130560
[    0.000000] mem auto-init: stack:off, heap alloc:off, heap free:off
[    0.000000] SLUB: HWalign=64, Order=0-3, MinObjects=0, CPUs=1, Nodes=1
[    0.000000] trace event string verifier disabled
[    0.000000] rcu: Hierarchical RCU implementation.
[    0.000000] rcu: 	RCU event tracing is enabled.
[    0.000000] rcu: 	RCU restricting CPUs from NR_CPUS=2 to nr_cpu_ids=1.
[    0.000000] rcu: RCU calculated value of scheduler-enlistment delay is 10 jiffies.
[    0.000000] rcu: Adjusting geometry for rcu_fanout_leaf=16, nr_cpu_ids=1
[    0.000000] NR_IRQS: 16, nr_irqs: 16, preallocated irqs: 16
[    0.000000] IRQ: Found an INTC at 0x(ptrval) (revision 5.0) with 128 interrupts
[    0.000000] rcu: srcu_init: Setting srcu_struct sizes based on contention.
[    0.000000] TI gptimer clocksource: always-on /ocp/interconnect@44c00000/segment@200000/target-module@31000
[    0.000002] sched_clock: 32 bits at 24MHz, resolution 41ns, wraps every 89478484971ns
[    0.000028] clocksource: dmtimer: mask: 0xffffffff max_cycles: 0xffffffff, max_idle_ns: 79635851949 ns
[    0.000511] TI gptimer clockevent: 24000000 Hz at /ocp/interconnect@48000000/segment@0/target-module@40000
[    0.002128] Console: colour dummy device 80x30
[    0.002196] WARNING: Your 'console=ttyO0' has been replaced by 'ttyS0'
[    0.002206] This ensures that you still see kernel messages. Please
[    0.002212] update your kernel commandline.
[    0.002258] Calibrating delay loop... 996.14 BogoMIPS (lpj=4980736)
[    0.090564] CPU: Testing write buffer coherency: ok
[    0.090667] CPU0: Spectre v2: using BPIALL workaround
[    0.090679] pid_max: default: 32768 minimum: 301
[    0.090803] LSM: initializing lsm=capability
[    0.090973] Mount-cache hash table entries: 1024 (order: 0, 4096 bytes, linear)
[    0.090995] Mountpoint-cache hash table entries: 1024 (order: 0, 4096 bytes, linear)
[    0.092534] CPU0: thread -1, cpu 0, socket -1, mpidr 0
[    0.094242] Setting up static identity map for 0x80100000 - 0x80100078
[    0.094554] rcu: Hierarchical SRCU implementation.
[    0.094567] rcu: 	Max phase no-delay instances is 1000.
[    0.096236] smp: Bringing up secondary CPUs ...
[    0.096296] smp: Brought up 1 node, 1 CPU
[    0.096310] SMP: Total of 1 processors activated (996.14 BogoMIPS).
[    0.096325] CPU: All CPU(s) started in SVC mode.
[    0.096517] Memory: 480876K/522240K available (11264K kernel code, 1197K rwdata, 2856K rodata, 1024K init, 297K bss, 23344K reserved, 16384K cma-reserved, 0K highmem)
[    0.097313] devtmpfs: initialized
[    0.113698] VFP support v0.3: implementor 41 architecture 3 part 30 variant c rev 3
[    0.114057] clocksource: jiffies: mask: 0xffffffff max_cycles: 0xffffffff, max_idle_ns: 19112604462750000 ns
[    0.114095] futex hash table entries: 256 (order: 2, 16384 bytes, linear)
[    0.115383] pinctrl core: initialized pinctrl subsystem
[    0.118109] NET: Registered PF_NETLINK/PF_ROUTE protocol family
[    0.121090] DMA: preallocated 256 KiB pool for atomic coherent allocations
[    0.122054] audit: initializing netlink subsys (disabled)
[    0.123433] thermal_sys: Registered thermal governor 'fair_share'
[    0.123454] thermal_sys: Registered thermal governor 'step_wise'
[    0.123466] thermal_sys: Registered thermal governor 'user_space'
[    0.123579] audit: type=2000 audit(0.120:1): state=initialized audit_enabled=0 res=1
[    0.123649] cpuidle: using governor menu
[    0.142759] No ATAGs?
[    0.142792] hw-breakpoint: debug architecture 0x4 unsupported.
[    0.145679] kprobes: kprobe jump-optimization is enabled. All kprobes are optimized if possible.
[    0.163974] iommu: Default domain type: Translated
[    0.164003] iommu: DMA domain TLB invalidation policy: strict mode
[    0.171332] SCSI subsystem initialized
[    0.181340] pps_core: LinuxPPS API ver. 1 registered
[    0.181357] pps_core: Software ver. 5.3.6 - Copyright 2005-2007 Rodolfo Giometti <giometti@linux.it>
[    0.181382] PTP clock support registered
[    0.183289] vgaarb: loaded
[    0.183686] clocksource: Switched to clocksource dmtimer
[    0.184281] VFS: Disk quotas dquot_6.6.0
[    0.184326] VFS: Dquot-cache hash table entries: 1024 (order 0, 4096 bytes)
[    0.209776] NET: Registered PF_INET protocol family
[    0.210133] IP idents hash table entries: 8192 (order: 4, 65536 bytes, linear)
[    0.211523] tcp_listen_portaddr_hash hash table entries: 512 (order: 0, 4096 bytes, linear)
[    0.211562] Table-perturb hash table entries: 65536 (order: 6, 262144 bytes, linear)
[    0.211582] TCP established hash table entries: 4096 (order: 2, 16384 bytes, linear)
[    0.211627] TCP bind hash table entries: 4096 (order: 4, 65536 bytes, linear)
[    0.211728] TCP: Hash tables configured (established 4096 bind 4096)
[    0.211849] UDP hash table entries: 256 (order: 1, 8192 bytes, linear)
[    0.211878] UDP-Lite hash table entries: 256 (order: 1, 8192 bytes, linear)
[    0.212054] NET: Registered PF_UNIX/PF_LOCAL protocol family
[    0.224648] RPC: Registered named UNIX socket transport module.
[    0.224677] RPC: Registered udp transport module.
[    0.224685] RPC: Registered tcp transport module.
[    0.224691] RPC: Registered tcp-with-tls transport module.
[    0.224698] RPC: Registered tcp NFSv4.1 backchannel transport module.
[    0.224723] PCI: CLS 0 bytes, default 64
[    0.226176] Initialise system trusted keyrings
[    0.227307] workingset: timestamp_bits=14 max_order=17 bucket_order=3
[    0.228566] NFS: Registering the id_resolver key type
[    0.228638] Key type id_resolver registered
[    0.228647] Key type id_legacy registered
[    0.228700] jffs2: version 2.2. (NAND) (SUMMARY)  Â© 2001-2006 Red Hat, Inc.
[    0.229155] Key type asymmetric registered
[    0.229175] Asymmetric key parser 'x509' registered
[    0.229243] io scheduler mq-deadline registered
[    0.229255] io scheduler kyber registered
[    0.229327] io scheduler bfq registered
[    0.243850] Serial: 8250/16550 driver, 6 ports, IRQ sharing enabled
[    0.307171] brd: module loaded
[    0.318345] loop: module loaded
[    0.319290] mtdoops: mtd device (mtddev=name/number) must be supplied
[    0.336642] i2c_dev: i2c /dev entries driver
[    0.337617] cpuidle: enable-method property 'ti,am3352' found operations
[    0.338063] sdhci: Secure Digital Host Controller Interface driver
[    0.338075] sdhci: Copyright(c) Pierre Ossman
[    0.338255] sdhci-pltfm: SDHCI platform and OF driver helper
[    0.338565] ledtrig-cpu: registered to indicate activity on CPUs
[    0.339500] Initializing XFRM netlink socket
[    0.339625] NET: Registered PF_INET6 protocol family
[    0.341463] Segment Routing with IPv6
[    0.341559] In-situ OAM (IOAM) with IPv6
[    0.341654] sit: IPv6, IPv4 and MPLS over IPv4 tunneling driver
[    0.342600] NET: Registered PF_PACKET protocol family
[    0.342639] NET: Registered PF_KEY protocol family
[    0.342760] Key type dns_resolver registered
[    0.343026] ThumbEE CPU extension supported.
[    0.343050] Registering SWP/SWPB emulation handler
[    0.343576] omap_voltage_late_init: Voltage driver support not added
[    0.344136] SmartReflex Class3 initialized
[    0.364661] Loading compiled-in X.509 certificates
[    0.432070] platform 44e10800.pinmux: Fixed dependency cycle(s) with /ocp/interconnect@44c00000/segment@200000/target-module@10000/scm@0/pinmux@800/clkout2-pins
[    0.432637] pinctrl-single 44e10800.pinmux: 142 pins, size 568
[    0.437962] ti-sysc 44e31000.target-module: probe with driver ti-sysc failed with error -16
[    0.474843] ti-sysc 48040000.target-module: probe with driver ti-sysc failed with error -16
[    0.514199] OMAP GPIO hardware version 0.1
[    0.538092] omap_i2c 4819c000.i2c: bus 2 rev0.11 at 100 kHz
[    0.570340] 48000000.interconnect:segment@200000:target-module@0:mpu@0:fck: device ID is greater than 24
[    0.574737] platform 4830e000.lcdc: Fixed dependency cycle(s) with /ocp/interconnect@44c00000/segment@200000/target-module@b000/i2c@0/tda19988@70
[    0.586625] sdhci-omap 481d8000.mmc: supply pbias not found, using dummy regulator
[    0.587092] sdhci-omap 481d8000.mmc: supply vqmmc not found, using dummy regulator
[    0.663905] davinci_mdio 4a101000.mdio: davinci mdio revision 1.6, bus freq 1000000
[    0.779808] davinci_mdio 4a101000.mdio: phy[0]: device 4a101000.mdio:00, driver SMSC LAN8710/LAN8720
[    0.780449] cpsw-switch 4a100000.switch: initialized cpsw ale version 1.4
[    0.780476] cpsw-switch 4a100000.switch: ALE Table size 1024
[    0.780734] cpsw-switch 4a100000.switch: cpts: overflow check period 500 (jiffies)
[    0.780758] cpsw-switch 4a100000.switch: CPTS: ref_clk_freq:250000000 calc_mult:2147483648 calc_shift:29 error:0 nsec/sec
[    0.780873] cpsw-switch 4a100000.switch: Detected MACID = 6c:ec:eb:68:de:78
[    0.782699] cpsw-switch 4a100000.switch: initialized (regs 0x4a100000, pool size 256) hw_ver:0019010C 1.12 (0)
[    0.793618] debugfs: Directory '49000000.dma' with parent 'dmaengine' already present!
[    0.793830] edma 49000000.dma: TI EDMA DMA engine driver
[    0.836064] target-module@4b000000:target-module@140000:pmu@0:fck: device ID is greater than 24
[    0.847621] hw perfevents: enabled with armv7_cortex_a8 PMU driver, 5 counters available
[    0.855245] l3-aon-clkctrl:0000:0: failed to disable
[    0.870553] 44e09000.serial: ttyS0 at MMIO 0x44e09000 (irq = 34, base_baud = 3000000) is a 8250
[    0.870641] printk: legacy console [ttyS0] enabled
[    2.125242] tps65217-pmic: Failed to locate of_node [id: -1]
[    2.131311] tps65217-bl: Failed to locate of_node [id: -1]
[    2.160683] tps65217 0-0024: TPS65217 ID 0xe version 1.2
[    2.166879] platform 4830e000.lcdc: Fixed dependency cycle(s) with /ocp/interconnect@44c00000/segment@200000/target-module@b000/i2c@0/tda19988@70
[    2.180310] i2c 0-0070: Fixed dependency cycle(s) with /ocp/interconnect@48000000/segment@300000/target-module@e000/lcdc@0
[    2.191718] omap_i2c 44e0b000.i2c: bus 0 rev0.11 at 400 kHz
[    2.199898] omap_gpio 44e07000.gpio: Could not set line 6 debounce to 200000 microseconds (-22)
[    2.208808] sdhci-omap 48060000.mmc: Got CD GPIO
[    2.213870] sdhci-omap 48060000.mmc: supply pbias not found, using dummy regulator
[    2.224407] sdhci-omap 48060000.mmc: supply vqmmc not found, using dummy regulator
[    2.232820] sdhci-omap 481d8000.mmc: supply pbias not found, using dummy regulator
[    2.242607] sdhci-omap 481d8000.mmc: supply vqmmc not found, using dummy regulator
[    2.279889] mmc1: SDHCI controller on 481d8000.mmc [481d8000.mmc] using External DMA
[    2.288933] mmc0: SDHCI controller on 48060000.mmc [48060000.mmc] using External DMA
[    2.297823] cpsw-switch 4a100000.switch: starting ndev. mode: dual_mac
[    2.342876] mmc0: new high speed SDHC card at address 5048
[    2.349903] mmcblk0: mmc0:5048 SD16G 14.4 GiB
[    2.357994]  mmcblk0: p1 p2
[    2.361378] mmcblk0: p2 size 31221760 extends beyond EOD, truncated
[    2.375765] mmc1: new high speed MMC card at address 0001
[    2.382502] mmcblk1: mmc1:0001 MMC04G 3.60 GiB
[    2.390125]  mmcblk1: p1 p2
[    2.393851] SMSC LAN8710/LAN8720 4a101000.mdio:00: attached PHY driver (mii_bus:phy_addr=4a101000.mdio:00, irq=POLL)
[    2.405263] mmcblk1boot0: mmc1:0001 MMC04G 2.00 MiB
[    2.417935] mmcblk1boot1: mmc1:0001 MMC04G 2.00 MiB
[    2.425722] mmcblk1rpmb: mmc1:0001 MMC04G 128 KiB, chardev (250:0)
[    5.524426] cpsw-switch 4a100000.switch eth0: Link is Up - 100Mbps/Full - flow control off
[    5.563696] IP-Config: Complete:
[    5.566967]      device=eth0, hwaddr=6c:ec:eb:68:de:78, ipaddr=192.168.255.1, mask=255.255.255.0, gw=255.255.255.255
[    5.577586]      host=bbb1, domain=, nis-domain=(none)
[    5.582753]      bootserver=192.168.255.126, rootserver=192.168.255.126, rootpath=
[    5.583175] clk: Disabling unused clocks
[    5.595035] PM: genpd: Disabling unused power domains
[    5.600151] KTAP version 1
[    5.602872] 1..0
[    5.627846] VFS: Mounted root (nfs filesystem) on device 0:17.
[    5.634946] devtmpfs: mounted
[    5.639596] Freeing unused kernel image (initmem) memory: 1024K
[    5.646496] Run /sbin/init as init process
[    6.329458] systemd[1]: System time before build time, advancing clock.
[    7.803705] random: crng init done
[    7.875246] systemd[1]: systemd 232 running in system mode. (+PAM +AUDIT +SELINUX +IMA +APPARMOR +SMACK +SYSVINIT +UTMP +LIBCRYPTSETUP +GCRYPT +GNUTLS +ACL +XZ +LZ4 +SECCOMP +BLKID +ELFUTILS +KMOD +IDN)
[    7.894360] systemd[1]: Detected architecture arm.

Welcome to [1mDebian GNU/Linux 9 (stretch)[0m!

[    7.936708] systemd[1]: Set hostname to <arm>.
[    9.013128] systemd[1]: Listening on udev Kernel Socket.
[[0;32m  OK  [0m] Listening on udev Kernel Socket.
[    9.045415] systemd[1]: Set up automount Arbitrary Executable File Formats File System Automount Point.
[[0;32m  OK  [0m] Set up automount Arbitrary Executabâ€¦rmats File System Automount Point.
[    9.084606] systemd[1]: Started Dispatch Password Requests to Console Directory Watch.
[[0;32m  OK  [0m] Started Dispatch Password Requests to Console Directory Watch.
[    9.124115] systemd[1]: Reached target Remote File Systems.
[[0;32m  OK  [0m] Reached target Remote File Systems.
[    9.165558] systemd[1]: Listening on Syslog Socket.
[[0;32m  OK  [0m] Listening on Syslog Socket.
[    9.204569] systemd[1]: Started Forward Password Requests to Wall Directory Watch.
[[0;32m  OK  [0m] Started Forward Password Requests to Wall Directory Watch.
[    9.244023] systemd[1]: Reached target Encrypted Volumes.
[[0;32m  OK  [0m] Reached target Encrypted Volumes.
[[0;32m  OK  [0m] Created slice System Slice.
[[0;32m  OK  [0m] Created slice system-getty.slice.
         Mounting POSIX Message Queue File System...
[[0;32m  OK  [0m] Created slice system-serial\x2dgetty.slice.
[[0;32m  OK  [0m] Listening on udev Control Socket.
[[0;32m  OK  [0m] Created slice User and Session Slice.
[[0;32m  OK  [0m] Reached target Slices.
[[0;32m  OK  [0m] Listening on /dev/initctl Compatibility Named Pipe.
[[0;32m  OK  [0m] Listening on Journal Socket.
         Starting Create list of required stâ€¦ce nodes for the current kernel...
         Mounting Debug File System...
[[0;32m  OK  [0m] Listening on Journal Socket (/dev/log).
[[0;32m  OK  [0m] Listening on Journal Audit Socket.
         Starting Remount Root and Kernel File Systems...
[[0;32m  OK  [0m] Reached target Paths.
[[0;32m  OK  [0m] Reached target Swap.
         Starting Journal Service...
         Starting Load Kernel Modules...
[[0;32m  OK  [0m] Mounted POSIX Message Queue File System.
[[0;32m  OK  [0m] Mounted Debug File System.
[[0;32m  OK  [0m] Started Create list of required staâ€¦vice nodes for the current kernel.
[[0;32m  OK  [0m] Started Remount Root and Kernel File Systems.
         Starting udev Coldplug all Devices...
         Starting Load/Save Random Seed...
         Starting Create Static Device Nodes in /dev...
[[0;32m  OK  [0m] Started Load Kernel Modules.
         Mounting Configuration File System...
         Starting Apply Kernel Variables...
[[0;32m  OK  [0m] Mounted Configuration File System.
[[0;32m  OK  [0m] Started Load/Save Random Seed.
[[0;32m  OK  [0m] Started Apply Kernel Variables.
[[0;32m  OK  [0m] Started Create Static Device Nodes in /dev.
         Starting udev Kernel Device Manager...
[[0;32m  OK  [0m] Reached target Local File Systems (Pre).
[[0;32m  OK  [0m] Reached target Local File Systems.
         Starting Raise network interfaces...
[[0;32m  OK  [0m] Started Journal Service.
         Starting Flush Journal to Persistent Storage...
[   11.547478] systemd-journald[85]: Received request to flush runtime journal from PID 1
[[0;32m  OK  [0m] Started Flush Journal to Persistent Storage.
         Starting Create Volatile Files and Directories...
[[0;32m  OK  [0m] Started udev Kernel Device Manager.
[[0;32m  OK  [0m] Started Create Volatile Files and Directories.
         Starting Network Time Synchronization...
         Starting Update UTMP about System Boot/Shutdown...
[[0;32m  OK  [0m] Started udev Coldplug all Devices.
[[0;32m  OK  [0m] Started Update UTMP about System Boot/Shutdown.
[   14.389396] omap_rtc 44e3e000.rtc: registered as rtc0
[   14.395333] omap_rtc 44e3e000.rtc: setting system clock to 2000-01-01T00:00:00 UTC (946684800)
[   14.540440] remoteproc remoteproc0: wkup_m3 is available
[   14.611498] omap_wdt: OMAP Watchdog Timer Rev 0x01: initial timeout 60 sec
[   14.895663] at24 2-0054: supply vcc not found, using dummy regulator
[   15.005438] wkup_m3_ipc 44e11324.wkup_m3_ipc: IPC Request for A8->M3 Channel failed! -517
[[0;32m  OK  [0m] Found device /dev/ttyS0.
[   15.077149] at24 2-0055: supply vcc not found, using dummy regulator
[   15.140458] at24 2-0056: supply vcc not found, using dummy regulator
[[0;32m  OK  [0m] Started Network Time Synchronization.
[   15.276485] at24 2-0057: supply vcc not found, using dummy regulator
[[0;32m  OK  [0m] Reached target System Initialization.
[   15.378961] at24 0-0050: 32768 byte 24c256 EEPROM, writable, 1 bytes/write
[   15.389063] wkup_m3_ipc 44e11324.wkup_m3_ipc: IPC Request for A8->M3 Channel failed! -517
[[0;32m  OK  [0m] Listening on D-Bus System Message Bus Socket.
[   15.465657] am335x-phy-driver 47401300.usb-phy: dummy supplies not allowed for exclusive requests (id=vbus)
[[0;32m  OK  [0m] Listening on Avahi mDNS/DNS-SD Stack Activation Socket.
[[0;32m  OK  [0m] Reached target Sockets.
[   15.630875] am335x-phy-driver 47401b00.usb-phy: dummy supplies not allowed for exclusive requests (id=vbus)
[   15.641844] usbcore: registered new interface driver usbfs
[   15.647613] usbcore: registered new interface driver hub
[   15.653065] usbcore: registered new device driver usb
[   15.664343] wkup_m3_ipc 44e11324.wkup_m3_ipc: IPC Request for A8->M3 Channel failed! -517
[[0;32m  OK  [0m] Reached target Basic System.
[   15.872211] wkup_m3_ipc 44e11324.wkup_m3_ipc: IPC Request for A8->M3 Channel failed! -517
[[0;32m  OK  [0m] Started D-Bus System Message Bus.
[   15.969240] tps6521x_pwrbutton tps65217-pwrbutton: DMA mask not set
[   16.090234] input: tps65217_pwrbutton as /devices/platform/ocp/44c00000.interconnect/44c00000.interconnect:segment@200000/44e0b000.target-module/44e0b000.i2c/i2c-0/0-0024/tps65217-pwrbutton/input/input0
[   16.134954] wkup_m3_ipc 44e11324.wkup_m3_ipc: IPC Request for A8->M3 Channel failed! -517
[   16.446890] wkup_m3_ipc 44e11324.wkup_m3_ipc: IPC Request for A8->M3 Channel failed! -517
[   16.556053] musb-hdrc musb-hdrc.1: MUSB HDRC host driver
[   16.561477] musb-hdrc musb-hdrc.1: new USB bus registered, assigned bus number 1
[   16.581442] wkup_m3_ipc 44e11324.wkup_m3_ipc: IPC Request for A8->M3 Channel failed! -517
[   16.717740] usb usb1: New USB device found, idVendor=1d6b, idProduct=0002, bcdDevice= 6.11
[   16.726321] usb usb1: New USB device strings: Mfr=3, Product=2, SerialNumber=1
[   16.733591] usb usb1: Product: MUSB HDRC host driver
[   16.738670] usb usb1: Manufacturer: Linux 6.11.0-g73ea23d406f1 musb-hcd
[   16.745362] usb usb1: SerialNumber: musb-hdrc.1
[   16.838640] tda998x 0-0070: found TDA19988
[   16.904506] hub 1-0:1.0: USB hub found
[   16.916890] wkup_m3_ipc 44e11324.wkup_m3_ipc: IPC Request for A8->M3 Channel failed! -517
[   16.973549] hub 1-0:1.0: 1 port detected
[   17.048543] wkup_m3_ipc 44e11324.wkup_m3_ipc: IPC Request for A8->M3 Channel failed! -517
[   17.107211] omap-mailbox 480c8000.mailbox: omap mailbox rev 0x400
[   17.230362] remoteproc remoteproc0: powering up wkup_m3
[   17.406539] remoteproc remoteproc0: Direct firmware load for am335x-pm-firmware.elf failed with error -2
[   17.416457] remoteproc remoteproc0: request_firmware failed: -2
[   17.422424] wkup_m3_ipc 44e11324.wkup_m3_ipc: rproc_boot failed
[   19.042600] tilcdc 4830e000.lcdc: bound 0-0070 (ops tda998x_driver_exit [tda998x])
[   19.086228] omap_rng 48310000.rng: Random Number Generator ver. 20
[   19.155774] [drm] Initialized tilcdc 1.0.0 for 4830e000.lcdc on minor 0
[   19.214247] tilcdc 4830e000.lcdc: [drm] Cannot find any crtc or sizes
[   19.222554] tilcdc 4830e000.lcdc: [drm] Cannot find any crtc or sizes
         Starting Connection service...
[[0;32m  OK  [0m] Started Regular background program processing daemon.
         Starting Cape Manager Service...
         Starting System Logging Service...
         Starting Avahi mDNS/DNS-SD Stack...
         Starting Generic Board Startup...
         Starting DUN service...
         Starting LSB: Start busybox udhcpd at boot time...
         Starting LSB: Load kernel modules needed to enable cpufreq scaling...
[[0;32m  OK  [0m] Started Daily Cleanup of Temporary Directories.
[   20.395697] PM: Cannot get wkup_m3_ipc handle
         Starting Login Service...
         Starting Telephony service...
[[0;32m  OK  [0m] Reached target System Time Synchronized.
[[0;32m  OK  [0m] Started Daily apt download activities.
[[0;32m  OK  [0m] Started Daily apt upgrade and clean activities.
[[0;32m  OK  [0m] Reached target Timers.
[   20.749884] omap-sham 53100000.sham: hw accel on OMAP rev 4.3
[   20.950289] omap-sham 53100000.sham: will run requests pump with realtime priority
[   20.964519] PM: Cannot get wkup_m3_ipc handle
[   21.057300] omap-aes 53500000.aes: OMAP AES hw accel rev: 3.2
[   21.214570] omap-aes 53500000.aes: will run requests pump with realtime priority
[   21.223236] PM: Cannot get wkup_m3_ipc handle
[[0;32m  OK  [0m] Started System Logging Service.
[[0;32m  OK  [0m] Started Cape Manager Service.
[   23.542733] Bluetooth: Core ver 2.22
[   23.546757] NET: Registered PF_BLUETOOTH protocol family
[   23.552109] Bluetooth: HCI device and connection manager initialized
[   23.558655] Bluetooth: HCI socket layer initialized
[   23.563572] Bluetooth: L2CAP socket layer initialized
[   23.568735] Bluetooth: SCO socket layer initialized
[   25.055144] PM: Cannot get wkup_m3_ipc handle
[   25.205758] PM: Cannot get wkup_m3_ipc handle
[[0;32m  OK  [0m] Started LSB: Start busybox udhcpd at boot time.
[[0;32m  OK  [0m] Started Raise network interfaces.
[[0;32m  OK  [0m] Started LSB: Load kernel modules needed to enable cpufreq scaling.
[   28.601941] configfs-gadget.g_multi gadget.0: HOST MAC 1c:ba:8c:a2:ed:6c
[   28.608957] configfs-gadget.g_multi gadget.0: MAC 1c:ba:8c:a2:ed:70
[   28.616344] configfs-gadget.g_multi gadget.0: HOST MAC 1c:ba:8c:a2:ed:6c
[   28.623105] configfs-gadget.g_multi gadget.0: MAC 1c:ba:8c:a2:ed:6d
[   28.631713] PM: Cannot get wkup_m3_ipc handle
[[0;32m  OK  [0m] Started DUN service.
[[0;32m  OK  [0m] Started Telephony service.
[[0;32m  OK  [0m] Started Connection service.
[[0;32m  OK  [0m] Started Avahi mDNS/DNS-SD Stack.
[[0;32m  OK  [0m] Started Login Service.
         Starting Hostname Service...
         Starting WPA supplicant...
[[0;32m  OK  [0m] Reached target Sound Card.
         Starting LSB: set CPUFreq kernel parameters...
[[0;32m  OK  [0m] Started WPA supplicant.
[[0;32m  OK  [0m] Started Hostname Service.
[[0;32m  OK  [0m] Reached target Network.
         Starting Permit User Sessions...
         Starting OpenBSD Secure Shell server...
         Starting The Apache HTTP Server...
[[0;32m  OK  [0m] Reached target Network is Online.
         Starting LSB: Advanced IEEE 802.11 management daemon...
[[0;32m  OK  [0m] Started Permit User Sessions.
[[0;32m  OK  [0m] Started LSB: set CPUFreq kernel parameters.
[[0;32m  OK  [0m] Started LSB: Advanced IEEE 802.11 management daemon.
[[0;32m  OK  [0m] Started Getty on tty1.
[[0;32m  OK  [0m] Started Serial Getty on ttyS0.
[[0;32m  OK  [0m] Reached target Login Prompts.
         Stopping LSB: Start busybox udhcpd at boot time...
[[0;32m  OK  [0m] Started OpenBSD Secure Shell server.
[[0;32m  OK  [0m] Stopped LSB: Start busybox udhcpd at boot time.
         Starting dnsmasq - A lightweight DHCP and caching DNS server...
[[0;32m  OK  [0m] Started The Apache HTTP Server.
[[0;32m  OK  [0m] Started dnsmasq - A lightweight DHCP and caching DNS server.
[[0;32m  OK  [0m] Reached target Host and Network Name Lookups.
[[0;32m  OK  [0m] Started Serial Getty on ttyGS0.
[[0;32m  OK  [0m] Started Generic Board Startup.
[[0;32m  OK  [0m] Reached target Multi-User System.
[[0;32m  OK  [0m] Reached target Graphical Interface.
         Starting Update UTMP about System Runlevel Changes...
[[0;32m  OK  [0m] Started Update UTMP about System Runlevel Changes.

Debian GNU/Linux 9 arm ttyS0

default username:password is [debian:temppwd]

arm login: root
Password: 
Last login: Sat Jan  1 00:00:34 UTC 2000 on ttyS0
root
Linux arm 6.11.0-g73ea23d406f1 #15 SMP Tue Sep 24 15:25:50 EEST 2024 armv7l

The programs included with the Debian GNU/Linux system are free software;
the exact distribution terms for each program are described in the
individual files in /usr/share/doc/*/copyright.

Debian GNU/Linux comes with ABSOLUTELY NO WARRANTY, to the extent
permitted by applicable law.
root@arm:~# root
-bash: root: command not found
root@arm:~# dmesg -n 1
root@arm:~# echo 'JTLL''ESHBFH'
JTLLESHBFH
root@arm:~# run() { echo -n "$MARKER"; sh -c "$@"; echo "$MARKER $?"; }
root@arm:~# echo 'FJPP''VLVTLC'
FJPPVLVTLC
root@arm:~# MARKER='NLYG''OXHKPY' run 'cat /proc/version'
NLYGOXHKPYLinux version 6.11.0-g73ea23d406f1 (user01@drvtest01) (arm-linux-gnueabihf-gcc (Linaro GCC 6.4-2017.11) 6.4.1 20171012, GNU ld (Linaro_Binutils-2017.11) 2.27.0.20161229) #15 SMP Tue Sep 24 15:25:50 EEST 2024
NLYGOXHKPY 0
root@arm:~# echo 'NBJU''XOBWEJ'
NBJUXOBWEJ
root@arm:~# MARKER='QHMO''MNBQLW' run false
QHMOMNBQLWQHMOMNBQLW 1
root@arm:~# Labgrid Console Logfile for main
Logfile started at 2024-09-25 11:42:46.336541
=== Log starts here ===

root@arm:~# run() { echo -n "$MARKER"; sh -c "$@"; echo "$MARKER $?"; }
root@arm:~# echo 'FAWY''FWAGOP'
FAWYFWAGOP
root@arm:~# MARKER='VQQJ''ZVCOPS' run 'insmod /mva_overlay.ko'
VQQJZVCOPSVQQJZVCOPS 0
root@arm:~# echo 'BNMK''HHQJQS'
BNMKHHQJQS
root@arm:~# MARKER='OUJE''VOLBZH' run lsmod
OUJEVOLBZHModule                  Size  Used by
mva_overlay            65536  0
usb_f_acm              12288  2
u_serial               16384  3 usb_f_acm
usb_f_ecm              16384  2
usb_f_rndis            24576  2
u_ether                16384  2 usb_f_ecm,usb_f_rndis
libcomposite           57344  15 usb_f_ecm,usb_f_acm,u_ether,usb_f_rndis
iptable_nat            12288  0
nf_nat                 36864  1 iptable_nat
nf_conntrack          110592  1 nf_nat
nf_defrag_ipv6         16384  1 nf_conntrack
snd_soc_hdmi_codec     16384  1
evdev                  20480  0
nf_defrag_ipv4         12288  1 nf_conntrack
iptable_mangle         12288  0
iptable_filter         12288  0
bluetooth             610304  2
ecdh_generic           12288  1 bluetooth
ecc                    36864  1 ecdh_generic
omap_aes_driver        24576  0
snd_soc_simple_card    16384  0
omap_crypto            12288  1 omap_aes_driver
snd_soc_simple_card_utils    20480  1 snd_soc_simple_card
libaes                 12288  2 omap_aes_driver,bluetooth
omap_sham              28672  0
crypto_engine          12288  2 omap_aes_driver,omap_sham
pm33xx                 12288  0
ti_emif_sram           12288  1 pm33xx
omap_rng               12288  0
tilcdc                 32768  0
rng_core               16384  1 omap_rng
drm_dma_helper         16384  1 tilcdc
snd_soc_davinci_mcasp    32768  2
snd_soc_ti_udma        12288  1 snd_soc_davinci_mcasp
snd_soc_ti_edma        12288  1 snd_soc_davinci_mcasp
snd_soc_ti_sdma        12288  1 snd_soc_davinci_mcasp
snd_soc_core          192512  7 snd_soc_davinci_mcasp,snd_soc_hdmi_codec,snd_soc_simple_card_utils,snd_soc_ti_sdma,snd_soc_ti_edma,snd_soc_ti_udma,snd_soc_simple_card
snd_pcm_dmaengine      12288  1 snd_soc_core
snd_pcm               110592  5 snd_soc_davinci_mcasp,snd_pcm_dmaengine,snd_soc_hdmi_codec,snd_soc_simple_card_utils,snd_soc_core
omap_mailbox           12288  1
snd_timer              28672  1 snd_pcm
snd                    69632  4 snd_soc_hdmi_codec,snd_timer,snd_soc_core,snd_pcm
soundcore              12288  1 snd
tda998x                20480  0
musb_dsps              16384  0
drm_kms_helper        122880  3 drm_dma_helper,tda998x,tilcdc
musb_hdrc             131072  1 musb_dsps
tps65218_pwrbutton     12288  0
drm                   417792  5 drm_dma_helper,tda998x,tilcdc,drm_kms_helper
udc_core               45056  7 usb_f_ecm,usb_f_acm,u_serial,musb_hdrc,u_ether,usb_f_rndis,libcomposite
usbcore               225280  1 musb_hdrc
phy_am335x             12288  2
phy_generic            12288  1 phy_am335x
usb_common             12288  6 phy_am335x,udc_core,musb_hdrc,libcomposite,musb_dsps,usbcore
wkup_m3_ipc            12288  1 pm33xx
drm_panel_orientation_quirks    12288  1 drm
at24                   16384  0
phy_am335x_control     12288  1 phy_am335x
omap_wdt               12288  0
wkup_m3_rproc          12288  1
watchdog               24576  1 omap_wdt
cppi41                 16384  60
rtc_omap               16384  2 pm33xx
leds_gpio              12288  0
cpufreq_dt             12288  0
led_class              12288  1 leds_gpio
ip_tables              20480  3 iptable_mangle,iptable_filter,iptable_nat
x_tables               24576  4 iptable_mangle,ip_tables,iptable_filter,iptable_nat
autofs4                40960  2
OUJEVOLBZH 0
root@arm:~# Labgrid Console Logfile for main
Logfile started at 2024-09-25 11:42:49.966600
=== Log starts here ===

root@arm:~# run() { echo -n "$MARKER"; sh -c "$@"; echo "$MARKER $?"; }
root@arm:~# echo 'MTWS''HGAKAT'
MTWSHGAKAT
root@arm:~# MARKER='ZXHP''LTPLHZ' run 'dd if=/bd71847_test.dtbo of=/sys/kernel/mvva_overlay/overlay_add bs=1M'
ZXHPLTPLHZ0+1 records in
0+1 records out
4240 bytes (4.2 kB, 4.1 KiB) copied, 0.131278 s, 32.3 kB/s
ZXHPLTPLHZ 0
root@arm:~# echo 'GGSQ''HAMFSX'
GGSQHAMFSX
root@arm:~# MARKER='MKBA''ETSBOW' run lsmod
MKBAETSBOWModule                  Size  Used by
clk_bd718x7            12288  0
bd718x7_regulator      24576  1
rohm_regulator         12288  1 bd718x7_regulator
gpio_keys              16384  0
rohm_bd718x7           12288  0
mva_overlay            65536  0
usb_f_acm              12288  2
u_serial               16384  3 usb_f_acm
usb_f_ecm              16384  2
usb_f_rndis            24576  2
u_ether                16384  2 usb_f_ecm,usb_f_rndis
libcomposite           57344  15 usb_f_ecm,usb_f_acm,u_ether,usb_f_rndis
iptable_nat            12288  0
nf_nat                 36864  1 iptable_nat
nf_conntrack          110592  1 nf_nat
nf_defrag_ipv6         16384  1 nf_conntrack
snd_soc_hdmi_codec     16384  1
evdev                  20480  1
nf_defrag_ipv4         12288  1 nf_conntrack
iptable_mangle         12288  0
iptable_filter         12288  0
bluetooth             610304  2
ecdh_generic           12288  1 bluetooth
ecc                    36864  1 ecdh_generic
omap_aes_driver        24576  0
snd_soc_simple_card    16384  0
omap_crypto            12288  1 omap_aes_driver
snd_soc_simple_card_utils    20480  1 snd_soc_simple_card
libaes                 12288  2 omap_aes_driver,bluetooth
omap_sham              28672  0
crypto_engine          12288  2 omap_aes_driver,omap_sham
pm33xx                 12288  0
ti_emif_sram           12288  1 pm33xx
omap_rng               12288  0
tilcdc                 32768  0
rng_core               16384  1 omap_rng
drm_dma_helper         16384  1 tilcdc
snd_soc_davinci_mcasp    32768  2
snd_soc_ti_udma        12288  1 snd_soc_davinci_mcasp
snd_soc_ti_edma        12288  1 snd_soc_davinci_mcasp
snd_soc_ti_sdma        12288  1 snd_soc_davinci_mcasp
snd_soc_core          192512  7 snd_soc_davinci_mcasp,snd_soc_hdmi_codec,snd_soc_simple_card_utils,snd_soc_ti_sdma,snd_soc_ti_edma,snd_soc_ti_udma,snd_soc_simple_card
snd_pcm_dmaengine      12288  1 snd_soc_core
snd_pcm               110592  5 snd_soc_davinci_mcasp,snd_pcm_dmaengine,snd_soc_hdmi_codec,snd_soc_simple_card_utils,snd_soc_core
omap_mailbox           12288  1
snd_timer              28672  1 snd_pcm
snd                    69632  4 snd_soc_hdmi_codec,snd_timer,snd_soc_core,snd_pcm
soundcore              12288  1 snd
tda998x                20480  0
musb_dsps              16384  0
drm_kms_helper        122880  3 drm_dma_helper,tda998x,tilcdc
musb_hdrc             131072  1 musb_dsps
tps65218_pwrbutton     12288  0
drm                   417792  5 drm_dma_helper,tda998x,tilcdc,drm_kms_helper
udc_core               45056  7 usb_f_ecm,usb_f_acm,u_serial,musb_hdrc,u_ether,usb_f_rndis,libcomposite
usbcore               225280  1 musb_hdrc
phy_am335x             12288  2
phy_generic            12288  1 phy_am335x
usb_common             12288  6 phy_am335x,udc_core,musb_hdrc,libcomposite,musb_dsps,usbcore
wkup_m3_ipc            12288  1 pm33xx
drm_panel_orientation_quirks    12288  1 drm
at24                   16384  0
phy_am335x_control     12288  1 phy_am335x
omap_wdt               12288  0
wkup_m3_rproc          12288  1
watchdog               24576  1 omap_wdt
cppi41                 16384  60
rtc_omap               16384  2 pm33xx
leds_gpio              12288  0
cpufreq_dt             12288  0
led_class              12288  1 leds_gpio
ip_tables              20480  3 iptable_mangle,iptable_filter,iptable_nat
x_tables               24576  4 iptable_mangle,ip_tables,iptable_filter,iptable_nat
autofs4                40960  2
MKBAETSBOW 0
root@arm:~# Labgrid Console Logfile for main
Logfile started at 2024-09-25 11:42:55.934393
=== Log starts here ===

root@arm:~# run() { echo -n "$MARKER"; sh -c "$@"; echo "$MARKER $?"; }
root@arm:~# echo 'CXPZ''HHKXNQ'
CXPZHHKXNQ
root@arm:~# MARKER='NWTT''SOSGEG' run 'insmod /bd71847-test.ko'
NWTTSOSGEGNWTTSOSGEG 0
root@arm:~# echo 'MBZX''OCBWKQ'
MBZXOCBWKQ
root@arm:~# MARKER='CQEN''JOXFQN' run 'insmod /bd71847-test2.ko'
CQENJOXFQNCQENJOXFQN 0
root@arm:~# echo 'YTYN''AWEZSW'
YTYNAWEZSW
root@arm:~# MARKER='FEYN''XQCBWZ' run lsmod
FEYNXQCBWZModule                  Size  Used by
bd71847_test2          12288  0
bd71847_test           24576  0
clk_bd718x7            12288  0
bd718x7_regulator      24576  13
rohm_regulator         12288  1 bd718x7_regulator
gpio_keys              16384  0
rohm_bd718x7           12288  0
mva_overlay            65536  0
usb_f_acm              12288  2
u_serial               16384  3 usb_f_acm
usb_f_ecm              16384  2
usb_f_rndis            24576  2
u_ether                16384  2 usb_f_ecm,usb_f_rndis
libcomposite           57344  15 usb_f_ecm,usb_f_acm,u_ether,usb_f_rndis
iptable_nat            12288  0
nf_nat                 36864  1 iptable_nat
nf_conntrack          110592  1 nf_nat
nf_defrag_ipv6         16384  1 nf_conntrack
snd_soc_hdmi_codec     16384  1
evdev                  20480  1
nf_defrag_ipv4         12288  1 nf_conntrack
iptable_mangle         12288  0
iptable_filter         12288  0
bluetooth             610304  2
ecdh_generic           12288  1 bluetooth
ecc                    36864  1 ecdh_generic
omap_aes_driver        24576  0
snd_soc_simple_card    16384  0
omap_crypto            12288  1 omap_aes_driver
snd_soc_simple_card_utils    20480  1 snd_soc_simple_card
libaes                 12288  2 omap_aes_driver,bluetooth
omap_sham              28672  0
crypto_engine          12288  2 omap_aes_driver,omap_sham
pm33xx                 12288  0
ti_emif_sram           12288  1 pm33xx
omap_rng               12288  0
tilcdc                 32768  0
rng_core               16384  1 omap_rng
drm_dma_helper         16384  1 tilcdc
snd_soc_davinci_mcasp    32768  2
snd_soc_ti_udma        12288  1 snd_soc_davinci_mcasp
snd_soc_ti_edma        12288  1 snd_soc_davinci_mcasp
snd_soc_ti_sdma        12288  1 snd_soc_davinci_mcasp
snd_soc_core          192512  7 snd_soc_davinci_mcasp,snd_soc_hdmi_codec,snd_soc_simple_card_utils,snd_soc_ti_sdma,snd_soc_ti_edma,snd_soc_ti_udma,snd_soc_simple_card
snd_pcm_dmaengine      12288  1 snd_soc_core
snd_pcm               110592  5 snd_soc_davinci_mcasp,snd_pcm_dmaengine,snd_soc_hdmi_codec,snd_soc_simple_card_utils,snd_soc_core
omap_mailbox           12288  1
snd_timer              28672  1 snd_pcm
snd                    69632  4 snd_soc_hdmi_codec,snd_timer,snd_soc_core,snd_pcm
soundcore              12288  1 snd
tda998x                20480  0
musb_dsps              16384  0
drm_kms_helper        122880  3 drm_dma_helper,tda998x,tilcdc
musb_hdrc             131072  1 musb_dsps
tps65218_pwrbutton     12288  0
drm                   417792  5 drm_dma_helper,tda998x,tilcdc,drm_kms_helper
udc_core               45056  7 usb_f_ecm,usb_f_acm,u_serial,musb_hdrc,u_ether,usb_f_rndis,libcomposite
usbcore               225280  1 musb_hdrc
phy_am335x             12288  2
phy_generic            12288  1 phy_am335x
usb_common             12288  6 phy_am335x,udc_core,musb_hdrc,libcomposite,musb_dsps,usbcore
wkup_m3_ipc            12288  1 pm33xx
drm_panel_orientation_quirks    12288  1 drm
at24                   16384  0
phy_am335x_control     12288  1 phy_am335x
omap_wdt               12288  0
wkup_m3_rproc          12288  1
watchdog               24576  1 omap_wdt
cppi41                 16384  60
rtc_omap               16384  2 pm33xx
leds_gpio              12288  0
cpufreq_dt             12288  0
led_class              12288  1 leds_gpio
ip_tables              20480  3 iptable_mangle,iptable_filter,iptable_nat
x_tables               24576  4 iptable_mangle,ip_tables,iptable_filter,iptable_nat
autofs4                40960  2
FEYNXQCBWZ 0
root@arm:~# Labgrid Console Logfile for main
Logfile started at 2024-09-25 11:42:59.953353
=== Log starts here ===

root@arm:~# run() { echo -n "$MARKER"; sh -c "$@"; echo "$MARKER $?"; }
root@arm:~# echo 'GNTK''OPEWJQ'
GNTKOPEWJQ
root@arm:~# MARKER='UOCB''SACWXW' run '/./init_regulator_test.sh bd71847'
UOCBSACWXWboard bd71847 given
/./init_regulator_test.sh: line 38: buck10_en: command not found
/./init_regulator_test.sh: line 39: buck10_set: command not found
UOCBSACWXW 0
root@arm:~# Labgrid Console Logfile for main
Logfile started at 2024-09-25 11:43:10.169856
=== Log starts here ===

root@arm:~# run() { echo -n "$MARKER"; sh -c "$@"; echo "$MARKER $?"; }
root@arm:~# echo 'UTLW''AATKUH'
UTLWAATKUH
root@arm:~# MARKER='TJQC''ABYQPL' run dmesg
TJQCABYQPL[    0.000000] Booting Linux on physical CPU 0x0
[    0.000000] Linux version 6.11.0-g73ea23d406f1 (user01@drvtest01) (arm-linux-gnueabihf-gcc (Linaro GCC 6.4-2017.11) 6.4.1 20171012, GNU ld (Linaro_Binutils-2017.11) 2.27.0.20161229) #15 SMP Tue Sep 24 15:25:50 EEST 2024
[    0.000000] CPU: ARMv7 Processor [413fc082] revision 2 (ARMv7), cr=10c5387d
[    0.000000] CPU: PIPT / VIPT nonaliasing data cache, VIPT aliasing instruction cache
[    0.000000] OF: fdt: Machine model: TI AM335x BeagleBone Black
[    0.000000] Memory policy: Data cache writeback
[    0.000000] cma: Reserved 16 MiB at 0x9e800000 on node -1
[    0.000000] Zone ranges:
[    0.000000]   Normal   [mem 0x0000000080000000-0x000000009fdfffff]
[    0.000000]   HighMem  empty
[    0.000000] Movable zone start for each node
[    0.000000] Early memory node ranges
[    0.000000]   node   0: [mem 0x0000000080000000-0x000000009fdfffff]
[    0.000000] Initmem setup node 0 [mem 0x0000000080000000-0x000000009fdfffff]
[    0.000000] CPU: All CPU(s) started in SVC mode.
[    0.000000] AM335X ES2.1 (sgx neon)
[    0.000000] percpu: Embedded 17 pages/cpu s39628 r8192 d21812 u69632
[    0.000000] pcpu-alloc: s39628 r8192 d21812 u69632 alloc=17*4096
[    0.000000] pcpu-alloc: [0] 0 
[    0.000000] Kernel command line: console=ttyO0,115200n8 root=/dev/nfs rw nfsroot=192.168.255.126:/home/user01/nfs,nfsvers=3 ip=192.168.255.1:192.168.255.126::255.255.255.0:bbb1:eth0 nfsrootdebug
[    0.000000] Unknown kernel command line parameters "nfsrootdebug", will be passed to user space.
[    0.000000] Dentry cache hash table entries: 65536 (order: 6, 262144 bytes, linear)
[    0.000000] Inode-cache hash table entries: 32768 (order: 5, 131072 bytes, linear)
[    0.000000] Built 1 zonelists, mobility grouping on.  Total pages: 130560
[    0.000000] mem auto-init: stack:off, heap alloc:off, heap free:off
[    0.000000] SLUB: HWalign=64, Order=0-3, MinObjects=0, CPUs=1, Nodes=1
[    0.000000] trace event string verifier disabled
[    0.000000] rcu: Hierarchical RCU implementation.
[    0.000000] rcu: 	RCU event tracing is enabled.
[    0.000000] rcu: 	RCU restricting CPUs from NR_CPUS=2 to nr_cpu_ids=1.
[    0.000000] rcu: RCU calculated value of scheduler-enlistment delay is 10 jiffies.
[    0.000000] rcu: Adjusting geometry for rcu_fanout_leaf=16, nr_cpu_ids=1
[    0.000000] NR_IRQS: 16, nr_irqs: 16, preallocated irqs: 16
[    0.000000] IRQ: Found an INTC at 0x(ptrval) (revision 5.0) with 128 interrupts
[    0.000000] rcu: srcu_init: Setting srcu_struct sizes based on contention.
[    0.000000] TI gptimer clocksource: always-on /ocp/interconnect@44c00000/segment@200000/target-module@31000
[    0.000002] sched_clock: 32 bits at 24MHz, resolution 41ns, wraps every 89478484971ns
[    0.000028] clocksource: dmtimer: mask: 0xffffffff max_cycles: 0xffffffff, max_idle_ns: 79635851949 ns
[    0.000511] TI gptimer clockevent: 24000000 Hz at /ocp/interconnect@48000000/segment@0/target-module@40000
[    0.002128] Console: colour dummy device 80x30
[    0.002196] WARNING: Your 'console=ttyO0' has been replaced by 'ttyS0'
[    0.002206] This ensures that you still see kernel messages. Please
[    0.002212] update your kernel commandline.
[    0.002258] Calibrating delay loop... 996.14 BogoMIPS (lpj=4980736)
[    0.090564] CPU: Testing write buffer coherency: ok
[    0.090667] CPU0: Spectre v2: using BPIALL workaround
[    0.090679] pid_max: default: 32768 minimum: 301
[    0.090803] LSM: initializing lsm=capability
[    0.090973] Mount-cache hash table entries: 1024 (order: 0, 4096 bytes, linear)
[    0.090995] Mountpoint-cache hash table entries: 1024 (order: 0, 4096 bytes, linear)
[    0.092534] CPU0: thread -1, cpu 0, socket -1, mpidr 0
[    0.094242] Setting up static identity map for 0x80100000 - 0x80100078
[    0.094554] rcu: Hierarchical SRCU implementation.
[    0.094567] rcu: 	Max phase no-delay instances is 1000.
[    0.096236] smp: Bringing up secondary CPUs ...
[    0.096296] smp: Brought up 1 node, 1 CPU
[    0.096310] SMP: Total of 1 processors activated (996.14 BogoMIPS).
[    0.096325] CPU: All CPU(s) started in SVC mode.
[    0.096517] Memory: 480876K/522240K available (11264K kernel code, 1197K rwdata, 2856K rodata, 1024K init, 297K bss, 23344K reserved, 16384K cma-reserved, 0K highmem)
[    0.097313] devtmpfs: initialized
[    0.113698] VFP support v0.3: implementor 41 architecture 3 part 30 variant c rev 3
[    0.114057] clocksource: jiffies: mask: 0xffffffff max_cycles: 0xffffffff, max_idle_ns: 19112604462750000 ns
[    0.114095] futex hash table entries: 256 (order: 2, 16384 bytes, linear)
[    0.115383] pinctrl core: initialized pinctrl subsystem
[    0.118109] NET: Registered PF_NETLINK/PF_ROUTE protocol family
[    0.121090] DMA: preallocated 256 KiB pool for atomic coherent allocations
[    0.122054] audit: initializing netlink subsys (disabled)
[    0.123433] thermal_sys: Registered thermal governor 'fair_share'
[    0.123454] thermal_sys: Registered thermal governor 'step_wise'
[    0.123466] thermal_sys: Registered thermal governor 'user_space'
[    0.123579] audit: type=2000 audit(0.120:1): state=initialized audit_enabled=0 res=1
[    0.123649] cpuidle: using governor menu
[    0.142759] No ATAGs?
[    0.142792] hw-breakpoint: debug architecture 0x4 unsupported.
[    0.145679] kprobes: kprobe jump-optimization is enabled. All kprobes are optimized if possible.
[    0.163974] iommu: Default domain type: Translated
[    0.164003] iommu: DMA domain TLB invalidation policy: strict mode
[    0.165578] reg-fixed-voltage fixedregulator0: using DT '/fixedregulator0' for '(default)' GPIO lookup
[    0.165637] of_get_named_gpiod_flags: can't parse 'gpios' property of node '/fixedregulator0[0]'
[    0.165667] of_get_named_gpiod_flags: can't parse 'gpio' property of node '/fixedregulator0[0]'
[    0.165687] reg-fixed-voltage fixedregulator0: using lookup tables for GPIO lookup
[    0.165700] reg-fixed-voltage fixedregulator0: No GPIO consumer (default) found
[    0.171332] SCSI subsystem initialized
[    0.180965] libata version 3.00 loaded.
[    0.181340] pps_core: LinuxPPS API ver. 1 registered
[    0.181357] pps_core: Software ver. 5.3.6 - Copyright 2005-2007 Rodolfo Giometti <giometti@linux.it>
[    0.181382] PTP clock support registered
[    0.183289] vgaarb: loaded
[    0.183686] clocksource: Switched to clocksource dmtimer
[    0.184281] VFS: Disk quotas dquot_6.6.0
[    0.184326] VFS: Dquot-cache hash table entries: 1024 (order 0, 4096 bytes)
[    0.209776] NET: Registered PF_INET protocol family
[    0.210133] IP idents hash table entries: 8192 (order: 4, 65536 bytes, linear)
[    0.211523] tcp_listen_portaddr_hash hash table entries: 512 (order: 0, 4096 bytes, linear)
[    0.211562] Table-perturb hash table entries: 65536 (order: 6, 262144 bytes, linear)
[    0.211582] TCP established hash table entries: 4096 (order: 2, 16384 bytes, linear)
[    0.211627] TCP bind hash table entries: 4096 (order: 4, 65536 bytes, linear)
[    0.211728] TCP: Hash tables configured (established 4096 bind 4096)
[    0.211849] UDP hash table entries: 256 (order: 1, 8192 bytes, linear)
[    0.211878] UDP-Lite hash table entries: 256 (order: 1, 8192 bytes, linear)
[    0.212054] NET: Registered PF_UNIX/PF_LOCAL protocol family
[    0.224648] RPC: Registered named UNIX socket transport module.
[    0.224677] RPC: Registered udp transport module.
[    0.224685] RPC: Registered tcp transport module.
[    0.224691] RPC: Registered tcp-with-tls transport module.
[    0.224698] RPC: Registered tcp NFSv4.1 backchannel transport module.
[    0.224723] PCI: CLS 0 bytes, default 64
[    0.226176] Initialise system trusted keyrings
[    0.227307] workingset: timestamp_bits=14 max_order=17 bucket_order=3
[    0.228566] NFS: Registering the id_resolver key type
[    0.228638] Key type id_resolver registered
[    0.228647] Key type id_legacy registered
[    0.228700] jffs2: version 2.2. (NAND) (SUMMARY)  Â© 2001-2006 Red Hat, Inc.
[    0.229155] Key type asymmetric registered
[    0.229175] Asymmetric key parser 'x509' registered
[    0.229243] io scheduler mq-deadline registered
[    0.229255] io scheduler kyber registered
[    0.229327] io scheduler bfq registered
[    0.243850] Serial: 8250/16550 driver, 6 ports, IRQ sharing enabled
[    0.307171] brd: module loaded
[    0.318345] loop: module loaded
[    0.319290] mtdoops: mtd device (mtddev=name/number) must be supplied
[    0.335207] mdio_bus fixed-0: using lookup tables for GPIO lookup
[    0.335241] mdio_bus fixed-0: No GPIO consumer reset found
[    0.336642] i2c_dev: i2c /dev entries driver
[    0.337617] cpuidle: enable-method property 'ti,am3352' found operations
[    0.338063] sdhci: Secure Digital Host Controller Interface driver
[    0.338075] sdhci: Copyright(c) Pierre Ossman
[    0.338255] sdhci-pltfm: SDHCI platform and OF driver helper
[    0.338565] ledtrig-cpu: registered to indicate activity on CPUs
[    0.339500] Initializing XFRM netlink socket
[    0.339625] NET: Registered PF_INET6 protocol family
[    0.341463] Segment Routing with IPv6
[    0.341559] In-situ OAM (IOAM) with IPv6
[    0.341654] sit: IPv6, IPv4 and MPLS over IPv4 tunneling driver
[    0.342600] NET: Registered PF_PACKET protocol family
[    0.342639] NET: Registered PF_KEY protocol family
[    0.342760] Key type dns_resolver registered
[    0.343026] ThumbEE CPU extension supported.
[    0.343050] Registering SWP/SWPB emulation handler
[    0.343576] omap_voltage_late_init: Voltage driver support not added
[    0.344136] SmartReflex Class3 initialized
[    0.364661] Loading compiled-in X.509 certificates
[    0.423293] gpiochip_find_base_unlocked: found new base at 512
[    0.432070] platform 44e10800.pinmux: Fixed dependency cycle(s) with /ocp/interconnect@44c00000/segment@200000/target-module@10000/scm@0/pinmux@800/clkout2-pins
[    0.432637] pinctrl-single 44e10800.pinmux: 142 pins, size 568
[    0.437962] ti-sysc 44e31000.target-module: probe with driver ti-sysc failed with error -16
[    0.474843] ti-sysc 48040000.target-module: probe with driver ti-sysc failed with error -16
[    0.485831] gpiochip_find_base_unlocked: found new base at 512
[    0.485946] gpio gpiochip0: (gpio-0-31): created GPIO range 0->7 ==> 44e10800.pinmux PIN 0->7
[    0.485969] gpio gpiochip0: (gpio-0-31): created GPIO range 8->11 ==> 44e10800.pinmux PIN 90->93
[    0.485986] gpio gpiochip0: (gpio-0-31): created GPIO range 12->27 ==> 44e10800.pinmux PIN 12->27
[    0.486003] gpio gpiochip0: (gpio-0-31): created GPIO range 28->31 ==> 44e10800.pinmux PIN 30->33
[    0.513925] gpio gpiochip0: (gpio-0-31): added GPIO chardev (254:0)
[    0.514113] gpio gpiochip0: registered GPIOs 512 to 543 on gpio-0-31
[    0.514199] OMAP GPIO hardware version 0.1
[    0.537046] i2c i2c-2: using DT '/ocp/interconnect@48000000/segment@100000/target-module@9c000/i2c@0' for 'scl' GPIO lookup
[    0.537151] of_get_named_gpiod_flags: can't parse 'scl-gpios' property of node '/ocp/interconnect@48000000/segment@100000/target-module@9c000/i2c@0[0]'
[    0.537199] of_get_named_gpiod_flags: can't parse 'scl-gpio' property of node '/ocp/interconnect@48000000/segment@100000/target-module@9c000/i2c@0[0]'
[    0.537239] i2c i2c-2: using lookup tables for GPIO lookup
[    0.537252] i2c i2c-2: No GPIO consumer scl found
[    0.537275] i2c i2c-2: using DT '/ocp/interconnect@48000000/segment@100000/target-module@9c000/i2c@0' for 'sda' GPIO lookup
[    0.537313] of_get_named_gpiod_flags: can't parse 'sda-gpios' property of node '/ocp/interconnect@48000000/segment@100000/target-module@9c000/i2c@0[0]'
[    0.537353] of_get_named_gpiod_flags: can't parse 'sda-gpio' property of node '/ocp/interconnect@48000000/segment@100000/target-module@9c000/i2c@0[0]'
[    0.537387] i2c i2c-2: using lookup tables for GPIO lookup
[    0.537396] i2c i2c-2: No GPIO consumer sda found
[    0.538092] omap_i2c 4819c000.i2c: bus 2 rev0.11 at 100 kHz
[    0.543363] gpiochip_find_base_unlocked: found new base at 544
[    0.543474] gpio gpiochip1: (gpio-32-63): created GPIO range 0->17 ==> 44e10800.pinmux PIN 34->51
[    0.543496] gpio gpiochip1: (gpio-32-63): created GPIO range 18->21 ==> 44e10800.pinmux PIN 77->80
[    0.543513] gpio gpiochip1: (gpio-32-63): created GPIO range 22->31 ==> 44e10800.pinmux PIN 56->65
[    0.558190] gpio gpiochip1: (gpio-32-63): added GPIO chardev (254:1)
[    0.558354] gpio gpiochip1: registered GPIOs 544 to 575 on gpio-32-63
[    0.560563] gpiochip_find_base_unlocked: found new base at 576
[    0.560665] gpio gpiochip2: (gpio-64-95): created GPIO range 0->4 ==> 44e10800.pinmux PIN 66->70
[    0.560701] gpio gpiochip2: (gpio-64-95): created GPIO range 5->6 ==> 44e10800.pinmux PIN 98->99
[    0.560720] gpio gpiochip2: (gpio-64-95): created GPIO range 7->8 ==> 44e10800.pinmux PIN 75->76
[    0.560737] gpio gpiochip2: (gpio-64-95): created GPIO range 13->13 ==> 44e10800.pinmux PIN 141->141
[    0.560755] gpio gpiochip2: (gpio-64-95): created GPIO range 14->21 ==> 44e10800.pinmux PIN 100->107
[    0.564798] gpio gpiochip2: (gpio-64-95): added GPIO chardev (254:2)
[    0.564962] gpio gpiochip2: registered GPIOs 576 to 607 on gpio-64-95
[    0.570340] 48000000.interconnect:segment@200000:target-module@0:mpu@0:fck: device ID is greater than 24
[    0.574737] platform 4830e000.lcdc: Fixed dependency cycle(s) with /ocp/interconnect@44c00000/segment@200000/target-module@b000/i2c@0/tda19988@70
[    0.583986] mdio_bus 4a101000.mdio: using DT '/ocp/interconnect@4a000000/segment@0/target-module@100000/switch@0/mdio@1000' for 'reset' GPIO lookup
[    0.584067] of_get_named_gpiod_flags: can't parse 'reset-gpios' property of node '/ocp/interconnect@4a000000/segment@0/target-module@100000/switch@0/mdio@1000[0]'
[    0.584121] of_get_named_gpiod_flags: can't parse 'reset-gpio' property of node '/ocp/interconnect@4a000000/segment@0/target-module@100000/switch@0/mdio@1000[0]'
[    0.584172] mdio_bus 4a101000.mdio: using lookup tables for GPIO lookup
[    0.584185] mdio_bus 4a101000.mdio: No GPIO consumer reset found
[    0.586249] sdhci-omap 481d8000.mmc: using DT '/ocp/interconnect@48000000/segment@100000/target-module@d8000/mmc@0' for 'wp' GPIO lookup
[    0.586323] of_get_named_gpiod_flags: can't parse 'wp-gpios' property of node '/ocp/interconnect@48000000/segment@100000/target-module@d8000/mmc@0[0]'
[    0.586370] of_get_named_gpiod_flags: can't parse 'wp-gpio' property of node '/ocp/interconnect@48000000/segment@100000/target-module@d8000/mmc@0[0]'
[    0.586409] sdhci-omap 481d8000.mmc: using lookup tables for GPIO lookup
[    0.586421] sdhci-omap 481d8000.mmc: No GPIO consumer wp found
[    0.586625] sdhci-omap 481d8000.mmc: supply pbias not found, using dummy regulator
[    0.587092] sdhci-omap 481d8000.mmc: supply vqmmc not found, using dummy regulator
[    0.663905] davinci_mdio 4a101000.mdio: davinci mdio revision 1.6, bus freq 1000000
[    0.688271] mdio_bus 4a101000.mdio:00: using DT '/ocp/interconnect@4a000000/segment@0/target-module@100000/switch@0/mdio@1000/ethernet-phy@0' for 'reset' GPIO lookup
[    0.688385] of_get_named_gpiod_flags: parsed 'reset-gpios' property of node '/ocp/interconnect@4a000000/segment@0/target-module@100000/switch@0/mdio@1000/ethernet-phy@0[0]' - status (0)
[    0.688555] gpio gpiochip0: Persistence not supported for GPIO 8
[    0.779808] davinci_mdio 4a101000.mdio: phy[0]: device 4a101000.mdio:00, driver SMSC LAN8710/LAN8720
[    0.780449] cpsw-switch 4a100000.switch: initialized cpsw ale version 1.4
[    0.780476] cpsw-switch 4a100000.switch: ALE Table size 1024
[    0.780734] cpsw-switch 4a100000.switch: cpts: overflow check period 500 (jiffies)
[    0.780758] cpsw-switch 4a100000.switch: CPTS: ref_clk_freq:250000000 calc_mult:2147483648 calc_shift:29 error:0 nsec/sec
[    0.780873] cpsw-switch 4a100000.switch: Detected MACID = 6c:ec:eb:68:de:78
[    0.782699] cpsw-switch 4a100000.switch: initialized (regs 0x4a100000, pool size 256) hw_ver:0019010C 1.12 (0)
[    0.793618] debugfs: Directory '49000000.dma' with parent 'dmaengine' already present!
[    0.793830] edma 49000000.dma: TI EDMA DMA engine driver
[    0.836064] target-module@4b000000:target-module@140000:pmu@0:fck: device ID is greater than 24
[    0.847621] hw perfevents: enabled with armv7_cortex_a8 PMU driver, 5 counters available
[    0.848488] gpio-clk clk_mcasp0: using DT '/clk_mcasp0' for 'enable' GPIO lookup
[    0.848561] of_get_named_gpiod_flags: parsed 'enable-gpios' property of node '/clk_mcasp0[0]' - status (0)
[    0.848606] gpio gpiochip0: Persistence not supported for GPIO 27
[    0.849404] gpiochip_find_base_unlocked: found new base at 608
[    0.849524] gpio gpiochip3: (gpio-96-127): created GPIO range 0->7 ==> 44e10800.pinmux PIN 82->89
[    0.849549] gpio gpiochip3: (gpio-96-127): created GPIO range 8->11 ==> 44e10800.pinmux PIN 52->55
[    0.849567] gpio gpiochip3: (gpio-96-127): created GPIO range 12->15 ==> 44e10800.pinmux PIN 94->97
[    0.849585] gpio gpiochip3: (gpio-96-127): created GPIO range 16->17 ==> 44e10800.pinmux PIN 71->72
[    0.849602] gpio gpiochip3: (gpio-96-127): created GPIO range 18->18 ==> 44e10800.pinmux PIN 135->135
[    0.849620] gpio gpiochip3: (gpio-96-127): created GPIO range 19->20 ==> 44e10800.pinmux PIN 108->109
[    0.849638] gpio gpiochip3: (gpio-96-127): created GPIO range 21->21 ==> 44e10800.pinmux PIN 73->73
[    0.849656] gpio gpiochip3: (gpio-96-127): created GPIO range 22->23 ==> 44e10800.pinmux PIN 8->9
[    0.849675] gpio gpiochip3: (gpio-96-127): created GPIO range 26->27 ==> 44e10800.pinmux PIN 10->11
[    0.849694] gpio gpiochip3: (gpio-96-127): created GPIO range 28->28 ==> 44e10800.pinmux PIN 74->74
[    0.849714] gpio gpiochip3: (gpio-96-127): created GPIO range 29->29 ==> 44e10800.pinmux PIN 81->81
[    0.849735] gpio gpiochip3: (gpio-96-127): created GPIO range 30->31 ==> 44e10800.pinmux PIN 28->29
[    0.855245] l3-aon-clkctrl:0000:0: failed to disable
[    0.867677] gpio gpiochip3: (gpio-96-127): added GPIO chardev (254:3)
[    0.867842] gpio gpiochip3: registered GPIOs 608 to 639 on gpio-96-127
[    0.869856] omap8250 44e09000.serial: using DT '/ocp/interconnect@44c00000/segment@200000/target-module@9000/serial@0' for 'rs485-term' GPIO lookup
[    0.869933] of_get_named_gpiod_flags: can't parse 'rs485-term-gpios' property of node '/ocp/interconnect@44c00000/segment@200000/target-module@9000/serial@0[0]'
[    0.869980] of_get_named_gpiod_flags: can't parse 'rs485-term-gpio' property of node '/ocp/interconnect@44c00000/segment@200000/target-module@9000/serial@0[0]'
[    0.870019] omap8250 44e09000.serial: using lookup tables for GPIO lookup
[    0.870031] omap8250 44e09000.serial: No GPIO consumer rs485-term found
[    0.870043] omap8250 44e09000.serial: using DT '/ocp/interconnect@44c00000/segment@200000/target-module@9000/serial@0' for 'rs485-rx-during-tx' GPIO lookup
[    0.870081] of_get_named_gpiod_flags: can't parse 'rs485-rx-during-tx-gpios' property of node '/ocp/interconnect@44c00000/segment@200000/target-module@9000/serial@0[0]'
[    0.870121] of_get_named_gpiod_flags: can't parse 'rs485-rx-during-tx-gpio' property of node '/ocp/interconnect@44c00000/segment@200000/target-module@9000/serial@0[0]'
[    0.870157] omap8250 44e09000.serial: using lookup tables for GPIO lookup
[    0.870166] omap8250 44e09000.serial: No GPIO consumer rs485-rx-during-tx found
[    0.870553] 44e09000.serial: ttyS0 at MMIO 0x44e09000 (irq = 34, base_baud = 3000000) is a 8250
[    0.870641] printk: legacy console [ttyS0] enabled
[    2.086335] i2c i2c-0: using DT '/ocp/interconnect@44c00000/segment@200000/target-module@b000/i2c@0' for 'scl' GPIO lookup
[    2.086423] of_get_named_gpiod_flags: can't parse 'scl-gpios' property of node '/ocp/interconnect@44c00000/segment@200000/target-module@b000/i2c@0[0]'
[    2.086472] of_get_named_gpiod_flags: can't parse 'scl-gpio' property of node '/ocp/interconnect@44c00000/segment@200000/target-module@b000/i2c@0[0]'
[    2.086513] i2c i2c-0: using lookup tables for GPIO lookup
[    2.086527] i2c i2c-0: No GPIO consumer scl found
[    2.086553] i2c i2c-0: using DT '/ocp/interconnect@44c00000/segment@200000/target-module@b000/i2c@0' for 'sda' GPIO lookup
[    2.086594] of_get_named_gpiod_flags: can't parse 'sda-gpios' property of node '/ocp/interconnect@44c00000/segment@200000/target-module@b000/i2c@0[0]'
[    2.086636] of_get_named_gpiod_flags: can't parse 'sda-gpio' property of node '/ocp/interconnect@44c00000/segment@200000/target-module@b000/i2c@0[0]'
[    2.086673] i2c i2c-0: using lookup tables for GPIO lookup
[    2.086684] i2c i2c-0: No GPIO consumer sda found
[    2.125242] tps65217-pmic: Failed to locate of_node [id: -1]
[    2.131311] tps65217-bl: Failed to locate of_node [id: -1]
[    2.160683] tps65217 0-0024: TPS65217 ID 0xe version 1.2
[    2.166879] platform 4830e000.lcdc: Fixed dependency cycle(s) with /ocp/interconnect@44c00000/segment@200000/target-module@b000/i2c@0/tda19988@70
[    2.180310] i2c 0-0070: Fixed dependency cycle(s) with /ocp/interconnect@48000000/segment@300000/target-module@e000/lcdc@0
[    2.191718] omap_i2c 44e0b000.i2c: bus 0 rev0.11 at 400 kHz
[    2.199695] sdhci-omap 48060000.mmc: using DT '/ocp/interconnect@48000000/segment@0/target-module@60000/mmc@0' for 'cd' GPIO lookup
[    2.199806] of_get_named_gpiod_flags: parsed 'cd-gpios' property of node '/ocp/interconnect@48000000/segment@0/target-module@60000/mmc@0[0]' - status (0)
[    2.199874] gpio gpiochip3: Persistence not supported for GPIO 6
[    2.199898] omap_gpio 44e07000.gpio: Could not set line 6 debounce to 200000 microseconds (-22)
[    2.208808] sdhci-omap 48060000.mmc: Got CD GPIO
[    2.213459] sdhci-omap 48060000.mmc: using DT '/ocp/interconnect@48000000/segment@0/target-module@60000/mmc@0' for 'wp' GPIO lookup
[    2.213508] of_get_named_gpiod_flags: can't parse 'wp-gpios' property of node '/ocp/interconnect@48000000/segment@0/target-module@60000/mmc@0[0]'
[    2.213552] of_get_named_gpiod_flags: can't parse 'wp-gpio' property of node '/ocp/interconnect@48000000/segment@0/target-module@60000/mmc@0[0]'
[    2.213593] sdhci-omap 48060000.mmc: using lookup tables for GPIO lookup
[    2.213607] sdhci-omap 48060000.mmc: No GPIO consumer wp found
[    2.213870] sdhci-omap 48060000.mmc: supply pbias not found, using dummy regulator
[    2.222980] sdhci-omap 481d8000.mmc: using DT '/ocp/interconnect@48000000/segment@100000/target-module@d8000/mmc@0' for 'wp' GPIO lookup
[    2.223061] of_get_named_gpiod_flags: can't parse 'wp-gpios' property of node '/ocp/interconnect@48000000/segment@100000/target-module@d8000/mmc@0[0]'
[    2.223110] of_get_named_gpiod_flags: can't parse 'wp-gpio' property of node '/ocp/interconnect@48000000/segment@100000/target-module@d8000/mmc@0[0]'
[    2.223150] sdhci-omap 481d8000.mmc: using lookup tables for GPIO lookup
[    2.223163] sdhci-omap 481d8000.mmc: No GPIO consumer wp found
[    2.224407] sdhci-omap 48060000.mmc: supply vqmmc not found, using dummy regulator
[    2.232820] sdhci-omap 481d8000.mmc: supply pbias not found, using dummy regulator
[    2.242607] sdhci-omap 481d8000.mmc: supply vqmmc not found, using dummy regulator
[    2.279889] mmc1: SDHCI controller on 481d8000.mmc [481d8000.mmc] using External DMA
[    2.288933] mmc0: SDHCI controller on 48060000.mmc [48060000.mmc] using External DMA
[    2.297823] cpsw-switch 4a100000.switch: starting ndev. mode: dual_mac
[    2.342876] mmc0: new high speed SDHC card at address 5048
[    2.349903] mmcblk0: mmc0:5048 SD16G 14.4 GiB
[    2.357994]  mmcblk0: p1 p2
[    2.361378] mmcblk0: p2 size 31221760 extends beyond EOD, truncated
[    2.375765] mmc1: new high speed MMC card at address 0001
[    2.382502] mmcblk1: mmc1:0001 MMC04G 3.60 GiB
[    2.390125]  mmcblk1: p1 p2
[    2.393851] SMSC LAN8710/LAN8720 4a101000.mdio:00: attached PHY driver (mii_bus:phy_addr=4a101000.mdio:00, irq=POLL)
[    2.405263] mmcblk1boot0: mmc1:0001 MMC04G 2.00 MiB
[    2.417935] mmcblk1boot1: mmc1:0001 MMC04G 2.00 MiB
[    2.425722] mmcblk1rpmb: mmc1:0001 MMC04G 128 KiB, chardev (250:0)
[    5.524426] cpsw-switch 4a100000.switch eth0: Link is Up - 100Mbps/Full - flow control off
[    5.563696] IP-Config: Complete:
[    5.566967]      device=eth0, hwaddr=6c:ec:eb:68:de:78, ipaddr=192.168.255.1, mask=255.255.255.0, gw=255.255.255.255
[    5.577586]      host=bbb1, domain=, nis-domain=(none)
[    5.582753]      bootserver=192.168.255.126, rootserver=192.168.255.126, rootpath=
[    5.583175] clk: Disabling unused clocks
[    5.595035] PM: genpd: Disabling unused power domains
[    5.600151] KTAP version 1
[    5.602872] 1..0
[    5.627846] VFS: Mounted root (nfs filesystem) on device 0:17.
[    5.634946] devtmpfs: mounted
[    5.639596] Freeing unused kernel image (initmem) memory: 1024K
[    5.646496] Run /sbin/init as init process
[    5.650632]   with arguments:
[    5.650644]     /sbin/init
[    5.650654]     nfsrootdebug
[    5.650663]   with environment:
[    5.650672]     HOME=/
[    5.650681]     TERM=linux
[    6.329458] systemd[1]: System time before build time, advancing clock.
[    7.803705] random: crng init done
[    7.875246] systemd[1]: systemd 232 running in system mode. (+PAM +AUDIT +SELINUX +IMA +APPARMOR +SMACK +SYSVINIT +UTMP +LIBCRYPTSETUP +GCRYPT +GNUTLS +ACL +XZ +LZ4 +SECCOMP +BLKID +ELFUTILS +KMOD +IDN)
[    7.894360] systemd[1]: Detected architecture arm.
[    7.936708] systemd[1]: Set hostname to <arm>.
[    9.013128] systemd[1]: Listening on udev Kernel Socket.
[    9.045415] systemd[1]: Set up automount Arbitrary Executable File Formats File System Automount Point.
[    9.084606] systemd[1]: Started Dispatch Password Requests to Console Directory Watch.
[    9.124115] systemd[1]: Reached target Remote File Systems.
[    9.165558] systemd[1]: Listening on Syslog Socket.
[    9.204569] systemd[1]: Started Forward Password Requests to Wall Directory Watch.
[    9.244023] systemd[1]: Reached target Encrypted Volumes.
[   11.547478] systemd-journald[85]: Received request to flush runtime journal from PID 1
[   13.815843] leds-gpio leds: using DT '/leds/led2' for '(default)' GPIO lookup
[   13.815949] of_get_named_gpiod_flags: parsed 'gpios' property of node '/leds/led2[0]' - status (0)
[   13.816007] gpio gpiochip0: Persistence not supported for GPIO 21
[   13.816023] gpio-533 (?): no flags found for GPIO (default)
[   13.857595] leds-gpio leds: using DT '/leds/led3' for '(default)' GPIO lookup
[   13.857877] of_get_named_gpiod_flags: parsed 'gpios' property of node '/leds/led3[0]' - status (0)
[   13.857941] gpio gpiochip0: Persistence not supported for GPIO 22
[   13.857957] gpio-534 (?): no flags found for GPIO (default)
[   13.911089] leds-gpio leds: using DT '/leds/led4' for '(default)' GPIO lookup
[   13.911188] of_get_named_gpiod_flags: parsed 'gpios' property of node '/leds/led4[0]' - status (0)
[   13.911240] gpio gpiochip0: Persistence not supported for GPIO 23
[   13.911257] gpio-535 (?): no flags found for GPIO (default)
[   13.946650] leds-gpio leds: using DT '/leds/led5' for '(default)' GPIO lookup
[   13.946754] of_get_named_gpiod_flags: parsed 'gpios' property of node '/leds/led5[0]' - status (0)
[   13.946810] gpio gpiochip0: Persistence not supported for GPIO 24
[   13.946825] gpio-536 (?): no flags found for GPIO (default)
[   14.389396] omap_rtc 44e3e000.rtc: registered as rtc0
[   14.395333] omap_rtc 44e3e000.rtc: setting system clock to 2000-01-01T00:00:00 UTC (946684800)
[   14.404149] omap_rtc 44e3e000.rtc: using DT '/ocp/interconnect@44c00000/segment@200000/target-module@3e000/rtc@0' for 'wp' GPIO lookup
[   14.404224] of_get_named_gpiod_flags: can't parse 'wp-gpios' property of node '/ocp/interconnect@44c00000/segment@200000/target-module@3e000/rtc@0[0]'
[   14.404277] of_get_named_gpiod_flags: can't parse 'wp-gpio' property of node '/ocp/interconnect@44c00000/segment@200000/target-module@3e000/rtc@0[0]'
[   14.404319] omap_rtc 44e3e000.rtc: using lookup tables for GPIO lookup
[   14.404334] omap_rtc 44e3e000.rtc: No GPIO consumer wp found
[   14.540440] remoteproc remoteproc0: wkup_m3 is available
[   14.611498] omap_wdt: OMAP Watchdog Timer Rev 0x01: initial timeout 60 sec
[   14.895663] at24 2-0054: supply vcc not found, using dummy regulator
[   15.005438] wkup_m3_ipc 44e11324.wkup_m3_ipc: IPC Request for A8->M3 Channel failed! -517
[   15.077149] at24 2-0055: supply vcc not found, using dummy regulator
[   15.140458] at24 2-0056: supply vcc not found, using dummy regulator
[   15.276485] at24 2-0057: supply vcc not found, using dummy regulator
[   15.378464] at24 0-0050: using DT '/ocp/interconnect@44c00000/segment@200000/target-module@b000/i2c@0/baseboard_eeprom@50' for 'wp' GPIO lookup
[   15.378584] of_get_named_gpiod_flags: can't parse 'wp-gpios' property of node '/ocp/interconnect@44c00000/segment@200000/target-module@b000/i2c@0/baseboard_eeprom@50[0]'
[   15.378644] of_get_named_gpiod_flags: can't parse 'wp-gpio' property of node '/ocp/interconnect@44c00000/segment@200000/target-module@b000/i2c@0/baseboard_eeprom@50[0]'
[   15.378692] at24 0-0050: using lookup tables for GPIO lookup
[   15.378706] at24 0-0050: No GPIO consumer wp found
[   15.378961] at24 0-0050: 32768 byte 24c256 EEPROM, writable, 1 bytes/write
[   15.389063] wkup_m3_ipc 44e11324.wkup_m3_ipc: IPC Request for A8->M3 Channel failed! -517
[   15.465196] am335x-phy-driver 47401300.usb-phy: using DT '/ocp/target-module@47400000/usb-phy@1300' for 'reset' GPIO lookup
[   15.465291] of_get_named_gpiod_flags: can't parse 'reset-gpios' property of node '/ocp/target-module@47400000/usb-phy@1300[0]'
[   15.465336] of_get_named_gpiod_flags: can't parse 'reset-gpio' property of node '/ocp/target-module@47400000/usb-phy@1300[0]'
[   15.465374] am335x-phy-driver 47401300.usb-phy: using lookup tables for GPIO lookup
[   15.465389] am335x-phy-driver 47401300.usb-phy: No GPIO consumer reset found
[   15.465404] am335x-phy-driver 47401300.usb-phy: using DT '/ocp/target-module@47400000/usb-phy@1300' for 'vbus-detect' GPIO lookup
[   15.465435] of_get_named_gpiod_flags: can't parse 'vbus-detect-gpios' property of node '/ocp/target-module@47400000/usb-phy@1300[0]'
[   15.465468] of_get_named_gpiod_flags: can't parse 'vbus-detect-gpio' property of node '/ocp/target-module@47400000/usb-phy@1300[0]'
[   15.465496] am335x-phy-driver 47401300.usb-phy: using lookup tables for GPIO lookup
[   15.465508] am335x-phy-driver 47401300.usb-phy: No GPIO consumer vbus-detect found
[   15.465657] am335x-phy-driver 47401300.usb-phy: dummy supplies not allowed for exclusive requests (id=vbus)
[   15.630414] am335x-phy-driver 47401b00.usb-phy: using DT '/ocp/target-module@47400000/usb-phy@1b00' for 'reset' GPIO lookup
[   15.630506] of_get_named_gpiod_flags: can't parse 'reset-gpios' property of node '/ocp/target-module@47400000/usb-phy@1b00[0]'
[   15.630553] of_get_named_gpiod_flags: can't parse 'reset-gpio' property of node '/ocp/target-module@47400000/usb-phy@1b00[0]'
[   15.630592] am335x-phy-driver 47401b00.usb-phy: using lookup tables for GPIO lookup
[   15.630607] am335x-phy-driver 47401b00.usb-phy: No GPIO consumer reset found
[   15.630622] am335x-phy-driver 47401b00.usb-phy: using DT '/ocp/target-module@47400000/usb-phy@1b00' for 'vbus-detect' GPIO lookup
[   15.630653] of_get_named_gpiod_flags: can't parse 'vbus-detect-gpios' property of node '/ocp/target-module@47400000/usb-phy@1b00[0]'
[   15.630686] of_get_named_gpiod_flags: can't parse 'vbus-detect-gpio' property of node '/ocp/target-module@47400000/usb-phy@1b00[0]'
[   15.630713] am335x-phy-driver 47401b00.usb-phy: using lookup tables for GPIO lookup
[   15.630726] am335x-phy-driver 47401b00.usb-phy: No GPIO consumer vbus-detect found
[   15.630875] am335x-phy-driver 47401b00.usb-phy: dummy supplies not allowed for exclusive requests (id=vbus)
[   15.641844] usbcore: registered new interface driver usbfs
[   15.647613] usbcore: registered new interface driver hub
[   15.653065] usbcore: registered new device driver usb
[   15.664343] wkup_m3_ipc 44e11324.wkup_m3_ipc: IPC Request for A8->M3 Channel failed! -517
[   15.872211] wkup_m3_ipc 44e11324.wkup_m3_ipc: IPC Request for A8->M3 Channel failed! -517
[   15.969240] tps6521x_pwrbutton tps65217-pwrbutton: DMA mask not set
[   16.090234] input: tps65217_pwrbutton as /devices/platform/ocp/44c00000.interconnect/44c00000.interconnect:segment@200000/44e0b000.target-module/44e0b000.i2c/i2c-0/0-0024/tps65217-pwrbutton/input/input0
[   16.134954] wkup_m3_ipc 44e11324.wkup_m3_ipc: IPC Request for A8->M3 Channel failed! -517
[   16.446890] wkup_m3_ipc 44e11324.wkup_m3_ipc: IPC Request for A8->M3 Channel failed! -517
[   16.556053] musb-hdrc musb-hdrc.1: MUSB HDRC host driver
[   16.561477] musb-hdrc musb-hdrc.1: new USB bus registered, assigned bus number 1
[   16.581442] wkup_m3_ipc 44e11324.wkup_m3_ipc: IPC Request for A8->M3 Channel failed! -517
[   16.717740] usb usb1: New USB device found, idVendor=1d6b, idProduct=0002, bcdDevice= 6.11
[   16.726321] usb usb1: New USB device strings: Mfr=3, Product=2, SerialNumber=1
[   16.733591] usb usb1: Product: MUSB HDRC host driver
[   16.738670] usb usb1: Manufacturer: Linux 6.11.0-g73ea23d406f1 musb-hcd
[   16.745362] usb usb1: SerialNumber: musb-hdrc.1
[   16.838640] tda998x 0-0070: found TDA19988
[   16.904506] hub 1-0:1.0: USB hub found
[   16.916890] wkup_m3_ipc 44e11324.wkup_m3_ipc: IPC Request for A8->M3 Channel failed! -517
[   16.973549] hub 1-0:1.0: 1 port detected
[   17.048543] wkup_m3_ipc 44e11324.wkup_m3_ipc: IPC Request for A8->M3 Channel failed! -517
[   17.107211] omap-mailbox 480c8000.mailbox: omap mailbox rev 0x400
[   17.230362] remoteproc remoteproc0: powering up wkup_m3
[   17.406539] remoteproc remoteproc0: Direct firmware load for am335x-pm-firmware.elf failed with error -2
[   17.416457] remoteproc remoteproc0: request_firmware failed: -2
[   17.422424] wkup_m3_ipc 44e11324.wkup_m3_ipc: rproc_boot failed
[   19.042600] tilcdc 4830e000.lcdc: bound 0-0070 (ops tda998x_driver_exit [tda998x])
[   19.086228] omap_rng 48310000.rng: Random Number Generator ver. 20
[   19.155774] [drm] Initialized tilcdc 1.0.0 for 4830e000.lcdc on minor 0
[   19.214247] tilcdc 4830e000.lcdc: [drm] Cannot find any crtc or sizes
[   19.222554] tilcdc 4830e000.lcdc: [drm] Cannot find any crtc or sizes
[   20.395697] PM: Cannot get wkup_m3_ipc handle
[   20.749884] omap-sham 53100000.sham: hw accel on OMAP rev 4.3
[   20.950289] omap-sham 53100000.sham: will run requests pump with realtime priority
[   20.964519] PM: Cannot get wkup_m3_ipc handle
[   21.057300] omap-aes 53500000.aes: OMAP AES hw accel rev: 3.2
[   21.214570] omap-aes 53500000.aes: will run requests pump with realtime priority
[   21.223236] PM: Cannot get wkup_m3_ipc handle
[   23.542733] Bluetooth: Core ver 2.22
[   23.546757] NET: Registered PF_BLUETOOTH protocol family
[   23.552109] Bluetooth: HCI device and connection manager initialized
[   23.558655] Bluetooth: HCI socket layer initialized
[   23.563572] Bluetooth: L2CAP socket layer initialized
[   23.568735] Bluetooth: SCO socket layer initialized
[   25.055144] PM: Cannot get wkup_m3_ipc handle
[   25.060876] asoc-simple-card sound: using DT '/sound' for 'simple-audio-card,hp-det' GPIO lookup
[   25.060954] of_get_named_gpiod_flags: can't parse 'simple-audio-card,hp-det-gpios' property of node '/sound[0]'
[   25.060992] of_get_named_gpiod_flags: can't parse 'simple-audio-card,hp-det-gpio' property of node '/sound[0]'
[   25.061018] asoc-simple-card sound: using lookup tables for GPIO lookup
[   25.061033] asoc-simple-card sound: No GPIO consumer simple-audio-card,hp-det found
[   25.061048] asoc-simple-card sound: using DT '/sound' for 'simple-audio-card,mic-det' GPIO lookup
[   25.061072] of_get_named_gpiod_flags: can't parse 'simple-audio-card,mic-det-gpios' property of node '/sound[0]'
[   25.061098] of_get_named_gpiod_flags: can't parse 'simple-audio-card,mic-det-gpio' property of node '/sound[0]'
[   25.061118] asoc-simple-card sound: using lookup tables for GPIO lookup
[   25.061131] asoc-simple-card sound: No GPIO consumer simple-audio-card,mic-det found
[   25.205758] PM: Cannot get wkup_m3_ipc handle
[   28.349405] userial_init: registered 8 ttyGS* devices
[   28.532393] rndis_register: configNr = 0
[   28.600717] udc musb-hdrc.0: binding gadget driver [g_multi]
[   28.600811] configfs-gadget.g_multi gadget.0: adding 'rndis'/b0d1b724 to config 'c'/4af704b0
[   28.601941] configfs-gadget.g_multi gadget.0: HOST MAC 1c:ba:8c:a2:ed:6c
[   28.608957] configfs-gadget.g_multi gadget.0: MAC 1c:ba:8c:a2:ed:70
[   28.615387] rndis_set_param_medium: 0 0
[   28.615408] configfs-gadget.g_multi gadget.0: RNDIS: IN/ep1in OUT/ep1out NOTIFY/ep2in
[   28.615425] configfs-gadget.g_multi gadget.0: adding 'cdc_ethernet'/63f24c56 to config 'c'/4af704b0
[   28.616344] configfs-gadget.g_multi gadget.0: HOST MAC 1c:ba:8c:a2:ed:6c
[   28.623105] configfs-gadget.g_multi gadget.0: MAC 1c:ba:8c:a2:ed:6d
[   28.629528] configfs-gadget.g_multi gadget.0: CDC Ethernet: IN/ep3in OUT/ep2out NOTIFY/ep4in
[   28.629546] configfs-gadget.g_multi gadget.0: adding 'acm'/2ddfee07 to config 'c'/4af704b0
[   28.629592] configfs-gadget.g_multi gadget.0: acm ttyGS0: IN/ep5in OUT/ep3out NOTIFY/ep6in
[   28.631713] PM: Cannot get wkup_m3_ipc handle
[   30.175304] configfs-gadget.g_multi gadget.0: eth_open
[   34.679013] gs_open: ttyGS0 (f239fa55,2e32d44e)
[   34.679170] gs_close: ttyGS0 (f239fa55,2e32d44e) ...
[   34.679196] gs_close: ttyGS0 (f239fa55,2e32d44e) done!
[   34.694361] gs_open: ttyGS0 (f239fa55,db8e0b6e)
[   34.694506] gs_close: ttyGS0 (f239fa55,db8e0b6e) ...
[   34.694530] gs_close: ttyGS0 (f239fa55,db8e0b6e) done!
[   34.879937] gs_open: ttyGS0 (8f1543d8,c00e81b2)
[   34.880176] gs_close: ttyGS0 (8f1543d8,c00e81b2) ...
[   34.880201] gs_close: ttyGS0 (8f1543d8,c00e81b2) done!
[   34.882144] gs_open: ttyGS0 (8f1543d8,db8e0b6e)
[   47.240817] mva_overlay: loading out-of-tree module taints kernel.
[   47.241798] mva_overlay_init: Hello Peeps
[   47.241857] create_sysfs_for_overlays: sysfs created
[   50.852300] overlay_modify_store: got overlay data (pos=0, size=4096
[   50.852360] overlay_modify_store: pos 0
[   50.852384] overlay_modify_store: Copying data to buf[0-4095]
[   50.852409] overlay_modify_store: got overlay data (pos=4096, size=144
[   50.852422] overlay_modify_store: Writing 4240 byte overlay
[   50.853612] OF: overlay: WARNING: memory leak will occur if overlay removed, property: /ocp/interconnect@48000000/segment@0/target-module@2a000/i2c@0/pinctrl-0
[   50.853936] OF: overlay: WARNING: memory leak will occur if overlay removed, property: /ocp/interconnect@48000000/segment@0/target-module@2a000/i2c@0/clock-frequency
[   50.853983] OF: overlay: WARNING: memory leak will occur if overlay removed, property: /ocp/interconnect@48000000/segment@0/target-module@2a000/i2c@0/status
[   50.854340] OF: overlay: WARNING: memory leak will occur if overlay removed, property: /__symbols__/i2c1_pins
[   50.854385] OF: overlay: WARNING: memory leak will occur if overlay removed, property: /__symbols__/osc
[   50.854440] OF: overlay: WARNING: memory leak will occur if overlay removed, property: /__symbols__/pmic
[   50.854493] OF: overlay: WARNING: memory leak will occur if overlay removed, property: /__symbols__/buck1
[   50.854545] OF: overlay: WARNING: memory leak will occur if overlay removed, property: /__symbols__/buck2
[   50.854597] OF: overlay: WARNING: memory leak will occur if overlay removed, property: /__symbols__/buck3
[   50.854649] OF: overlay: WARNING: memory leak will occur if overlay removed, property: /__symbols__/BUCK4
[   50.854707] OF: overlay: WARNING: memory leak will occur if overlay removed, property: /__symbols__/buck5
[   50.854761] OF: overlay: WARNING: memory leak will occur if overlay removed, property: /__symbols__/buck6
[   50.854815] OF: overlay: WARNING: memory leak will occur if overlay removed, property: /__symbols__/ldo1
[   50.854868] OF: overlay: WARNING: memory leak will occur if overlay removed, property: /__symbols__/ldo2
[   50.854920] OF: overlay: WARNING: memory leak will occur if overlay removed, property: /__symbols__/ldo3
[   50.854972] OF: overlay: WARNING: memory leak will occur if overlay removed, property: /__symbols__/ldo4
[   50.855025] OF: overlay: WARNING: memory leak will occur if overlay removed, property: /__symbols__/ldo5
[   50.855076] OF: overlay: WARNING: memory leak will occur if overlay removed, property: /__symbols__/ldo6
[   50.855115] OF: overlay: WARNING: memory leak will occur if overlay removed, property: /__symbols__/irqtest
[   50.901585] PM: Cannot get wkup_m3_ipc handle
[   50.952213] i2c i2c-1: using DT '/ocp/interconnect@48000000/segment@0/target-module@2a000/i2c@0' for 'scl' GPIO lookup
[   50.952308] of_get_named_gpiod_flags: can't parse 'scl-gpios' property of node '/ocp/interconnect@48000000/segment@0/target-module@2a000/i2c@0[0]'
[   50.952359] of_get_named_gpiod_flags: can't parse 'scl-gpio' property of node '/ocp/interconnect@48000000/segment@0/target-module@2a000/i2c@0[0]'
[   50.952401] i2c i2c-1: using lookup tables for GPIO lookup
[   50.952416] i2c i2c-1: No GPIO consumer scl found
[   50.952442] i2c i2c-1: using DT '/ocp/interconnect@48000000/segment@0/target-module@2a000/i2c@0' for 'sda' GPIO lookup
[   50.952482] of_get_named_gpiod_flags: can't parse 'sda-gpios' property of node '/ocp/interconnect@48000000/segment@0/target-module@2a000/i2c@0[0]'
[   50.952524] of_get_named_gpiod_flags: can't parse 'sda-gpio' property of node '/ocp/interconnect@48000000/segment@0/target-module@2a000/i2c@0[0]'
[   50.952561] i2c i2c-1: using lookup tables for GPIO lookup
[   50.952573] i2c i2c-1: No GPIO consumer sda found
[   50.953269] omap_i2c 4802a000.i2c: bus 1 rev0.11 at 100 kHz
[   50.967415] PM: Cannot get wkup_m3_ipc handle
[   51.060048] PM: Cannot get wkup_m3_ipc handle
[   51.161924] input: bd718xx-pwrkey as /devices/platform/ocp/48000000.interconnect/48000000.interconnect:segment@0/4802a000.target-module/4802a000.i2c/i2c-1/1-004b/gpio-keys.2.auto/input/input1
[   51.193590] PM: Cannot get wkup_m3_ipc handle
[   51.220706] PM: Cannot get wkup_m3_ipc handle
[   51.273099] ldo6: IC does not support requested over voltage limits
[   51.275679] PM: Cannot get wkup_m3_ipc handle
[   56.827999] mva_test_init: Hello Peeps
[   57.041385] mva_test_probe: Hello Peeps
[   57.041555] YAY clk_get(&pdev->dev, "bd71847-32k-out"); did work
[   57.042615] PM: Cannot get wkup_m3_ipc handle
TJQCABYQPL 0
root@arm:~# echo 'VSPW''NLGMES'
VSPWNLGMES
root@arm:~# MARKER='FTCK''OZWFEF' run 'modprobe test_linear_ranges'
FTCKOZWFEFFTCKOZWFEF 0
root@arm:~# echo 'OBMX''COEYKN'
OBMXCOEYKN
root@arm:~# MARKER='ELZM''SCZNVM' run dmesg
ELZMSCZNVM[    0.000000] Booting Linux on physical CPU 0x0
[    0.000000] Linux version 6.11.0-g73ea23d406f1 (user01@drvtest01) (arm-linux-gnueabihf-gcc (Linaro GCC 6.4-2017.11) 6.4.1 20171012, GNU ld (Linaro_Binutils-2017.11) 2.27.0.20161229) #15 SMP Tue Sep 24 15:25:50 EEST 2024
[    0.000000] CPU: ARMv7 Processor [413fc082] revision 2 (ARMv7), cr=10c5387d
[    0.000000] CPU: PIPT / VIPT nonaliasing data cache, VIPT aliasing instruction cache
[    0.000000] OF: fdt: Machine model: TI AM335x BeagleBone Black
[    0.000000] Memory policy: Data cache writeback
[    0.000000] cma: Reserved 16 MiB at 0x9e800000 on node -1
[    0.000000] Zone ranges:
[    0.000000]   Normal   [mem 0x0000000080000000-0x000000009fdfffff]
[    0.000000]   HighMem  empty
[    0.000000] Movable zone start for each node
[    0.000000] Early memory node ranges
[    0.000000]   node   0: [mem 0x0000000080000000-0x000000009fdfffff]
[    0.000000] Initmem setup node 0 [mem 0x0000000080000000-0x000000009fdfffff]
[    0.000000] CPU: All CPU(s) started in SVC mode.
[    0.000000] AM335X ES2.1 (sgx neon)
[    0.000000] percpu: Embedded 17 pages/cpu s39628 r8192 d21812 u69632
[    0.000000] pcpu-alloc: s39628 r8192 d21812 u69632 alloc=17*4096
[    0.000000] pcpu-alloc: [0] 0 
[    0.000000] Kernel command line: console=ttyO0,115200n8 root=/dev/nfs rw nfsroot=192.168.255.126:/home/user01/nfs,nfsvers=3 ip=192.168.255.1:192.168.255.126::255.255.255.0:bbb1:eth0 nfsrootdebug
[    0.000000] Unknown kernel command line parameters "nfsrootdebug", will be passed to user space.
[    0.000000] Dentry cache hash table entries: 65536 (order: 6, 262144 bytes, linear)
[    0.000000] Inode-cache hash table entries: 32768 (order: 5, 131072 bytes, linear)
[    0.000000] Built 1 zonelists, mobility grouping on.  Total pages: 130560
[    0.000000] mem auto-init: stack:off, heap alloc:off, heap free:off
[    0.000000] SLUB: HWalign=64, Order=0-3, MinObjects=0, CPUs=1, Nodes=1
[    0.000000] trace event string verifier disabled
[    0.000000] rcu: Hierarchical RCU implementation.
[    0.000000] rcu: 	RCU event tracing is enabled.
[    0.000000] rcu: 	RCU restricting CPUs from NR_CPUS=2 to nr_cpu_ids=1.
[    0.000000] rcu: RCU calculated value of scheduler-enlistment delay is 10 jiffies.
[    0.000000] rcu: Adjusting geometry for rcu_fanout_leaf=16, nr_cpu_ids=1
[    0.000000] NR_IRQS: 16, nr_irqs: 16, preallocated irqs: 16
[    0.000000] IRQ: Found an INTC at 0x(ptrval) (revision 5.0) with 128 interrupts
[    0.000000] rcu: srcu_init: Setting srcu_struct sizes based on contention.
[    0.000000] TI gptimer clocksource: always-on /ocp/interconnect@44c00000/segment@200000/target-module@31000
[    0.000002] sched_clock: 32 bits at 24MHz, resolution 41ns, wraps every 89478484971ns
[    0.000028] clocksource: dmtimer: mask: 0xffffffff max_cycles: 0xffffffff, max_idle_ns: 79635851949 ns
[    0.000511] TI gptimer clockevent: 24000000 Hz at /ocp/interconnect@48000000/segment@0/target-module@40000
[    0.002128] Console: colour dummy device 80x30
[    0.002196] WARNING: Your 'console=ttyO0' has been replaced by 'ttyS0'
[    0.002206] This ensures that you still see kernel messages. Please
[    0.002212] update your kernel commandline.
[    0.002258] Calibrating delay loop... 996.14 BogoMIPS (lpj=4980736)
[    0.090564] CPU: Testing write buffer coherency: ok
[    0.090667] CPU0: Spectre v2: using BPIALL workaround
[    0.090679] pid_max: default: 32768 minimum: 301
[    0.090803] LSM: initializing lsm=capability
[    0.090973] Mount-cache hash table entries: 1024 (order: 0, 4096 bytes, linear)
[    0.090995] Mountpoint-cache hash table entries: 1024 (order: 0, 4096 bytes, linear)
[    0.092534] CPU0: thread -1, cpu 0, socket -1, mpidr 0
[    0.094242] Setting up static identity map for 0x80100000 - 0x80100078
[    0.094554] rcu: Hierarchical SRCU implementation.
[    0.094567] rcu: 	Max phase no-delay instances is 1000.
[    0.096236] smp: Bringing up secondary CPUs ...
[    0.096296] smp: Brought up 1 node, 1 CPU
[    0.096310] SMP: Total of 1 processors activated (996.14 BogoMIPS).
[    0.096325] CPU: All CPU(s) started in SVC mode.
[    0.096517] Memory: 480876K/522240K available (11264K kernel code, 1197K rwdata, 2856K rodata, 1024K init, 297K bss, 23344K reserved, 16384K cma-reserved, 0K highmem)
[    0.097313] devtmpfs: initialized
[    0.113698] VFP support v0.3: implementor 41 architecture 3 part 30 variant c rev 3
[    0.114057] clocksource: jiffies: mask: 0xffffffff max_cycles: 0xffffffff, max_idle_ns: 19112604462750000 ns
[    0.114095] futex hash table entries: 256 (order: 2, 16384 bytes, linear)
[    0.115383] pinctrl core: initialized pinctrl subsystem
[    0.118109] NET: Registered PF_NETLINK/PF_ROUTE protocol family
[    0.121090] DMA: preallocated 256 KiB pool for atomic coherent allocations
[    0.122054] audit: initializing netlink subsys (disabled)
[    0.123433] thermal_sys: Registered thermal governor 'fair_share'
[    0.123454] thermal_sys: Registered thermal governor 'step_wise'
[    0.123466] thermal_sys: Registered thermal governor 'user_space'
[    0.123579] audit: type=2000 audit(0.120:1): state=initialized audit_enabled=0 res=1
[    0.123649] cpuidle: using governor menu
[    0.142759] No ATAGs?
[    0.142792] hw-breakpoint: debug architecture 0x4 unsupported.
[    0.145679] kprobes: kprobe jump-optimization is enabled. All kprobes are optimized if possible.
[    0.163974] iommu: Default domain type: Translated
[    0.164003] iommu: DMA domain TLB invalidation policy: strict mode
[    0.165578] reg-fixed-voltage fixedregulator0: using DT '/fixedregulator0' for '(default)' GPIO lookup
[    0.165637] of_get_named_gpiod_flags: can't parse 'gpios' property of node '/fixedregulator0[0]'
[    0.165667] of_get_named_gpiod_flags: can't parse 'gpio' property of node '/fixedregulator0[0]'
[    0.165687] reg-fixed-voltage fixedregulator0: using lookup tables for GPIO lookup
[    0.165700] reg-fixed-voltage fixedregulator0: No GPIO consumer (default) found
[    0.171332] SCSI subsystem initialized
[    0.180965] libata version 3.00 loaded.
[    0.181340] pps_core: LinuxPPS API ver. 1 registered
[    0.181357] pps_core: Software ver. 5.3.6 - Copyright 2005-2007 Rodolfo Giometti <giometti@linux.it>
[    0.181382] PTP clock support registered
[    0.183289] vgaarb: loaded
[    0.183686] clocksource: Switched to clocksource dmtimer
[    0.184281] VFS: Disk quotas dquot_6.6.0
[    0.184326] VFS: Dquot-cache hash table entries: 1024 (order 0, 4096 bytes)
[    0.209776] NET: Registered PF_INET protocol family
[    0.210133] IP idents hash table entries: 8192 (order: 4, 65536 bytes, linear)
[    0.211523] tcp_listen_portaddr_hash hash table entries: 512 (order: 0, 4096 bytes, linear)
[    0.211562] Table-perturb hash table entries: 65536 (order: 6, 262144 bytes, linear)
[    0.211582] TCP established hash table entries: 4096 (order: 2, 16384 bytes, linear)
[    0.211627] TCP bind hash table entries: 4096 (order: 4, 65536 bytes, linear)
[    0.211728] TCP: Hash tables configured (established 4096 bind 4096)
[    0.211849] UDP hash table entries: 256 (order: 1, 8192 bytes, linear)
[    0.211878] UDP-Lite hash table entries: 256 (order: 1, 8192 bytes, linear)
[    0.212054] NET: Registered PF_UNIX/PF_LOCAL protocol family
[    0.224648] RPC: Registered named UNIX socket transport module.
[    0.224677] RPC: Registered udp transport module.
[    0.224685] RPC: Registered tcp transport module.
[    0.224691] RPC: Registered tcp-with-tls transport module.
[    0.224698] RPC: Registered tcp NFSv4.1 backchannel transport module.
[    0.224723] PCI: CLS 0 bytes, default 64
[    0.226176] Initialise system trusted keyrings
[    0.227307] workingset: timestamp_bits=14 max_order=17 bucket_order=3
[    0.228566] NFS: Registering the id_resolver key type
[    0.228638] Key type id_resolver registered
[    0.228647] Key type id_legacy registered
[    0.228700] jffs2: version 2.2. (NAND) (SUMMARY)  Â© 2001-2006 Red Hat, Inc.
[    0.229155] Key type asymmetric registered
[    0.229175] Asymmetric key parser 'x509' registered
[    0.229243] io scheduler mq-deadline registered
[    0.229255] io scheduler kyber registered
[    0.229327] io scheduler bfq registered
[    0.243850] Serial: 8250/16550 driver, 6 ports, IRQ sharing enabled
[    0.307171] brd: module loaded
[    0.318345] loop: module loaded
[    0.319290] mtdoops: mtd device (mtddev=name/number) must be supplied
[    0.335207] mdio_bus fixed-0: using lookup tables for GPIO lookup
[    0.335241] mdio_bus fixed-0: No GPIO consumer reset found
[    0.336642] i2c_dev: i2c /dev entries driver
[    0.337617] cpuidle: enable-method property 'ti,am3352' found operations
[    0.338063] sdhci: Secure Digital Host Controller Interface driver
[    0.338075] sdhci: Copyright(c) Pierre Ossman
[    0.338255] sdhci-pltfm: SDHCI platform and OF driver helper
[    0.338565] ledtrig-cpu: registered to indicate activity on CPUs
[    0.339500] Initializing XFRM netlink socket
[    0.339625] NET: Registered PF_INET6 protocol family
[    0.341463] Segment Routing with IPv6
[    0.341559] In-situ OAM (IOAM) with IPv6
[    0.341654] sit: IPv6, IPv4 and MPLS over IPv4 tunneling driver
[    0.342600] NET: Registered PF_PACKET protocol family
[    0.342639] NET: Registered PF_KEY protocol family
[    0.342760] Key type dns_resolver registered
[    0.343026] ThumbEE CPU extension supported.
[    0.343050] Registering SWP/SWPB emulation handler
[    0.343576] omap_voltage_late_init: Voltage driver support not added
[    0.344136] SmartReflex Class3 initialized
[    0.364661] Loading compiled-in X.509 certificates
[    0.423293] gpiochip_find_base_unlocked: found new base at 512
[    0.432070] platform 44e10800.pinmux: Fixed dependency cycle(s) with /ocp/interconnect@44c00000/segment@200000/target-module@10000/scm@0/pinmux@800/clkout2-pins
[    0.432637] pinctrl-single 44e10800.pinmux: 142 pins, size 568
[    0.437962] ti-sysc 44e31000.target-module: probe with driver ti-sysc failed with error -16
[    0.474843] ti-sysc 48040000.target-module: probe with driver ti-sysc failed with error -16
[    0.485831] gpiochip_find_base_unlocked: found new base at 512
[    0.485946] gpio gpiochip0: (gpio-0-31): created GPIO range 0->7 ==> 44e10800.pinmux PIN 0->7
[    0.485969] gpio gpiochip0: (gpio-0-31): created GPIO range 8->11 ==> 44e10800.pinmux PIN 90->93
[    0.485986] gpio gpiochip0: (gpio-0-31): created GPIO range 12->27 ==> 44e10800.pinmux PIN 12->27
[    0.486003] gpio gpiochip0: (gpio-0-31): created GPIO range 28->31 ==> 44e10800.pinmux PIN 30->33
[    0.513925] gpio gpiochip0: (gpio-0-31): added GPIO chardev (254:0)
[    0.514113] gpio gpiochip0: registered GPIOs 512 to 543 on gpio-0-31
[    0.514199] OMAP GPIO hardware version 0.1
[    0.537046] i2c i2c-2: using DT '/ocp/interconnect@48000000/segment@100000/target-module@9c000/i2c@0' for 'scl' GPIO lookup
[    0.537151] of_get_named_gpiod_flags: can't parse 'scl-gpios' property of node '/ocp/interconnect@48000000/segment@100000/target-module@9c000/i2c@0[0]'
[    0.537199] of_get_named_gpiod_flags: can't parse 'scl-gpio' property of node '/ocp/interconnect@48000000/segment@100000/target-module@9c000/i2c@0[0]'
[    0.537239] i2c i2c-2: using lookup tables for GPIO lookup
[    0.537252] i2c i2c-2: No GPIO consumer scl found
[    0.537275] i2c i2c-2: using DT '/ocp/interconnect@48000000/segment@100000/target-module@9c000/i2c@0' for 'sda' GPIO lookup
[    0.537313] of_get_named_gpiod_flags: can't parse 'sda-gpios' property of node '/ocp/interconnect@48000000/segment@100000/target-module@9c000/i2c@0[0]'
[    0.537353] of_get_named_gpiod_flags: can't parse 'sda-gpio' property of node '/ocp/interconnect@48000000/segment@100000/target-module@9c000/i2c@0[0]'
[    0.537387] i2c i2c-2: using lookup tables for GPIO lookup
[    0.537396] i2c i2c-2: No GPIO consumer sda found
[    0.538092] omap_i2c 4819c000.i2c: bus 2 rev0.11 at 100 kHz
[    0.543363] gpiochip_find_base_unlocked: found new base at 544
[    0.543474] gpio gpiochip1: (gpio-32-63): created GPIO range 0->17 ==> 44e10800.pinmux PIN 34->51
[    0.543496] gpio gpiochip1: (gpio-32-63): created GPIO range 18->21 ==> 44e10800.pinmux PIN 77->80
[    0.543513] gpio gpiochip1: (gpio-32-63): created GPIO range 22->31 ==> 44e10800.pinmux PIN 56->65
[    0.558190] gpio gpiochip1: (gpio-32-63): added GPIO chardev (254:1)
[    0.558354] gpio gpiochip1: registered GPIOs 544 to 575 on gpio-32-63
[    0.560563] gpiochip_find_base_unlocked: found new base at 576
[    0.560665] gpio gpiochip2: (gpio-64-95): created GPIO range 0->4 ==> 44e10800.pinmux PIN 66->70
[    0.560701] gpio gpiochip2: (gpio-64-95): created GPIO range 5->6 ==> 44e10800.pinmux PIN 98->99
[    0.560720] gpio gpiochip2: (gpio-64-95): created GPIO range 7->8 ==> 44e10800.pinmux PIN 75->76
[    0.560737] gpio gpiochip2: (gpio-64-95): created GPIO range 13->13 ==> 44e10800.pinmux PIN 141->141
[    0.560755] gpio gpiochip2: (gpio-64-95): created GPIO range 14->21 ==> 44e10800.pinmux PIN 100->107
[    0.564798] gpio gpiochip2: (gpio-64-95): added GPIO chardev (254:2)
[    0.564962] gpio gpiochip2: registered GPIOs 576 to 607 on gpio-64-95
[    0.570340] 48000000.interconnect:segment@200000:target-module@0:mpu@0:fck: device ID is greater than 24
[    0.574737] platform 4830e000.lcdc: Fixed dependency cycle(s) with /ocp/interconnect@44c00000/segment@200000/target-module@b000/i2c@0/tda19988@70
[    0.583986] mdio_bus 4a101000.mdio: using DT '/ocp/interconnect@4a000000/segment@0/target-module@100000/switch@0/mdio@1000' for 'reset' GPIO lookup
[    0.584067] of_get_named_gpiod_flags: can't parse 'reset-gpios' property of node '/ocp/interconnect@4a000000/segment@0/target-module@100000/switch@0/mdio@1000[0]'
[    0.584121] of_get_named_gpiod_flags: can't parse 'reset-gpio' property of node '/ocp/interconnect@4a000000/segment@0/target-module@100000/switch@0/mdio@1000[0]'
