Labgrid Console Logfile for main
Logfile started at 2024-09-25 12:04:00.311100
=== Log starts here ===

** Unable to use mmc 0:1 for loading the env **


U-Boot 2019.04-00002-g31a8ae0206 (May 13 2020 - 09:26:17 -0500), Build: jenkins-github_Bootloader-Builder-139

CPU  : AM335X-GP rev 2.1
I2C:   ready
DRAM:  512 MiB
No match for driver 'omap_hsmmc'
No match for driver 'omap_hsmmc'
Some drivers were not found
Reset Source: Power-on reset has occurred.
RTC 32KCLK Source: External.
MMC:   OMAP SD/MMC: 0, OMAP SD/MMC: 1
Loading Environment from EXT4... 
** Unable to use mmc 0:1 for loading the env **
Board: BeagleBone Black
<ethaddr> not set. Validating first E-fuse MAC
BeagleBone Black:
BeagleBone: cape eeprom: i2c_probe: 0x54:
BeagleBone: cape eeprom: i2c_probe: 0x55:
BeagleBone: cape eeprom: i2c_probe: 0x56:
BeagleBone: cape eeprom: i2c_probe: 0x57:
Net:   eth0: MII MODE
cpsw, usb_ether
Press SPACE to abort autoboot in 0 seconds
board_name=[A335BNLT] ...
board_rev=[00C0] ...
switch to partitions #0, OK
mmc0 is current device
SD/MMC found on device 0
switch to partitions #0, OK
mmc0 is current device
Scanning mmc 0:1...
gpio: pin 56 (gpio 56) value is 0
gpio: pin 55 (gpio 55) value is 0
gpio: pin 54 (gpio 54) value is 0
gpio: pin 53 (gpio 53) value is 1
switch to partitions #0, OK
mmc0 is current device
gpio: pin 54 (gpio 54) value is 1
Checking for: /uEnv.txt ...
569 bytes read in 2 ms (277.3 KiB/s)
gpio: pin 55 (gpio 55) value is 1
Loaded environment from /uEnv.txt
Importing environment from mmc ...
Checking if uenvcmd is set ...
gpio: pin 56 (gpio 56) value is 1
Running uenvcmd ...
cpsw Waiting for PHY auto negotiation to complete.. done
link up on port 0, speed 100, full duplex
Using cpsw device
TFTP from server 192.168.255.126; our IP address is 192.168.255.4
Filename 'zImage'.
Load address: 0x81000000
Loading: *#################################################################
	 #################################################################
	 #################################################################
	 #################################################################
	 #################################################################
	 ##############################################
	 793.9 KiB/s
done
Bytes transferred = 5444560 (5313d0 hex)
link up on port 0, speed 100, full duplex
Using cpsw device
TFTP from server 192.168.255.126; our IP address is 192.168.255.4
Filename 'am335x-boneblack.dtb'.
Load address: 0x82000000
Loading: *#######
	 2.7 MiB/s
done
Bytes transferred = 97996 (17ecc hex)
## Flattened Device Tree blob at 82000000
   Booting using the fdt blob at 0x82000000
   Loading Device Tree to 8ffe5000, end 8ffffecb ... OK

Starting kernel ...

[    0.000000] Booting Linux on physical CPU 0x0
[    0.000000] Linux version 6.11.0-g73ea23d406f1 (user01@drvtest01) (arm-linux-gnueabihf-gcc (Linaro GCC 6.4-2017.11) 6.4.1 20171012, GNU ld (Linaro_Binutils-2017.11) 2.27.0.20161229) #15 SMP Tue Sep 24 15:25:50 EEST 2024
[    0.000000] CPU: ARMv7 Processor [413fc082] revision 2 (ARMv7), cr=10c5387d
[    0.000000] CPU: PIPT / VIPT nonaliasing data cache, VIPT aliasing instruction cache
[    0.000000] OF: fdt: Machine model: TI AM335x BeagleBone Black
[    0.000000] Memory policy: Data cache writeback
[    0.000000] cma: Reserved 16 MiB at 0x9e800000 on node -1
[    0.000000] Zone ranges:
[    0.000000]   Normal   [mem 0x0000000080000000-0x000000009fdfffff]
[    0.000000]   HighMem  empty
[    0.000000] Movable zone start for each node
[    0.000000] Early memory node ranges
[    0.000000]   node   0: [mem 0x0000000080000000-0x000000009fdfffff]
[    0.000000] Initmem setup node 0 [mem 0x0000000080000000-0x000000009fdfffff]
[    0.000000] CPU: All CPU(s) started in SVC mode.
[    0.000000] AM335X ES2.1 (sgx neon)
[    0.000000] percpu: Embedded 17 pages/cpu s39628 r8192 d21812 u69632
[    0.000000] Kernel command line: console=ttyO0,115200n8 root=/dev/nfs rw nfsroot=192.168.255.126:/home/user01/nfs,nfsvers=3 ip=192.168.255.4:192.168.255.126::255.255.255.0:bbb1:eth0 nfsrootdebug
[    0.000000] Unknown kernel command line parameters "nfsrootdebug", will be passed to user space.
[    0.000000] Dentry cache hash table entries: 65536 (order: 6, 262144 bytes, linear)
[    0.000000] Inode-cache hash table entries: 32768 (order: 5, 131072 bytes, linear)
[    0.000000] Built 1 zonelists, mobility grouping on.  Total pages: 130560
[    0.000000] mem auto-init: stack:off, heap alloc:off, heap free:off
[    0.000000] SLUB: HWalign=64, Order=0-3, MinObjects=0, CPUs=1, Nodes=1
[    0.000000] trace event string verifier disabled
[    0.000000] rcu: Hierarchical RCU implementation.
[    0.000000] rcu: 	RCU event tracing is enabled.
[    0.000000] rcu: 	RCU restricting CPUs from NR_CPUS=2 to nr_cpu_ids=1.
[    0.000000] rcu: RCU calculated value of scheduler-enlistment delay is 10 jiffies.
[    0.000000] rcu: Adjusting geometry for rcu_fanout_leaf=16, nr_cpu_ids=1
[    0.000000] NR_IRQS: 16, nr_irqs: 16, preallocated irqs: 16
[    0.000000] IRQ: Found an INTC at 0x(ptrval) (revision 5.0) with 128 interrupts
[    0.000000] rcu: srcu_init: Setting srcu_struct sizes based on contention.
[    0.000000] TI gptimer clocksource: always-on /ocp/interconnect@44c00000/segment@200000/target-module@31000
[    0.000002] sched_clock: 32 bits at 24MHz, resolution 41ns, wraps every 89478484971ns
[    0.000027] clocksource: dmtimer: mask: 0xffffffff max_cycles: 0xffffffff, max_idle_ns: 79635851949 ns
[    0.000510] TI gptimer clockevent: 24000000 Hz at /ocp/interconnect@48000000/segment@0/target-module@40000
[    0.002145] Console: colour dummy device 80x30
[    0.002215] WARNING: Your 'console=ttyO0' has been replaced by 'ttyS0'
[    0.002224] This ensures that you still see kernel messages. Please
[    0.002231] update your kernel commandline.
[    0.002276] Calibrating delay loop... 996.14 BogoMIPS (lpj=4980736)
[    0.090565] CPU: Testing write buffer coherency: ok
[    0.090672] CPU0: Spectre v2: using BPIALL workaround
[    0.090684] pid_max: default: 32768 minimum: 301
[    0.090807] LSM: initializing lsm=capability
[    0.090973] Mount-cache hash table entries: 1024 (order: 0, 4096 bytes, linear)
[    0.090996] Mountpoint-cache hash table entries: 1024 (order: 0, 4096 bytes, linear)
[    0.092537] CPU0: thread -1, cpu 0, socket -1, mpidr 0
[    0.094247] Setting up static identity map for 0x80100000 - 0x80100078
[    0.094547] rcu: Hierarchical SRCU implementation.
[    0.094561] rcu: 	Max phase no-delay instances is 1000.
[    0.096240] smp: Bringing up secondary CPUs ...
[    0.096301] smp: Brought up 1 node, 1 CPU
[    0.096317] SMP: Total of 1 processors activated (996.14 BogoMIPS).
[    0.096330] CPU: All CPU(s) started in SVC mode.
[    0.096526] Memory: 480876K/522240K available (11264K kernel code, 1197K rwdata, 2856K rodata, 1024K init, 297K bss, 23344K reserved, 16384K cma-reserved, 0K highmem)
[    0.097325] devtmpfs: initialized
[    0.113724] VFP support v0.3: implementor 41 architecture 3 part 30 variant c rev 3
[    0.114078] clocksource: jiffies: mask: 0xffffffff max_cycles: 0xffffffff, max_idle_ns: 19112604462750000 ns
[    0.114114] futex hash table entries: 256 (order: 2, 16384 bytes, linear)
[    0.115392] pinctrl core: initialized pinctrl subsystem
[    0.118131] NET: Registered PF_NETLINK/PF_ROUTE protocol family
[    0.121126] DMA: preallocated 256 KiB pool for atomic coherent allocations
[    0.122095] audit: initializing netlink subsys (disabled)
[    0.123463] thermal_sys: Registered thermal governor 'fair_share'
[    0.123483] thermal_sys: Registered thermal governor 'step_wise'
[    0.123495] thermal_sys: Registered thermal governor 'user_space'
[    0.123609] audit: type=2000 audit(0.120:1): state=initialized audit_enabled=0 res=1
[    0.123681] cpuidle: using governor menu
[    0.142852] No ATAGs?
[    0.142885] hw-breakpoint: debug architecture 0x4 unsupported.
[    0.145786] kprobes: kprobe jump-optimization is enabled. All kprobes are optimized if possible.
[    0.164107] iommu: Default domain type: Translated
[    0.164136] iommu: DMA domain TLB invalidation policy: strict mode
[    0.171473] SCSI subsystem initialized
[    0.181459] pps_core: LinuxPPS API ver. 1 registered
[    0.181473] pps_core: Software ver. 5.3.6 - Copyright 2005-2007 Rodolfo Giometti <giometti@linux.it>
[    0.181499] PTP clock support registered
[    0.183457] vgaarb: loaded
[    0.183857] clocksource: Switched to clocksource dmtimer
[    0.184449] VFS: Disk quotas dquot_6.6.0
[    0.184495] VFS: Dquot-cache hash table entries: 1024 (order 0, 4096 bytes)
[    0.210641] NET: Registered PF_INET protocol family
[    0.211004] IP idents hash table entries: 8192 (order: 4, 65536 bytes, linear)
[    0.212398] tcp_listen_portaddr_hash hash table entries: 512 (order: 0, 4096 bytes, linear)
[    0.212440] Table-perturb hash table entries: 65536 (order: 6, 262144 bytes, linear)
[    0.212459] TCP established hash table entries: 4096 (order: 2, 16384 bytes, linear)
[    0.212504] TCP bind hash table entries: 4096 (order: 4, 65536 bytes, linear)
[    0.212605] TCP: Hash tables configured (established 4096 bind 4096)
[    0.212727] UDP hash table entries: 256 (order: 1, 8192 bytes, linear)
[    0.212757] UDP-Lite hash table entries: 256 (order: 1, 8192 bytes, linear)
[    0.212931] NET: Registered PF_UNIX/PF_LOCAL protocol family
[    0.214298] RPC: Registered named UNIX socket transport module.
[    0.214327] RPC: Registered udp transport module.
[    0.214334] RPC: Registered tcp transport module.
[    0.214341] RPC: Registered tcp-with-tls transport module.
[    0.214348] RPC: Registered tcp NFSv4.1 backchannel transport module.
[    0.214374] PCI: CLS 0 bytes, default 64
[    0.215819] Initialise system trusted keyrings
[    0.224602] workingset: timestamp_bits=14 max_order=17 bucket_order=3
[    0.225931] NFS: Registering the id_resolver key type
[    0.226007] Key type id_resolver registered
[    0.226018] Key type id_legacy registered
[    0.226069] jffs2: version 2.2. (NAND) (SUMMARY)  Â© 2001-2006 Red Hat, Inc.
[    0.226474] Key type asymmetric registered
[    0.226493] Asymmetric key parser 'x509' registered
[    0.226562] io scheduler mq-deadline registered
[    0.226574] io scheduler kyber registered
[    0.226643] io scheduler bfq registered
[    0.244022] Serial: 8250/16550 driver, 6 ports, IRQ sharing enabled
[    0.324531] brd: module loaded
[    0.332775] loop: module loaded
[    0.333711] mtdoops: mtd device (mtddev=name/number) must be supplied
[    0.337153] i2c_dev: i2c /dev entries driver
[    0.338115] cpuidle: enable-method property 'ti,am3352' found operations
[    0.338568] sdhci: Secure Digital Host Controller Interface driver
[    0.338580] sdhci: Copyright(c) Pierre Ossman
[    0.338758] sdhci-pltfm: SDHCI platform and OF driver helper
[    0.339066] ledtrig-cpu: registered to indicate activity on CPUs
[    0.340002] Initializing XFRM netlink socket
[    0.340129] NET: Registered PF_INET6 protocol family
[    0.353709] Segment Routing with IPv6
[    0.353804] In-situ OAM (IOAM) with IPv6
[    0.353991] sit: IPv6, IPv4 and MPLS over IPv4 tunneling driver
[    0.354952] NET: Registered PF_PACKET protocol family
[    0.354996] NET: Registered PF_KEY protocol family
[    0.355126] Key type dns_resolver registered
[    0.355390] ThumbEE CPU extension supported.
[    0.355412] Registering SWP/SWPB emulation handler
[    0.355944] omap_voltage_late_init: Voltage driver support not added
[    0.356300] SmartReflex Class3 initialized
[    0.388004] Loading compiled-in X.509 certificates
[    0.443635] platform 44e10800.pinmux: Fixed dependency cycle(s) with /ocp/interconnect@44c00000/segment@200000/target-module@10000/scm@0/pinmux@800/clkout2-pins
[    0.444482] pinctrl-single 44e10800.pinmux: 142 pins, size 568
[    0.449559] ti-sysc 44e31000.target-module: probe with driver ti-sysc failed with error -16
[    0.501653] ti-sysc 48040000.target-module: probe with driver ti-sysc failed with error -16
[    0.525377] OMAP GPIO hardware version 0.1
[    0.569019] omap_i2c 4819c000.i2c: bus 2 rev0.11 at 100 kHz
[    0.584129] 48000000.interconnect:segment@200000:target-module@0:mpu@0:fck: device ID is greater than 24
[    0.588288] platform 4830e000.lcdc: Fixed dependency cycle(s) with /ocp/interconnect@44c00000/segment@200000/target-module@b000/i2c@0/tda19988@70
[    0.600317] sdhci-omap 481d8000.mmc: supply pbias not found, using dummy regulator
[    0.600789] sdhci-omap 481d8000.mmc: supply vqmmc not found, using dummy regulator
[    0.676610] davinci_mdio 4a101000.mdio: davinci mdio revision 1.6, bus freq 1000000
[    0.793963] davinci_mdio 4a101000.mdio: phy[0]: device 4a101000.mdio:00, driver SMSC LAN8710/LAN8720
[    0.794616] cpsw-switch 4a100000.switch: initialized cpsw ale version 1.4
[    0.794640] cpsw-switch 4a100000.switch: ALE Table size 1024
[    0.804610] cpsw-switch 4a100000.switch: cpts: overflow check period 500 (jiffies)
[    0.804642] cpsw-switch 4a100000.switch: CPTS: ref_clk_freq:250000000 calc_mult:2147483648 calc_shift:29 error:0 nsec/sec
[    0.804755] cpsw-switch 4a100000.switch: Detected MACID = 18:2c:65:25:1d:6e
[    0.806574] cpsw-switch 4a100000.switch: initialized (regs 0x4a100000, pool size 256) hw_ver:0019010C 1.12 (0)
[    0.817569] debugfs: Directory '49000000.dma' with parent 'dmaengine' already present!
[    0.817619] edma 49000000.dma: TI EDMA DMA engine driver
[    0.858151] target-module@4b000000:target-module@140000:pmu@0:fck: device ID is greater than 24
[    0.893443] hw perfevents: enabled with armv7_cortex_a8 PMU driver, 5 counters available
[    0.899082] 44e09000.serial: ttyS0 at MMIO 0x44e09000 (irq = 34, base_baud = 3000000) is a 8250
[    0.899169] printk: legacy console [ttyS0] enabled
[    1.888299] l3-aon-clkctrl:0000:0: failed to disable
 [    2.125927] tps65217-pmic: Failed to locate of_node [id: -1 ]
[    2.132005] tps65217-bl: Failed to locate of_node [id: - 1]
[    2.159301] tps65217 0-0024: TPS65217 ID 0xe version 1. 2
[    2.165471] platform 4830e000.lcdc: Fixed dependency cyc le(s) wi
[    5.524624] cpsw-switch 4a100000.switch eth0: Link is Up - 100Mbps/Full - flow control off
[    5.583879] IP-Config: Complete:
[    5.587158]      device=eth0, hwaddr=18:2c:65:25:1d:6e, ipaddr=192.168.255.4, mask=255.255.255.0, gw=255.255.255.255
[    5.597787]      host=bbb1, domain=, nis-domain=(none)
[    5.602954]      bootserver=192.168.255.126, rootserver=192.168.255.126, rootpath=
[    5.603384] clk: Disabling unused clocks
[    5.615212] PM: genpd: Disabling unused power domains
[    5.620330] KTAP version 1
[    5.623052] 1..0
[    5.647957] VFS: Mounted root (nfs filesystem) on device 0:17.
[    5.655194] devtmpfs: mounted
[    5.659842] Freeing unused kernel image (initmem) memory: 1024K
[    5.666560] Run /sbin/init as init process
[    6.360878] systemd[1]: System time before build time, advancing clock.
[    7.823884] random: crng init done
[    7.895779] systemd[1]: systemd 232 running in system mode. (+PAM +AUDIT +SELINUX +IMA +APPARMOR +SMACK +SYSVINIT +UTMP +LIBCRYPTSETUP +GCRYPT +GNUTLS +ACL +XZ +LZ4 +SECCOMP +BLKID +ELFUTILS +KMOD +IDN)
[    7.914765] systemd[1]: Detected architecture arm.

Welcome to [1mDebian GNU/Linux 9 (stretch)[0m!

[    7.956877] systemd[1]: Set hostname to <arm>.
[    9.043382] systemd[1]: Started Forward Password Requests to Wall Directory Watch.
[[0;32m  OK  [0m] Started Forward Password Requests to Wall Directory Watch.
[    9.084751] systemd[1]: Listening on udev Kernel Socket.
[[0;32m  OK  [0m] Listening on udev Kernel Socket.
[    9.124258] systemd[1]: Reached target Remote File Systems.
[[0;32m  OK  [0m] Reached target Remote File Systems.
[    9.164764] systemd[1]: Started Dispatch Password Requests to Console Directory Watch.
[[0;32m  OK  [0m] Started Dispatch Password Requests to Console Directory Watch.
[    9.204195] systemd[1]: Reached target Encrypted Volumes.
[[0;32m  OK  [0m] Reached target Encrypted Volumes.
[    9.244149] systemd[1]: Reached target Paths.
[[0;32m  OK  [0m] Reached target Paths.
[    9.275739] systemd[1]: Listening on /dev/initctl Compatibility Named Pipe.
[[0;32m  OK  [0m] Listening on /dev/initctl Compatibility Named Pipe.
[[0;32m  OK  [0m] Listening on Journal Audit Socket.
[[0;32m  OK  [0m] Created slice User and Session Slice.
[[0;32m  OK  [0m] Created slice System Slice.
         Mounting POSIX Message Queue File System...
[[0;32m  OK  [0m] Created slice system-serial\x2dgetty.slice.
         Mounting Debug File System...
[[0;32m  OK  [0m] Reached target Slices.
[[0;32m  OK  [0m] Listening on Syslog Socket.
[[0;32m  OK  [0m] Set up automount Arbitrary Executabâ€¦rmats File System Automount Point.
[[0;32m  OK  [0m] Reached target Swap.
[[0;32m  OK  [0m] Created slice system-getty.slice.
[[0;32m  OK  [0m] Listening on Journal Socket (/dev/log).
[[0;32m  OK  [0m] Listening on udev Control Socket.
[[0;32m  OK  [0m] Listening on Journal Socket.
         Starting Journal Service...
         Starting Create list of required stâ€¦ce nodes for the current kernel...
         Starting Load Kernel Modules...
         Starting Remount Root and Kernel File Systems...
[[0;32m  OK  [0m] Mounted POSIX Message Queue File System.
[[0;32m  OK  [0m] Mounted Debug File System.
[[0;32m  OK  [0m] Started Create list of required staâ€¦vice nodes for the current kernel.
         Starting Create Static Device Nodes in /dev...
[[0;32m  OK  [0m] Started Load Kernel Modules.
[[0;32m  OK  [0m] Started Remount Root and Kernel File Systems.
         Starting Load/Save Random Seed...
         Starting udev Coldplug all Devices...
         Mounting Configuration File System...
         Starting Apply Kernel Variables...
[[0;32m  OK  [0m] Started Load/Save Random Seed.
[[0;32m  OK  [0m] Mounted Configuration File System.
[[0;32m  OK  [0m] Started Apply Kernel Variables.
[[0;32m  OK  [0m] Started Journal Service.
         Starting Flush Journal to Persistent Storage...
[[0;32m  OK  [0m] Started Create Static Device Nodes in /dev.
[[0;32m  OK  [0m] Reached target Local File Systems (Pre).
[[0;32m  OK  [0m] Reached target Local File Systems.
         Starting Raise network interfaces...
         Starting udev Kernel Device Manager...
[   11.219797] systemd-journald[86]: Received request to flush runtime journal from PID 1
[[0;32m  OK  [0m] Started Flush Journal to Persistent Storage.
         Starting Create Volatile Files and Directories...
[[0;32m  OK  [0m] Started udev Kernel Device Manager.
[[0;32m  OK  [0m] Started Create Volatile Files and Directories.
         Starting Update UTMP about System Boot/Shutdown...
         Starting Network Time Synchronization...
[[0;32m  OK  [0m] Started Update UTMP about System Boot/Shutdown.
[[0;32m  OK  [0m] Started udev Coldplug all Devices.
[[0;32m  OK  [0m] Started Network Time Synchronization.
[[0;32m  OK  [0m] Reached target System Time Synchronized.
[[0;32m  OK  [0m] Reached target System Initialization.
[[0;32m  OK  [0m] Started Daily apt download activities.
[[0;32m  OK  [0m] Listening on D-Bus System Message Bus Socket.
[[0;32m  OK  [0m] Started Daily Cleanup of Temporary Directories.
[[0;32m  OK  [0m] Listening on Avahi mDNS/DNS-SD Stack Activation Socket.
[   14.706453] remoteproc remoteproc0: wkup_m3 is available
[[0;32m  OK  [0m] Reached target Sockets.
[[0;32m  OK  [0m] Reached target Basic System.
         Starting Login Service...
[   14.878516] omap_rtc 44e3e000.rtc: registered as rtc0
[   14.883696] omap_rtc 44e3e000.rtc: setting system clock to 2000-01-01T00:00:00 UTC (946684800)
         Starting DUN service...
         Starting Cape Manager Service...
         Starting LSB: Start busybox udhcpd at boot time...
[   15.277005] am335x-phy-driver 47401300.usb-phy: dummy supplies not allowed for exclusive requests (id=vbus)
         Starting Telephony service...
[   15.396661] at24 2-0054: supply vcc not found, using dummy regulator
[   15.504749] at24 2-0055: supply vcc not found, using dummy regulator
[   15.534566] usbcore: registered new interface driver usbfs
[   15.540204] usbcore: registered new interface driver hub
[   15.545780] usbcore: registered new device driver usb
         Starting System Logging Service...
[   15.596234] am335x-phy-driver 47401b00.usb-phy: dummy supplies not allowed for exclusive requests (id=vbus)
[   15.630049] at24 2-0056: supply vcc not found, using dummy regulator
[[0;32m  OK  [0m] Started D-Bus System Message Bus.
[   15.778799] at24 2-0057: supply vcc not found, using dummy regulator
[   15.860732] at24 0-0050: 32768 byte 24c256 EEPROM, writable, 1 bytes/write
[   16.067940] tps6521x_pwrbutton tps65217-pwrbutton: DMA mask not set
[   16.183522] input: tps65217_pwrbutton as /devices/platform/ocp/44c00000.interconnect/44c00000.interconnect:segment@200000/44e0b000.target-module/44e0b000.i2c/i2c-0/0-0024/tps65217-pwrbutton/input/input0
[   16.227758] wkup_m3_ipc 44e11324.wkup_m3_ipc: IPC Request for A8->M3 Channel failed! -517
[   16.642230] omap_wdt: OMAP Watchdog Timer Rev 0x01: initial timeout 60 sec
[   16.653201] wkup_m3_ipc 44e11324.wkup_m3_ipc: IPC Request for A8->M3 Channel failed! -517
[   16.843574] wkup_m3_ipc 44e11324.wkup_m3_ipc: IPC Request for A8->M3 Channel failed! -517
[   16.870134] musb-hdrc musb-hdrc.1: MUSB HDRC host driver
[   16.875708] musb-hdrc musb-hdrc.1: new USB bus registered, assigned bus number 1
[   16.981525] wkup_m3_ipc 44e11324.wkup_m3_ipc: IPC Request for A8->M3 Channel failed! -517
[   17.043016] usb usb1: New USB device found, idVendor=1d6b, idProduct=0002, bcdDevice= 6.11
[   17.051571] usb usb1: New USB device strings: Mfr=3, Product=2, SerialNumber=1
[   17.058916] usb usb1: Product: MUSB HDRC host driver
[   17.063957] usb usb1: Manufacturer: Linux 6.11.0-g73ea23d406f1 musb-hcd
[   17.070608] usb usb1: SerialNumber: musb-hdrc.1
[   17.223223] hub 1-0:1.0: USB hub found
[   17.275546] hub 1-0:1.0: 1 port detected
[   17.340281] wkup_m3_ipc 44e11324.wkup_m3_ipc: IPC Request for A8->M3 Channel failed! -517
[   17.479886] wkup_m3_ipc 44e11324.wkup_m3_ipc: IPC Request for A8->M3 Channel failed! -517
[   17.840766] tda998x 0-0070: found TDA19988
[   17.859907] omap-mailbox 480c8000.mailbox: omap mailbox rev 0x400
[   17.930309] remoteproc remoteproc0: powering up wkup_m3
[   18.104255] remoteproc remoteproc0: Direct firmware load for am335x-pm-firmware.elf failed with error -2
[   18.115252] remoteproc remoteproc0: request_firmware failed: -2
[   18.121225] wkup_m3_ipc 44e11324.wkup_m3_ipc: rproc_boot failed
[   19.399283] tilcdc 4830e000.lcdc: bound 0-0070 (ops 0xbf188030)
[   19.424144] omap_rng 48310000.rng: Random Number Generator ver. 20
[   19.515501] [drm] Initialized tilcdc 1.0.0 for 4830e000.lcdc on minor 0
[   19.592181] tilcdc 4830e000.lcdc: [drm] Cannot find any crtc or sizes
[   19.603595] tilcdc 4830e000.lcdc: [drm] Cannot find any crtc or sizes
[[0;32m  OK  [0m] Started Telephony service.
[[0;32m  OK  [0m] Started DUN service.
         Starting Connection service...
         Starting LSB: Load kernel modules needed to enable cpufreq scaling...
         Starting Generic Board Startup...
         Starting Avahi mDNS/DNS-SD Stack...
[[0;32m  OK  [0m] Started Regular background program processing daemon.
[   20.836339] PM: Cannot get wkup_m3_ipc handle
[   20.930041] omap-sham 53100000.sham: hw accel on OMAP rev 4.3
[[0;32m  OK  [0m] Started Daily apt upgrade and clean activities.
[[0;32m  OK  [0m] Reached target Timers.
[   21.104146] omap-sham 53100000.sham: will run requests pump with realtime priority
[   21.114421] PM: Cannot get wkup_m3_ipc handle
[[0;32m  OK  [0m] Started System Logging Service.
[   21.249612] omap-aes 53500000.aes: OMAP AES hw accel rev: 3.2
[[0;32m  OK  [0m] Started Cape Manager Service.
[   21.362534] omap-aes 53500000.aes: will run requests pump with realtime priority
[   21.371165] PM: Cannot get wkup_m3_ipc handle
[[0;32m  OK  [0m] Found device /dev/ttyS0.
[   21.993770] Bluetooth: Core ver 2.22
[   21.997783] NET: Registered PF_BLUETOOTH protocol family
[   22.003134] Bluetooth: HCI device and connection manager initialized
[   22.009643] Bluetooth: HCI socket layer initialized
[   22.014596] Bluetooth: L2CAP socket layer initialized
[   22.019710] Bluetooth: SCO socket layer initialized
[   25.034505] PM: Cannot get wkup_m3_ipc handle
[   25.155005] PM: Cannot get wkup_m3_ipc handle
[[0;32m  OK  [0m] Started LSB: Start busybox udhcpd at boot time.
[[0;32m  OK  [0m] Started Raise network interfaces.
[[0;32m  OK  [0m] Started LSB: Load kernel modules needed to enable cpufreq scaling.
[[0;32m  OK  [0m] Started Connection service.
[[0;32m  OK  [0m] Started Avahi mDNS/DNS-SD Stack.
[[0;32m  OK  [0m] Started Login Service.
[[0;32m  OK  [0m] Reached target Sound Card.
         Starting LSB: set CPUFreq kernel parameters...
[[0;32m  OK  [0m] Reached target Network.
         Starting The Apache HTTP Server...
         Starting OpenBSD Secure Shell server...
[[0;32m  OK  [0m] Reached target Network is Online.
         Starting LSB: Advanced IEEE 802.11 management daemon...
         Starting Permit User Sessions...
[[0;32m  OK  [0m] Started LSB: Advanced IEEE 802.11 management daemon.
[[0;32m  OK  [0m] Started Permit User Sessions.
[   29.228572] configfs-gadget.g_multi gadget.0: HOST MAC 1c:ba:8c:a2:ed:6c
[   29.235518] configfs-gadget.g_multi gadget.0: MAC 1c:ba:8c:a2:ed:70
[   29.242793] configfs-gadget.g_multi gadget.0: HOST MAC 1c:ba:8c:a2:ed:6c
[   29.249664] configfs-gadget.g_multi gadget.0: MAC 1c:ba:8c:a2:ed:6d
[   29.257166] PM: Cannot get wkup_m3_ipc handle
[[0;32m  OK  [0m] Started Serial Getty on ttyS0.
[[0;32m  OK  [0m] Started Getty on tty1.
[[0;32m  OK  [0m] Reached target Login Prompts.
[[0;32m  OK  [0m] Started LSB: set CPUFreq kernel parameters.
         Starting Hostname Service...
         Starting WPA supplicant...
[[0;32m  OK  [0m] Started OpenBSD Secure Shell server.
[[0;32m  OK  [0m] Started WPA supplicant.
[[0;32m  OK  [0m] Started Hostname Service.
[[0;32m  OK  [0m] Started The Apache HTTP Server.
         Stopping LSB: Start busybox udhcpd at boot time...
[[0;32m  OK  [0m] Stopped LSB: Start busybox udhcpd at boot time.
         Starting dnsmasq - A lightweight DHCP and caching DNS server...
[[0;32m  OK  [0m] Started dnsmasq - A lightweight DHCP and caching DNS server.
[[0;32m  OK  [0m] Reached target Host and Network Name Lookups.
[[0;32m  OK  [0m] Started Serial Getty on ttyGS0.

Debian GNU/Linux 9 arm ttyS0

default username:password is [debian:temppwd]

arm login: root
Password: 
Last login: Sat Jan  1 00:00:31 UTC 2000 on ttyS0
root
Linux arm 6.11.0-g73ea23d406f1 #15 SMP Tue Sep 24 15:25:50 EEST 2024 armv7l

The programs included with the Debian GNU/Linux system are free software;
the exact distribution terms for each program are described in the
individual files in /usr/share/doc/*/copyright.

Debian GNU/Linux comes with ABSOLUTELY NO WARRANTY, to the extent
permitted by applicable law.
root@arm:~# root
-bash: root: command not found
root@arm:~# dmesg -n 1
root@arm:~# echo 'JFOV''HYOGPO'
JFOVHYOGPO
root@arm:~# run() { echo -n "$MARKER"; sh -c "$@"; echo "$MARKER $?"; }
root@arm:~# echo 'LSFY''THHWOC'
LSFYTHHWOC
root@arm:~# MARKER='BNFU''XTCHUB' run 'cat /proc/version'
BNFUXTCHUBLinux version 6.11.0-g73ea23d406f1 (user01@drvtest01) (arm-linux-gnueabihf-gcc (Linaro GCC 6.4-2017.11) 6.4.1 20171012, GNU ld (Linaro_Binutils-2017.11) 2.27.0.20161229) #15 SMP Tue Sep 24 15:25:50 EEST 2024
BNFUXTCHUB 0
root@arm:~# echo 'NWFK''EHUYPV'
NWFKEHUYPV
root@arm:~# MARKER='FUTP''GNLXXV' run false
FUTPGNLXXVFUTPGNLXXV 1
root@arm:~# Labgrid Console Logfile for main
Logfile started at 2024-09-25 12:05:02.890088
=== Log starts here ===

root@arm:~# run() { echo -n "$MARKER"; sh -c "$@"; echo "$MARKER $?"; }
root@arm:~# echo 'SXXS''GPKONT'
SXXSGPKONT
root@arm:~# MARKER='CJZE''CCUCST' run 'insmod /mva_overlay.ko'
CJZECCUCSTCJZECCUCST 0
root@arm:~# echo 'MBSP''YKSGYS'
MBSPYKSGYS
root@arm:~# MARKER='OVQA''WXKLAL' run lsmod
OVQAWXKLALModule                  Size  Used by
mva_overlay            65536  0
usb_f_acm              12288  2
u_serial               16384  3 usb_f_acm
usb_f_ecm              16384  2
usb_f_rndis            24576  2
u_ether                16384  2 usb_f_ecm,usb_f_rndis
libcomposite           57344  15 usb_f_ecm,usb_f_acm,u_ether,usb_f_rndis
iptable_nat            12288  0
nf_nat                 36864  1 iptable_nat
nf_conntrack          110592  1 nf_nat
nf_defrag_ipv6         16384  1 nf_conntrack
nf_defrag_ipv4         12288  1 nf_conntrack
snd_soc_hdmi_codec     16384  1
iptable_mangle         12288  0
evdev                  20480  0
iptable_filter         12288  0
bluetooth             610304  2
snd_soc_simple_card    16384  0
snd_soc_simple_card_utils    20480  1 snd_soc_simple_card
omap_aes_driver        24576  0
omap_crypto            12288  1 omap_aes_driver
omap_sham              28672  0
pm33xx                 12288  0
crypto_engine          12288  2 omap_aes_driver,omap_sham
ti_emif_sram           12288  1 pm33xx
ecdh_generic           12288  1 bluetooth
ecc                    36864  1 ecdh_generic
libaes                 12288  2 omap_aes_driver,bluetooth
omap_rng               12288  0
tilcdc                 32768  0
rng_core               16384  1 omap_rng
drm_dma_helper         16384  1 tilcdc
snd_soc_davinci_mcasp    32768  2
snd_soc_ti_udma        12288  1 snd_soc_davinci_mcasp
snd_soc_ti_edma        12288  1 snd_soc_davinci_mcasp
snd_soc_ti_sdma        12288  1 snd_soc_davinci_mcasp
snd_soc_core          192512  7 snd_soc_davinci_mcasp,snd_soc_hdmi_codec,snd_soc_simple_card_utils,snd_soc_ti_sdma,snd_soc_ti_edma,snd_soc_ti_udma,snd_soc_simple_card
snd_pcm_dmaengine      12288  1 snd_soc_core
snd_pcm               110592  5 snd_soc_davinci_mcasp,snd_pcm_dmaengine,snd_soc_hdmi_codec,snd_soc_simple_card_utils,snd_soc_core
snd_timer              28672  1 snd_pcm
omap_mailbox           12288  1
snd                    69632  4 snd_soc_hdmi_codec,snd_timer,snd_soc_core,snd_pcm
tda998x                20480  0
soundcore              12288  1 snd
drm_kms_helper        122880  3 drm_dma_helper,tda998x,tilcdc
musb_dsps              16384  0
drm                   417792  5 drm_dma_helper,tda998x,tilcdc,drm_kms_helper
omap_wdt               12288  0
musb_hdrc             131072  1 musb_dsps
watchdog               24576  1 omap_wdt
wkup_m3_ipc            12288  1 pm33xx
tps65218_pwrbutton     12288  0
udc_core               45056  7 usb_f_ecm,usb_f_acm,u_serial,musb_hdrc,u_ether,usb_f_rndis,libcomposite
drm_panel_orientation_quirks    12288  1 drm
usbcore               225280  1 musb_hdrc
at24                   16384  0
phy_am335x             12288  2
phy_am335x_control     12288  1 phy_am335x
phy_generic            12288  1 phy_am335x
usb_common             12288  6 phy_am335x,udc_core,musb_hdrc,libcomposite,musb_dsps,usbcore
rtc_omap               16384  2 pm33xx
cppi41                 16384  60
wkup_m3_rproc          12288  1
leds_gpio              12288  0
cpufreq_dt             12288  0
led_class              12288  1 leds_gpio
ip_tables              20480  3 iptable_mangle,iptable_filter,iptable_nat
x_tables               24576  4 iptable_mangle,ip_tables,iptable_filter,iptable_nat
autofs4                40960  2
OVQAWXKLAL 0
root@arm:~# Labgrid Console Logfile for main
Logfile started at 2024-09-25 12:05:06.628778
=== Log starts here ===

root@arm:~# run() { echo -n "$MARKER"; sh -c "$@"; echo "$MARKER $?"; }
root@arm:~# echo 'XMMZ''UWEPAZ'
XMMZUWEPAZ
root@arm:~# MARKER='UCCP''KKHFEA' run 'dd if=/bd71837_test.dtbo of=/sys/kernel/mvva_overlay/overlay_add bs=1M'
UCCPKKHFEA0+1 records in
0+1 records out
4615 bytes (4.6 kB, 4.5 KiB) copied, 0.114655 s, 40.3 kB/s
UCCPKKHFEA 0
root@arm:~# echo 'VYUT''QMPYYU'
VYUTQMPYYU
root@arm:~# MARKER='JOOA''XYUHXV' run 'dd if=/bbb_only_I2C_1.dtbo of=/sys/kernel//mva_overlay/overlay_add bs=1M'
JOOAXYUHXVdd: error writing '/sys/kernel/mva_overlay/overlay_add': Invalid argument
0+1 records in
0+0 records out
0 bytes copied, 0.0126047 s, 0.0 kB/s
JOOAXYUHXV 1
root@arm:~# echo 'SQMV''OOJFZJ'
SQMVOOJFZJ
root@arm:~# MARKER='MZPB''TFQWNV' run lsmod
MZPBTFQWNVModule                  Size  Used by
bd718x7_regulator      24576  2
gpio_keys              16384  0
clk_bd718x7            12288  0
rohm_regulator         12288  1 bd718x7_regulator
rohm_bd718x7           12288  0
mva_overlay            65536  0
usb_f_acm              12288  2
u_serial               16384  3 usb_f_acm
usb_f_ecm              16384  2
usb_f_rndis            24576  2
u_ether                16384  2 usb_f_ecm,usb_f_rndis
libcomposite           57344  15 usb_f_ecm,usb_f_acm,u_ether,usb_f_rndis
iptable_nat            12288  0
nf_nat                 36864  1 iptable_nat
nf_conntrack          110592  1 nf_nat
nf_defrag_ipv6         16384  1 nf_conntrack
nf_defrag_ipv4         12288  1 nf_conntrack
snd_soc_hdmi_codec     16384  1
iptable_mangle         12288  0
evdev                  20480  1
iptable_filter         12288  0
bluetooth             610304  2
snd_soc_simple_card    16384  0
snd_soc_simple_card_utils    20480  1 snd_soc_simple_card
omap_aes_driver        24576  0
omap_crypto            12288  1 omap_aes_driver
omap_sham              28672  0
pm33xx                 12288  0
crypto_engine          12288  2 omap_aes_driver,omap_sham
ti_emif_sram           12288  1 pm33xx
ecdh_generic           12288  1 bluetooth
ecc                    36864  1 ecdh_generic
libaes                 12288  2 omap_aes_driver,bluetooth
omap_rng               12288  0
tilcdc                 32768  0
rng_core               16384  1 omap_rng
drm_dma_helper         16384  1 tilcdc
snd_soc_davinci_mcasp    32768  2
snd_soc_ti_udma        12288  1 snd_soc_davinci_mcasp
snd_soc_ti_edma        12288  1 snd_soc_davinci_mcasp
snd_soc_ti_sdma        12288  1 snd_soc_davinci_mcasp
snd_soc_core          192512  7 snd_soc_davinci_mcasp,snd_soc_hdmi_codec,snd_soc_simple_card_utils,snd_soc_ti_sdma,snd_soc_ti_edma,snd_soc_ti_udma,snd_soc_simple_card
snd_pcm_dmaengine      12288  1 snd_soc_core
snd_pcm               110592  5 snd_soc_davinci_mcasp,snd_pcm_dmaengine,snd_soc_hdmi_codec,snd_soc_simple_card_utils,snd_soc_core
snd_timer              28672  1 snd_pcm
omap_mailbox           12288  1
snd                    69632  4 snd_soc_hdmi_codec,snd_timer,snd_soc_core,snd_pcm
tda998x                20480  0
soundcore              12288  1 snd
drm_kms_helper        122880  3 drm_dma_helper,tda998x,tilcdc
musb_dsps              16384  0
drm                   417792  5 drm_dma_helper,tda998x,tilcdc,drm_kms_helper
omap_wdt               12288  0
musb_hdrc             131072  1 musb_dsps
watchdog               24576  1 omap_wdt
wkup_m3_ipc            12288  1 pm33xx
tps65218_pwrbutton     12288  0
udc_core               45056  7 usb_f_ecm,usb_f_acm,u_serial,musb_hdrc,u_ether,usb_f_rndis,libcomposite
drm_panel_orientation_quirks    12288  1 drm
usbcore               225280  1 musb_hdrc
at24                   16384  0
phy_am335x             12288  2
phy_am335x_control     12288  1 phy_am335x
phy_generic            12288  1 phy_am335x
usb_common             12288  6 phy_am335x,udc_core,musb_hdrc,libcomposite,musb_dsps,usbcore
rtc_omap               16384  2 pm33xx
cppi41                 16384  60
wkup_m3_rproc          12288  1
leds_gpio              12288  0
cpufreq_dt             12288  0
led_class              12288  1 leds_gpio
ip_tables              20480  3 iptable_mangle,iptable_filter,iptable_nat
x_tables               24576  4 iptable_mangle,ip_tables,iptable_filter,iptable_nat
autofs4                40960  2
MZPBTFQWNV 0
root@arm:~# Labgrid Console Logfile for main
Logfile started at 2024-09-25 12:05:12.820302
=== Log starts here ===

root@arm:~# run() { echo -n "$MARKER"; sh -c "$@"; echo "$MARKER $?"; }
root@arm:~# echo 'WNWW''YKJBLM'
WNWWYKJBLM
root@arm:~# MARKER='WLBZ''YCHMYE' run 'insmod /bd71837-test.ko'
WLBZYCHMYEWLBZYCHMYE 0
root@arm:~# echo 'SXYO''PPFFCB'
SXYOPPFFCB
root@arm:~# MARKER='ZTFV''AZGYUX' run lsmod
ZTFVAZGYUXModule                  Size  Used by
bd71837_test           24576  0
bd718x7_regulator      24576  17
gpio_keys              16384  0
clk_bd718x7            12288  0
rohm_regulator         12288  1 bd718x7_regulator
rohm_bd718x7           12288  0
mva_overlay            65536  0
usb_f_acm              12288  2
u_serial               16384  3 usb_f_acm
usb_f_ecm              16384  2
usb_f_rndis            24576  2
u_ether                16384  2 usb_f_ecm,usb_f_rndis
libcomposite           57344  15 usb_f_ecm,usb_f_acm,u_ether,usb_f_rndis
iptable_nat            12288  0
nf_nat                 36864  1 iptable_nat
nf_conntrack          110592  1 nf_nat
nf_defrag_ipv6         16384  1 nf_conntrack
nf_defrag_ipv4         12288  1 nf_conntrack
snd_soc_hdmi_codec     16384  1
iptable_mangle         12288  0
evdev                  20480  1
iptable_filter         12288  0
bluetooth             610304  2
snd_soc_simple_card    16384  0
snd_soc_simple_card_utils    20480  1 snd_soc_simple_card
omap_aes_driver        24576  0
omap_crypto            12288  1 omap_aes_driver
omap_sham              28672  0
pm33xx                 12288  0
crypto_engine          12288  2 omap_aes_driver,omap_sham
ti_emif_sram           12288  1 pm33xx
ecdh_generic           12288  1 bluetooth
ecc                    36864  1 ecdh_generic
libaes                 12288  2 omap_aes_driver,bluetooth
omap_rng               12288  0
tilcdc                 32768  0
rng_core               16384  1 omap_rng
drm_dma_helper         16384  1 tilcdc
snd_soc_davinci_mcasp    32768  2
snd_soc_ti_udma        12288  1 snd_soc_davinci_mcasp
snd_soc_ti_edma        12288  1 snd_soc_davinci_mcasp
snd_soc_ti_sdma        12288  1 snd_soc_davinci_mcasp
snd_soc_core          192512  7 snd_soc_davinci_mcasp,snd_soc_hdmi_codec,snd_soc_simple_card_utils,snd_soc_ti_sdma,snd_soc_ti_edma,snd_soc_ti_udma,snd_soc_simple_card
snd_pcm_dmaengine      12288  1 snd_soc_core
snd_pcm               110592  5 snd_soc_davinci_mcasp,snd_pcm_dmaengine,snd_soc_hdmi_codec,snd_soc_simple_card_utils,snd_soc_core
snd_timer              28672  1 snd_pcm
omap_mailbox           12288  1
snd                    69632  4 snd_soc_hdmi_codec,snd_timer,snd_soc_core,snd_pcm
tda998x                20480  0
soundcore              12288  1 snd
drm_kms_helper        122880  3 drm_dma_helper,tda998x,tilcdc
musb_dsps              16384  0
drm                   417792  5 drm_dma_helper,tda998x,tilcdc,drm_kms_helper
omap_wdt               12288  0
musb_hdrc             131072  1 musb_dsps
watchdog               24576  1 omap_wdt
wkup_m3_ipc            12288  1 pm33xx
tps65218_pwrbutton     12288  0
udc_core               45056  7 usb_f_ecm,usb_f_acm,u_serial,musb_hdrc,u_ether,usb_f_rndis,libcomposite
drm_panel_orientation_quirks    12288  1 drm
usbcore               225280  1 musb_hdrc
at24                   16384  0
phy_am335x             12288  2
phy_am335x_control     12288  1 phy_am335x
phy_generic            12288  1 phy_am335x
usb_common             12288  6 phy_am335x,udc_core,musb_hdrc,libcomposite,musb_dsps,usbcore
rtc_omap               16384  2 pm33xx
cppi41                 16384  60
wkup_m3_rproc          12288  1
leds_gpio              12288  0
cpufreq_dt             12288  0
led_class              12288  1 leds_gpio
ip_tables              20480  3 iptable_mangle,iptable_filter,iptable_nat
x_tables               24576  4 iptable_mangle,ip_tables,iptable_filter,iptable_nat
autofs4                40960  2
ZTFVAZGYUX 0
root@arm:~# Labgrid Console Logfile for main
Logfile started at 2024-09-25 12:05:16.551952
=== Log starts here ===

root@arm:~# run() { echo -n "$MARKER"; sh -c "$@"; echo "$MARKER $?"; }
root@arm:~# echo 'CMZX''ZSAYYN'
CMZXZSAYYN
root@arm:~# MARKER='YWFV''TPVVMV' run '/./init_regulator_test.sh bd71837'
YWFVTPVVMVboard bd71837 given
/./init_regulator_test.sh: line 38: buck10_en: command not found
/./init_regulator_test.sh: line 39: buck10_set: command not found
YWFVTPVVMV 0
root@arm:~# Labgrid Console Logfile for main
Logfile started at 2024-09-25 12:05:26.879250
=== Log starts here ===

root@arm:~# run() { echo -n "$MARKER"; sh -c "$@"; echo "$MARKER $?"; }
root@arm:~# echo 'KLYL''CUXPPM'
KLYLCUXPPM
root@arm:~# MARKER='VGYC''WCWTJS' run dmesg
VGYCWCWTJS[    0.000000] Booting Linux on physical CPU 0x0
[    0.000000] Linux version 6.11.0-g73ea23d406f1 (user01@drvtest01) (arm-linux-gnueabihf-gcc (Linaro GCC 6.4-2017.11) 6.4.1 20171012, GNU ld (Linaro_Binutils-2017.11) 2.27.0.20161229) #15 SMP Tue Sep 24 15:25:50 EEST 2024
[    0.000000] CPU: ARMv7 Processor [413fc082] revision 2 (ARMv7), cr=10c5387d
[    0.000000] CPU: PIPT / VIPT nonaliasing data cache, VIPT aliasing instruction cache
[    0.000000] OF: fdt: Machine model: TI AM335x BeagleBone Black
[    0.000000] Memory policy: Data cache writeback
[    0.000000] cma: Reserved 16 MiB at 0x9e800000 on node -1
[    0.000000] Zone ranges:
[    0.000000]   Normal   [mem 0x0000000080000000-0x000000009fdfffff]
[    0.000000]   HighMem  empty
[    0.000000] Movable zone start for each node
[    0.000000] Early memory node ranges
[    0.000000]   node   0: [mem 0x0000000080000000-0x000000009fdfffff]
[    0.000000] Initmem setup node 0 [mem 0x0000000080000000-0x000000009fdfffff]
[    0.000000] CPU: All CPU(s) started in SVC mode.
[    0.000000] AM335X ES2.1 (sgx neon)
[    0.000000] percpu: Embedded 17 pages/cpu s39628 r8192 d21812 u69632
[    0.000000] pcpu-alloc: s39628 r8192 d21812 u69632 alloc=17*4096
[    0.000000] pcpu-alloc: [0] 0 
[    0.000000] Kernel command line: console=ttyO0,115200n8 root=/dev/nfs rw nfsroot=192.168.255.126:/home/user01/nfs,nfsvers=3 ip=192.168.255.4:192.168.255.126::255.255.255.0:bbb1:eth0 nfsrootdebug
[    0.000000] Unknown kernel command line parameters "nfsrootdebug", will be passed to user space.
[    0.000000] Dentry cache hash table entries: 65536 (order: 6, 262144 bytes, linear)
[    0.000000] Inode-cache hash table entries: 32768 (order: 5, 131072 bytes, linear)
[    0.000000] Built 1 zonelists, mobility grouping on.  Total pages: 130560
[    0.000000] mem auto-init: stack:off, heap alloc:off, heap free:off
[    0.000000] SLUB: HWalign=64, Order=0-3, MinObjects=0, CPUs=1, Nodes=1
[    0.000000] trace event string verifier disabled
[    0.000000] rcu: Hierarchical RCU implementation.
[    0.000000] rcu: 	RCU event tracing is enabled.
[    0.000000] rcu: 	RCU restricting CPUs from NR_CPUS=2 to nr_cpu_ids=1.
[    0.000000] rcu: RCU calculated value of scheduler-enlistment delay is 10 jiffies.
[    0.000000] rcu: Adjusting geometry for rcu_fanout_leaf=16, nr_cpu_ids=1
[    0.000000] NR_IRQS: 16, nr_irqs: 16, preallocated irqs: 16
[    0.000000] IRQ: Found an INTC at 0x(ptrval) (revision 5.0) with 128 interrupts
[    0.000000] rcu: srcu_init: Setting srcu_struct sizes based on contention.
[    0.000000] TI gptimer clocksource: always-on /ocp/interconnect@44c00000/segment@200000/target-module@31000
[    0.000002] sched_clock: 32 bits at 24MHz, resolution 41ns, wraps every 89478484971ns
[    0.000027] clocksource: dmtimer: mask: 0xffffffff max_cycles: 0xffffffff, max_idle_ns: 79635851949 ns
[    0.000510] TI gptimer clockevent: 24000000 Hz at /ocp/interconnect@48000000/segment@0/target-module@40000
[    0.002145] Console: colour dummy device 80x30
[    0.002215] WARNING: Your 'console=ttyO0' has been replaced by 'ttyS0'
[    0.002224] This ensures that you still see kernel messages. Please
[    0.002231] update your kernel commandline.
[    0.002276] Calibrating delay loop... 996.14 BogoMIPS (lpj=4980736)
[    0.090565] CPU: Testing write buffer coherency: ok
[    0.090672] CPU0: Spectre v2: using BPIALL workaround
[    0.090684] pid_max: default: 32768 minimum: 301
[    0.090807] LSM: initializing lsm=capability
[    0.090973] Mount-cache hash table entries: 1024 (order: 0, 4096 bytes, linear)
[    0.090996] Mountpoint-cache hash table entries: 1024 (order: 0, 4096 bytes, linear)
[    0.092537] CPU0: thread -1, cpu 0, socket -1, mpidr 0
[    0.094247] Setting up static identity map for 0x80100000 - 0x80100078
[    0.094547] rcu: Hierarchical SRCU implementation.
[    0.094561] rcu: 	Max phase no-delay instances is 1000.
[    0.096240] smp: Bringing up secondary CPUs ...
[    0.096301] smp: Brought up 1 node, 1 CPU
[    0.096317] SMP: Total of 1 processors activated (996.14 BogoMIPS).
[    0.096330] CPU: All CPU(s) started in SVC mode.
[    0.096526] Memory: 480876K/522240K available (11264K kernel code, 1197K rwdata, 2856K rodata, 1024K init, 297K bss, 23344K reserved, 16384K cma-reserved, 0K highmem)
[    0.097325] devtmpfs: initialized
[    0.113724] VFP support v0.3: implementor 41 architecture 3 part 30 variant c rev 3
[    0.114078] clocksource: jiffies: mask: 0xffffffff max_cycles: 0xffffffff, max_idle_ns: 19112604462750000 ns
[    0.114114] futex hash table entries: 256 (order: 2, 16384 bytes, linear)
[    0.115392] pinctrl core: initialized pinctrl subsystem
[    0.118131] NET: Registered PF_NETLINK/PF_ROUTE protocol family
[    0.121126] DMA: preallocated 256 KiB pool for atomic coherent allocations
[    0.122095] audit: initializing netlink subsys (disabled)
[    0.123463] thermal_sys: Registered thermal governor 'fair_share'
[    0.123483] thermal_sys: Registered thermal governor 'step_wise'
[    0.123495] thermal_sys: Registered thermal governor 'user_space'
[    0.123609] audit: type=2000 audit(0.120:1): state=initialized audit_enabled=0 res=1
[    0.123681] cpuidle: using governor menu
[    0.142852] No ATAGs?
[    0.142885] hw-breakpoint: debug architecture 0x4 unsupported.
[    0.145786] kprobes: kprobe jump-optimization is enabled. All kprobes are optimized if possible.
[    0.164107] iommu: Default domain type: Translated
[    0.164136] iommu: DMA domain TLB invalidation policy: strict mode
[    0.165717] reg-fixed-voltage fixedregulator0: using DT '/fixedregulator0' for '(default)' GPIO lookup
[    0.165777] of_get_named_gpiod_flags: can't parse 'gpios' property of node '/fixedregulator0[0]'
[    0.165808] of_get_named_gpiod_flags: can't parse 'gpio' property of node '/fixedregulator0[0]'
[    0.165829] reg-fixed-voltage fixedregulator0: using lookup tables for GPIO lookup
[    0.165842] reg-fixed-voltage fixedregulator0: No GPIO consumer (default) found
[    0.171473] SCSI subsystem initialized
[    0.181087] libata version 3.00 loaded.
[    0.181459] pps_core: LinuxPPS API ver. 1 registered
[    0.181473] pps_core: Software ver. 5.3.6 - Copyright 2005-2007 Rodolfo Giometti <giometti@linux.it>
[    0.181499] PTP clock support registered
[    0.183457] vgaarb: loaded
[    0.183857] clocksource: Switched to clocksource dmtimer
[    0.184449] VFS: Disk quotas dquot_6.6.0
[    0.184495] VFS: Dquot-cache hash table entries: 1024 (order 0, 4096 bytes)
[    0.210641] NET: Registered PF_INET protocol family
[    0.211004] IP idents hash table entries: 8192 (order: 4, 65536 bytes, linear)
[    0.212398] tcp_listen_portaddr_hash hash table entries: 512 (order: 0, 4096 bytes, linear)
[    0.212440] Table-perturb hash table entries: 65536 (order: 6, 262144 bytes, linear)
[    0.212459] TCP established hash table entries: 4096 (order: 2, 16384 bytes, linear)
[    0.212504] TCP bind hash table entries: 4096 (order: 4, 65536 bytes, linear)
[    0.212605] TCP: Hash tables configured (established 4096 bind 4096)
[    0.212727] UDP hash table entries: 256 (order: 1, 8192 bytes, linear)
[    0.212757] UDP-Lite hash table entries: 256 (order: 1, 8192 bytes, linear)
[    0.212931] NET: Registered PF_UNIX/PF_LOCAL protocol family
[    0.214298] RPC: Registered named UNIX socket transport module.
[    0.214327] RPC: Registered udp transport module.
[    0.214334] RPC: Registered tcp transport module.
[    0.214341] RPC: Registered tcp-with-tls transport module.
[    0.214348] RPC: Registered tcp NFSv4.1 backchannel transport module.
[    0.214374] PCI: CLS 0 bytes, default 64
[    0.215819] Initialise system trusted keyrings
[    0.224602] workingset: timestamp_bits=14 max_order=17 bucket_order=3
[    0.225931] NFS: Registering the id_resolver key type
[    0.226007] Key type id_resolver registered
[    0.226018] Key type id_legacy registered
[    0.226069] jffs2: version 2.2. (NAND) (SUMMARY)  Â© 2001-2006 Red Hat, Inc.
[    0.226474] Key type asymmetric registered
[    0.226493] Asymmetric key parser 'x509' registered
[    0.226562] io scheduler mq-deadline registered
[    0.226574] io scheduler kyber registered
[    0.226643] io scheduler bfq registered
[    0.244022] Serial: 8250/16550 driver, 6 ports, IRQ sharing enabled
[    0.324531] brd: module loaded
[    0.332775] loop: module loaded
[    0.333711] mtdoops: mtd device (mtddev=name/number) must be supplied
[    0.335717] mdio_bus fixed-0: using lookup tables for GPIO lookup
[    0.335750] mdio_bus fixed-0: No GPIO consumer reset found
[    0.337153] i2c_dev: i2c /dev entries driver
[    0.338115] cpuidle: enable-method property 'ti,am3352' found operations
[    0.338568] sdhci: Secure Digital Host Controller Interface driver
[    0.338580] sdhci: Copyright(c) Pierre Ossman
[    0.338758] sdhci-pltfm: SDHCI platform and OF driver helper
[    0.339066] ledtrig-cpu: registered to indicate activity on CPUs
[    0.340002] Initializing XFRM netlink socket
[    0.340129] NET: Registered PF_INET6 protocol family
[    0.353709] Segment Routing with IPv6
[    0.353804] In-situ OAM (IOAM) with IPv6
[    0.353991] sit: IPv6, IPv4 and MPLS over IPv4 tunneling driver
[    0.354952] NET: Registered PF_PACKET protocol family
[    0.354996] NET: Registered PF_KEY protocol family
[    0.355126] Key type dns_resolver registered
[    0.355390] ThumbEE CPU extension supported.
[    0.355412] Registering SWP/SWPB emulation handler
[    0.355944] omap_voltage_late_init: Voltage driver support not added
[    0.356300] SmartReflex Class3 initialized
[    0.388004] Loading compiled-in X.509 certificates
[    0.424983] gpiochip_find_base_unlocked: found new base at 512
[    0.443635] platform 44e10800.pinmux: Fixed dependency cycle(s) with /ocp/interconnect@44c00000/segment@200000/target-module@10000/scm@0/pinmux@800/clkout2-pins
[    0.444482] pinctrl-single 44e10800.pinmux: 142 pins, size 568
[    0.449559] ti-sysc 44e31000.target-module: probe with driver ti-sysc failed with error -16
[    0.501653] ti-sysc 48040000.target-module: probe with driver ti-sysc failed with error -16
[    0.512610] gpiochip_find_base_unlocked: found new base at 512
[    0.512725] gpio gpiochip0: (gpio-0-31): created GPIO range 0->7 ==> 44e10800.pinmux PIN 0->7
[    0.512746] gpio gpiochip0: (gpio-0-31): created GPIO range 8->11 ==> 44e10800.pinmux PIN 90->93
[    0.512763] gpio gpiochip0: (gpio-0-31): created GPIO range 12->27 ==> 44e10800.pinmux PIN 12->27
[    0.512780] gpio gpiochip0: (gpio-0-31): created GPIO range 28->31 ==> 44e10800.pinmux PIN 30->33
[    0.525107] gpio gpiochip0: (gpio-0-31): added GPIO chardev (254:0)
[    0.525292] gpio gpiochip0: registered GPIOs 512 to 543 on gpio-0-31
[    0.525377] OMAP GPIO hardware version 0.1
[    0.568004] i2c i2c-2: using DT '/ocp/interconnect@48000000/segment@100000/target-module@9c000/i2c@0' for 'scl' GPIO lookup
[    0.568086] of_get_named_gpiod_flags: can't parse 'scl-gpios' property of node '/ocp/interconnect@48000000/segment@100000/target-module@9c000/i2c@0[0]'
[    0.568134] of_get_named_gpiod_flags: can't parse 'scl-gpio' property of node '/ocp/interconnect@48000000/segment@100000/target-module@9c000/i2c@0[0]'
[    0.568174] i2c i2c-2: using lookup tables for GPIO lookup
[    0.568185] i2c i2c-2: No GPIO consumer scl found
[    0.568209] i2c i2c-2: using DT '/ocp/interconnect@48000000/segment@100000/target-module@9c000/i2c@0' for 'sda' GPIO lookup
[    0.568247] of_get_named_gpiod_flags: can't parse 'sda-gpios' property of node '/ocp/interconnect@48000000/segment@100000/target-module@9c000/i2c@0[0]'
[    0.568287] of_get_named_gpiod_flags: can't parse 'sda-gpio' property of node '/ocp/interconnect@48000000/segment@100000/target-module@9c000/i2c@0[0]'
[    0.568321] i2c i2c-2: using lookup tables for GPIO lookup
[    0.568330] i2c i2c-2: No GPIO consumer sda found
[    0.569019] omap_i2c 4819c000.i2c: bus 2 rev0.11 at 100 kHz
[    0.574530] gpiochip_find_base_unlocked: found new base at 544
[    0.574642] gpio gpiochip1: (gpio-32-63): created GPIO range 0->17 ==> 44e10800.pinmux PIN 34->51
[    0.574666] gpio gpiochip1: (gpio-32-63): created GPIO range 18->21 ==> 44e10800.pinmux PIN 77->80
[    0.574684] gpio gpiochip1: (gpio-32-63): created GPIO range 22->31 ==> 44e10800.pinmux PIN 56->65
[    0.575448] gpio gpiochip1: (gpio-32-63): added GPIO chardev (254:1)
[    0.575593] gpio gpiochip1: registered GPIOs 544 to 575 on gpio-32-63
[    0.577707] gpiochip_find_base_unlocked: found new base at 576
[    0.577819] gpio gpiochip2: (gpio-64-95): created GPIO range 0->4 ==> 44e10800.pinmux PIN 66->70
[    0.577843] gpio gpiochip2: (gpio-64-95): created GPIO range 5->6 ==> 44e10800.pinmux PIN 98->99
[    0.577860] gpio gpiochip2: (gpio-64-95): created GPIO range 7->8 ==> 44e10800.pinmux PIN 75->76
[    0.577877] gpio gpiochip2: (gpio-64-95): created GPIO range 13->13 ==> 44e10800.pinmux PIN 141->141
[    0.577895] gpio gpiochip2: (gpio-64-95): created GPIO range 14->21 ==> 44e10800.pinmux PIN 100->107
[    0.578487] gpio gpiochip2: (gpio-64-95): added GPIO chardev (254:2)
[    0.578620] gpio gpiochip2: registered GPIOs 576 to 607 on gpio-64-95
[    0.584129] 48000000.interconnect:segment@200000:target-module@0:mpu@0:fck: device ID is greater than 24
[    0.588288] platform 4830e000.lcdc: Fixed dependency cycle(s) with /ocp/interconnect@44c00000/segment@200000/target-module@b000/i2c@0/tda19988@70
[    0.597597] mdio_bus 4a101000.mdio: using DT '/ocp/interconnect@4a000000/segment@0/target-module@100000/switch@0/mdio@1000' for 'reset' GPIO lookup
[    0.597679] of_get_named_gpiod_flags: can't parse 'reset-gpios' property of node '/ocp/interconnect@4a000000/segment@0/target-module@100000/switch@0/mdio@1000[0]'
[    0.597730] of_get_named_gpiod_flags: can't parse 'reset-gpio' property of node '/ocp/interconnect@4a000000/segment@0/target-module@100000/switch@0/mdio@1000[0]'
[    0.597782] mdio_bus 4a101000.mdio: using lookup tables for GPIO lookup
[    0.597794] mdio_bus 4a101000.mdio: No GPIO consumer reset found
[    0.599940] sdhci-omap 481d8000.mmc: using DT '/ocp/interconnect@48000000/segment@100000/target-module@d8000/mmc@0' for 'wp' GPIO lookup
[    0.600014] of_get_named_gpiod_flags: can't parse 'wp-gpios' property of node '/ocp/interconnect@48000000/segment@100000/target-module@d8000/mmc@0[0]'
[    0.600063] of_get_named_gpiod_flags: can't parse 'wp-gpio' property of node '/ocp/interconnect@48000000/segment@100000/target-module@d8000/mmc@0[0]'
[    0.600101] sdhci-omap 481d8000.mmc: using lookup tables for GPIO lookup
[    0.600113] sdhci-omap 481d8000.mmc: No GPIO consumer wp found
[    0.600317] sdhci-omap 481d8000.mmc: supply pbias not found, using dummy regulator
[    0.600789] sdhci-omap 481d8000.mmc: supply vqmmc not found, using dummy regulator
[    0.676610] davinci_mdio 4a101000.mdio: davinci mdio revision 1.6, bus freq 1000000
[    0.701001] mdio_bus 4a101000.mdio:00: using DT '/ocp/interconnect@4a000000/segment@0/target-module@100000/switch@0/mdio@1000/ethernet-phy@0' for 'reset' GPIO lookup
[    0.701110] of_get_named_gpiod_flags: parsed 'reset-gpios' property of node '/ocp/interconnect@4a000000/segment@0/target-module@100000/switch@0/mdio@1000/ethernet-phy@0[0]' - status (0)
[    0.701284] gpio gpiochip0: Persistence not supported for GPIO 8
[    0.793963] davinci_mdio 4a101000.mdio: phy[0]: device 4a101000.mdio:00, driver SMSC LAN8710/LAN8720
[    0.794616] cpsw-switch 4a100000.switch: initialized cpsw ale version 1.4
[    0.794640] cpsw-switch 4a100000.switch: ALE Table size 1024
[    0.804610] cpsw-switch 4a100000.switch: cpts: overflow check period 500 (jiffies)
[    0.804642] cpsw-switch 4a100000.switch: CPTS: ref_clk_freq:250000000 calc_mult:2147483648 calc_shift:29 error:0 nsec/sec
[    0.804755] cpsw-switch 4a100000.switch: Detected MACID = 18:2c:65:25:1d:6e
[    0.806574] cpsw-switch 4a100000.switch: initialized (regs 0x4a100000, pool size 256) hw_ver:0019010C 1.12 (0)
[    0.817569] debugfs: Directory '49000000.dma' with parent 'dmaengine' already present!
[    0.817619] edma 49000000.dma: TI EDMA DMA engine driver
[    0.858151] target-module@4b000000:target-module@140000:pmu@0:fck: device ID is greater than 24
[    0.893443] hw perfevents: enabled with armv7_cortex_a8 PMU driver, 5 counters available
[    0.894469] gpio-clk clk_mcasp0: using DT '/clk_mcasp0' for 'enable' GPIO lookup
[    0.894546] of_get_named_gpiod_flags: parsed 'enable-gpios' property of node '/clk_mcasp0[0]' - status (0)
[    0.894593] gpio gpiochip0: Persistence not supported for GPIO 27
[    0.895418] gpiochip_find_base_unlocked: found new base at 608
[    0.895544] gpio gpiochip3: (gpio-96-127): created GPIO range 0->7 ==> 44e10800.pinmux PIN 82->89
[    0.895568] gpio gpiochip3: (gpio-96-127): created GPIO range 8->11 ==> 44e10800.pinmux PIN 52->55
[    0.895586] gpio gpiochip3: (gpio-96-127): created GPIO range 12->15 ==> 44e10800.pinmux PIN 94->97
[    0.895603] gpio gpiochip3: (gpio-96-127): created GPIO range 16->17 ==> 44e10800.pinmux PIN 71->72
[    0.895620] gpio gpiochip3: (gpio-96-127): created GPIO range 18->18 ==> 44e10800.pinmux PIN 135->135
[    0.895638] gpio gpiochip3: (gpio-96-127): created GPIO range 19->20 ==> 44e10800.pinmux PIN 108->109
[    0.895656] gpio gpiochip3: (gpio-96-127): created GPIO range 21->21 ==> 44e10800.pinmux PIN 73->73
[    0.895675] gpio gpiochip3: (gpio-96-127): created GPIO range 22->23 ==> 44e10800.pinmux PIN 8->9
[    0.895694] gpio gpiochip3: (gpio-96-127): created GPIO range 26->27 ==> 44e10800.pinmux PIN 10->11
[    0.895713] gpio gpiochip3: (gpio-96-127): created GPIO range 28->28 ==> 44e10800.pinmux PIN 74->74
[    0.895733] gpio gpiochip3: (gpio-96-127): created GPIO range 29->29 ==> 44e10800.pinmux PIN 81->81
[    0.895753] gpio gpiochip3: (gpio-96-127): created GPIO range 30->31 ==> 44e10800.pinmux PIN 28->29
[    0.896384] gpio gpiochip3: (gpio-96-127): added GPIO chardev (254:3)
[    0.896545] gpio gpiochip3: registered GPIOs 608 to 639 on gpio-96-127
[    0.898401] omap8250 44e09000.serial: using DT '/ocp/interconnect@44c00000/segment@200000/target-module@9000/serial@0' for 'rs485-term' GPIO lookup
[    0.898474] of_get_named_gpiod_flags: can't parse 'rs485-term-gpios' property of node '/ocp/interconnect@44c00000/segment@200000/target-module@9000/serial@0[0]'
[    0.898520] of_get_named_gpiod_flags: can't parse 'rs485-term-gpio' property of node '/ocp/interconnect@44c00000/segment@200000/target-module@9000/serial@0[0]'
[    0.898560] omap8250 44e09000.serial: using lookup tables for GPIO lookup
[    0.898572] omap8250 44e09000.serial: No GPIO consumer rs485-term found
[    0.898584] omap8250 44e09000.serial: using DT '/ocp/interconnect@44c00000/segment@200000/target-module@9000/serial@0' for 'rs485-rx-during-tx' GPIO lookup
[    0.898622] of_get_named_gpiod_flags: can't parse 'rs485-rx-during-tx-gpios' property of node '/ocp/interconnect@44c00000/segment@200000/target-module@9000/serial@0[0]'
[    0.898662] of_get_named_gpiod_flags: can't parse 'rs485-rx-during-tx-gpio' property of node '/ocp/interconnect@44c00000/segment@200000/target-module@9000/serial@0[0]'
[    0.898698] omap8250 44e09000.serial: using lookup tables for GPIO lookup
[    0.898707] omap8250 44e09000.serial: No GPIO consumer rs485-rx-during-tx found
[    0.899082] 44e09000.serial: ttyS0 at MMIO 0x44e09000 (irq = 34, base_baud = 3000000) is a 8250
[    0.899169] printk: legacy console [ttyS0] enabled
[    1.888299] l3-aon-clkctrl:0000:0: failed to disable
[    2.086401] i2c i2c-0: using DT '/ocp/interconnect@44c00000/segment@200000/target-module@b000/i2c@0' for 'scl' GPIO lookup
[    2.086494] of_get_named_gpiod_flags: can't parse 'scl-gpios' property of node '/ocp/interconnect@44c00000/segment@200000/target-module@b000/i2c@0[0]'
[    2.086542] of_get_named_gpiod_flags: can't parse 'scl-gpio' property of node '/ocp/interconnect@44c00000/segment@200000/target-module@b000/i2c@0[0]'
[    2.086584] i2c i2c-0: using lookup tables for GPIO lookup
[    2.086598] i2c i2c-0: No GPIO consumer scl found
[    2.086623] i2c i2c-0: using DT '/ocp/interconnect@44c00000/segment@200000/target-module@b000/i2c@0' for 'sda' GPIO lookup
[    2.086664] of_get_named_gpiod_flags: can't parse 'sda-gpios' property of node '/ocp/interconnect@44c00000/segment@200000/target-module@b000/i2c@0[0]'
[    2.086708] of_get_named_gpiod_flags: can't parse 'sda-gpio' property of node '/ocp/interconnect@44c00000/segment@200000/target-module@b000/i2c@0[0]'
[    2.086745] i2c i2c-0: using lookup tables for GPIO lookup
[    2.086756] i2c i2c-0: No GPIO consumer sda found
[    2.125927] tps65217-pmic: Failed to locate of_node [id: -1]
[    2.132005] tps65217-bl: Failed to locate of_node [id: -1]
[    2.159301] tps65217 0-0024: TPS65217 ID 0xe version 1.2
[    2.165471] platform 4830e000.lcdc: Fixed dependency cycle(s) with /ocp/interconnect@44c00000/segment@200000/target-module@b000/i2c@0/tda19988@70
[    2.178887] i2c 0-0070: Fixed dependency cycle(s) with /ocp/interconnect@48000000/segment@300000/target-module@e000/lcdc@0
[    2.190307] omap_i2c 44e0b000.i2c: bus 0 rev0.11 at 400 kHz
[    2.201099] sdhci-omap 48060000.mmc: using DT '/ocp/interconnect@48000000/segment@0/target-module@60000/mmc@0' for 'cd' GPIO lookup
[    2.201215] of_get_named_gpiod_flags: parsed 'cd-gpios' property of node '/ocp/interconnect@48000000/segment@0/target-module@60000/mmc@0[0]' - status (0)
[    2.201284] gpio gpiochip3: Persistence not supported for GPIO 6
[    2.201309] omap_gpio 44e07000.gpio: Could not set line 6 debounce to 200000 microseconds (-22)
[    2.210228] sdhci-omap 48060000.mmc: Got CD GPIO
[    2.214928] sdhci-omap 48060000.mmc: using DT '/ocp/interconnect@48000000/segment@0/target-module@60000/mmc@0' for 'wp' GPIO lookup
[    2.214981] of_get_named_gpiod_flags: can't parse 'wp-gpios' property of node '/ocp/interconnect@48000000/segment@0/target-module@60000/mmc@0[0]'
[    2.215027] of_get_named_gpiod_flags: can't parse 'wp-gpio' property of node '/ocp/interconnect@48000000/segment@0/target-module@60000/mmc@0[0]'
[    2.215067] sdhci-omap 48060000.mmc: using lookup tables for GPIO lookup
[    2.215082] sdhci-omap 48060000.mmc: No GPIO consumer wp found
[    2.215298] sdhci-omap 48060000.mmc: supply pbias not found, using dummy regulator
[    2.227868] sdhci-omap 481d8000.mmc: using DT '/ocp/interconnect@48000000/segment@100000/target-module@d8000/mmc@0' for 'wp' GPIO lookup
[    2.227961] of_get_named_gpiod_flags: can't parse 'wp-gpios' property of node '/ocp/interconnect@48000000/segment@100000/target-module@d8000/mmc@0[0]'
[    2.228012] of_get_named_gpiod_flags: can't parse 'wp-gpio' property of node '/ocp/interconnect@48000000/segment@100000/target-module@d8000/mmc@0[0]'
[    2.228054] sdhci-omap 481d8000.mmc: using lookup tables for GPIO lookup
[    2.228068] sdhci-omap 481d8000.mmc: No GPIO consumer wp found
[    2.228739] sdhci-omap 48060000.mmc: supply vqmmc not found, using dummy regulator
[    2.237597] sdhci-omap 481d8000.mmc: supply pbias not found, using dummy regulator
[    2.246499] sdhci-omap 481d8000.mmc: supply vqmmc not found, using dummy regulator
[    2.283938] mmc1: SDHCI controller on 481d8000.mmc [481d8000.mmc] using External DMA
[    2.293080] mmc0: SDHCI controller on 48060000.mmc [48060000.mmc] using External DMA
[    2.301892] cpsw-switch 4a100000.switch: starting ndev. mode: dual_mac
[    2.353691] mmc1: new high speed MMC card at address 0001
[    2.360729] mmcblk1: mmc1:0001 MK2704 3.53 GiB
[    2.368321]  mmcblk1: p1
[    2.372093] mmcblk1boot0: mmc1:0001 MK2704 2.00 MiB
[    2.379274] mmcblk1boot1: mmc1:0001 MK2704 2.00 MiB
[    2.386609] mmcblk1rpmb: mmc1:0001 MK2704 512 KiB, chardev (250:0)
[    2.393879] SMSC LAN8710/LAN8720 4a101000.mdio:00: attached PHY driver (mii_bus:phy_addr=4a101000.mdio:00, irq=POLL)
[    5.524624] cpsw-switch 4a100000.switch eth0: Link is Up - 100Mbps/Full - flow control off
[    5.583879] IP-Config: Complete:
[    5.587158]      device=eth0, hwaddr=18:2c:65:25:1d:6e, ipaddr=192.168.255.4, mask=255.255.255.0, gw=255.255.255.255
[    5.597787]      host=bbb1, domain=, nis-domain=(none)
[    5.602954]      bootserver=192.168.255.126, rootserver=192.168.255.126, rootpath=
[    5.603384] clk: Disabling unused clocks
[    5.615212] PM: genpd: Disabling unused power domains
[    5.620330] KTAP version 1
[    5.623052] 1..0
[    5.647957] VFS: Mounted root (nfs filesystem) on device 0:17.
[    5.655194] devtmpfs: mounted
[    5.659842] Freeing unused kernel image (initmem) memory: 1024K
[    5.666560] Run /sbin/init as init process
[    5.670690]   with arguments:
[    5.670702]     /sbin/init
[    5.670712]     nfsrootdebug
[    5.670721]   with environment:
[    5.670730]     HOME=/
[    5.670739]     TERM=linux
[    6.360878] systemd[1]: System time before build time, advancing clock.
[    7.823884] random: crng init done
[    7.895779] systemd[1]: systemd 232 running in system mode. (+PAM +AUDIT +SELINUX +IMA +APPARMOR +SMACK +SYSVINIT +UTMP +LIBCRYPTSETUP +GCRYPT +GNUTLS +ACL +XZ +LZ4 +SECCOMP +BLKID +ELFUTILS +KMOD +IDN)
[    7.914765] systemd[1]: Detected architecture arm.
[    7.956877] systemd[1]: Set hostname to <arm>.
[    9.043382] systemd[1]: Started Forward Password Requests to Wall Directory Watch.
[    9.084751] systemd[1]: Listening on udev Kernel Socket.
[    9.124258] systemd[1]: Reached target Remote File Systems.
[    9.164764] systemd[1]: Started Dispatch Password Requests to Console Directory Watch.
[    9.204195] systemd[1]: Reached target Encrypted Volumes.
[    9.244149] systemd[1]: Reached target Paths.
[    9.275739] systemd[1]: Listening on /dev/initctl Compatibility Named Pipe.
[   11.219797] systemd-journald[86]: Received request to flush runtime journal from PID 1
[   14.235631] leds-gpio leds: using DT '/leds/led2' for '(default)' GPIO lookup
[   14.235736] of_get_named_gpiod_flags: parsed 'gpios' property of node '/leds/led2[0]' - status (0)
[   14.235794] gpio gpiochip0: Persistence not supported for GPIO 21
[   14.235810] gpio-533 (?): no flags found for GPIO (default)
[   14.278927] leds-gpio leds: using DT '/leds/led3' for '(default)' GPIO lookup
[   14.279038] of_get_named_gpiod_flags: parsed 'gpios' property of node '/leds/led3[0]' - status (0)
[   14.279229] gpio gpiochip0: Persistence not supported for GPIO 22
[   14.279249] gpio-534 (?): no flags found for GPIO (default)
[   14.306555] leds-gpio leds: using DT '/leds/led4' for '(default)' GPIO lookup
[   14.306966] of_get_named_gpiod_flags: parsed 'gpios' property of node '/leds/led4[0]' - status (0)
[   14.307033] gpio gpiochip0: Persistence not supported for GPIO 23
[   14.307049] gpio-535 (?): no flags found for GPIO (default)
[   14.334371] leds-gpio leds: using DT '/leds/led5' for '(default)' GPIO lookup
[   14.334471] of_get_named_gpiod_flags: parsed 'gpios' property of node '/leds/led5[0]' - status (0)
[   14.334524] gpio gpiochip0: Persistence not supported for GPIO 24
[   14.334539] gpio-536 (?): no flags found for GPIO (default)
[   14.706453] remoteproc remoteproc0: wkup_m3 is available
[   14.878516] omap_rtc 44e3e000.rtc: registered as rtc0
[   14.883696] omap_rtc 44e3e000.rtc: setting system clock to 2000-01-01T00:00:00 UTC (946684800)
[   14.892584] omap_rtc 44e3e000.rtc: using DT '/ocp/interconnect@44c00000/segment@200000/target-module@3e000/rtc@0' for 'wp' GPIO lookup
[   14.892656] of_get_named_gpiod_flags: can't parse 'wp-gpios' property of node '/ocp/interconnect@44c00000/segment@200000/target-module@3e000/rtc@0[0]'
[   14.892711] of_get_named_gpiod_flags: can't parse 'wp-gpio' property of node '/ocp/interconnect@44c00000/segment@200000/target-module@3e000/rtc@0[0]'
[   14.892753] omap_rtc 44e3e000.rtc: using lookup tables for GPIO lookup
[   14.892768] omap_rtc 44e3e000.rtc: No GPIO consumer wp found
[   15.276540] am335x-phy-driver 47401300.usb-phy: using DT '/ocp/target-module@47400000/usb-phy@1300' for 'reset' GPIO lookup
[   15.276633] of_get_named_gpiod_flags: can't parse 'reset-gpios' property of node '/ocp/target-module@47400000/usb-phy@1300[0]'
[   15.276679] of_get_named_gpiod_flags: can't parse 'reset-gpio' property of node '/ocp/target-module@47400000/usb-phy@1300[0]'
[   15.276719] am335x-phy-driver 47401300.usb-phy: using lookup tables for GPIO lookup
[   15.276734] am335x-phy-driver 47401300.usb-phy: No GPIO consumer reset found
[   15.276749] am335x-phy-driver 47401300.usb-phy: using DT '/ocp/target-module@47400000/usb-phy@1300' for 'vbus-detect' GPIO lookup
[   15.276780] of_get_named_gpiod_flags: can't parse 'vbus-detect-gpios' property of node '/ocp/target-module@47400000/usb-phy@1300[0]'
[   15.276813] of_get_named_gpiod_flags: can't parse 'vbus-detect-gpio' property of node '/ocp/target-module@47400000/usb-phy@1300[0]'
[   15.276841] am335x-phy-driver 47401300.usb-phy: using lookup tables for GPIO lookup
[   15.276854] am335x-phy-driver 47401300.usb-phy: No GPIO consumer vbus-detect found
[   15.277005] am335x-phy-driver 47401300.usb-phy: dummy supplies not allowed for exclusive requests (id=vbus)
[   15.396661] at24 2-0054: supply vcc not found, using dummy regulator
[   15.504749] at24 2-0055: supply vcc not found, using dummy regulator
[   15.534566] usbcore: registered new interface driver usbfs
[   15.540204] usbcore: registered new interface driver hub
[   15.545780] usbcore: registered new device driver usb
[   15.595770] am335x-phy-driver 47401b00.usb-phy: using DT '/ocp/target-module@47400000/usb-phy@1b00' for 'reset' GPIO lookup
[   15.595865] of_get_named_gpiod_flags: can't parse 'reset-gpios' property of node '/ocp/target-module@47400000/usb-phy@1b00[0]'
[   15.595913] of_get_named_gpiod_flags: can't parse 'reset-gpio' property of node '/ocp/target-module@47400000/usb-phy@1b00[0]'
[   15.595953] am335x-phy-driver 47401b00.usb-phy: using lookup tables for GPIO lookup
[   15.595968] am335x-phy-driver 47401b00.usb-phy: No GPIO consumer reset found
[   15.595984] am335x-phy-driver 47401b00.usb-phy: using DT '/ocp/target-module@47400000/usb-phy@1b00' for 'vbus-detect' GPIO lookup
[   15.596015] of_get_named_gpiod_flags: can't parse 'vbus-detect-gpios' property of node '/ocp/target-module@47400000/usb-phy@1b00[0]'
[   15.596047] of_get_named_gpiod_flags: can't parse 'vbus-detect-gpio' property of node '/ocp/target-module@47400000/usb-phy@1b00[0]'
[   15.596076] am335x-phy-driver 47401b00.usb-phy: using lookup tables for GPIO lookup
[   15.596087] am335x-phy-driver 47401b00.usb-phy: No GPIO consumer vbus-detect found
[   15.596234] am335x-phy-driver 47401b00.usb-phy: dummy supplies not allowed for exclusive requests (id=vbus)
[   15.630049] at24 2-0056: supply vcc not found, using dummy regulator
[   15.778799] at24 2-0057: supply vcc not found, using dummy regulator
[   15.859774] at24 0-0050: using DT '/ocp/interconnect@44c00000/segment@200000/target-module@b000/i2c@0/baseboard_eeprom@50' for 'wp' GPIO lookup
[   15.859978] of_get_named_gpiod_flags: can't parse 'wp-gpios' property of node '/ocp/interconnect@44c00000/segment@200000/target-module@b000/i2c@0/baseboard_eeprom@50[0]'
[   15.860119] of_get_named_gpiod_flags: can't parse 'wp-gpio' property of node '/ocp/interconnect@44c00000/segment@200000/target-module@b000/i2c@0/baseboard_eeprom@50[0]'
[   15.860218] at24 0-0050: using lookup tables for GPIO lookup
[   15.860236] at24 0-0050: No GPIO consumer wp found
[   15.860732] at24 0-0050: 32768 byte 24c256 EEPROM, writable, 1 bytes/write
[   16.067940] tps6521x_pwrbutton tps65217-pwrbutton: DMA mask not set
[   16.183522] input: tps65217_pwrbutton as /devices/platform/ocp/44c00000.interconnect/44c00000.interconnect:segment@200000/44e0b000.target-module/44e0b000.i2c/i2c-0/0-0024/tps65217-pwrbutton/input/input0
[   16.227758] wkup_m3_ipc 44e11324.wkup_m3_ipc: IPC Request for A8->M3 Channel failed! -517
[   16.642230] omap_wdt: OMAP Watchdog Timer Rev 0x01: initial timeout 60 sec
[   16.653201] wkup_m3_ipc 44e11324.wkup_m3_ipc: IPC Request for A8->M3 Channel failed! -517
[   16.843574] wkup_m3_ipc 44e11324.wkup_m3_ipc: IPC Request for A8->M3 Channel failed! -517
[   16.870134] musb-hdrc musb-hdrc.1: MUSB HDRC host driver
[   16.875708] musb-hdrc musb-hdrc.1: new USB bus registered, assigned bus number 1
[   16.981525] wkup_m3_ipc 44e11324.wkup_m3_ipc: IPC Request for A8->M3 Channel failed! -517
[   17.043016] usb usb1: New USB device found, idVendor=1d6b, idProduct=0002, bcdDevice= 6.11
[   17.051571] usb usb1: New USB device strings: Mfr=3, Product=2, SerialNumber=1
[   17.058916] usb usb1: Product: MUSB HDRC host driver
[   17.063957] usb usb1: Manufacturer: Linux 6.11.0-g73ea23d406f1 musb-hcd
[   17.070608] usb usb1: SerialNumber: musb-hdrc.1
[   17.223223] hub 1-0:1.0: USB hub found
[   17.275546] hub 1-0:1.0: 1 port detected
[   17.340281] wkup_m3_ipc 44e11324.wkup_m3_ipc: IPC Request for A8->M3 Channel failed! -517
[   17.479886] wkup_m3_ipc 44e11324.wkup_m3_ipc: IPC Request for A8->M3 Channel failed! -517
[   17.840766] tda998x 0-0070: found TDA19988
[   17.859907] omap-mailbox 480c8000.mailbox: omap mailbox rev 0x400
[   17.930309] remoteproc remoteproc0: powering up wkup_m3
[   18.104255] remoteproc remoteproc0: Direct firmware load for am335x-pm-firmware.elf failed with error -2
[   18.115252] remoteproc remoteproc0: request_firmware failed: -2
[   18.121225] wkup_m3_ipc 44e11324.wkup_m3_ipc: rproc_boot failed
[   19.399283] tilcdc 4830e000.lcdc: bound 0-0070 (ops 0xbf188030)
[   19.424144] omap_rng 48310000.rng: Random Number Generator ver. 20
[   19.515501] [drm] Initialized tilcdc 1.0.0 for 4830e000.lcdc on minor 0
[   19.592181] tilcdc 4830e000.lcdc: [drm] Cannot find any crtc or sizes
[   19.603595] tilcdc 4830e000.lcdc: [drm] Cannot find any crtc or sizes
[   20.836339] PM: Cannot get wkup_m3_ipc handle
[   20.930041] omap-sham 53100000.sham: hw accel on OMAP rev 4.3
[   21.104146] omap-sham 53100000.sham: will run requests pump with realtime priority
[   21.114421] PM: Cannot get wkup_m3_ipc handle
[   21.249612] omap-aes 53500000.aes: OMAP AES hw accel rev: 3.2
[   21.362534] omap-aes 53500000.aes: will run requests pump with realtime priority
[   21.371165] PM: Cannot get wkup_m3_ipc handle
[   21.993770] Bluetooth: Core ver 2.22
[   21.997783] NET: Registered PF_BLUETOOTH protocol family
[   22.003134] Bluetooth: HCI device and connection manager initialized
[   22.009643] Bluetooth: HCI socket layer initialized
[   22.014596] Bluetooth: L2CAP socket layer initialized
[   22.019710] Bluetooth: SCO socket layer initialized
[   25.034505] PM: Cannot get wkup_m3_ipc handle
[   25.040265] asoc-simple-card sound: using DT '/sound' for 'simple-audio-card,hp-det' GPIO lookup
[   25.040337] of_get_named_gpiod_flags: can't parse 'simple-audio-card,hp-det-gpios' property of node '/sound[0]'
[   25.040375] of_get_named_gpiod_flags: can't parse 'simple-audio-card,hp-det-gpio' property of node '/sound[0]'
[   25.040401] asoc-simple-card sound: using lookup tables for GPIO lookup
[   25.040415] asoc-simple-card sound: No GPIO consumer simple-audio-card,hp-det found
[   25.040430] asoc-simple-card sound: using DT '/sound' for 'simple-audio-card,mic-det' GPIO lookup
[   25.040454] of_get_named_gpiod_flags: can't parse 'simple-audio-card,mic-det-gpios' property of node '/sound[0]'
[   25.040481] of_get_named_gpiod_flags: can't parse 'simple-audio-card,mic-det-gpio' property of node '/sound[0]'
[   25.040500] asoc-simple-card sound: using lookup tables for GPIO lookup
[   25.040512] asoc-simple-card sound: No GPIO consumer simple-audio-card,mic-det found
[   25.155005] PM: Cannot get wkup_m3_ipc handle
[   28.622734] userial_init: registered 8 ttyGS* devices
[   29.057225] rndis_register: configNr = 0
[   29.227327] udc musb-hdrc.0: binding gadget driver [g_multi]
[   29.227421] configfs-gadget.g_multi gadget.0: adding 'rndis'/2ff1aa9e to config 'c'/459ab538
[   29.228572] configfs-gadget.g_multi gadget.0: HOST MAC 1c:ba:8c:a2:ed:6c
[   29.235518] configfs-gadget.g_multi gadget.0: MAC 1c:ba:8c:a2:ed:70
[   29.241888] rndis_set_param_medium: 0 0
[   29.241909] configfs-gadget.g_multi gadget.0: RNDIS: IN/ep1in OUT/ep1out NOTIFY/ep2in
[   29.241926] configfs-gadget.g_multi gadget.0: adding 'cdc_ethernet'/a05589fe to config 'c'/459ab538
[   29.242793] configfs-gadget.g_multi gadget.0: HOST MAC 1c:ba:8c:a2:ed:6c
[   29.249664] configfs-gadget.g_multi gadget.0: MAC 1c:ba:8c:a2:ed:6d
[   29.256076] configfs-gadget.g_multi gadget.0: CDC Ethernet: IN/ep3in OUT/ep2out NOTIFY/ep4in
[   29.256097] configfs-gadget.g_multi gadget.0: adding 'acm'/7fd91696 to config 'c'/459ab538
[   29.256134] configfs-gadget.g_multi gadget.0: acm ttyGS0: IN/ep5in OUT/ep3out NOTIFY/ep6in
[   29.257166] PM: Cannot get wkup_m3_ipc handle
[   31.424866] configfs-gadget.g_multi gadget.0: eth_open
[   34.243560] gs_open: ttyGS0 (50ed8b56,5f8b7c2e)
[   34.243718] gs_close: ttyGS0 (50ed8b56,5f8b7c2e) ...
[   34.243742] gs_close: ttyGS0 (50ed8b56,5f8b7c2e) done!
[   34.251734] gs_open: ttyGS0 (50ed8b56,2ea9780d)
[   34.251874] gs_close: ttyGS0 (50ed8b56,2ea9780d) ...
[   34.251896] gs_close: ttyGS0 (50ed8b56,2ea9780d) done!
[   34.432289] gs_open: ttyGS0 (2a8f119c,18dbc39e)
[   34.432526] gs_close: ttyGS0 (2a8f119c,18dbc39e) ...
[   34.432555] gs_close: ttyGS0 (2a8f119c,18dbc39e) done!
[   34.439330] gs_open: ttyGS0 (2a8f119c,2ea9780d)
[   50.762286] mva_overlay: loading out-of-tree module taints kernel.
[   50.763005] mva_overlay_init: Hello Peeps
[   50.763047] create_sysfs_for_overlays: sysfs created
[   54.484307] overlay_modify_store: got overlay data (pos=0, size=4096
[   54.484368] overlay_modify_store: pos 0
[   54.484390] overlay_modify_store: Copying data to buf[0-4095]
[   54.484415] overlay_modify_store: got overlay data (pos=4096, size=519
[   54.484430] overlay_modify_store: Writing 4615 byte overlay
[   54.485730] OF: overlay: WARNING: memory leak will occur if overlay removed, property: /ocp/interconnect@48000000/segment@100000/target-module@9c000/i2c@0/pinctrl-names
[   54.485797] OF: overlay: WARNING: memory leak will occur if overlay removed, property: /ocp/interconnect@48000000/segment@100000/target-module@9c000/i2c@0/pinctrl-0
[   54.485834] OF: overlay: WARNING: memory leak will occur if overlay removed, property: /ocp/interconnect@48000000/segment@100000/target-module@9c000/i2c@0/clock-frequency
[   54.485870] OF: overlay: WARNING: memory leak will occur if overlay removed, property: /ocp/interconnect@48000000/segment@100000/target-module@9c000/i2c@0/status
[   54.486210] OF: overlay: WARNING: memory leak will occur if overlay removed, property: /__symbols__/i2c1_pins
[   54.486254] OF: overlay: WARNING: memory leak will occur if overlay removed, property: /__symbols__/osc
[   54.486307] OF: overlay: WARNING: memory leak will occur if overlay removed, property: /__symbols__/bdpmic
[   54.486366] OF: overlay: WARNING: memory leak will occur if overlay removed, property: /__symbols__/buck1
[   54.486418] OF: overlay: WARNING: memory leak will occur if overlay removed, property: /__symbols__/buck2
[   54.486469] OF: overlay: WARNING: memory leak will occur if overlay removed, property: /__symbols__/buck3
[   54.486521] OF: overlay: WARNING: memory leak will occur if overlay removed, property: /__symbols__/buck4
[   54.486577] OF: overlay: WARNING: memory leak will occur if overlay removed, property: /__symbols__/buck5
[   54.486629] OF: overlay: WARNING: memory leak will occur if overlay removed, property: /__symbols__/BUCK6
[   54.486680] OF: overlay: WARNING: memory leak will occur if overlay removed, property: /__symbols__/buck7
[   54.486732] OF: overlay: WARNING: memory leak will occur if overlay removed, property: /__symbols__/buck8
[   54.486790] OF: overlay: WARNING: memory leak will occur if overlay removed, property: /__symbols__/ldo1
[   54.486843] OF: overlay: WARNING: memory leak will occur if overlay removed, property: /__symbols__/ldo2
[   54.486896] OF: overlay: WARNING: memory leak will occur if overlay removed, property: /__symbols__/ldo3
[   54.486949] OF: overlay: WARNING: memory leak will occur if overlay removed, property: /__symbols__/ldo4
[   54.487001] OF: overlay: WARNING: memory leak will occur if overlay removed, property: /__symbols__/ldo5
[   54.487053] OF: overlay: WARNING: memory leak will occur if overlay removed, property: /__symbols__/ldo6
[   54.487106] OF: overlay: WARNING: memory leak will occur if overlay removed, property: /__symbols__/ldo7_reg
[   54.487138] OF: overlay: WARNING: memory leak will occur if overlay removed, property: /__symbols__/irqtest
[   54.519568] PM: Cannot get wkup_m3_ipc handle
[   54.610569] PM: Cannot get wkup_m3_ipc handle
[   54.694081] PM: Cannot get wkup_m3_ipc handle
[   54.721811] input: bd718xx-pwrkey as /devices/platform/ocp/48000000.interconnect/48000000.interconnect:segment@100000/4819c000.target-module/4819c000.i2c/i2c-2/2-004b/gpio-keys.2.auto/input/input1
[   54.727322] PM: Cannot get wkup_m3_ipc handle
[   54.894594] PM: Cannot get wkup_m3_ipc handle
[   54.936929] overlay_modify_store: got overlay data (pos=0, size=1040
[   54.936993] overlay_modify_store: Writing 1040 byte overlay
[   54.937611] create_overlay: Failed to create overlay (err=-22)
[   54.937635] overlay_modify_store: Failed to add overlay (-22)
[   60.690550] mva_test_init: Hello Peeps
VGYCWCWTJS 0
root@arm:~# echo 'BPLZ''ZFYKWF'
BPLZZFYKWF
root@arm:~# MARKER='HUJU''ECYHUO' run 'modprobe test_linear_ranges'
HUJUECYHUOHUJUECYHUO 0
root@arm:~# echo 'UWOS''QOBTTS'
UWOSQOBTTS
root@arm:~# MARKER='VJYN''NHHXKP' run dmesg
VJYNNHHXKP[    0.000000] Booting Linux on physical CPU 0x0
[    0.000000] Linux version 6.11.0-g73ea23d406f1 (user01@drvtest01) (arm-linux-gnueabihf-gcc (Linaro GCC 6.4-2017.11) 6.4.1 20171012, GNU ld (Linaro_Binutils-2017.11) 2.27.0.20161229) #15 SMP Tue Sep 24 15:25:50 EEST 2024
[    0.000000] CPU: ARMv7 Processor [413fc082] revision 2 (ARMv7), cr=10c5387d
[    0.000000] CPU: PIPT / VIPT nonaliasing data cache, VIPT aliasing instruction cache
[    0.000000] OF: fdt: Machine model: TI AM335x BeagleBone Black
[    0.000000] Memory policy: Data cache writeback
[    0.000000] cma: Reserved 16 MiB at 0x9e800000 on node -1
[    0.000000] Zone ranges:
[    0.000000]   Normal   [mem 0x0000000080000000-0x000000009fdfffff]
[    0.000000]   HighMem  empty
[    0.000000] Movable zone start for each node
[    0.000000] Early memory node ranges
[    0.000000]   node   0: [mem 0x0000000080000000-0x000000009fdfffff]
[    0.000000] Initmem setup node 0 [mem 0x0000000080000000-0x000000009fdfffff]
[    0.000000] CPU: All CPU(s) started in SVC mode.
[    0.000000] AM335X ES2.1 (sgx neon)
[    0.000000] percpu: Embedded 17 pages/cpu s39628 r8192 d21812 u69632
[    0.000000] pcpu-alloc: s39628 r8192 d21812 u69632 alloc=17*4096
[    0.000000] pcpu-alloc: [0] 0 
[    0.000000] Kernel command line: console=ttyO0,115200n8 root=/dev/nfs rw nfsroot=192.168.255.126:/home/user01/nfs,nfsvers=3 ip=192.168.255.4:192.168.255.126::255.255.255.0:bbb1:eth0 nfsrootdebug
[    0.000000] Unknown kernel command line parameters "nfsrootdebug", will be passed to user space.
[    0.000000] Dentry cache hash table entries: 65536 (order: 6, 262144 bytes, linear)
[    0.000000] Inode-cache hash table entries: 32768 (order: 5, 131072 bytes, linear)
[    0.000000] Built 1 zonelists, mobility grouping on.  Total pages: 130560
[    0.000000] mem auto-init: stack:off, heap alloc:off, heap free:off
[    0.000000] SLUB: HWalign=64, Order=0-3, MinObjects=0, CPUs=1, Nodes=1
[    0.000000] trace event string verifier disabled
[    0.000000] rcu: Hierarchical RCU implementation.
[    0.000000] rcu: 	RCU event tracing is enabled.
[    0.000000] rcu: 	RCU restricting CPUs from NR_CPUS=2 to nr_cpu_ids=1.
[    0.000000] rcu: RCU calculated value of scheduler-enlistment delay is 10 jiffies.
[    0.000000] rcu: Adjusting geometry for rcu_fanout_leaf=16, nr_cpu_ids=1
[    0.000000] NR_IRQS: 16, nr_irqs: 16, preallocated irqs: 16
[    0.000000] IRQ: Found an INTC at 0x(ptrval) (revision 5.0) with 128 interrupts
[    0.000000] rcu: srcu_init: Setting srcu_struct sizes based on contention.
[    0.000000] TI gptimer clocksource: always-on /ocp/interconnect@44c00000/segment@200000/target-module@31000
[    0.000002] sched_clock: 32 bits at 24MHz, resolution 41ns, wraps every 89478484971ns
[    0.000027] clocksource: dmtimer: mask: 0xffffffff max_cycles: 0xffffffff, max_idle_ns: 79635851949 ns
[    0.000510] TI gptimer clockevent: 24000000 Hz at /ocp/interconnect@48000000/segment@0/target-module@40000
[    0.002145] Console: colour dummy device 80x30
[    0.002215] WARNING: Your 'console=ttyO0' has been replaced by 'ttyS0'
[    0.002224] This ensures that you still see kernel messages. Please
[    0.002231] update your kernel commandline.
[    0.002276] Calibrating delay loop... 996.14 BogoMIPS (lpj=4980736)
[    0.090565] CPU: Testing write buffer coherency: ok
[    0.090672] CPU0: Spectre v2: using BPIALL workaround
[    0.090684] pid_max: default: 32768 minimum: 301
[    0.090807] LSM: initializing lsm=capability
[    0.090973] Mount-cache hash table entries: 1024 (order: 0, 4096 bytes, linear)
[    0.090996] Mountpoint-cache hash table entries: 1024 (order: 0, 4096 bytes, linear)
[    0.092537] CPU0: thread -1, cpu 0, socket -1, mpidr 0
[    0.094247] Setting up static identity map for 0x80100000 - 0x80100078
[    0.094547] rcu: Hierarchical SRCU implementation.
[    0.094561] rcu: 	Max phase no-delay instances is 1000.
[    0.096240] smp: Bringing up secondary CPUs ...
[    0.096301] smp: Brought up 1 node, 1 CPU
[    0.096317] SMP: Total of 1 processors activated (996.14 BogoMIPS).
[    0.096330] CPU: All CPU(s) started in SVC mode.
[    0.096526] Memory: 480876K/522240K available (11264K kernel code, 1197K rwdata, 2856K rodata, 1024K init, 297K bss, 23344K reserved, 16384K cma-reserved, 0K highmem)
[    0.097325] devtmpfs: initialized
[    0.113724] VFP support v0.3: implementor 41 architecture 3 part 30 variant c rev 3
[    0.114078] clocksource: jiffies: mask: 0xffffffff max_cycles: 0xffffffff, max_idle_ns: 19112604462750000 ns
[    0.114114] futex hash table entries: 256 (order: 2, 16384 bytes, linear)
[    0.115392] pinctrl core: initialized pinctrl subsystem
[    0.118131] NET: Registered PF_NETLINK/PF_ROUTE protocol family
[    0.121126] DMA: preallocated 256 KiB pool for atomic coherent allocations
[    0.122095] audit: initializing netlink subsys (disabled)
[    0.123463] thermal_sys: Registered thermal governor 'fair_share'
[    0.123483] thermal_sys: Registered thermal governor 'step_wise'
[    0.123495] thermal_sys: Registered thermal governor 'user_space'
[    0.123609] audit: type=2000 audit(0.120:1): state=initialized audit_enabled=0 res=1
[    0.123681] cpuidle: using governor menu
[    0.142852] No ATAGs?
[    0.142885] hw-breakpoint: debug architecture 0x4 unsupported.
[    0.145786] kprobes: kprobe jump-optimization is enabled. All kprobes are optimized if possible.
[    0.164107] iommu: Default domain type: Translated
[    0.164136] iommu: DMA domain TLB invalidation policy: strict mode
[    0.165717] reg-fixed-voltage fixedregulator0: using DT '/fixedregulator0' for '(default)' GPIO lookup
[    0.165777] of_get_named_gpiod_flags: can't parse 'gpios' property of node '/fixedregulator0[0]'
[    0.165808] of_get_named_gpiod_flags: can't parse 'gpio' property of node '/fixedregulator0[0]'
[    0.165829] reg-fixed-voltage fixedregulator0: using lookup tables for GPIO lookup
[    0.165842] reg-fixed-voltage fixedregulator0: No GPIO consumer (default) found
[    0.171473] SCSI subsystem initialized
[    0.181087] libata version 3.00 loaded.
[    0.181459] pps_core: LinuxPPS API ver. 1 registered
[    0.181473] pps_core: Software ver. 5.3.6 - Copyright 2005-2007 Rodolfo Giometti <giometti@linux.it>
[    0.181499] PTP clock support registered
[    0.183457] vgaarb: loaded
[    0.183857] clocksource: Switched to clocksource dmtimer
[    0.184449] VFS: Disk quotas dquot_6.6.0
[    0.184495] VFS: Dquot-cache hash table entries: 1024 (order 0, 4096 bytes)
[    0.210641] NET: Registered PF_INET protocol family
[    0.211004] IP idents hash table entries: 8192 (order: 4, 65536 bytes, linear)
[    0.212398] tcp_listen_portaddr_hash hash table entries: 512 (order: 0, 4096 bytes, linear)
[    0.212440] Table-perturb hash table entries: 65536 (order: 6, 262144 bytes, linear)
[    0.212459] TCP established hash table entries: 4096 (order: 2, 16384 bytes, linear)
[    0.212504] TCP bind hash table entries: 4096 (order: 4, 65536 bytes, linear)
[    0.212605] TCP: Hash tables configured (established 4096 bind 4096)
[    0.212727] UDP hash table entries: 256 (order: 1, 8192 bytes, linear)
[    0.212757] UDP-Lite hash table entries: 256 (order: 1, 8192 bytes, linear)
[    0.212931] NET: Registered PF_UNIX/PF_LOCAL protocol family
[    0.214298] RPC: Registered named UNIX socket transport module.
[    0.214327] RPC: Registered udp transport module.
[    0.214334] RPC: Registered tcp transport module.
[    0.214341] RPC: Registered tcp-with-tls transport module.
[    0.214348] RPC: Registered tcp NFSv4.1 backchannel transport module.
[    0.214374] PCI: CLS 0 bytes, default 64
[    0.215819] Initialise system trusted keyrings
[    0.224602] workingset: timestamp_bits=14 max_order=17 bucket_order=3
[    0.225931] NFS: Registering the id_resolver key type
[    0.226007] Key type id_resolver registered
[    0.226018] Key type id_legacy registered
[    0.226069] jffs2: version 2.2. (NAND) (SUMMARY)  Â© 2001-2006 Red Hat, Inc.
[    0.226474] Key type asymmetric registered
[    0.226493] Asymmetric key parser 'x509' registered
[    0.226562] io scheduler mq-deadline registered
[    0.226574] io scheduler kyber registered
[    0.226643] io scheduler bfq registered
[    0.244022] Serial: 8250/16550 driver, 6 ports, IRQ sharing enabled
[    0.324531] brd: module loaded
[    0.332775] loop: module loaded
[    0.333711] mtdoops: mtd device (mtddev=name/number) must be supplied
[    0.335717] mdio_bus fixed-0: using lookup tables for GPIO lookup
[    0.335750] mdio_bus fixed-0: No GPIO consumer reset found
[    0.337153] i2c_dev: i2c /dev entries driver
[    0.338115] cpuidle: enable-method property 'ti,am3352' found operations
[    0.338568] sdhci: Secure Digital Host Controller Interface driver
[    0.338580] sdhci: Copyright(c) Pierre Ossman
[    0.338758] sdhci-pltfm: SDHCI platform and OF driver helper
[    0.339066] ledtrig-cpu: registered to indicate activity on CPUs
[    0.340002] Initializing XFRM netlink socket
[    0.340129] NET: Registered PF_INET6 protocol family
[    0.353709] Segment Routing with IPv6
[    0.353804] In-situ OAM (IOAM) with IPv6
[    0.353991] sit: IPv6, IPv4 and MPLS over IPv4 tunneling driver
[    0.354952] NET: Registered PF_PACKET protocol family
[    0.354996] NET: Registered PF_KEY protocol family
[    0.355126] Key type dns_resolver registered
[    0.355390] ThumbEE CPU extension supported.
[    0.355412] Registering SWP/SWPB emulation handler
[    0.355944] omap_voltage_late_init: Voltage driver support not added
[    0.356300] SmartReflex Class3 initialized
[    0.388004] Loading compiled-in X.509 certificates
[    0.424983] gpiochip_find_base_unlocked: found new base at 512
[    0.443635] platform 44e10800.pinmux: Fixed dependency cycle(s) with /ocp/interconnect@44c00000/segment@200000/target-module@10000/scm@0/pinmux@800/clkout2-pins
[    0.444482] pinctrl-single 44e10800.pinmux: 142 pins, size 568
[    0.449559] ti-sysc 44e31000.target-module: probe with driver ti-sysc failed with error -16
[    0.501653] ti-sysc 48040000.target-module: probe with driver ti-sysc failed with error -16
[    0.512610] gpiochip_find_base_unlocked: found new base at 512
[    0.512725] gpio gpiochip0: (gpio-0-31): created GPIO range 0->7 ==> 44e10800.pinmux PIN 0->7
[    0.512746] gpio gpiochip0: (gpio-0-31): created GPIO range 8->11 ==> 44e10800.pinmux PIN 90->93
[    0.512763] gpio gpiochip0: (gpio-0-31): created GPIO range 12->27 ==> 44e10800.pinmux PIN 12->27
[    0.512780] gpio gpiochip0: (gpio-0-31): created GPIO range 28->31 ==> 44e10800.pinmux PIN 30->33
[    0.525107] gpio gpiochip0: (gpio-0-31): added GPIO chardev (254:0)
[    0.525292] gpio gpiochip0: registered GPIOs 512 to 543 on gpio-0-31
[    0.525377] OMAP GPIO hardware version 0.1
[    0.568004] i2c i2c-2: using DT '/ocp/interconnect@48000000/segment@100000/target-module@9c000/i2c@0' for 'scl' GPIO lookup
[    0.568086] of_get_named_gpiod_flags: can't parse 'scl-gpios' property of node '/ocp/interconnect@48000000/segment@100000/target-module@9c000/i2c@0[0]'
[    0.568134] of_get_named_gpiod_flags: can't parse 'scl-gpio' property of node '/ocp/interconnect@48000000/segment@100000/target-module@9c000/i2c@0[0]'
[    0.568174] i2c i2c-2: using lookup tables for GPIO lookup
[    0.568185] i2c i2c-2: No GPIO consumer scl found
[    0.568209] i2c i2c-2: using DT '/ocp/interconnect@48000000/segment@100000/target-module@9c000/i2c@0' for 'sda' GPIO lookup
[    0.568247] of_get_named_gpiod_flags: can't parse 'sda-gpios' property of node '/ocp/interconnect@48000000/segment@100000/target-module@9c000/i2c@0[0]'
[    0.568287] of_get_named_gpiod_flags: can't parse 'sda-gpio' property of node '/ocp/interconnect@48000000/segment@100000/target-module@9c000/i2c@0[0]'
[    0.568321] i2c i2c-2: using lookup tables for GPIO lookup
[    0.568330] i2c i2c-2: No GPIO consumer sda found
[    0.569019] omap_i2c 4819c000.i2c: bus 2 rev0.11 at 100 kHz
[    0.574530] gpiochip_find_base_unlocked: found new base at 544
[    0.574642] gpio gpiochip1: (gpio-32-63): created GPIO range 0->17 ==> 44e10800.pinmux PIN 34->51
[    0.574666] gpio gpiochip1: (gpio-32-63): created GPIO range 18->21 ==> 44e10800.pinmux PIN 77->80
[    0.574684] gpio gpiochip1: (gpio-32-63): created GPIO range 22->31 ==> 44e10800.pinmux PIN 56->65
[    0.575448] gpio gpiochip1: (gpio-32-63): added GPIO chardev (254:1)
[    0.575593] gpio gpiochip1: registered GPIOs 544 to 575 on gpio-32-63
[    0.577707] gpiochip_find_base_unlocked: found new base at 576
[    0.577819] gpio gpiochip2: (gpio-64-95): created GPIO range 0->4 ==> 44e10800.pinmux PIN 66->70
[    0.577843] gpio gpiochip2: (gpio-64-95): created GPIO range 5->6 ==> 44e10800.pinmux PIN 98->99
[    0.577860] gpio gpiochip2: (gpio-64-95): created GPIO range 7->8 ==> 44e10800.pinmux PIN 75->76
[    0.577877] gpio gpiochip2: (gpio-64-95): created GPIO range 13->13 ==> 44e10800.pinmux PIN 141->141
[    0.577895] gpio gpiochip2: (gpio-64-95): created GPIO range 14->21 ==> 44e10800.pinmux PIN 100->107
[    0.578487] gpio gpiochip2: (gpio-64-95): added GPIO chardev (254:2)
[    0.578620] gpio gpiochip2: registered GPIOs 576 to 607 on gpio-64-95
[    0.584129] 48000000.interconnect:segment@200000:target-module@0:mpu@0:fck: device ID is greater than 24
[    0.588288] platform 4830e000.lcdc: Fixed dependency cycle(s) with /ocp/interconnect@44c00000/segment@200000/target-module@b000/i2c@0/tda19988@70
[    0.597597] mdio_bus 4a101000.mdio: using DT '/ocp/interconnect@4a000000/segment@0/target-module@100000/switch@0/mdio@1000' for 'reset' GPIO lookup
[    0.597679] of_get_named_gpiod_flags: can't parse 'reset-gpios' property of node '/ocp/interconnect@4a000000/segment@0/target-module@100000/switch@0/mdio@1000[0]'
[    0.597730] of_get_named_gpiod_flags: can't parse 'reset-gpio' property of node '/ocp/interconnect@4a000000/segment@0/target-module@100000/switch@0/mdio@1000[0]'
[    0.597782] mdio_bus 4a101000.mdio: using lookup tables for GPIO lookup
[    0.597794] mdio_bus 4a101000.mdio: No GPIO consumer reset found
[    0.599940] sdhci-omap 481d8000.mmc: using DT '/ocp/interconnect@48000000/segment@100000/target-module@d8000/mmc@0' for 'wp' GPIO lookup
[    0.600014] of_get_named_gpiod_flags: can't parse 'wp-gpios' property of node '/ocp/interconnect@48000000/segment@100000/target-module@d8000/mmc@0[0]'
[    0.600063] of_get_named_gpiod_flags: can't parse 'wp-gpio' property of node '/ocp/interconnect@48000000/segment@100000/target-module@d8000/mmc@0[0]'
[    0.600101] sdhci-omap 481d8000.mmc: using lookup tables for GPIO lookup
[    0.600113] sdhci-omap 481d8000.mmc: No GPIO consumer wp found
[    0.600317] sdhci-omap 481d8000.mmc: supply pbias not found, using dummy regulator
[    0.600789] sdhci-omap 481d8000.mmc: supply vqmmc not found, using dummy regulator
[    0.676610] davinci_mdio 4a101000.mdio: davinci mdio revision 1.6, bus freq 1000000
[    0.701001] mdio_bus 4a101000.mdio:00: using DT '/ocp/interconnect@4a000000/segment@0/target-module@100000/switch@0/mdio@1000/ethernet-phy@0' for 'reset' GPIO lookup
[    0.701110] of_get_named_gpiod_flags: parsed 'reset-gpios' property of node '/ocp/interconnect@4a000000/segment@0/target-module@100000/switch@0/mdio@1000/ethernet-phy@0[0]' - status (0)
[    0.701284] gpio gpiochip0: Persistence not supported for GPIO 8
[    0.793963] davinci_mdio 4a101000.mdio: phy[0]: device 4a101000.mdio:00, driver SMSC LAN8710/LAN8720
[    0.794616] cpsw-switch 4a100000.switch: initialized cpsw ale version 1.4
[    0.794640] cpsw-switch 4a100000.switch: ALE Table size 1024
[    0.804610] cpsw-switch 4a100000.switch: cpts: overflow check period 500 (jiffies)
[    0.804642] cpsw-switch 4a100000.switch: CPTS: ref_clk_freq:250000000 calc_mult:2147483648 calc_shift:29 error:0 nsec/sec
[    0.804755] cpsw-switch 4a100000.switch: Detected MACID = 18:2c:65:25:1d:6e
[    0.806574] cpsw-switch 4a100000.switch: initialized (regs 0x4a100000, pool size 256) hw_ver:0019010C 1.12 (0)
[    0.817569] debugfs: Directory '49000000.dma' with parent 'dmaengine' already present!
[    0.817619] edma 49000000.dma: TI EDMA DMA engine driver
[    0.858151] target-module@4b000000:target-module@140000:pmu@0:fck: device ID is greater than 24
[    0.893443] hw perfevents: enabled with armv7_cortex_a8 PMU driver, 5 counters available
[    0.894469] gpio-clk clk_mcasp0: using DT '/clk_mcasp0' for 'enable' GPIO lookup
